CRITICAL - 2023-01-16 00:00:35 --> Too few arguments to function App\Controllers\Psda::edit_anggota(), 0 passed in /home/u0715251/panel_kopma/vendor/codeigniter4/framework/system/CodeIgniter.php on line 907 and exactly 1 expected
in APPPATH/Controllers/Psda.php on line 243.
 1 SYSTEMPATH/CodeIgniter.php(907): App\Controllers\Psda->edit_anggota()
 2 SYSTEMPATH/CodeIgniter.php(457): CodeIgniter\CodeIgniter->runController(Object(App\Controllers\Psda))
 3 SYSTEMPATH/CodeIgniter.php(340): CodeIgniter\CodeIgniter->handleRequest(null, Object(Config\Cache), false)
 4 FCPATH/index.php(55): CodeIgniter\CodeIgniter->run()
ERROR - 2023-01-16 00:04:07 --> mysqli_sql_exception: Column 'nomor_anggota' cannot be null in /home/u0715251/panel_kopma/vendor/codeigniter4/framework/system/Database/MySQLi/Connection.php:292
Stack trace:
#0 /home/u0715251/panel_kopma/vendor/codeigniter4/framework/system/Database/MySQLi/Connection.php(292): mysqli->query('INSERT INTO `da...', 0)
#1 /home/u0715251/panel_kopma/vendor/codeigniter4/framework/system/Database/BaseConnection.php(693): CodeIgniter\Database\MySQLi\Connection->execute('INSERT INTO `da...')
#2 /home/u0715251/panel_kopma/vendor/codeigniter4/framework/system/Database/BaseConnection.php(620): CodeIgniter\Database\BaseConnection->simpleQuery('INSERT INTO `da...')
#3 /home/u0715251/panel_kopma/vendor/codeigniter4/framework/system/Database/BaseBuilder.php(1916): CodeIgniter\Database\BaseConnection->query('INSERT INTO `da...', Array, false)
#4 /home/u0715251/panel_kopma/vendor/codeigniter4/framework/system/Model.php(279): CodeIgniter\Database\BaseBuilder->insert()
#5 /home/u0715251/panel_kopma/vendor/codeigniter4/framework/system/BaseModel.php(738): CodeIgniter\Model->doInsert(Array)
#6 /home/u0715251/panel_kopma/vendor/codeigniter4/framework/system/Model.php(667): CodeIgniter\BaseModel->insert(Array, false)
#7 /home/u0715251/panel_kopma/app/Controllers/Psda.php(300): CodeIgniter\Model->insert(Array, false)
#8 /home/u0715251/panel_kopma/vendor/codeigniter4/framework/system/CodeIgniter.php(907): App\Controllers\Psda->upload_anggota()
#9 /home/u0715251/panel_kopma/vendor/codeigniter4/framework/system/CodeIgniter.php(457): CodeIgniter\CodeIgniter->runController(Object(App\Controllers\Psda))
#10 /home/u0715251/panel_kopma/vendor/codeigniter4/framework/system/CodeIgniter.php(340): CodeIgniter\CodeIgniter->handleRequest(NULL, Object(Config\Cache), false)
#11 /home/u0715251/public_html/panel/index.php(55): CodeIgniter\CodeIgniter->run()
#12 {main}
CRITICAL - 2023-01-16 00:04:07 --> Column 'nomor_anggota' cannot be null
in SYSTEMPATH/Database/MySQLi/Connection.php on line 292.
 1 SYSTEMPATH/Database/MySQLi/Connection.php(292): mysqli->query('INSERT INTO `data_anggota` (`nomor_anggota`, `npm`, `nama_lengkap`, `email`, `jenis_kelamin`, `nomor_hp`, `keanggotaan`, `jurusan`, `fakultas`, `created_at`, `updated_at`) VALUES (NULL, NULL, NULL, NULL, NULL, NULL, NULL, NULL, NULL, \'2023-01-16 00:04:07\', \'2023-01-16 00:04:07\')', 0)
 2 SYSTEMPATH/Database/BaseConnection.php(693): CodeIgniter\Database\MySQLi\Connection->execute('INSERT INTO `data_anggota` (`nomor_anggota`, `npm`, `nama_lengkap`, `email`, `jenis_kelamin`, `nomor_hp`, `keanggotaan`, `jurusan`, `fakultas`, `created_at`, `updated_at`) VALUES (NULL, NULL, NULL, NULL, NULL, NULL, NULL, NULL, NULL, \'2023-01-16 00:04:07\', \'2023-01-16 00:04:07\')')
 3 SYSTEMPATH/Database/BaseConnection.php(620): CodeIgniter\Database\BaseConnection->simpleQuery('INSERT INTO `data_anggota` (`nomor_anggota`, `npm`, `nama_lengkap`, `email`, `jenis_kelamin`, `nomor_hp`, `keanggotaan`, `jurusan`, `fakultas`, `created_at`, `updated_at`) VALUES (NULL, NULL, NULL, NULL, NULL, NULL, NULL, NULL, NULL, \'2023-01-16 00:04:07\', \'2023-01-16 00:04:07\')')
 4 SYSTEMPATH/Database/BaseBuilder.php(1916): CodeIgniter\Database\BaseConnection->query('INSERT INTO `data_anggota` (`nomor_anggota`, `npm`, `nama_lengkap`, `email`, `jenis_kelamin`, `nomor_hp`, `keanggotaan`, `jurusan`, `fakultas`, `created_at`, `updated_at`) VALUES (:nomor_anggota:, :npm:, :nama_lengkap:, :email:, :jenis_kelamin:, :nomor_hp:, :keanggotaan:, :jurusan:, :fakultas:, :created_at:, :updated_at:)', [...], false)
 5 SYSTEMPATH/Model.php(279): CodeIgniter\Database\BaseBuilder->insert()
 6 SYSTEMPATH/BaseModel.php(738): CodeIgniter\Model->doInsert([...])
 7 SYSTEMPATH/Model.php(667): CodeIgniter\BaseModel->insert([...], false)
 8 APPPATH/Controllers/Psda.php(300): CodeIgniter\Model->insert([...], false)
 9 SYSTEMPATH/CodeIgniter.php(907): App\Controllers\Psda->upload_anggota()
10 SYSTEMPATH/CodeIgniter.php(457): CodeIgniter\CodeIgniter->runController(Object(App\Controllers\Psda))
11 SYSTEMPATH/CodeIgniter.php(340): CodeIgniter\CodeIgniter->handleRequest(null, Object(Config\Cache), false)
12 FCPATH/index.php(55): CodeIgniter\CodeIgniter->run()
ERROR - 2023-01-16 00:07:36 --> mysqli_sql_exception: Duplicate entry '2843/Kopma_UL/22' for key 'PRIMARY' in /home/u0715251/panel_kopma/vendor/codeigniter4/framework/system/Database/MySQLi/Connection.php:292
Stack trace:
#0 /home/u0715251/panel_kopma/vendor/codeigniter4/framework/system/Database/MySQLi/Connection.php(292): mysqli->query('INSERT INTO `da...', 0)
#1 /home/u0715251/panel_kopma/vendor/codeigniter4/framework/system/Database/BaseConnection.php(693): CodeIgniter\Database\MySQLi\Connection->execute('INSERT INTO `da...')
#2 /home/u0715251/panel_kopma/vendor/codeigniter4/framework/system/Database/BaseConnection.php(620): CodeIgniter\Database\BaseConnection->simpleQuery('INSERT INTO `da...')
#3 /home/u0715251/panel_kopma/vendor/codeigniter4/framework/system/Database/BaseBuilder.php(1916): CodeIgniter\Database\BaseConnection->query('INSERT INTO `da...', Array, false)
#4 /home/u0715251/panel_kopma/vendor/codeigniter4/framework/system/Model.php(279): CodeIgniter\Database\BaseBuilder->insert()
#5 /home/u0715251/panel_kopma/vendor/codeigniter4/framework/system/BaseModel.php(738): CodeIgniter\Model->doInsert(Array)
#6 /home/u0715251/panel_kopma/vendor/codeigniter4/framework/system/Model.php(667): CodeIgniter\BaseModel->insert(Array, false)
#7 /home/u0715251/panel_kopma/app/Controllers/Psda.php(300): CodeIgniter\Model->insert(Array, false)
#8 /home/u0715251/panel_kopma/vendor/codeigniter4/framework/system/CodeIgniter.php(907): App\Controllers\Psda->upload_anggota()
#9 /home/u0715251/panel_kopma/vendor/codeigniter4/framework/system/CodeIgniter.php(457): CodeIgniter\CodeIgniter->runController(Object(App\Controllers\Psda))
#10 /home/u0715251/panel_kopma/vendor/codeigniter4/framework/system/CodeIgniter.php(340): CodeIgniter\CodeIgniter->handleRequest(NULL, Object(Config\Cache), false)
#11 /home/u0715251/public_html/panel/index.php(55): CodeIgniter\CodeIgniter->run()
#12 {main}
CRITICAL - 2023-01-16 00:07:36 --> Duplicate entry '2843/Kopma_UL/22' for key 'PRIMARY'
in SYSTEMPATH/Database/MySQLi/Connection.php on line 292.
 1 SYSTEMPATH/Database/MySQLi/Connection.php(292): mysqli->query('INSERT INTO `data_anggota` (`nomor_anggota`, `npm`, `nama_lengkap`, `email`, `jenis_kelamin`, `nomor_hp`, `keanggotaan`, `jurusan`, `fakultas`, `created_at`, `updated_at`) VALUES (\'2843/Kopma_UL/22\', 2011011081, \'Jennie Lian Salsabila\', \'jenniefangchen@gmail.com\', NULL, \'81369767501\', \'Anggota\', \'MANAJEMEN\', \'FEB\', \'2023-01-16 00:07:36\', \'2023-01-16 00:07:36\')', 0)
 2 SYSTEMPATH/Database/BaseConnection.php(693): CodeIgniter\Database\MySQLi\Connection->execute('INSERT INTO `data_anggota` (`nomor_anggota`, `npm`, `nama_lengkap`, `email`, `jenis_kelamin`, `nomor_hp`, `keanggotaan`, `jurusan`, `fakultas`, `created_at`, `updated_at`) VALUES (\'2843/Kopma_UL/22\', 2011011081, \'Jennie Lian Salsabila\', \'jenniefangchen@gmail.com\', NULL, \'81369767501\', \'Anggota\', \'MANAJEMEN\', \'FEB\', \'2023-01-16 00:07:36\', \'2023-01-16 00:07:36\')')
 3 SYSTEMPATH/Database/BaseConnection.php(620): CodeIgniter\Database\BaseConnection->simpleQuery('INSERT INTO `data_anggota` (`nomor_anggota`, `npm`, `nama_lengkap`, `email`, `jenis_kelamin`, `nomor_hp`, `keanggotaan`, `jurusan`, `fakultas`, `created_at`, `updated_at`) VALUES (\'2843/Kopma_UL/22\', 2011011081, \'Jennie Lian Salsabila\', \'jenniefangchen@gmail.com\', NULL, \'81369767501\', \'Anggota\', \'MANAJEMEN\', \'FEB\', \'2023-01-16 00:07:36\', \'2023-01-16 00:07:36\')')
 4 SYSTEMPATH/Database/BaseBuilder.php(1916): CodeIgniter\Database\BaseConnection->query('INSERT INTO `data_anggota` (`nomor_anggota`, `npm`, `nama_lengkap`, `email`, `jenis_kelamin`, `nomor_hp`, `keanggotaan`, `jurusan`, `fakultas`, `created_at`, `updated_at`) VALUES (:nomor_anggota:, :npm:, :nama_lengkap:, :email:, :jenis_kelamin:, :nomor_hp:, :keanggotaan:, :jurusan:, :fakultas:, :created_at:, :updated_at:)', [...], false)
 5 SYSTEMPATH/Model.php(279): CodeIgniter\Database\BaseBuilder->insert()
 6 SYSTEMPATH/BaseModel.php(738): CodeIgniter\Model->doInsert([...])
 7 SYSTEMPATH/Model.php(667): CodeIgniter\BaseModel->insert([...], false)
 8 APPPATH/Controllers/Psda.php(300): CodeIgniter\Model->insert([...], false)
 9 SYSTEMPATH/CodeIgniter.php(907): App\Controllers\Psda->upload_anggota()
10 SYSTEMPATH/CodeIgniter.php(457): CodeIgniter\CodeIgniter->runController(Object(App\Controllers\Psda))
11 SYSTEMPATH/CodeIgniter.php(340): CodeIgniter\CodeIgniter->handleRequest(null, Object(Config\Cache), false)
12 FCPATH/index.php(55): CodeIgniter\CodeIgniter->run()
ERROR - 2023-01-16 00:09:17 --> mysqli_sql_exception: Duplicate entry '2011011081' for key 'npm' in /home/u0715251/panel_kopma/vendor/codeigniter4/framework/system/Database/MySQLi/Connection.php:292
Stack trace:
#0 /home/u0715251/panel_kopma/vendor/codeigniter4/framework/system/Database/MySQLi/Connection.php(292): mysqli->query('INSERT INTO `da...', 0)
#1 /home/u0715251/panel_kopma/vendor/codeigniter4/framework/system/Database/BaseConnection.php(693): CodeIgniter\Database\MySQLi\Connection->execute('INSERT INTO `da...')
#2 /home/u0715251/panel_kopma/vendor/codeigniter4/framework/system/Database/BaseConnection.php(620): CodeIgniter\Database\BaseConnection->simpleQuery('INSERT INTO `da...')
#3 /home/u0715251/panel_kopma/vendor/codeigniter4/framework/system/Database/BaseBuilder.php(1916): CodeIgniter\Database\BaseConnection->query('INSERT INTO `da...', Array, false)
#4 /home/u0715251/panel_kopma/vendor/codeigniter4/framework/system/Model.php(279): CodeIgniter\Database\BaseBuilder->insert()
#5 /home/u0715251/panel_kopma/vendor/codeigniter4/framework/system/BaseModel.php(738): CodeIgniter\Model->doInsert(Array)
#6 /home/u0715251/panel_kopma/vendor/codeigniter4/framework/system/Model.php(667): CodeIgniter\BaseModel->insert(Array, false)
#7 /home/u0715251/panel_kopma/app/Controllers/Psda.php(300): CodeIgniter\Model->insert(Array, false)
#8 /home/u0715251/panel_kopma/vendor/codeigniter4/framework/system/CodeIgniter.php(907): App\Controllers\Psda->upload_anggota()
#9 /home/u0715251/panel_kopma/vendor/codeigniter4/framework/system/CodeIgniter.php(457): CodeIgniter\CodeIgniter->runController(Object(App\Controllers\Psda))
#10 /home/u0715251/panel_kopma/vendor/codeigniter4/framework/system/CodeIgniter.php(340): CodeIgniter\CodeIgniter->handleRequest(NULL, Object(Config\Cache), false)
#11 /home/u0715251/public_html/panel/index.php(55): CodeIgniter\CodeIgniter->run()
#12 {main}
CRITICAL - 2023-01-16 00:09:17 --> Duplicate entry '2011011081' for key 'npm'
in SYSTEMPATH/Database/MySQLi/Connection.php on line 292.
 1 SYSTEMPATH/Database/MySQLi/Connection.php(292): mysqli->query('INSERT INTO `data_anggota` (`nomor_anggota`, `npm`, `nama_lengkap`, `email`, `jenis_kelamin`, `nomor_hp`, `keanggotaan`, `jurusan`, `fakultas`, `created_at`, `updated_at`) VALUES (\'2862/Kopma_UL/22\', 2011011081, \'Jennie Lian Salsabila\', \'jenniefangchen@gmail.com\', NULL, \'81369767501\', \'Anggota\', \'MANAJEMEN\', \'FEB\', \'2023-01-16 00:09:17\', \'2023-01-16 00:09:17\')', 0)
 2 SYSTEMPATH/Database/BaseConnection.php(693): CodeIgniter\Database\MySQLi\Connection->execute('INSERT INTO `data_anggota` (`nomor_anggota`, `npm`, `nama_lengkap`, `email`, `jenis_kelamin`, `nomor_hp`, `keanggotaan`, `jurusan`, `fakultas`, `created_at`, `updated_at`) VALUES (\'2862/Kopma_UL/22\', 2011011081, \'Jennie Lian Salsabila\', \'jenniefangchen@gmail.com\', NULL, \'81369767501\', \'Anggota\', \'MANAJEMEN\', \'FEB\', \'2023-01-16 00:09:17\', \'2023-01-16 00:09:17\')')
 3 SYSTEMPATH/Database/BaseConnection.php(620): CodeIgniter\Database\BaseConnection->simpleQuery('INSERT INTO `data_anggota` (`nomor_anggota`, `npm`, `nama_lengkap`, `email`, `jenis_kelamin`, `nomor_hp`, `keanggotaan`, `jurusan`, `fakultas`, `created_at`, `updated_at`) VALUES (\'2862/Kopma_UL/22\', 2011011081, \'Jennie Lian Salsabila\', \'jenniefangchen@gmail.com\', NULL, \'81369767501\', \'Anggota\', \'MANAJEMEN\', \'FEB\', \'2023-01-16 00:09:17\', \'2023-01-16 00:09:17\')')
 4 SYSTEMPATH/Database/BaseBuilder.php(1916): CodeIgniter\Database\BaseConnection->query('INSERT INTO `data_anggota` (`nomor_anggota`, `npm`, `nama_lengkap`, `email`, `jenis_kelamin`, `nomor_hp`, `keanggotaan`, `jurusan`, `fakultas`, `created_at`, `updated_at`) VALUES (:nomor_anggota:, :npm:, :nama_lengkap:, :email:, :jenis_kelamin:, :nomor_hp:, :keanggotaan:, :jurusan:, :fakultas:, :created_at:, :updated_at:)', [...], false)
 5 SYSTEMPATH/Model.php(279): CodeIgniter\Database\BaseBuilder->insert()
 6 SYSTEMPATH/BaseModel.php(738): CodeIgniter\Model->doInsert([...])
 7 SYSTEMPATH/Model.php(667): CodeIgniter\BaseModel->insert([...], false)
 8 APPPATH/Controllers/Psda.php(300): CodeIgniter\Model->insert([...], false)
 9 SYSTEMPATH/CodeIgniter.php(907): App\Controllers\Psda->upload_anggota()
10 SYSTEMPATH/CodeIgniter.php(457): CodeIgniter\CodeIgniter->runController(Object(App\Controllers\Psda))
11 SYSTEMPATH/CodeIgniter.php(340): CodeIgniter\CodeIgniter->handleRequest(null, Object(Config\Cache), false)
12 FCPATH/index.php(55): CodeIgniter\CodeIgniter->run()
ERROR - 2023-01-16 00:11:35 --> mysqli_sql_exception: Duplicate entry '2839/Kopma_UL/22' for key 'PRIMARY' in /home/u0715251/panel_kopma/vendor/codeigniter4/framework/system/Database/MySQLi/Connection.php:292
Stack trace:
#0 /home/u0715251/panel_kopma/vendor/codeigniter4/framework/system/Database/MySQLi/Connection.php(292): mysqli->query('INSERT INTO `da...', 0)
#1 /home/u0715251/panel_kopma/vendor/codeigniter4/framework/system/Database/BaseConnection.php(693): CodeIgniter\Database\MySQLi\Connection->execute('INSERT INTO `da...')
#2 /home/u0715251/panel_kopma/vendor/codeigniter4/framework/system/Database/BaseConnection.php(620): CodeIgniter\Database\BaseConnection->simpleQuery('INSERT INTO `da...')
#3 /home/u0715251/panel_kopma/vendor/codeigniter4/framework/system/Database/BaseBuilder.php(1916): CodeIgniter\Database\BaseConnection->query('INSERT INTO `da...', Array, false)
#4 /home/u0715251/panel_kopma/vendor/codeigniter4/framework/system/Model.php(279): CodeIgniter\Database\BaseBuilder->insert()
#5 /home/u0715251/panel_kopma/vendor/codeigniter4/framework/system/BaseModel.php(738): CodeIgniter\Model->doInsert(Array)
#6 /home/u0715251/panel_kopma/vendor/codeigniter4/framework/system/Model.php(667): CodeIgniter\BaseModel->insert(Array, false)
#7 /home/u0715251/panel_kopma/app/Controllers/Psda.php(300): CodeIgniter\Model->insert(Array, false)
#8 /home/u0715251/panel_kopma/vendor/codeigniter4/framework/system/CodeIgniter.php(907): App\Controllers\Psda->upload_anggota()
#9 /home/u0715251/panel_kopma/vendor/codeigniter4/framework/system/CodeIgniter.php(457): CodeIgniter\CodeIgniter->runController(Object(App\Controllers\Psda))
#10 /home/u0715251/panel_kopma/vendor/codeigniter4/framework/system/CodeIgniter.php(340): CodeIgniter\CodeIgniter->handleRequest(NULL, Object(Config\Cache), false)
#11 /home/u0715251/public_html/panel/index.php(55): CodeIgniter\CodeIgniter->run()
#12 {main}
CRITICAL - 2023-01-16 00:11:35 --> Duplicate entry '2839/Kopma_UL/22' for key 'PRIMARY'
in SYSTEMPATH/Database/MySQLi/Connection.php on line 292.
 1 SYSTEMPATH/Database/MySQLi/Connection.php(292): mysqli->query('INSERT INTO `data_anggota` (`nomor_anggota`, `npm`, `nama_lengkap`, `email`, `jenis_kelamin`, `nomor_hp`, `keanggotaan`, `jurusan`, `fakultas`, `created_at`, `updated_at`) VALUES (\'2839/Kopma_UL/22\', 2054241007, \'Risdiana Dwi Aprilia\', \'risdiana aprilia13@gmail.com\', NULL, \'89643257187\', \'Anggota\', \'KIMIA\', \'FMIPA\', \'2023-01-16 00:11:35\', \'2023-01-16 00:11:35\')', 0)
 2 SYSTEMPATH/Database/BaseConnection.php(693): CodeIgniter\Database\MySQLi\Connection->execute('INSERT INTO `data_anggota` (`nomor_anggota`, `npm`, `nama_lengkap`, `email`, `jenis_kelamin`, `nomor_hp`, `keanggotaan`, `jurusan`, `fakultas`, `created_at`, `updated_at`) VALUES (\'2839/Kopma_UL/22\', 2054241007, \'Risdiana Dwi Aprilia\', \'risdiana aprilia13@gmail.com\', NULL, \'89643257187\', \'Anggota\', \'KIMIA\', \'FMIPA\', \'2023-01-16 00:11:35\', \'2023-01-16 00:11:35\')')
 3 SYSTEMPATH/Database/BaseConnection.php(620): CodeIgniter\Database\BaseConnection->simpleQuery('INSERT INTO `data_anggota` (`nomor_anggota`, `npm`, `nama_lengkap`, `email`, `jenis_kelamin`, `nomor_hp`, `keanggotaan`, `jurusan`, `fakultas`, `created_at`, `updated_at`) VALUES (\'2839/Kopma_UL/22\', 2054241007, \'Risdiana Dwi Aprilia\', \'risdiana aprilia13@gmail.com\', NULL, \'89643257187\', \'Anggota\', \'KIMIA\', \'FMIPA\', \'2023-01-16 00:11:35\', \'2023-01-16 00:11:35\')')
 4 SYSTEMPATH/Database/BaseBuilder.php(1916): CodeIgniter\Database\BaseConnection->query('INSERT INTO `data_anggota` (`nomor_anggota`, `npm`, `nama_lengkap`, `email`, `jenis_kelamin`, `nomor_hp`, `keanggotaan`, `jurusan`, `fakultas`, `created_at`, `updated_at`) VALUES (:nomor_anggota:, :npm:, :nama_lengkap:, :email:, :jenis_kelamin:, :nomor_hp:, :keanggotaan:, :jurusan:, :fakultas:, :created_at:, :updated_at:)', [...], false)
 5 SYSTEMPATH/Model.php(279): CodeIgniter\Database\BaseBuilder->insert()
 6 SYSTEMPATH/BaseModel.php(738): CodeIgniter\Model->doInsert([...])
 7 SYSTEMPATH/Model.php(667): CodeIgniter\BaseModel->insert([...], false)
 8 APPPATH/Controllers/Psda.php(300): CodeIgniter\Model->insert([...], false)
 9 SYSTEMPATH/CodeIgniter.php(907): App\Controllers\Psda->upload_anggota()
10 SYSTEMPATH/CodeIgniter.php(457): CodeIgniter\CodeIgniter->runController(Object(App\Controllers\Psda))
11 SYSTEMPATH/CodeIgniter.php(340): CodeIgniter\CodeIgniter->handleRequest(null, Object(Config\Cache), false)
12 FCPATH/index.php(55): CodeIgniter\CodeIgniter->run()
ERROR - 2023-01-16 00:12:39 --> mysqli_sql_exception: Duplicate entry '2054241007' for key 'npm' in /home/u0715251/panel_kopma/vendor/codeigniter4/framework/system/Database/MySQLi/Connection.php:292
Stack trace:
#0 /home/u0715251/panel_kopma/vendor/codeigniter4/framework/system/Database/MySQLi/Connection.php(292): mysqli->query('INSERT INTO `da...', 0)
#1 /home/u0715251/panel_kopma/vendor/codeigniter4/framework/system/Database/BaseConnection.php(693): CodeIgniter\Database\MySQLi\Connection->execute('INSERT INTO `da...')
#2 /home/u0715251/panel_kopma/vendor/codeigniter4/framework/system/Database/BaseConnection.php(620): CodeIgniter\Database\BaseConnection->simpleQuery('INSERT INTO `da...')
#3 /home/u0715251/panel_kopma/vendor/codeigniter4/framework/system/Database/BaseBuilder.php(1916): CodeIgniter\Database\BaseConnection->query('INSERT INTO `da...', Array, false)
#4 /home/u0715251/panel_kopma/vendor/codeigniter4/framework/system/Model.php(279): CodeIgniter\Database\BaseBuilder->insert()
#5 /home/u0715251/panel_kopma/vendor/codeigniter4/framework/system/BaseModel.php(738): CodeIgniter\Model->doInsert(Array)
#6 /home/u0715251/panel_kopma/vendor/codeigniter4/framework/system/Model.php(667): CodeIgniter\BaseModel->insert(Array, false)
#7 /home/u0715251/panel_kopma/app/Controllers/Psda.php(300): CodeIgniter\Model->insert(Array, false)
#8 /home/u0715251/panel_kopma/vendor/codeigniter4/framework/system/CodeIgniter.php(907): App\Controllers\Psda->upload_anggota()
#9 /home/u0715251/panel_kopma/vendor/codeigniter4/framework/system/CodeIgniter.php(457): CodeIgniter\CodeIgniter->runController(Object(App\Controllers\Psda))
#10 /home/u0715251/panel_kopma/vendor/codeigniter4/framework/system/CodeIgniter.php(340): CodeIgniter\CodeIgniter->handleRequest(NULL, Object(Config\Cache), false)
#11 /home/u0715251/public_html/panel/index.php(55): CodeIgniter\CodeIgniter->run()
#12 {main}
CRITICAL - 2023-01-16 00:12:39 --> Duplicate entry '2054241007' for key 'npm'
in SYSTEMPATH/Database/MySQLi/Connection.php on line 292.
 1 SYSTEMPATH/Database/MySQLi/Connection.php(292): mysqli->query('INSERT INTO `data_anggota` (`nomor_anggota`, `npm`, `nama_lengkap`, `email`, `jenis_kelamin`, `nomor_hp`, `keanggotaan`, `jurusan`, `fakultas`, `created_at`, `updated_at`) VALUES (\'2905/Kopma_UL/22\', 2054241007, \'Risdiana Dwi Aprilia\', \'risdiana aprilia13@gmail.com\', NULL, \'89643257187\', \'Anggota\', \'KIMIA\', \'FMIPA\', \'2023-01-16 00:12:39\', \'2023-01-16 00:12:39\')', 0)
 2 SYSTEMPATH/Database/BaseConnection.php(693): CodeIgniter\Database\MySQLi\Connection->execute('INSERT INTO `data_anggota` (`nomor_anggota`, `npm`, `nama_lengkap`, `email`, `jenis_kelamin`, `nomor_hp`, `keanggotaan`, `jurusan`, `fakultas`, `created_at`, `updated_at`) VALUES (\'2905/Kopma_UL/22\', 2054241007, \'Risdiana Dwi Aprilia\', \'risdiana aprilia13@gmail.com\', NULL, \'89643257187\', \'Anggota\', \'KIMIA\', \'FMIPA\', \'2023-01-16 00:12:39\', \'2023-01-16 00:12:39\')')
 3 SYSTEMPATH/Database/BaseConnection.php(620): CodeIgniter\Database\BaseConnection->simpleQuery('INSERT INTO `data_anggota` (`nomor_anggota`, `npm`, `nama_lengkap`, `email`, `jenis_kelamin`, `nomor_hp`, `keanggotaan`, `jurusan`, `fakultas`, `created_at`, `updated_at`) VALUES (\'2905/Kopma_UL/22\', 2054241007, \'Risdiana Dwi Aprilia\', \'risdiana aprilia13@gmail.com\', NULL, \'89643257187\', \'Anggota\', \'KIMIA\', \'FMIPA\', \'2023-01-16 00:12:39\', \'2023-01-16 00:12:39\')')
 4 SYSTEMPATH/Database/BaseBuilder.php(1916): CodeIgniter\Database\BaseConnection->query('INSERT INTO `data_anggota` (`nomor_anggota`, `npm`, `nama_lengkap`, `email`, `jenis_kelamin`, `nomor_hp`, `keanggotaan`, `jurusan`, `fakultas`, `created_at`, `updated_at`) VALUES (:nomor_anggota:, :npm:, :nama_lengkap:, :email:, :jenis_kelamin:, :nomor_hp:, :keanggotaan:, :jurusan:, :fakultas:, :created_at:, :updated_at:)', [...], false)
 5 SYSTEMPATH/Model.php(279): CodeIgniter\Database\BaseBuilder->insert()
 6 SYSTEMPATH/BaseModel.php(738): CodeIgniter\Model->doInsert([...])
 7 SYSTEMPATH/Model.php(667): CodeIgniter\BaseModel->insert([...], false)
 8 APPPATH/Controllers/Psda.php(300): CodeIgniter\Model->insert([...], false)
 9 SYSTEMPATH/CodeIgniter.php(907): App\Controllers\Psda->upload_anggota()
10 SYSTEMPATH/CodeIgniter.php(457): CodeIgniter\CodeIgniter->runController(Object(App\Controllers\Psda))
11 SYSTEMPATH/CodeIgniter.php(340): CodeIgniter\CodeIgniter->handleRequest(null, Object(Config\Cache), false)
12 FCPATH/index.php(55): CodeIgniter\CodeIgniter->run()
ERROR - 2023-01-16 00:13:25 --> mysqli_sql_exception: Column 'nomor_anggota' cannot be null in /home/u0715251/panel_kopma/vendor/codeigniter4/framework/system/Database/MySQLi/Connection.php:292
Stack trace:
#0 /home/u0715251/panel_kopma/vendor/codeigniter4/framework/system/Database/MySQLi/Connection.php(292): mysqli->query('INSERT INTO `da...', 0)
#1 /home/u0715251/panel_kopma/vendor/codeigniter4/framework/system/Database/BaseConnection.php(693): CodeIgniter\Database\MySQLi\Connection->execute('INSERT INTO `da...')
#2 /home/u0715251/panel_kopma/vendor/codeigniter4/framework/system/Database/BaseConnection.php(620): CodeIgniter\Database\BaseConnection->simpleQuery('INSERT INTO `da...')
#3 /home/u0715251/panel_kopma/vendor/codeigniter4/framework/system/Database/BaseBuilder.php(1916): CodeIgniter\Database\BaseConnection->query('INSERT INTO `da...', Array, false)
#4 /home/u0715251/panel_kopma/vendor/codeigniter4/framework/system/Model.php(279): CodeIgniter\Database\BaseBuilder->insert()
#5 /home/u0715251/panel_kopma/vendor/codeigniter4/framework/system/BaseModel.php(738): CodeIgniter\Model->doInsert(Array)
#6 /home/u0715251/panel_kopma/vendor/codeigniter4/framework/system/Model.php(667): CodeIgniter\BaseModel->insert(Array, false)
#7 /home/u0715251/panel_kopma/app/Controllers/Psda.php(300): CodeIgniter\Model->insert(Array, false)
#8 /home/u0715251/panel_kopma/vendor/codeigniter4/framework/system/CodeIgniter.php(907): App\Controllers\Psda->upload_anggota()
#9 /home/u0715251/panel_kopma/vendor/codeigniter4/framework/system/CodeIgniter.php(457): CodeIgniter\CodeIgniter->runController(Object(App\Controllers\Psda))
#10 /home/u0715251/panel_kopma/vendor/codeigniter4/framework/system/CodeIgniter.php(340): CodeIgniter\CodeIgniter->handleRequest(NULL, Object(Config\Cache), false)
#11 /home/u0715251/public_html/panel/index.php(55): CodeIgniter\CodeIgniter->run()
#12 {main}
CRITICAL - 2023-01-16 00:13:25 --> Column 'nomor_anggota' cannot be null
in SYSTEMPATH/Database/MySQLi/Connection.php on line 292.
 1 SYSTEMPATH/Database/MySQLi/Connection.php(292): mysqli->query('INSERT INTO `data_anggota` (`nomor_anggota`, `npm`, `nama_lengkap`, `email`, `jenis_kelamin`, `nomor_hp`, `keanggotaan`, `jurusan`, `fakultas`, `created_at`, `updated_at`) VALUES (NULL, NULL, NULL, NULL, NULL, NULL, NULL, NULL, NULL, \'2023-01-16 00:13:25\', \'2023-01-16 00:13:25\')', 0)
 2 SYSTEMPATH/Database/BaseConnection.php(693): CodeIgniter\Database\MySQLi\Connection->execute('INSERT INTO `data_anggota` (`nomor_anggota`, `npm`, `nama_lengkap`, `email`, `jenis_kelamin`, `nomor_hp`, `keanggotaan`, `jurusan`, `fakultas`, `created_at`, `updated_at`) VALUES (NULL, NULL, NULL, NULL, NULL, NULL, NULL, NULL, NULL, \'2023-01-16 00:13:25\', \'2023-01-16 00:13:25\')')
 3 SYSTEMPATH/Database/BaseConnection.php(620): CodeIgniter\Database\BaseConnection->simpleQuery('INSERT INTO `data_anggota` (`nomor_anggota`, `npm`, `nama_lengkap`, `email`, `jenis_kelamin`, `nomor_hp`, `keanggotaan`, `jurusan`, `fakultas`, `created_at`, `updated_at`) VALUES (NULL, NULL, NULL, NULL, NULL, NULL, NULL, NULL, NULL, \'2023-01-16 00:13:25\', \'2023-01-16 00:13:25\')')
 4 SYSTEMPATH/Database/BaseBuilder.php(1916): CodeIgniter\Database\BaseConnection->query('INSERT INTO `data_anggota` (`nomor_anggota`, `npm`, `nama_lengkap`, `email`, `jenis_kelamin`, `nomor_hp`, `keanggotaan`, `jurusan`, `fakultas`, `created_at`, `updated_at`) VALUES (:nomor_anggota:, :npm:, :nama_lengkap:, :email:, :jenis_kelamin:, :nomor_hp:, :keanggotaan:, :jurusan:, :fakultas:, :created_at:, :updated_at:)', [...], false)
 5 SYSTEMPATH/Model.php(279): CodeIgniter\Database\BaseBuilder->insert()
 6 SYSTEMPATH/BaseModel.php(738): CodeIgniter\Model->doInsert([...])
 7 SYSTEMPATH/Model.php(667): CodeIgniter\BaseModel->insert([...], false)
 8 APPPATH/Controllers/Psda.php(300): CodeIgniter\Model->insert([...], false)
 9 SYSTEMPATH/CodeIgniter.php(907): App\Controllers\Psda->upload_anggota()
10 SYSTEMPATH/CodeIgniter.php(457): CodeIgniter\CodeIgniter->runController(Object(App\Controllers\Psda))
11 SYSTEMPATH/CodeIgniter.php(340): CodeIgniter\CodeIgniter->handleRequest(null, Object(Config\Cache), false)
12 FCPATH/index.php(55): CodeIgniter\CodeIgniter->run()
ERROR - 2023-01-16 00:14:29 --> mysqli_sql_exception: Duplicate entry '2114211034' for key 'npm' in /home/u0715251/panel_kopma/vendor/codeigniter4/framework/system/Database/MySQLi/Connection.php:292
Stack trace:
#0 /home/u0715251/panel_kopma/vendor/codeigniter4/framework/system/Database/MySQLi/Connection.php(292): mysqli->query('INSERT INTO `da...', 0)
#1 /home/u0715251/panel_kopma/vendor/codeigniter4/framework/system/Database/BaseConnection.php(693): CodeIgniter\Database\MySQLi\Connection->execute('INSERT INTO `da...')
#2 /home/u0715251/panel_kopma/vendor/codeigniter4/framework/system/Database/BaseConnection.php(620): CodeIgniter\Database\BaseConnection->simpleQuery('INSERT INTO `da...')
#3 /home/u0715251/panel_kopma/vendor/codeigniter4/framework/system/Database/BaseBuilder.php(1916): CodeIgniter\Database\BaseConnection->query('INSERT INTO `da...', Array, false)
#4 /home/u0715251/panel_kopma/vendor/codeigniter4/framework/system/Model.php(279): CodeIgniter\Database\BaseBuilder->insert()
#5 /home/u0715251/panel_kopma/vendor/codeigniter4/framework/system/BaseModel.php(738): CodeIgniter\Model->doInsert(Array)
#6 /home/u0715251/panel_kopma/vendor/codeigniter4/framework/system/Model.php(667): CodeIgniter\BaseModel->insert(Array, false)
#7 /home/u0715251/panel_kopma/app/Controllers/Psda.php(300): CodeIgniter\Model->insert(Array, false)
#8 /home/u0715251/panel_kopma/vendor/codeigniter4/framework/system/CodeIgniter.php(907): App\Controllers\Psda->upload_anggota()
#9 /home/u0715251/panel_kopma/vendor/codeigniter4/framework/system/CodeIgniter.php(457): CodeIgniter\CodeIgniter->runController(Object(App\Controllers\Psda))
#10 /home/u0715251/panel_kopma/vendor/codeigniter4/framework/system/CodeIgniter.php(340): CodeIgniter\CodeIgniter->handleRequest(NULL, Object(Config\Cache), false)
#11 /home/u0715251/public_html/panel/index.php(55): CodeIgniter\CodeIgniter->run()
#12 {main}
CRITICAL - 2023-01-16 00:14:29 --> Duplicate entry '2114211034' for key 'npm'
in SYSTEMPATH/Database/MySQLi/Connection.php on line 292.
 1 SYSTEMPATH/Database/MySQLi/Connection.php(292): mysqli->query('INSERT INTO `data_anggota` (`nomor_anggota`, `npm`, `nama_lengkap`, `email`, `jenis_kelamin`, `nomor_hp`, `keanggotaan`, `jurusan`, `fakultas`, `created_at`, `updated_at`) VALUES (\'3010/Kopma_UL/22\', 2114211034, \'Muhammad Zidan Febriyanto\', NULL, NULL, \'82377034106\', \'Anggota\', \'Ilmu Hukum\', \'FH\', \'2023-01-16 00:14:29\', \'2023-01-16 00:14:29\')', 0)
 2 SYSTEMPATH/Database/BaseConnection.php(693): CodeIgniter\Database\MySQLi\Connection->execute('INSERT INTO `data_anggota` (`nomor_anggota`, `npm`, `nama_lengkap`, `email`, `jenis_kelamin`, `nomor_hp`, `keanggotaan`, `jurusan`, `fakultas`, `created_at`, `updated_at`) VALUES (\'3010/Kopma_UL/22\', 2114211034, \'Muhammad Zidan Febriyanto\', NULL, NULL, \'82377034106\', \'Anggota\', \'Ilmu Hukum\', \'FH\', \'2023-01-16 00:14:29\', \'2023-01-16 00:14:29\')')
 3 SYSTEMPATH/Database/BaseConnection.php(620): CodeIgniter\Database\BaseConnection->simpleQuery('INSERT INTO `data_anggota` (`nomor_anggota`, `npm`, `nama_lengkap`, `email`, `jenis_kelamin`, `nomor_hp`, `keanggotaan`, `jurusan`, `fakultas`, `created_at`, `updated_at`) VALUES (\'3010/Kopma_UL/22\', 2114211034, \'Muhammad Zidan Febriyanto\', NULL, NULL, \'82377034106\', \'Anggota\', \'Ilmu Hukum\', \'FH\', \'2023-01-16 00:14:29\', \'2023-01-16 00:14:29\')')
 4 SYSTEMPATH/Database/BaseBuilder.php(1916): CodeIgniter\Database\BaseConnection->query('INSERT INTO `data_anggota` (`nomor_anggota`, `npm`, `nama_lengkap`, `email`, `jenis_kelamin`, `nomor_hp`, `keanggotaan`, `jurusan`, `fakultas`, `created_at`, `updated_at`) VALUES (:nomor_anggota:, :npm:, :nama_lengkap:, :email:, :jenis_kelamin:, :nomor_hp:, :keanggotaan:, :jurusan:, :fakultas:, :created_at:, :updated_at:)', [...], false)
 5 SYSTEMPATH/Model.php(279): CodeIgniter\Database\BaseBuilder->insert()
 6 SYSTEMPATH/BaseModel.php(738): CodeIgniter\Model->doInsert([...])
 7 SYSTEMPATH/Model.php(667): CodeIgniter\BaseModel->insert([...], false)
 8 APPPATH/Controllers/Psda.php(300): CodeIgniter\Model->insert([...], false)
 9 SYSTEMPATH/CodeIgniter.php(907): App\Controllers\Psda->upload_anggota()
10 SYSTEMPATH/CodeIgniter.php(457): CodeIgniter\CodeIgniter->runController(Object(App\Controllers\Psda))
11 SYSTEMPATH/CodeIgniter.php(340): CodeIgniter\CodeIgniter->handleRequest(null, Object(Config\Cache), false)
12 FCPATH/index.php(55): CodeIgniter\CodeIgniter->run()
ERROR - 2023-01-16 00:16:19 --> mysqli_sql_exception: Duplicate entry '2201061029' for key 'npm' in /home/u0715251/panel_kopma/vendor/codeigniter4/framework/system/Database/MySQLi/Connection.php:292
Stack trace:
#0 /home/u0715251/panel_kopma/vendor/codeigniter4/framework/system/Database/MySQLi/Connection.php(292): mysqli->query('INSERT INTO `da...', 0)
#1 /home/u0715251/panel_kopma/vendor/codeigniter4/framework/system/Database/BaseConnection.php(693): CodeIgniter\Database\MySQLi\Connection->execute('INSERT INTO `da...')
#2 /home/u0715251/panel_kopma/vendor/codeigniter4/framework/system/Database/BaseConnection.php(620): CodeIgniter\Database\BaseConnection->simpleQuery('INSERT INTO `da...')
#3 /home/u0715251/panel_kopma/vendor/codeigniter4/framework/system/Database/BaseBuilder.php(1916): CodeIgniter\Database\BaseConnection->query('INSERT INTO `da...', Array, false)
#4 /home/u0715251/panel_kopma/vendor/codeigniter4/framework/system/Model.php(279): CodeIgniter\Database\BaseBuilder->insert()
#5 /home/u0715251/panel_kopma/vendor/codeigniter4/framework/system/BaseModel.php(738): CodeIgniter\Model->doInsert(Array)
#6 /home/u0715251/panel_kopma/vendor/codeigniter4/framework/system/Model.php(667): CodeIgniter\BaseModel->insert(Array, false)
#7 /home/u0715251/panel_kopma/app/Controllers/Psda.php(300): CodeIgniter\Model->insert(Array, false)
#8 /home/u0715251/panel_kopma/vendor/codeigniter4/framework/system/CodeIgniter.php(907): App\Controllers\Psda->upload_anggota()
#9 /home/u0715251/panel_kopma/vendor/codeigniter4/framework/system/CodeIgniter.php(457): CodeIgniter\CodeIgniter->runController(Object(App\Controllers\Psda))
#10 /home/u0715251/panel_kopma/vendor/codeigniter4/framework/system/CodeIgniter.php(340): CodeIgniter\CodeIgniter->handleRequest(NULL, Object(Config\Cache), false)
#11 /home/u0715251/public_html/panel/index.php(55): CodeIgniter\CodeIgniter->run()
#12 {main}
CRITICAL - 2023-01-16 00:16:19 --> Duplicate entry '2201061029' for key 'npm'
in SYSTEMPATH/Database/MySQLi/Connection.php on line 292.
 1 SYSTEMPATH/Database/MySQLi/Connection.php(292): mysqli->query('INSERT INTO `data_anggota` (`nomor_anggota`, `npm`, `nama_lengkap`, `email`, `jenis_kelamin`, `nomor_hp`, `keanggotaan`, `jurusan`, `fakultas`, `created_at`, `updated_at`) VALUES (\'3024/Kopma_UL/22\', 2201061029, \'Nizar Bayhaqi Ashidiq\', \'nzrbayhaqi57gmail.com\', NULL, \'85157809433\', \'Anggota\', \'D3 Akuntansi\', \'FEB\', \'2023-01-16 00:16:19\', \'2023-01-16 00:16:19\')', 0)
 2 SYSTEMPATH/Database/BaseConnection.php(693): CodeIgniter\Database\MySQLi\Connection->execute('INSERT INTO `data_anggota` (`nomor_anggota`, `npm`, `nama_lengkap`, `email`, `jenis_kelamin`, `nomor_hp`, `keanggotaan`, `jurusan`, `fakultas`, `created_at`, `updated_at`) VALUES (\'3024/Kopma_UL/22\', 2201061029, \'Nizar Bayhaqi Ashidiq\', \'nzrbayhaqi57gmail.com\', NULL, \'85157809433\', \'Anggota\', \'D3 Akuntansi\', \'FEB\', \'2023-01-16 00:16:19\', \'2023-01-16 00:16:19\')')
 3 SYSTEMPATH/Database/BaseConnection.php(620): CodeIgniter\Database\BaseConnection->simpleQuery('INSERT INTO `data_anggota` (`nomor_anggota`, `npm`, `nama_lengkap`, `email`, `jenis_kelamin`, `nomor_hp`, `keanggotaan`, `jurusan`, `fakultas`, `created_at`, `updated_at`) VALUES (\'3024/Kopma_UL/22\', 2201061029, \'Nizar Bayhaqi Ashidiq\', \'nzrbayhaqi57gmail.com\', NULL, \'85157809433\', \'Anggota\', \'D3 Akuntansi\', \'FEB\', \'2023-01-16 00:16:19\', \'2023-01-16 00:16:19\')')
 4 SYSTEMPATH/Database/BaseBuilder.php(1916): CodeIgniter\Database\BaseConnection->query('INSERT INTO `data_anggota` (`nomor_anggota`, `npm`, `nama_lengkap`, `email`, `jenis_kelamin`, `nomor_hp`, `keanggotaan`, `jurusan`, `fakultas`, `created_at`, `updated_at`) VALUES (:nomor_anggota:, :npm:, :nama_lengkap:, :email:, :jenis_kelamin:, :nomor_hp:, :keanggotaan:, :jurusan:, :fakultas:, :created_at:, :updated_at:)', [...], false)
 5 SYSTEMPATH/Model.php(279): CodeIgniter\Database\BaseBuilder->insert()
 6 SYSTEMPATH/BaseModel.php(738): CodeIgniter\Model->doInsert([...])
 7 SYSTEMPATH/Model.php(667): CodeIgniter\BaseModel->insert([...], false)
 8 APPPATH/Controllers/Psda.php(300): CodeIgniter\Model->insert([...], false)
 9 SYSTEMPATH/CodeIgniter.php(907): App\Controllers\Psda->upload_anggota()
10 SYSTEMPATH/CodeIgniter.php(457): CodeIgniter\CodeIgniter->runController(Object(App\Controllers\Psda))
11 SYSTEMPATH/CodeIgniter.php(340): CodeIgniter\CodeIgniter->handleRequest(null, Object(Config\Cache), false)
12 FCPATH/index.php(55): CodeIgniter\CodeIgniter->run()
ERROR - 2023-01-16 00:19:58 --> mysqli_sql_exception: Column 'nomor_anggota' cannot be null in /home/u0715251/panel_kopma/vendor/codeigniter4/framework/system/Database/MySQLi/Connection.php:292
Stack trace:
#0 /home/u0715251/panel_kopma/vendor/codeigniter4/framework/system/Database/MySQLi/Connection.php(292): mysqli->query('INSERT INTO `da...', 0)
#1 /home/u0715251/panel_kopma/vendor/codeigniter4/framework/system/Database/BaseConnection.php(693): CodeIgniter\Database\MySQLi\Connection->execute('INSERT INTO `da...')
#2 /home/u0715251/panel_kopma/vendor/codeigniter4/framework/system/Database/BaseConnection.php(620): CodeIgniter\Database\BaseConnection->simpleQuery('INSERT INTO `da...')
#3 /home/u0715251/panel_kopma/vendor/codeigniter4/framework/system/Database/BaseBuilder.php(1916): CodeIgniter\Database\BaseConnection->query('INSERT INTO `da...', Array, false)
#4 /home/u0715251/panel_kopma/vendor/codeigniter4/framework/system/Model.php(279): CodeIgniter\Database\BaseBuilder->insert()
#5 /home/u0715251/panel_kopma/vendor/codeigniter4/framework/system/BaseModel.php(738): CodeIgniter\Model->doInsert(Array)
#6 /home/u0715251/panel_kopma/vendor/codeigniter4/framework/system/Model.php(667): CodeIgniter\BaseModel->insert(Array, false)
#7 /home/u0715251/panel_kopma/app/Controllers/Psda.php(300): CodeIgniter\Model->insert(Array, false)
#8 /home/u0715251/panel_kopma/vendor/codeigniter4/framework/system/CodeIgniter.php(907): App\Controllers\Psda->upload_anggota()
#9 /home/u0715251/panel_kopma/vendor/codeigniter4/framework/system/CodeIgniter.php(457): CodeIgniter\CodeIgniter->runController(Object(App\Controllers\Psda))
#10 /home/u0715251/panel_kopma/vendor/codeigniter4/framework/system/CodeIgniter.php(340): CodeIgniter\CodeIgniter->handleRequest(NULL, Object(Config\Cache), false)
#11 /home/u0715251/public_html/panel/index.php(55): CodeIgniter\CodeIgniter->run()
#12 {main}
CRITICAL - 2023-01-16 00:19:58 --> Column 'nomor_anggota' cannot be null
in SYSTEMPATH/Database/MySQLi/Connection.php on line 292.
 1 SYSTEMPATH/Database/MySQLi/Connection.php(292): mysqli->query('INSERT INTO `data_anggota` (`nomor_anggota`, `npm`, `nama_lengkap`, `email`, `jenis_kelamin`, `nomor_hp`, `keanggotaan`, `jurusan`, `fakultas`, `created_at`, `updated_at`) VALUES (NULL, NULL, NULL, NULL, NULL, NULL, NULL, NULL, NULL, \'2023-01-16 00:19:58\', \'2023-01-16 00:19:58\')', 0)
 2 SYSTEMPATH/Database/BaseConnection.php(693): CodeIgniter\Database\MySQLi\Connection->execute('INSERT INTO `data_anggota` (`nomor_anggota`, `npm`, `nama_lengkap`, `email`, `jenis_kelamin`, `nomor_hp`, `keanggotaan`, `jurusan`, `fakultas`, `created_at`, `updated_at`) VALUES (NULL, NULL, NULL, NULL, NULL, NULL, NULL, NULL, NULL, \'2023-01-16 00:19:58\', \'2023-01-16 00:19:58\')')
 3 SYSTEMPATH/Database/BaseConnection.php(620): CodeIgniter\Database\BaseConnection->simpleQuery('INSERT INTO `data_anggota` (`nomor_anggota`, `npm`, `nama_lengkap`, `email`, `jenis_kelamin`, `nomor_hp`, `keanggotaan`, `jurusan`, `fakultas`, `created_at`, `updated_at`) VALUES (NULL, NULL, NULL, NULL, NULL, NULL, NULL, NULL, NULL, \'2023-01-16 00:19:58\', \'2023-01-16 00:19:58\')')
 4 SYSTEMPATH/Database/BaseBuilder.php(1916): CodeIgniter\Database\BaseConnection->query('INSERT INTO `data_anggota` (`nomor_anggota`, `npm`, `nama_lengkap`, `email`, `jenis_kelamin`, `nomor_hp`, `keanggotaan`, `jurusan`, `fakultas`, `created_at`, `updated_at`) VALUES (:nomor_anggota:, :npm:, :nama_lengkap:, :email:, :jenis_kelamin:, :nomor_hp:, :keanggotaan:, :jurusan:, :fakultas:, :created_at:, :updated_at:)', [...], false)
 5 SYSTEMPATH/Model.php(279): CodeIgniter\Database\BaseBuilder->insert()
 6 SYSTEMPATH/BaseModel.php(738): CodeIgniter\Model->doInsert([...])
 7 SYSTEMPATH/Model.php(667): CodeIgniter\BaseModel->insert([...], false)
 8 APPPATH/Controllers/Psda.php(300): CodeIgniter\Model->insert([...], false)
 9 SYSTEMPATH/CodeIgniter.php(907): App\Controllers\Psda->upload_anggota()
10 SYSTEMPATH/CodeIgniter.php(457): CodeIgniter\CodeIgniter->runController(Object(App\Controllers\Psda))
11 SYSTEMPATH/CodeIgniter.php(340): CodeIgniter\CodeIgniter->handleRequest(null, Object(Config\Cache), false)
12 FCPATH/index.php(55): CodeIgniter\CodeIgniter->run()
ERROR - 2023-01-16 00:29:32 --> mysqli_sql_exception: Column 'nomor_anggota' cannot be null in /home/u0715251/panel_kopma/vendor/codeigniter4/framework/system/Database/MySQLi/Connection.php:292
Stack trace:
#0 /home/u0715251/panel_kopma/vendor/codeigniter4/framework/system/Database/MySQLi/Connection.php(292): mysqli->query('INSERT INTO `da...', 0)
#1 /home/u0715251/panel_kopma/vendor/codeigniter4/framework/system/Database/BaseConnection.php(693): CodeIgniter\Database\MySQLi\Connection->execute('INSERT INTO `da...')
#2 /home/u0715251/panel_kopma/vendor/codeigniter4/framework/system/Database/BaseConnection.php(620): CodeIgniter\Database\BaseConnection->simpleQuery('INSERT INTO `da...')
#3 /home/u0715251/panel_kopma/vendor/codeigniter4/framework/system/Database/BaseBuilder.php(1916): CodeIgniter\Database\BaseConnection->query('INSERT INTO `da...', Array, false)
#4 /home/u0715251/panel_kopma/vendor/codeigniter4/framework/system/Model.php(279): CodeIgniter\Database\BaseBuilder->insert()
#5 /home/u0715251/panel_kopma/vendor/codeigniter4/framework/system/BaseModel.php(738): CodeIgniter\Model->doInsert(Array)
#6 /home/u0715251/panel_kopma/vendor/codeigniter4/framework/system/Model.php(667): CodeIgniter\BaseModel->insert(Array, false)
#7 /home/u0715251/panel_kopma/vendor/codeigniter4/framework/system/BaseModel.php(658): CodeIgniter\Model->insert(Array, false)
#8 /home/u0715251/panel_kopma/app/Controllers/Psda.php(300): CodeIgniter\BaseModel->save(Array)
#9 /home/u0715251/panel_kopma/vendor/codeigniter4/framework/system/CodeIgniter.php(907): App\Controllers\Psda->upload_anggota()
#10 /home/u0715251/panel_kopma/vendor/codeigniter4/framework/system/CodeIgniter.php(457): CodeIgniter\CodeIgniter->runController(Object(App\Controllers\Psda))
#11 /home/u0715251/panel_kopma/vendor/codeigniter4/framework/system/CodeIgniter.php(340): CodeIgniter\CodeIgniter->handleRequest(NULL, Object(Config\Cache), false)
#12 /home/u0715251/public_html/panel/index.php(55): CodeIgniter\CodeIgniter->run()
#13 {main}
CRITICAL - 2023-01-16 00:29:32 --> Column 'nomor_anggota' cannot be null
in SYSTEMPATH/Database/MySQLi/Connection.php on line 292.
 1 SYSTEMPATH/Database/MySQLi/Connection.php(292): mysqli->query('INSERT INTO `data_anggota` (`nomor_anggota`, `npm`, `nama_lengkap`, `email`, `jenis_kelamin`, `nomor_hp`, `keanggotaan`, `jurusan`, `fakultas`, `created_at`, `updated_at`) VALUES (NULL, NULL, NULL, NULL, NULL, NULL, NULL, NULL, NULL, \'2023-01-16 00:29:32\', \'2023-01-16 00:29:32\')', 0)
 2 SYSTEMPATH/Database/BaseConnection.php(693): CodeIgniter\Database\MySQLi\Connection->execute('INSERT INTO `data_anggota` (`nomor_anggota`, `npm`, `nama_lengkap`, `email`, `jenis_kelamin`, `nomor_hp`, `keanggotaan`, `jurusan`, `fakultas`, `created_at`, `updated_at`) VALUES (NULL, NULL, NULL, NULL, NULL, NULL, NULL, NULL, NULL, \'2023-01-16 00:29:32\', \'2023-01-16 00:29:32\')')
 3 SYSTEMPATH/Database/BaseConnection.php(620): CodeIgniter\Database\BaseConnection->simpleQuery('INSERT INTO `data_anggota` (`nomor_anggota`, `npm`, `nama_lengkap`, `email`, `jenis_kelamin`, `nomor_hp`, `keanggotaan`, `jurusan`, `fakultas`, `created_at`, `updated_at`) VALUES (NULL, NULL, NULL, NULL, NULL, NULL, NULL, NULL, NULL, \'2023-01-16 00:29:32\', \'2023-01-16 00:29:32\')')
 4 SYSTEMPATH/Database/BaseBuilder.php(1916): CodeIgniter\Database\BaseConnection->query('INSERT INTO `data_anggota` (`nomor_anggota`, `npm`, `nama_lengkap`, `email`, `jenis_kelamin`, `nomor_hp`, `keanggotaan`, `jurusan`, `fakultas`, `created_at`, `updated_at`) VALUES (:nomor_anggota:, :npm:, :nama_lengkap:, :email:, :jenis_kelamin:, :nomor_hp:, :keanggotaan:, :jurusan:, :fakultas:, :created_at:, :updated_at:)', [...], false)
 5 SYSTEMPATH/Model.php(279): CodeIgniter\Database\BaseBuilder->insert()
 6 SYSTEMPATH/BaseModel.php(738): CodeIgniter\Model->doInsert([...])
 7 SYSTEMPATH/Model.php(667): CodeIgniter\BaseModel->insert([...], false)
 8 SYSTEMPATH/BaseModel.php(658): CodeIgniter\Model->insert([...], false)
 9 APPPATH/Controllers/Psda.php(300): CodeIgniter\BaseModel->save([...])
10 SYSTEMPATH/CodeIgniter.php(907): App\Controllers\Psda->upload_anggota()
11 SYSTEMPATH/CodeIgniter.php(457): CodeIgniter\CodeIgniter->runController(Object(App\Controllers\Psda))
12 SYSTEMPATH/CodeIgniter.php(340): CodeIgniter\CodeIgniter->handleRequest(null, Object(Config\Cache), false)
13 FCPATH/index.php(55): CodeIgniter\CodeIgniter->run()
ERROR - 2023-01-16 00:31:35 --> mysqli_sql_exception: Column 'nomor_anggota' cannot be null in /home/u0715251/panel_kopma/vendor/codeigniter4/framework/system/Database/MySQLi/Connection.php:292
Stack trace:
#0 /home/u0715251/panel_kopma/vendor/codeigniter4/framework/system/Database/MySQLi/Connection.php(292): mysqli->query('INSERT INTO `da...', 0)
#1 /home/u0715251/panel_kopma/vendor/codeigniter4/framework/system/Database/BaseConnection.php(693): CodeIgniter\Database\MySQLi\Connection->execute('INSERT INTO `da...')
#2 /home/u0715251/panel_kopma/vendor/codeigniter4/framework/system/Database/BaseConnection.php(620): CodeIgniter\Database\BaseConnection->simpleQuery('INSERT INTO `da...')
#3 /home/u0715251/panel_kopma/vendor/codeigniter4/framework/system/Database/BaseBuilder.php(1916): CodeIgniter\Database\BaseConnection->query('INSERT INTO `da...', Array, false)
#4 /home/u0715251/panel_kopma/vendor/codeigniter4/framework/system/Model.php(279): CodeIgniter\Database\BaseBuilder->insert()
#5 /home/u0715251/panel_kopma/vendor/codeigniter4/framework/system/BaseModel.php(738): CodeIgniter\Model->doInsert(Array)
#6 /home/u0715251/panel_kopma/vendor/codeigniter4/framework/system/Model.php(667): CodeIgniter\BaseModel->insert(Array, false)
#7 /home/u0715251/panel_kopma/vendor/codeigniter4/framework/system/BaseModel.php(658): CodeIgniter\Model->insert(Array, false)
#8 /home/u0715251/panel_kopma/app/Controllers/Psda.php(300): CodeIgniter\BaseModel->save(Array)
#9 /home/u0715251/panel_kopma/vendor/codeigniter4/framework/system/CodeIgniter.php(907): App\Controllers\Psda->upload_anggota()
#10 /home/u0715251/panel_kopma/vendor/codeigniter4/framework/system/CodeIgniter.php(457): CodeIgniter\CodeIgniter->runController(Object(App\Controllers\Psda))
#11 /home/u0715251/panel_kopma/vendor/codeigniter4/framework/system/CodeIgniter.php(340): CodeIgniter\CodeIgniter->handleRequest(NULL, Object(Config\Cache), false)
#12 /home/u0715251/public_html/panel/index.php(55): CodeIgniter\CodeIgniter->run()
#13 {main}
CRITICAL - 2023-01-16 00:31:35 --> Column 'nomor_anggota' cannot be null
in SYSTEMPATH/Database/MySQLi/Connection.php on line 292.
 1 SYSTEMPATH/Database/MySQLi/Connection.php(292): mysqli->query('INSERT INTO `data_anggota` (`nomor_anggota`, `npm`, `nama_lengkap`, `email`, `jenis_kelamin`, `nomor_hp`, `tgl_diksar`, `keanggotaan`, `jurusan`, `fakultas`, `created_at`, `updated_at`) VALUES (NULL, NULL, NULL, NULL, NULL, NULL, NULL, NULL, NULL, NULL, \'2023-01-16 00:31:35\', \'2023-01-16 00:31:35\')', 0)
 2 SYSTEMPATH/Database/BaseConnection.php(693): CodeIgniter\Database\MySQLi\Connection->execute('INSERT INTO `data_anggota` (`nomor_anggota`, `npm`, `nama_lengkap`, `email`, `jenis_kelamin`, `nomor_hp`, `tgl_diksar`, `keanggotaan`, `jurusan`, `fakultas`, `created_at`, `updated_at`) VALUES (NULL, NULL, NULL, NULL, NULL, NULL, NULL, NULL, NULL, NULL, \'2023-01-16 00:31:35\', \'2023-01-16 00:31:35\')')
 3 SYSTEMPATH/Database/BaseConnection.php(620): CodeIgniter\Database\BaseConnection->simpleQuery('INSERT INTO `data_anggota` (`nomor_anggota`, `npm`, `nama_lengkap`, `email`, `jenis_kelamin`, `nomor_hp`, `tgl_diksar`, `keanggotaan`, `jurusan`, `fakultas`, `created_at`, `updated_at`) VALUES (NULL, NULL, NULL, NULL, NULL, NULL, NULL, NULL, NULL, NULL, \'2023-01-16 00:31:35\', \'2023-01-16 00:31:35\')')
 4 SYSTEMPATH/Database/BaseBuilder.php(1916): CodeIgniter\Database\BaseConnection->query('INSERT INTO `data_anggota` (`nomor_anggota`, `npm`, `nama_lengkap`, `email`, `jenis_kelamin`, `nomor_hp`, `tgl_diksar`, `keanggotaan`, `jurusan`, `fakultas`, `created_at`, `updated_at`) VALUES (:nomor_anggota:, :npm:, :nama_lengkap:, :email:, :jenis_kelamin:, :nomor_hp:, :tgl_diksar:, :keanggotaan:, :jurusan:, :fakultas:, :created_at:, :updated_at:)', [...], false)
 5 SYSTEMPATH/Model.php(279): CodeIgniter\Database\BaseBuilder->insert()
 6 SYSTEMPATH/BaseModel.php(738): CodeIgniter\Model->doInsert([...])
 7 SYSTEMPATH/Model.php(667): CodeIgniter\BaseModel->insert([...], false)
 8 SYSTEMPATH/BaseModel.php(658): CodeIgniter\Model->insert([...], false)
 9 APPPATH/Controllers/Psda.php(300): CodeIgniter\BaseModel->save([...])
10 SYSTEMPATH/CodeIgniter.php(907): App\Controllers\Psda->upload_anggota()
11 SYSTEMPATH/CodeIgniter.php(457): CodeIgniter\CodeIgniter->runController(Object(App\Controllers\Psda))
12 SYSTEMPATH/CodeIgniter.php(340): CodeIgniter\CodeIgniter->handleRequest(null, Object(Config\Cache), false)
13 FCPATH/index.php(55): CodeIgniter\CodeIgniter->run()
ERROR - 2023-01-16 00:33:34 --> mysqli_sql_exception: Duplicate entry '1590/Kopma_Ul/18' for key 'PRIMARY' in /home/u0715251/panel_kopma/vendor/codeigniter4/framework/system/Database/MySQLi/Connection.php:292
Stack trace:
#0 /home/u0715251/panel_kopma/vendor/codeigniter4/framework/system/Database/MySQLi/Connection.php(292): mysqli->query('INSERT INTO `da...', 0)
#1 /home/u0715251/panel_kopma/vendor/codeigniter4/framework/system/Database/BaseConnection.php(693): CodeIgniter\Database\MySQLi\Connection->execute('INSERT INTO `da...')
#2 /home/u0715251/panel_kopma/vendor/codeigniter4/framework/system/Database/BaseConnection.php(620): CodeIgniter\Database\BaseConnection->simpleQuery('INSERT INTO `da...')
#3 /home/u0715251/panel_kopma/vendor/codeigniter4/framework/system/Database/BaseBuilder.php(1916): CodeIgniter\Database\BaseConnection->query('INSERT INTO `da...', Array, false)
#4 /home/u0715251/panel_kopma/vendor/codeigniter4/framework/system/Model.php(279): CodeIgniter\Database\BaseBuilder->insert()
#5 /home/u0715251/panel_kopma/vendor/codeigniter4/framework/system/BaseModel.php(738): CodeIgniter\Model->doInsert(Array)
#6 /home/u0715251/panel_kopma/vendor/codeigniter4/framework/system/Model.php(667): CodeIgniter\BaseModel->insert(Array, false)
#7 /home/u0715251/panel_kopma/vendor/codeigniter4/framework/system/BaseModel.php(658): CodeIgniter\Model->insert(Array, false)
#8 /home/u0715251/panel_kopma/app/Controllers/Psda.php(300): CodeIgniter\BaseModel->save(Array)
#9 /home/u0715251/panel_kopma/vendor/codeigniter4/framework/system/CodeIgniter.php(907): App\Controllers\Psda->upload_anggota()
#10 /home/u0715251/panel_kopma/vendor/codeigniter4/framework/system/CodeIgniter.php(457): CodeIgniter\CodeIgniter->runController(Object(App\Controllers\Psda))
#11 /home/u0715251/panel_kopma/vendor/codeigniter4/framework/system/CodeIgniter.php(340): CodeIgniter\CodeIgniter->handleRequest(NULL, Object(Config\Cache), false)
#12 /home/u0715251/public_html/panel/index.php(55): CodeIgniter\CodeIgniter->run()
#13 {main}
CRITICAL - 2023-01-16 00:33:34 --> Duplicate entry '1590/Kopma_Ul/18' for key 'PRIMARY'
in SYSTEMPATH/Database/MySQLi/Connection.php on line 292.
 1 SYSTEMPATH/Database/MySQLi/Connection.php(292): mysqli->query('INSERT INTO `data_anggota` (`nomor_anggota`, `npm`, `nama_lengkap`, `email`, `jenis_kelamin`, `nomor_hp`, `tgl_diksar`, `keanggotaan`, `jurusan`, `fakultas`, `created_at`, `updated_at`) VALUES (\'1590/Kopma_Ul/18\', NULL, \'Asih Nuraini\', NULL, NULL, \'0\', \'2018-04-01\', \'Anggota\', \' Pendidikan Matematika\', \'FKIP\', \'2023-01-16 00:33:34\', \'2023-01-16 00:33:34\')', 0)
 2 SYSTEMPATH/Database/BaseConnection.php(693): CodeIgniter\Database\MySQLi\Connection->execute('INSERT INTO `data_anggota` (`nomor_anggota`, `npm`, `nama_lengkap`, `email`, `jenis_kelamin`, `nomor_hp`, `tgl_diksar`, `keanggotaan`, `jurusan`, `fakultas`, `created_at`, `updated_at`) VALUES (\'1590/Kopma_Ul/18\', NULL, \'Asih Nuraini\', NULL, NULL, \'0\', \'2018-04-01\', \'Anggota\', \' Pendidikan Matematika\', \'FKIP\', \'2023-01-16 00:33:34\', \'2023-01-16 00:33:34\')')
 3 SYSTEMPATH/Database/BaseConnection.php(620): CodeIgniter\Database\BaseConnection->simpleQuery('INSERT INTO `data_anggota` (`nomor_anggota`, `npm`, `nama_lengkap`, `email`, `jenis_kelamin`, `nomor_hp`, `tgl_diksar`, `keanggotaan`, `jurusan`, `fakultas`, `created_at`, `updated_at`) VALUES (\'1590/Kopma_Ul/18\', NULL, \'Asih Nuraini\', NULL, NULL, \'0\', \'2018-04-01\', \'Anggota\', \' Pendidikan Matematika\', \'FKIP\', \'2023-01-16 00:33:34\', \'2023-01-16 00:33:34\')')
 4 SYSTEMPATH/Database/BaseBuilder.php(1916): CodeIgniter\Database\BaseConnection->query('INSERT INTO `data_anggota` (`nomor_anggota`, `npm`, `nama_lengkap`, `email`, `jenis_kelamin`, `nomor_hp`, `tgl_diksar`, `keanggotaan`, `jurusan`, `fakultas`, `created_at`, `updated_at`) VALUES (:nomor_anggota:, :npm:, :nama_lengkap:, :email:, :jenis_kelamin:, :nomor_hp:, :tgl_diksar:, :keanggotaan:, :jurusan:, :fakultas:, :created_at:, :updated_at:)', [...], false)
 5 SYSTEMPATH/Model.php(279): CodeIgniter\Database\BaseBuilder->insert()
 6 SYSTEMPATH/BaseModel.php(738): CodeIgniter\Model->doInsert([...])
 7 SYSTEMPATH/Model.php(667): CodeIgniter\BaseModel->insert([...], false)
 8 SYSTEMPATH/BaseModel.php(658): CodeIgniter\Model->insert([...], false)
 9 APPPATH/Controllers/Psda.php(300): CodeIgniter\BaseModel->save([...])
10 SYSTEMPATH/CodeIgniter.php(907): App\Controllers\Psda->upload_anggota()
11 SYSTEMPATH/CodeIgniter.php(457): CodeIgniter\CodeIgniter->runController(Object(App\Controllers\Psda))
12 SYSTEMPATH/CodeIgniter.php(340): CodeIgniter\CodeIgniter->handleRequest(null, Object(Config\Cache), false)
13 FCPATH/index.php(55): CodeIgniter\CodeIgniter->run()
ERROR - 2023-01-16 00:34:44 --> mysqli_sql_exception: Duplicate entry '1590/Kopma_Ul/18' for key 'PRIMARY' in /home/u0715251/panel_kopma/vendor/codeigniter4/framework/system/Database/MySQLi/Connection.php:292
Stack trace:
#0 /home/u0715251/panel_kopma/vendor/codeigniter4/framework/system/Database/MySQLi/Connection.php(292): mysqli->query('INSERT INTO `da...', 0)
#1 /home/u0715251/panel_kopma/vendor/codeigniter4/framework/system/Database/BaseConnection.php(693): CodeIgniter\Database\MySQLi\Connection->execute('INSERT INTO `da...')
#2 /home/u0715251/panel_kopma/vendor/codeigniter4/framework/system/Database/BaseConnection.php(620): CodeIgniter\Database\BaseConnection->simpleQuery('INSERT INTO `da...')
#3 /home/u0715251/panel_kopma/vendor/codeigniter4/framework/system/Database/BaseBuilder.php(1916): CodeIgniter\Database\BaseConnection->query('INSERT INTO `da...', Array, false)
#4 /home/u0715251/panel_kopma/vendor/codeigniter4/framework/system/Model.php(279): CodeIgniter\Database\BaseBuilder->insert()
#5 /home/u0715251/panel_kopma/vendor/codeigniter4/framework/system/BaseModel.php(738): CodeIgniter\Model->doInsert(Array)
#6 /home/u0715251/panel_kopma/vendor/codeigniter4/framework/system/Model.php(667): CodeIgniter\BaseModel->insert(Array, false)
#7 /home/u0715251/panel_kopma/vendor/codeigniter4/framework/system/BaseModel.php(658): CodeIgniter\Model->insert(Array, false)
#8 /home/u0715251/panel_kopma/app/Controllers/Psda.php(300): CodeIgniter\BaseModel->save(Array)
#9 /home/u0715251/panel_kopma/vendor/codeigniter4/framework/system/CodeIgniter.php(907): App\Controllers\Psda->upload_anggota()
#10 /home/u0715251/panel_kopma/vendor/codeigniter4/framework/system/CodeIgniter.php(457): CodeIgniter\CodeIgniter->runController(Object(App\Controllers\Psda))
#11 /home/u0715251/panel_kopma/vendor/codeigniter4/framework/system/CodeIgniter.php(340): CodeIgniter\CodeIgniter->handleRequest(NULL, Object(Config\Cache), false)
#12 /home/u0715251/public_html/panel/index.php(55): CodeIgniter\CodeIgniter->run()
#13 {main}
CRITICAL - 2023-01-16 00:34:44 --> Duplicate entry '1590/Kopma_Ul/18' for key 'PRIMARY'
in SYSTEMPATH/Database/MySQLi/Connection.php on line 292.
 1 SYSTEMPATH/Database/MySQLi/Connection.php(292): mysqli->query('INSERT INTO `data_anggota` (`nomor_anggota`, `npm`, `nama_lengkap`, `email`, `jenis_kelamin`, `nomor_hp`, `tgl_diksar`, `keanggotaan`, `jurusan`, `fakultas`, `created_at`, `updated_at`) VALUES (\'1590/Kopma_Ul/18\', NULL, \'Asih Nuraini\', NULL, NULL, \'0\', \'2018-04-01\', \'Anggota\', \' Pendidikan Matematika\', \'FKIP\', \'2023-01-16 00:34:44\', \'2023-01-16 00:34:44\')', 0)
 2 SYSTEMPATH/Database/BaseConnection.php(693): CodeIgniter\Database\MySQLi\Connection->execute('INSERT INTO `data_anggota` (`nomor_anggota`, `npm`, `nama_lengkap`, `email`, `jenis_kelamin`, `nomor_hp`, `tgl_diksar`, `keanggotaan`, `jurusan`, `fakultas`, `created_at`, `updated_at`) VALUES (\'1590/Kopma_Ul/18\', NULL, \'Asih Nuraini\', NULL, NULL, \'0\', \'2018-04-01\', \'Anggota\', \' Pendidikan Matematika\', \'FKIP\', \'2023-01-16 00:34:44\', \'2023-01-16 00:34:44\')')
 3 SYSTEMPATH/Database/BaseConnection.php(620): CodeIgniter\Database\BaseConnection->simpleQuery('INSERT INTO `data_anggota` (`nomor_anggota`, `npm`, `nama_lengkap`, `email`, `jenis_kelamin`, `nomor_hp`, `tgl_diksar`, `keanggotaan`, `jurusan`, `fakultas`, `created_at`, `updated_at`) VALUES (\'1590/Kopma_Ul/18\', NULL, \'Asih Nuraini\', NULL, NULL, \'0\', \'2018-04-01\', \'Anggota\', \' Pendidikan Matematika\', \'FKIP\', \'2023-01-16 00:34:44\', \'2023-01-16 00:34:44\')')
 4 SYSTEMPATH/Database/BaseBuilder.php(1916): CodeIgniter\Database\BaseConnection->query('INSERT INTO `data_anggota` (`nomor_anggota`, `npm`, `nama_lengkap`, `email`, `jenis_kelamin`, `nomor_hp`, `tgl_diksar`, `keanggotaan`, `jurusan`, `fakultas`, `created_at`, `updated_at`) VALUES (:nomor_anggota:, :npm:, :nama_lengkap:, :email:, :jenis_kelamin:, :nomor_hp:, :tgl_diksar:, :keanggotaan:, :jurusan:, :fakultas:, :created_at:, :updated_at:)', [...], false)
 5 SYSTEMPATH/Model.php(279): CodeIgniter\Database\BaseBuilder->insert()
 6 SYSTEMPATH/BaseModel.php(738): CodeIgniter\Model->doInsert([...])
 7 SYSTEMPATH/Model.php(667): CodeIgniter\BaseModel->insert([...], false)
 8 SYSTEMPATH/BaseModel.php(658): CodeIgniter\Model->insert([...], false)
 9 APPPATH/Controllers/Psda.php(300): CodeIgniter\BaseModel->save([...])
10 SYSTEMPATH/CodeIgniter.php(907): App\Controllers\Psda->upload_anggota()
11 SYSTEMPATH/CodeIgniter.php(457): CodeIgniter\CodeIgniter->runController(Object(App\Controllers\Psda))
12 SYSTEMPATH/CodeIgniter.php(340): CodeIgniter\CodeIgniter->handleRequest(null, Object(Config\Cache), false)
13 FCPATH/index.php(55): CodeIgniter\CodeIgniter->run()
CRITICAL - 2023-01-16 00:35:55 --> Undefined index: nomor_anggota
in APPPATH/Controllers/Psda.php on line 298.
 1 APPPATH/Controllers/Psda.php(298): CodeIgniter\Debug\Exceptions->errorHandler(8, 'Undefined index: nomor_anggota', 'APPPATH/Controllers/Psda.php', 298, [...])
 2 SYSTEMPATH/CodeIgniter.php(907): App\Controllers\Psda->upload_anggota()
 3 SYSTEMPATH/CodeIgniter.php(457): CodeIgniter\CodeIgniter->runController(Object(App\Controllers\Psda))
 4 SYSTEMPATH/CodeIgniter.php(340): CodeIgniter\CodeIgniter->handleRequest(null, Object(Config\Cache), false)
 5 FCPATH/index.php(55): CodeIgniter\CodeIgniter->run()
ERROR - 2023-01-16 00:38:20 --> mysqli_sql_exception: Duplicate entry '1590/Kopma_Ul/18' for key 'PRIMARY' in /home/u0715251/panel_kopma/vendor/codeigniter4/framework/system/Database/MySQLi/Connection.php:292
Stack trace:
#0 /home/u0715251/panel_kopma/vendor/codeigniter4/framework/system/Database/MySQLi/Connection.php(292): mysqli->query('INSERT INTO `da...', 0)
#1 /home/u0715251/panel_kopma/vendor/codeigniter4/framework/system/Database/BaseConnection.php(693): CodeIgniter\Database\MySQLi\Connection->execute('INSERT INTO `da...')
#2 /home/u0715251/panel_kopma/vendor/codeigniter4/framework/system/Database/BaseConnection.php(620): CodeIgniter\Database\BaseConnection->simpleQuery('INSERT INTO `da...')
#3 /home/u0715251/panel_kopma/vendor/codeigniter4/framework/system/Database/BaseBuilder.php(1916): CodeIgniter\Database\BaseConnection->query('INSERT INTO `da...', Array, false)
#4 /home/u0715251/panel_kopma/vendor/codeigniter4/framework/system/Model.php(279): CodeIgniter\Database\BaseBuilder->insert()
#5 /home/u0715251/panel_kopma/vendor/codeigniter4/framework/system/BaseModel.php(738): CodeIgniter\Model->doInsert(Array)
#6 /home/u0715251/panel_kopma/vendor/codeigniter4/framework/system/Model.php(667): CodeIgniter\BaseModel->insert(Array, false)
#7 /home/u0715251/panel_kopma/vendor/codeigniter4/framework/system/BaseModel.php(658): CodeIgniter\Model->insert(Array, false)
#8 /home/u0715251/panel_kopma/app/Controllers/Psda.php(300): CodeIgniter\BaseModel->save(Array)
#9 /home/u0715251/panel_kopma/vendor/codeigniter4/framework/system/CodeIgniter.php(907): App\Controllers\Psda->upload_anggota()
#10 /home/u0715251/panel_kopma/vendor/codeigniter4/framework/system/CodeIgniter.php(457): CodeIgniter\CodeIgniter->runController(Object(App\Controllers\Psda))
#11 /home/u0715251/panel_kopma/vendor/codeigniter4/framework/system/CodeIgniter.php(340): CodeIgniter\CodeIgniter->handleRequest(NULL, Object(Config\Cache), false)
#12 /home/u0715251/public_html/panel/index.php(55): CodeIgniter\CodeIgniter->run()
#13 {main}
CRITICAL - 2023-01-16 00:38:20 --> Duplicate entry '1590/Kopma_Ul/18' for key 'PRIMARY'
in SYSTEMPATH/Database/MySQLi/Connection.php on line 292.
 1 SYSTEMPATH/Database/MySQLi/Connection.php(292): mysqli->query('INSERT INTO `data_anggota` (`nomor_anggota`, `npm`, `nama_lengkap`, `email`, `jenis_kelamin`, `nomor_hp`, `tgl_diksar`, `keanggotaan`, `jurusan`, `fakultas`, `created_at`, `updated_at`) VALUES (\'1590/Kopma_Ul/18\', NULL, \'Asih Nuraini\', NULL, NULL, \'0\', \'2018-04-01\', \'Anggota\', \' Pendidikan Matematika\', \'FKIP\', \'2023-01-16 00:38:20\', \'2023-01-16 00:38:20\')', 0)
 2 SYSTEMPATH/Database/BaseConnection.php(693): CodeIgniter\Database\MySQLi\Connection->execute('INSERT INTO `data_anggota` (`nomor_anggota`, `npm`, `nama_lengkap`, `email`, `jenis_kelamin`, `nomor_hp`, `tgl_diksar`, `keanggotaan`, `jurusan`, `fakultas`, `created_at`, `updated_at`) VALUES (\'1590/Kopma_Ul/18\', NULL, \'Asih Nuraini\', NULL, NULL, \'0\', \'2018-04-01\', \'Anggota\', \' Pendidikan Matematika\', \'FKIP\', \'2023-01-16 00:38:20\', \'2023-01-16 00:38:20\')')
 3 SYSTEMPATH/Database/BaseConnection.php(620): CodeIgniter\Database\BaseConnection->simpleQuery('INSERT INTO `data_anggota` (`nomor_anggota`, `npm`, `nama_lengkap`, `email`, `jenis_kelamin`, `nomor_hp`, `tgl_diksar`, `keanggotaan`, `jurusan`, `fakultas`, `created_at`, `updated_at`) VALUES (\'1590/Kopma_Ul/18\', NULL, \'Asih Nuraini\', NULL, NULL, \'0\', \'2018-04-01\', \'Anggota\', \' Pendidikan Matematika\', \'FKIP\', \'2023-01-16 00:38:20\', \'2023-01-16 00:38:20\')')
 4 SYSTEMPATH/Database/BaseBuilder.php(1916): CodeIgniter\Database\BaseConnection->query('INSERT INTO `data_anggota` (`nomor_anggota`, `npm`, `nama_lengkap`, `email`, `jenis_kelamin`, `nomor_hp`, `tgl_diksar`, `keanggotaan`, `jurusan`, `fakultas`, `created_at`, `updated_at`) VALUES (:nomor_anggota:, :npm:, :nama_lengkap:, :email:, :jenis_kelamin:, :nomor_hp:, :tgl_diksar:, :keanggotaan:, :jurusan:, :fakultas:, :created_at:, :updated_at:)', [...], false)
 5 SYSTEMPATH/Model.php(279): CodeIgniter\Database\BaseBuilder->insert()
 6 SYSTEMPATH/BaseModel.php(738): CodeIgniter\Model->doInsert([...])
 7 SYSTEMPATH/Model.php(667): CodeIgniter\BaseModel->insert([...], false)
 8 SYSTEMPATH/BaseModel.php(658): CodeIgniter\Model->insert([...], false)
 9 APPPATH/Controllers/Psda.php(300): CodeIgniter\BaseModel->save([...])
10 SYSTEMPATH/CodeIgniter.php(907): App\Controllers\Psda->upload_anggota()
11 SYSTEMPATH/CodeIgniter.php(457): CodeIgniter\CodeIgniter->runController(Object(App\Controllers\Psda))
12 SYSTEMPATH/CodeIgniter.php(340): CodeIgniter\CodeIgniter->handleRequest(null, Object(Config\Cache), false)
13 FCPATH/index.php(55): CodeIgniter\CodeIgniter->run()
CRITICAL - 2023-01-16 00:38:35 --> There is no data to update.
in SYSTEMPATH/BaseModel.php on line 1577.
 1 SYSTEMPATH/BaseModel.php(1577): CodeIgniter\Database\Exceptions\DataException::forEmptyDataset('update')
 2 SYSTEMPATH/BaseModel.php(832): CodeIgniter\BaseModel->transformDataToArray(null, 'update')
 3 SYSTEMPATH/Model.php(693): CodeIgniter\BaseModel->update([...], null)
 4 APPPATH/Controllers/Psda.php(300): CodeIgniter\Model->update([...])
 5 SYSTEMPATH/CodeIgniter.php(907): App\Controllers\Psda->upload_anggota()
 6 SYSTEMPATH/CodeIgniter.php(457): CodeIgniter\CodeIgniter->runController(Object(App\Controllers\Psda))
 7 SYSTEMPATH/CodeIgniter.php(340): CodeIgniter\CodeIgniter->handleRequest(null, Object(Config\Cache), false)
 8 FCPATH/index.php(55): CodeIgniter\CodeIgniter->run()
CRITICAL - 2023-01-16 13:10:58 --> Too few arguments to function App\Controllers\Psda::edit_anggota(), 0 passed in /home/u0715251/panel_kopma/vendor/codeigniter4/framework/system/CodeIgniter.php on line 907 and exactly 1 expected
in APPPATH/Controllers/Psda.php on line 243.
 1 SYSTEMPATH/CodeIgniter.php(907): App\Controllers\Psda->edit_anggota()
 2 SYSTEMPATH/CodeIgniter.php(457): CodeIgniter\CodeIgniter->runController(Object(App\Controllers\Psda))
 3 SYSTEMPATH/CodeIgniter.php(340): CodeIgniter\CodeIgniter->handleRequest(null, Object(Config\Cache), false)
 4 FCPATH/index.php(55): CodeIgniter\CodeIgniter->run()
CRITICAL - 2023-01-16 18:21:39 --> syntax error, unexpected '}', expecting end of file
in APPPATH/Views/litbang/hasil_survey.php on line 41.
 1 SYSTEMPATH/View/View.php(216): CodeIgniter\View\View->CodeIgniter\View\{closure}()
 2 SYSTEMPATH/Common.php(1142): CodeIgniter\View\View->render('litbang/hasil_survey', [], true)
 3 APPPATH/Controllers/Litbang.php(34): view('litbang/hasil_survey', [...])
 4 SYSTEMPATH/CodeIgniter.php(907): App\Controllers\Litbang->hasil_survey()
 5 SYSTEMPATH/CodeIgniter.php(457): CodeIgniter\CodeIgniter->runController(Object(App\Controllers\Litbang))
 6 SYSTEMPATH/CodeIgniter.php(340): CodeIgniter\CodeIgniter->handleRequest(null, Object(Config\Cache), false)
 7 FCPATH/index.php(55): CodeIgniter\CodeIgniter->run()
CRITICAL - 2023-01-16 18:21:48 --> syntax error, unexpected '}', expecting end of file
in APPPATH/Views/litbang/hasil_survey.php on line 41.
 1 SYSTEMPATH/View/View.php(216): CodeIgniter\View\View->CodeIgniter\View\{closure}()
 2 SYSTEMPATH/Common.php(1142): CodeIgniter\View\View->render('litbang/hasil_survey', [], true)
 3 APPPATH/Controllers/Litbang.php(34): view('litbang/hasil_survey', [...])
 4 SYSTEMPATH/CodeIgniter.php(907): App\Controllers\Litbang->hasil_survey()
 5 SYSTEMPATH/CodeIgniter.php(457): CodeIgniter\CodeIgniter->runController(Object(App\Controllers\Litbang))
 6 SYSTEMPATH/CodeIgniter.php(340): CodeIgniter\CodeIgniter->handleRequest(null, Object(Config\Cache), false)
 7 FCPATH/index.php(55): CodeIgniter\CodeIgniter->run()
CRITICAL - 2023-01-16 20:09:53 --> syntax error, unexpected '}', expecting end of file
in APPPATH/Views/litbang/hasil_survey.php on line 41.
 1 SYSTEMPATH/View/View.php(216): CodeIgniter\View\View->CodeIgniter\View\{closure}()
 2 SYSTEMPATH/Common.php(1142): CodeIgniter\View\View->render('litbang/hasil_survey', [], true)
 3 APPPATH/Controllers/Litbang.php(34): view('litbang/hasil_survey', [...])
 4 SYSTEMPATH/CodeIgniter.php(907): App\Controllers\Litbang->hasil_survey()
 5 SYSTEMPATH/CodeIgniter.php(457): CodeIgniter\CodeIgniter->runController(Object(App\Controllers\Litbang))
 6 SYSTEMPATH/CodeIgniter.php(340): CodeIgniter\CodeIgniter->handleRequest(null, Object(Config\Cache), false)
 7 FCPATH/index.php(55): CodeIgniter\CodeIgniter->run()
CRITICAL - 2023-01-16 23:50:40 --> Sheet1!A1 -> Unable to access External Workbook
in VENDORPATH/phpoffice/phpspreadsheet/src/PhpSpreadsheet/Cell/Cell.php on line 389.
 1 VENDORPATH/phpoffice/phpspreadsheet/src/PhpSpreadsheet/Worksheet/Worksheet.php(2978): PhpOffice\PhpSpreadsheet\Cell\Cell->getCalculatedValue()
 2 VENDORPATH/phpoffice/phpspreadsheet/src/PhpSpreadsheet/Worksheet/Worksheet.php(3082): PhpOffice\PhpSpreadsheet\Worksheet\Worksheet->rangeToArray('A1:D499', null, true, true, false)
 3 APPPATH/Controllers/Keuangan.php(145): PhpOffice\PhpSpreadsheet\Worksheet\Worksheet->toArray()
 4 SYSTEMPATH/CodeIgniter.php(907): App\Controllers\Keuangan->upload_data()
 5 SYSTEMPATH/CodeIgniter.php(457): CodeIgniter\CodeIgniter->runController(Object(App\Controllers\Keuangan))
 6 SYSTEMPATH/CodeIgniter.php(340): CodeIgniter\CodeIgniter->handleRequest(null, Object(Config\Cache), false)
 7 FCPATH/index.php(55): CodeIgniter\CodeIgniter->run()
