CRITICAL - 2023-10-23 21:28:45 --> unlink(assets/uploads/document/surat_masuk/UKM PSM .pdf): No such file or directory
in APPPATH/Controllers/Administrasi.php on line 213.
 1 [internal function]: CodeIgniter\Debug\Exceptions->errorHandler(2, 'unlink(assets/uploads/document/surat_masuk/UKM PSM .pdf): No such file or directory', 'APPPATH/Controllers/Administrasi.php', 213, [...])
 2 APPPATH/Controllers/Administrasi.php(213): unlink('assets/uploads/document/surat_masuk/UKM PSM .pdf')
 3 SYSTEMPATH/CodeIgniter.php(907): App\Controllers\Administrasi->save_edit_surat_masuk()
 4 SYSTEMPATH/CodeIgniter.php(457): CodeIgniter\CodeIgniter->runController(Object(App\Controllers\Administrasi))
 5 SYSTEMPATH/CodeIgniter.php(340): CodeIgniter\CodeIgniter->handleRequest(null, Object(Config\Cache), false)
 6 FCPATH/index.php(55): CodeIgniter\CodeIgniter->run()
CRITICAL - 2023-10-23 21:28:55 --> unlink(assets/uploads/document/surat_masuk/UKM PSM .pdf): No such file or directory
in APPPATH/Controllers/Administrasi.php on line 213.
 1 [internal function]: CodeIgniter\Debug\Exceptions->errorHandler(2, 'unlink(assets/uploads/document/surat_masuk/UKM PSM .pdf): No such file or directory', 'APPPATH/Controllers/Administrasi.php', 213, [...])
 2 APPPATH/Controllers/Administrasi.php(213): unlink('assets/uploads/document/surat_masuk/UKM PSM .pdf')
 3 SYSTEMPATH/CodeIgniter.php(907): App\Controllers\Administrasi->save_edit_surat_masuk()
 4 SYSTEMPATH/CodeIgniter.php(457): CodeIgniter\CodeIgniter->runController(Object(App\Controllers\Administrasi))
 5 SYSTEMPATH/CodeIgniter.php(340): CodeIgniter\CodeIgniter->handleRequest(null, Object(Config\Cache), false)
 6 FCPATH/index.php(55): CodeIgniter\CodeIgniter->run()
CRITICAL - 2023-10-23 21:29:24 --> unlink(assets/uploads/document/surat_masuk/UKM PSM .pdf): No such file or directory
in APPPATH/Controllers/Administrasi.php on line 243.
 1 [internal function]: CodeIgniter\Debug\Exceptions->errorHandler(2, 'unlink(assets/uploads/document/surat_masuk/UKM PSM .pdf): No such file or directory', 'APPPATH/Controllers/Administrasi.php', 243, [...])
 2 APPPATH/Controllers/Administrasi.php(243): unlink('assets/uploads/document/surat_masuk/UKM PSM .pdf')
 3 SYSTEMPATH/CodeIgniter.php(907): App\Controllers\Administrasi->delete_surat_masuk()
 4 SYSTEMPATH/CodeIgniter.php(457): CodeIgniter\CodeIgniter->runController(Object(App\Controllers\Administrasi))
 5 SYSTEMPATH/CodeIgniter.php(340): CodeIgniter\CodeIgniter->handleRequest(null, Object(Config\Cache), false)
 6 FCPATH/index.php(55): CodeIgniter\CodeIgniter->run()
CRITICAL - 2023-10-23 21:29:32 --> unlink(assets/uploads/document/surat_masuk/UKM PSM .pdf): No such file or directory
in APPPATH/Controllers/Administrasi.php on line 243.
 1 [internal function]: CodeIgniter\Debug\Exceptions->errorHandler(2, 'unlink(assets/uploads/document/surat_masuk/UKM PSM .pdf): No such file or directory', 'APPPATH/Controllers/Administrasi.php', 243, [...])
 2 APPPATH/Controllers/Administrasi.php(243): unlink('assets/uploads/document/surat_masuk/UKM PSM .pdf')
 3 SYSTEMPATH/CodeIgniter.php(907): App\Controllers\Administrasi->delete_surat_masuk()
 4 SYSTEMPATH/CodeIgniter.php(457): CodeIgniter\CodeIgniter->runController(Object(App\Controllers\Administrasi))
 5 SYSTEMPATH/CodeIgniter.php(340): CodeIgniter\CodeIgniter->handleRequest(null, Object(Config\Cache), false)
 6 FCPATH/index.php(55): CodeIgniter\CodeIgniter->run()
