CRITICAL - 2024-06-27 02:34:34 --> Too few arguments to function App\Controllers\Administrasi::view_surat_masuk(), 0 passed in /home/u0715251/panel_kopma/vendor/codeigniter4/framework/system/CodeIgniter.php on line 907 and exactly 1 expected
in APPPATH/Controllers/Administrasi.php on line 129.
 1 SYSTEMPATH/CodeIgniter.php(907): App\Controllers\Administrasi->view_surat_masuk()
 2 SYSTEMPATH/CodeIgniter.php(457): CodeIgniter\CodeIgniter->runController(Object(App\Controllers\Administrasi))
 3 SYSTEMPATH/CodeIgniter.php(340): CodeIgniter\CodeIgniter->handleRequest(null, Object(Config\Cache), false)
 4 FCPATH/index.php(55): CodeIgniter\CodeIgniter->run()
CRITICAL - 2024-06-27 02:42:46 --> unlink(assets/uploads/document/digilib/): Is a directory
in APPPATH/Controllers/Administrasi.php on line 630.
 1 [internal function]: CodeIgniter\Debug\Exceptions->errorHandler(2, 'unlink(assets/uploads/document/digilib/): Is a directory', 'APPPATH/Controllers/Administrasi.php', 630, [...])
 2 APPPATH/Controllers/Administrasi.php(630): unlink('FCPATH/assets/uploads/document/digilib')
 3 SYSTEMPATH/CodeIgniter.php(907): App\Controllers\Administrasi->delete_buku()
 4 SYSTEMPATH/CodeIgniter.php(457): CodeIgniter\CodeIgniter->runController(Object(App\Controllers\Administrasi))
 5 SYSTEMPATH/CodeIgniter.php(340): CodeIgniter\CodeIgniter->handleRequest(null, Object(Config\Cache), false)
 6 FCPATH/index.php(55): CodeIgniter\CodeIgniter->run()
CRITICAL - 2024-06-27 02:42:58 --> unlink(assets/uploads/document/digilib/buku-ekonomi-koperasi-dan-UMKM-dikompresi.pdf): No such file or directory
in APPPATH/Controllers/Administrasi.php on line 630.
 1 [internal function]: CodeIgniter\Debug\Exceptions->errorHandler(2, 'unlink(assets/uploads/document/digilib/buku-ekonomi-koperasi-dan-UMKM-dikompresi.pdf): No such file or directory', 'APPPATH/Controllers/Administrasi.php', 630, [...])
 2 APPPATH/Controllers/Administrasi.php(630): unlink('assets/uploads/document/digilib/buku-ekonomi-koperasi-dan-UMKM-dikompresi.pdf')
 3 SYSTEMPATH/CodeIgniter.php(907): App\Controllers\Administrasi->delete_buku()
 4 SYSTEMPATH/CodeIgniter.php(457): CodeIgniter\CodeIgniter->runController(Object(App\Controllers\Administrasi))
 5 SYSTEMPATH/CodeIgniter.php(340): CodeIgniter\CodeIgniter->handleRequest(null, Object(Config\Cache), false)
 6 FCPATH/index.php(55): CodeIgniter\CodeIgniter->run()
CRITICAL - 2024-06-27 02:43:20 --> unlink(assets/uploads/document/digilib/buku-ekonomi-koperasi-dan-UMKM-dikompresi.pdf): No such file or directory
in APPPATH/Controllers/Administrasi.php on line 630.
 1 [internal function]: CodeIgniter\Debug\Exceptions->errorHandler(2, 'unlink(assets/uploads/document/digilib/buku-ekonomi-koperasi-dan-UMKM-dikompresi.pdf): No such file or directory', 'APPPATH/Controllers/Administrasi.php', 630, [...])
 2 APPPATH/Controllers/Administrasi.php(630): unlink('assets/uploads/document/digilib/buku-ekonomi-koperasi-dan-UMKM-dikompresi.pdf')
 3 SYSTEMPATH/CodeIgniter.php(907): App\Controllers\Administrasi->delete_buku()
 4 SYSTEMPATH/CodeIgniter.php(457): CodeIgniter\CodeIgniter->runController(Object(App\Controllers\Administrasi))
 5 SYSTEMPATH/CodeIgniter.php(340): CodeIgniter\CodeIgniter->handleRequest(null, Object(Config\Cache), false)
 6 FCPATH/index.php(55): CodeIgniter\CodeIgniter->run()
CRITICAL - 2024-06-27 02:58:08 --> unlink(assets/uploads/document/hasil_survey/): Is a directory
in APPPATH/Controllers/Litbang.php on line 51.
 1 [internal function]: CodeIgniter\Debug\Exceptions->errorHandler(2, 'unlink(assets/uploads/document/hasil_survey/): Is a directory', 'APPPATH/Controllers/Litbang.php', 51, [...])
 2 APPPATH/Controllers/Litbang.php(51): unlink('FCPATH/assets/uploads/document/hasil_survey')
 3 SYSTEMPATH/CodeIgniter.php(907): App\Controllers\Litbang->delete_report('6335045200600')
 4 SYSTEMPATH/CodeIgniter.php(457): CodeIgniter\CodeIgniter->runController(Object(App\Controllers\Litbang))
 5 SYSTEMPATH/CodeIgniter.php(340): CodeIgniter\CodeIgniter->handleRequest(null, Object(Config\Cache), false)
 6 FCPATH/index.php(55): CodeIgniter\CodeIgniter->run()
ERROR - 2024-06-27 02:59:58 --> Error connecting to the database: mysqli_sql_exception: Host 'localhost' is not allowed to connect to this MariaDB server in /home/u0715251/panel_kopma/vendor/codeigniter4/framework/system/Database/MySQLi/Connection.php:171
Stack trace:
#0 /home/u0715251/panel_kopma/vendor/codeigniter4/framework/system/Database/MySQLi/Connection.php(171): mysqli->real_connect('127.0.0.1', 'u0715251_regfor...', 'SemangatPagi', 'u0715251_anggot...', 3306, '', 0)
#1 /home/u0715251/panel_kopma/vendor/codeigniter4/framework/system/Database/BaseConnection.php(382): CodeIgniter\Database\MySQLi\Connection->connect(false)
#2 /home/u0715251/panel_kopma/vendor/codeigniter4/framework/system/Database/BaseConnection.php(588): CodeIgniter\Database\BaseConnection->initialize()
#3 /home/u0715251/panel_kopma/vendor/codeigniter4/framework/system/Database/BaseBuilder.php(1585): CodeIgniter\Database\BaseConnection->query('SELECT *\nFROM `...', Array, false)
#4 /home/u0715251/panel_kopma/vendor/codeigniter4/framework/system/Model.php(182): CodeIgniter\Database\BaseBuilder->get()
#5 /home/u0715251/panel_kopma/vendor/codeigniter4/framework/system/BaseModel.php(523): CodeIgniter\Model->doFind(true, '1')
#6 /home/u0715251/panel_kopma/vendor/myth/auth/src/Authentication/AuthenticationBase.php(130): CodeIgniter\BaseModel->find('1')
#7 /home/u0715251/panel_kopma/vendor/myth/auth/src/Authentication/LocalAuthenticator.php(67): Myth\Auth\Authentication\AuthenticationBase->isLoggedIn()
#8 /home/u0715251/panel_kopma/vendor/myth/auth/src/Filters/LoginFilter.php(31): Myth\Auth\Authentication\LocalAuthenticator->check()
#9 /home/u0715251/panel_kopma/vendor/codeigniter4/framework/system/Filters/Filters.php(173): Myth\Auth\Filters\LoginFilter->before(Object(CodeIgniter\HTTP\IncomingRequest), NULL)
#10 /home/u0715251/panel_kopma/vendor/codeigniter4/framework/system/CodeIgniter.php(431): CodeIgniter\Filters\Filters->run('litbang/delete_...', 'before')
#11 /home/u0715251/panel_kopma/vendor/codeigniter4/framework/system/CodeIgniter.php(340): CodeIgniter\CodeIgniter->handleRequest(NULL, Object(Config\Cache), false)
#12 /home/u0715251/public_html/panel/index.php(55): CodeIgniter\CodeIgniter->run()
#13 {main}

Next CodeIgniter\Database\Exceptions\DatabaseException: Host 'localhost' is not allowed to connect to this MariaDB server in /home/u0715251/panel_kopma/vendor/codeigniter4/framework/system/Database/MySQLi/Connection.php:215
Stack trace:
#0 /home/u0715251/panel_kopma/vendor/codeigniter4/framework/system/Database/BaseConnection.php(382): CodeIgniter\Database\MySQLi\Connection->connect(false)
#1 /home/u0715251/panel_kopma/vendor/codeigniter4/framework/system/Database/BaseConnection.php(588): CodeIgniter\Database\BaseConnection->initialize()
#2 /home/u0715251/panel_kopma/vendor/codeigniter4/framework/system/Database/BaseBuilder.php(1585): CodeIgniter\Database\BaseConnection->query('SELECT *\nFROM `...', Array, false)
#3 /home/u0715251/panel_kopma/vendor/codeigniter4/framework/system/Model.php(182): CodeIgniter\Database\BaseBuilder->get()
#4 /home/u0715251/panel_kopma/vendor/codeigniter4/framework/system/BaseModel.php(523): CodeIgniter\Model->doFind(true, '1')
#5 /home/u0715251/panel_kopma/vendor/myth/auth/src/Authentication/AuthenticationBase.php(130): CodeIgniter\BaseModel->find('1')
#6 /home/u0715251/panel_kopma/vendor/myth/auth/src/Authentication/LocalAuthenticator.php(67): Myth\Auth\Authentication\AuthenticationBase->isLoggedIn()
#7 /home/u0715251/panel_kopma/vendor/myth/auth/src/Filters/LoginFilter.php(31): Myth\Auth\Authentication\LocalAuthenticator->check()
#8 /home/u0715251/panel_kopma/vendor/codeigniter4/framework/system/Filters/Filters.php(173): Myth\Auth\Filters\LoginFilter->before(Object(CodeIgniter\HTTP\IncomingRequest), NULL)
#9 /home/u0715251/panel_kopma/vendor/codeigniter4/framework/system/CodeIgniter.php(431): CodeIgniter\Filters\Filters->run('litbang/delete_...', 'before')
#10 /home/u0715251/panel_kopma/vendor/codeigniter4/framework/system/CodeIgniter.php(340): CodeIgniter\CodeIgniter->handleRequest(NULL, Object(Config\Cache), false)
#11 /home/u0715251/public_html/panel/index.php(55): CodeIgniter\CodeIgniter->run()
#12 {main}
CRITICAL - 2024-06-27 02:59:58 --> Unable to connect to the database.
Main connection [MySQLi]: Host 'localhost' is not allowed to connect to this MariaDB server
in SYSTEMPATH/Database/BaseConnection.php on line 418.
 1 SYSTEMPATH/Database/BaseConnection.php(588): CodeIgniter\Database\BaseConnection->initialize()
 2 SYSTEMPATH/Database/BaseBuilder.php(1585): CodeIgniter\Database\BaseConnection->query('SELECT *
FROM `users`
WHERE `users`.`deleted_at` IS NULL
AND `users`.`id` = :users.id:', [...], false)
 3 SYSTEMPATH/Model.php(182): CodeIgniter\Database\BaseBuilder->get()
 4 SYSTEMPATH/BaseModel.php(523): CodeIgniter\Model->doFind(true, '1')
 5 VENDORPATH/myth/auth/src/Authentication/AuthenticationBase.php(130): CodeIgniter\BaseModel->find('1')
 6 VENDORPATH/myth/auth/src/Authentication/LocalAuthenticator.php(67): Myth\Auth\Authentication\AuthenticationBase->isLoggedIn()
 7 VENDORPATH/myth/auth/src/Filters/LoginFilter.php(31): Myth\Auth\Authentication\LocalAuthenticator->check()
 8 SYSTEMPATH/Filters/Filters.php(173): Myth\Auth\Filters\LoginFilter->before(Object(CodeIgniter\HTTP\IncomingRequest), null)
 9 SYSTEMPATH/CodeIgniter.php(431): CodeIgniter\Filters\Filters->run('litbang/delete_report/66608b7f6d097', 'before')
10 SYSTEMPATH/CodeIgniter.php(340): CodeIgniter\CodeIgniter->handleRequest(null, Object(Config\Cache), false)
11 FCPATH/index.php(55): CodeIgniter\CodeIgniter->run()
ERROR - 2024-06-27 23:32:10 --> Error connecting to the database: mysqli_sql_exception: Host 'localhost' is not allowed to connect to this MariaDB server in /home/u0715251/panel_kopma/vendor/codeigniter4/framework/system/Database/MySQLi/Connection.php:171
Stack trace:
#0 /home/u0715251/panel_kopma/vendor/codeigniter4/framework/system/Database/MySQLi/Connection.php(171): mysqli->real_connect('127.0.0.1', 'u0715251_regfor...', 'SemangatPagi', 'u0715251_anggot...', 3306, '', 0)
#1 /home/u0715251/panel_kopma/vendor/codeigniter4/framework/system/Database/BaseConnection.php(382): CodeIgniter\Database\MySQLi\Connection->connect(false)
#2 /home/u0715251/panel_kopma/vendor/codeigniter4/framework/system/Database/BaseConnection.php(588): CodeIgniter\Database\BaseConnection->initialize()
#3 /home/u0715251/panel_kopma/vendor/codeigniter4/framework/system/Database/BaseBuilder.php(1585): CodeIgniter\Database\BaseConnection->query('SELECT *\nFROM `...', Array, false)
#4 /home/u0715251/panel_kopma/vendor/codeigniter4/framework/system/Model.php(250): CodeIgniter\Database\BaseBuilder->get()
#5 /home/u0715251/panel_kopma/vendor/codeigniter4/framework/system/BaseModel.php(622): CodeIgniter\Model->doFirst()
#6 /home/u0715251/panel_kopma/app/Controllers/AuthApi.php(110): CodeIgniter\BaseModel->first()
#7 /home/u0715251/panel_kopma/vendor/codeigniter4/framework/system/CodeIgniter.php(907): App\Controllers\AuthApi->login()
#8 /home/u0715251/panel_kopma/vendor/codeigniter4/framework/system/CodeIgniter.php(457): CodeIgniter\CodeIgniter->runController(Object(App\Controllers\AuthApi))
#9 /home/u0715251/panel_kopma/vendor/codeigniter4/framework/system/CodeIgniter.php(340): CodeIgniter\CodeIgniter->handleRequest(NULL, Object(Config\Cache), false)
#10 /home/u0715251/public_html/panel/index.php(55): CodeIgniter\CodeIgniter->run()
#11 {main}

Next CodeIgniter\Database\Exceptions\DatabaseException: Host 'localhost' is not allowed to connect to this MariaDB server in /home/u0715251/panel_kopma/vendor/codeigniter4/framework/system/Database/MySQLi/Connection.php:215
Stack trace:
#0 /home/u0715251/panel_kopma/vendor/codeigniter4/framework/system/Database/BaseConnection.php(382): CodeIgniter\Database\MySQLi\Connection->connect(false)
#1 /home/u0715251/panel_kopma/vendor/codeigniter4/framework/system/Database/BaseConnection.php(588): CodeIgniter\Database\BaseConnection->initialize()
#2 /home/u0715251/panel_kopma/vendor/codeigniter4/framework/system/Database/BaseBuilder.php(1585): CodeIgniter\Database\BaseConnection->query('SELECT *\nFROM `...', Array, false)
#3 /home/u0715251/panel_kopma/vendor/codeigniter4/framework/system/Model.php(250): CodeIgniter\Database\BaseBuilder->get()
#4 /home/u0715251/panel_kopma/vendor/codeigniter4/framework/system/BaseModel.php(622): CodeIgniter\Model->doFirst()
#5 /home/u0715251/panel_kopma/app/Controllers/AuthApi.php(110): CodeIgniter\BaseModel->first()
#6 /home/u0715251/panel_kopma/vendor/codeigniter4/framework/system/CodeIgniter.php(907): App\Controllers\AuthApi->login()
#7 /home/u0715251/panel_kopma/vendor/codeigniter4/framework/system/CodeIgniter.php(457): CodeIgniter\CodeIgniter->runController(Object(App\Controllers\AuthApi))
#8 /home/u0715251/panel_kopma/vendor/codeigniter4/framework/system/CodeIgniter.php(340): CodeIgniter\CodeIgniter->handleRequest(NULL, Object(Config\Cache), false)
#9 /home/u0715251/public_html/panel/index.php(55): CodeIgniter\CodeIgniter->run()
#10 {main}
CRITICAL - 2024-06-27 23:32:10 --> Unable to connect to the database.
Main connection [MySQLi]: Host 'localhost' is not allowed to connect to this MariaDB server
in SYSTEMPATH/Database/BaseConnection.php on line 418.
 1 SYSTEMPATH/Database/BaseConnection.php(588): CodeIgniter\Database\BaseConnection->initialize()
 2 SYSTEMPATH/Database/BaseBuilder.php(1585): CodeIgniter\Database\BaseConnection->query('SELECT *
FROM `akun`
WHERE `username` LIKE :username: ESCAPE \'!\'
 LIMIT 1', [...], false)
 3 SYSTEMPATH/Model.php(250): CodeIgniter\Database\BaseBuilder->get()
 4 SYSTEMPATH/BaseModel.php(622): CodeIgniter\Model->doFirst()
 5 APPPATH/Controllers/AuthApi.php(110): CodeIgniter\BaseModel->first()
 6 SYSTEMPATH/CodeIgniter.php(907): App\Controllers\AuthApi->login()
 7 SYSTEMPATH/CodeIgniter.php(457): CodeIgniter\CodeIgniter->runController(Object(App\Controllers\AuthApi))
 8 SYSTEMPATH/CodeIgniter.php(340): CodeIgniter\CodeIgniter->handleRequest(null, Object(Config\Cache), false)
 9 FCPATH/index.php(55): CodeIgniter\CodeIgniter->run()
