CRITICAL - 2023-01-21 12:33:11 --> Undefined index: simpanan_wajib
in APPPATH/Controllers/Api.php on line 141.
 1 APPPATH/Controllers/Api.php(141): CodeIgniter\Debug\Exceptions->errorHandler(8, 'Undefined index: simpanan_wajib', 'APPPATH/Controllers/Api.php', 141, [...])
 2 SYSTEMPATH/CodeIgniter.php(907): App\Controllers\Api->get_simpanan_poin()
 3 SYSTEMPATH/CodeIgniter.php(457): CodeIgniter\CodeIgniter->runController(Object(App\Controllers\Api))
 4 SYSTEMPATH/CodeIgniter.php(340): CodeIgniter\CodeIgniter->handleRequest(null, Object(Config\Cache), false)
 5 FCPATH/index.php(55): CodeIgniter\CodeIgniter->run()
CRITICAL - 2023-01-21 22:30:24 --> Undefined variable: waktu_valid
in APPPATH/Helpers/jwt_helper.php on line 31.
 1 APPPATH/Helpers/jwt_helper.php(31): CodeIgniter\Debug\Exceptions->errorHandler(8, 'Undefined variable: waktu_valid', 'APPPATH/Helpers/jwt_helper.php', 31, [...])
 2 APPPATH/Controllers/AuthApi.php(132): createJWT('208320')
 3 SYSTEMPATH/CodeIgniter.php(907): App\Controllers\AuthApi->login()
 4 SYSTEMPATH/CodeIgniter.php(457): CodeIgniter\CodeIgniter->runController(Object(App\Controllers\AuthApi))
 5 SYSTEMPATH/CodeIgniter.php(340): CodeIgniter\CodeIgniter->handleRequest(null, Object(Config\Cache), false)
 6 FCPATH/index.php(55): CodeIgniter\CodeIgniter->run()
CRITICAL - 2023-01-21 22:30:43 --> Undefined variable: waktu_valid
in APPPATH/Helpers/jwt_helper.php on line 31.
 1 APPPATH/Helpers/jwt_helper.php(31): CodeIgniter\Debug\Exceptions->errorHandler(8, 'Undefined variable: waktu_valid', 'APPPATH/Helpers/jwt_helper.php', 31, [...])
 2 APPPATH/Controllers/AuthApi.php(132): createJWT('208320')
 3 SYSTEMPATH/CodeIgniter.php(907): App\Controllers\AuthApi->login()
 4 SYSTEMPATH/CodeIgniter.php(457): CodeIgniter\CodeIgniter->runController(Object(App\Controllers\AuthApi))
 5 SYSTEMPATH/CodeIgniter.php(340): CodeIgniter\CodeIgniter->handleRequest(null, Object(Config\Cache), false)
 6 FCPATH/index.php(55): CodeIgniter\CodeIgniter->run()
CRITICAL - 2023-01-21 22:34:52 --> Undefined variable: waktu_valid
in APPPATH/Helpers/jwt_helper.php on line 31.
 1 APPPATH/Helpers/jwt_helper.php(31): CodeIgniter\Debug\Exceptions->errorHandler(8, 'Undefined variable: waktu_valid', 'APPPATH/Helpers/jwt_helper.php', 31, [...])
 2 APPPATH/Controllers/AuthApi.php(132): createJWT('208320')
 3 SYSTEMPATH/CodeIgniter.php(907): App\Controllers\AuthApi->login()
 4 SYSTEMPATH/CodeIgniter.php(457): CodeIgniter\CodeIgniter->runController(Object(App\Controllers\AuthApi))
 5 SYSTEMPATH/CodeIgniter.php(340): CodeIgniter\CodeIgniter->handleRequest(null, Object(Config\Cache), false)
 6 FCPATH/index.php(55): CodeIgniter\CodeIgniter->run()
CRITICAL - 2023-01-21 22:36:40 --> Undefined variable: waktu_valid
in APPPATH/Helpers/jwt_helper.php on line 31.
 1 APPPATH/Helpers/jwt_helper.php(31): CodeIgniter\Debug\Exceptions->errorHandler(8, 'Undefined variable: waktu_valid', 'APPPATH/Helpers/jwt_helper.php', 31, [...])
 2 APPPATH/Controllers/AuthApi.php(132): createJWT('208320')
 3 SYSTEMPATH/CodeIgniter.php(907): App\Controllers\AuthApi->login()
 4 SYSTEMPATH/CodeIgniter.php(457): CodeIgniter\CodeIgniter->runController(Object(App\Controllers\AuthApi))
 5 SYSTEMPATH/CodeIgniter.php(340): CodeIgniter\CodeIgniter->handleRequest(null, Object(Config\Cache), false)
 6 FCPATH/index.php(55): CodeIgniter\CodeIgniter->run()
