CRITICAL - 2024-08-21 22:02:41 --> unlink(assets/uploads/document/digilib/buku-ekonomi-koperasi-dan-UMKM-dikompresi.pdf): No such file or directory
in APPPATH/Controllers/Administrasi.php on line 630.
 1 [internal function]: CodeIgniter\Debug\Exceptions->errorHandler(2, 'unlink(assets/uploads/document/digilib/buku-ekonomi-koperasi-dan-UMKM-dikompresi.pdf): No such file or directory', 'APPPATH/Controllers/Administrasi.php', 630, [...])
 2 APPPATH/Controllers/Administrasi.php(630): unlink('assets/uploads/document/digilib/buku-ekonomi-koperasi-dan-UMKM-dikompresi.pdf')
 3 SYSTEMPATH/CodeIgniter.php(907): App\Controllers\Administrasi->delete_buku()
 4 SYSTEMPATH/CodeIgniter.php(457): CodeIgniter\CodeIgniter->runController(Object(App\Controllers\Administrasi))
 5 SYSTEMPATH/CodeIgniter.php(340): CodeIgniter\CodeIgniter->handleRequest(null, Object(Config\Cache), false)
 6 FCPATH/index.php(55): CodeIgniter\CodeIgniter->run()
CRITICAL - 2024-08-21 22:02:44 --> unlink(assets/uploads/document/digilib/buku-ekonomi-koperasi-dan-UMKM-dikompresi.pdf): No such file or directory
in APPPATH/Controllers/Administrasi.php on line 630.
 1 [internal function]: CodeIgniter\Debug\Exceptions->errorHandler(2, 'unlink(assets/uploads/document/digilib/buku-ekonomi-koperasi-dan-UMKM-dikompresi.pdf): No such file or directory', 'APPPATH/Controllers/Administrasi.php', 630, [...])
 2 APPPATH/Controllers/Administrasi.php(630): unlink('assets/uploads/document/digilib/buku-ekonomi-koperasi-dan-UMKM-dikompresi.pdf')
 3 SYSTEMPATH/CodeIgniter.php(907): App\Controllers\Administrasi->delete_buku()
 4 SYSTEMPATH/CodeIgniter.php(457): CodeIgniter\CodeIgniter->runController(Object(App\Controllers\Administrasi))
 5 SYSTEMPATH/CodeIgniter.php(340): CodeIgniter\CodeIgniter->handleRequest(null, Object(Config\Cache), false)
 6 FCPATH/index.php(55): CodeIgniter\CodeIgniter->run()
CRITICAL - 2024-08-21 22:02:47 --> unlink(assets/uploads/document/digilib/buku-ekonomi-koperasi-dan-UMKM-dikompresi.pdf): No such file or directory
in APPPATH/Controllers/Administrasi.php on line 630.
 1 [internal function]: CodeIgniter\Debug\Exceptions->errorHandler(2, 'unlink(assets/uploads/document/digilib/buku-ekonomi-koperasi-dan-UMKM-dikompresi.pdf): No such file or directory', 'APPPATH/Controllers/Administrasi.php', 630, [...])
 2 APPPATH/Controllers/Administrasi.php(630): unlink('assets/uploads/document/digilib/buku-ekonomi-koperasi-dan-UMKM-dikompresi.pdf')
 3 SYSTEMPATH/CodeIgniter.php(907): App\Controllers\Administrasi->delete_buku()
 4 SYSTEMPATH/CodeIgniter.php(457): CodeIgniter\CodeIgniter->runController(Object(App\Controllers\Administrasi))
 5 SYSTEMPATH/CodeIgniter.php(340): CodeIgniter\CodeIgniter->handleRequest(null, Object(Config\Cache), false)
 6 FCPATH/index.php(55): CodeIgniter\CodeIgniter->run()
CRITICAL - 2024-08-21 22:02:52 --> unlink(assets/uploads/document/digilib/buku-ekonomi-koperasi-dan-UMKM-dikompresi.pdf): No such file or directory
in APPPATH/Controllers/Administrasi.php on line 630.
 1 [internal function]: CodeIgniter\Debug\Exceptions->errorHandler(2, 'unlink(assets/uploads/document/digilib/buku-ekonomi-koperasi-dan-UMKM-dikompresi.pdf): No such file or directory', 'APPPATH/Controllers/Administrasi.php', 630, [...])
 2 APPPATH/Controllers/Administrasi.php(630): unlink('assets/uploads/document/digilib/buku-ekonomi-koperasi-dan-UMKM-dikompresi.pdf')
 3 SYSTEMPATH/CodeIgniter.php(907): App\Controllers\Administrasi->delete_buku()
 4 SYSTEMPATH/CodeIgniter.php(457): CodeIgniter\CodeIgniter->runController(Object(App\Controllers\Administrasi))
 5 SYSTEMPATH/CodeIgniter.php(340): CodeIgniter\CodeIgniter->handleRequest(null, Object(Config\Cache), false)
 6 FCPATH/index.php(55): CodeIgniter\CodeIgniter->run()
CRITICAL - 2024-08-21 22:03:18 --> unlink(assets/uploads/document/digilib/buku-ekonomi-koperasi-dan-UMKM-dikompresi.pdf): No such file or directory
in APPPATH/Controllers/Administrasi.php on line 630.
 1 [internal function]: CodeIgniter\Debug\Exceptions->errorHandler(2, 'unlink(assets/uploads/document/digilib/buku-ekonomi-koperasi-dan-UMKM-dikompresi.pdf): No such file or directory', 'APPPATH/Controllers/Administrasi.php', 630, [...])
 2 APPPATH/Controllers/Administrasi.php(630): unlink('assets/uploads/document/digilib/buku-ekonomi-koperasi-dan-UMKM-dikompresi.pdf')
 3 SYSTEMPATH/CodeIgniter.php(907): App\Controllers\Administrasi->delete_buku()
 4 SYSTEMPATH/CodeIgniter.php(457): CodeIgniter\CodeIgniter->runController(Object(App\Controllers\Administrasi))
 5 SYSTEMPATH/CodeIgniter.php(340): CodeIgniter\CodeIgniter->handleRequest(null, Object(Config\Cache), false)
 6 FCPATH/index.php(55): CodeIgniter\CodeIgniter->run()
