ERROR - 2023-01-02 23:07:31 --> mysqli_sql_exception: Can't create table `anggota_kopma`.`jurusan` (errno: 150 "Foreign key constraint is incorrectly formed") in D:\Coding\XAMMP 7.4\htdocs\panelkopma\vendor\codeigniter4\framework\system\Database\MySQLi\Connection.php:292
Stack trace:
#0 D:\Coding\XAMMP 7.4\htdocs\panelkopma\vendor\codeigniter4\framework\system\Database\MySQLi\Connection.php(292): mysqli->query('CREATE TABLE `j...', 0)
#1 D:\Coding\XAMMP 7.4\htdocs\panelkopma\vendor\codeigniter4\framework\system\Database\BaseConnection.php(693): CodeIgniter\Database\MySQLi\Connection->execute('CREATE TABLE `j...')
#2 D:\Coding\XAMMP 7.4\htdocs\panelkopma\vendor\codeigniter4\framework\system\Database\BaseConnection.php(620): CodeIgniter\Database\BaseConnection->simpleQuery('CREATE TABLE `j...')
#3 D:\Coding\XAMMP 7.4\htdocs\panelkopma\vendor\codeigniter4\framework\system\Database\Forge.php(509): CodeIgniter\Database\BaseConnection->query('CREATE TABLE `j...')
#4 D:\Coding\XAMMP 7.4\htdocs\panelkopma\app\Database\Migrations\2023-01-01-123612_MainTable.php(71): CodeIgniter\Database\Forge->createTable('jurusan')
#5 D:\Coding\XAMMP 7.4\htdocs\panelkopma\vendor\codeigniter4\framework\system\Database\MigrationRunner.php(868): App\Database\Migrations\MainTable->up()
#6 D:\Coding\XAMMP 7.4\htdocs\panelkopma\vendor\codeigniter4\framework\system\Database\MigrationRunner.php(187): CodeIgniter\Database\MigrationRunner->migrate('up', Object(stdClass))
#7 D:\Coding\XAMMP 7.4\htdocs\panelkopma\vendor\codeigniter4\framework\system\Commands\Database\Migrate.php(84): CodeIgniter\Database\MigrationRunner->latest(NULL)
#8 D:\Coding\XAMMP 7.4\htdocs\panelkopma\vendor\codeigniter4\framework\system\CLI\Commands.php(63): CodeIgniter\Commands\Database\Migrate->run(Array)
#9 D:\Coding\XAMMP 7.4\htdocs\panelkopma\vendor\codeigniter4\framework\system\CLI\CommandRunner.php(65): CodeIgniter\CLI\Commands->run('migrate', Array)
#10 D:\Coding\XAMMP 7.4\htdocs\panelkopma\vendor\codeigniter4\framework\system\CLI\CommandRunner.php(51): CodeIgniter\CLI\CommandRunner->index(Array)
#11 D:\Coding\XAMMP 7.4\htdocs\panelkopma\vendor\codeigniter4\framework\system\CodeIgniter.php(900): CodeIgniter\CLI\CommandRunner->_remap('index', Array)
#12 D:\Coding\XAMMP 7.4\htdocs\panelkopma\vendor\codeigniter4\framework\system\CodeIgniter.php(457): CodeIgniter\CodeIgniter->runController(Object(CodeIgniter\CLI\CommandRunner))
#13 D:\Coding\XAMMP 7.4\htdocs\panelkopma\vendor\codeigniter4\framework\system\CodeIgniter.php(336): CodeIgniter\CodeIgniter->handleRequest(NULL, Object(Config\Cache), false)
#14 D:\Coding\XAMMP 7.4\htdocs\panelkopma\vendor\codeigniter4\framework\system\CLI\Console.php(48): CodeIgniter\CodeIgniter->run()
#15 D:\Coding\XAMMP 7.4\htdocs\panelkopma\spark(86): CodeIgniter\CLI\Console->run()
#16 {main}
ERROR - 2023-01-02 23:08:55 --> mysqli_sql_exception: Table 'fakultas' already exists in D:\Coding\XAMMP 7.4\htdocs\panelkopma\vendor\codeigniter4\framework\system\Database\MySQLi\Connection.php:292
Stack trace:
#0 D:\Coding\XAMMP 7.4\htdocs\panelkopma\vendor\codeigniter4\framework\system\Database\MySQLi\Connection.php(292): mysqli->query('CREATE TABLE `f...', 0)
#1 D:\Coding\XAMMP 7.4\htdocs\panelkopma\vendor\codeigniter4\framework\system\Database\BaseConnection.php(693): CodeIgniter\Database\MySQLi\Connection->execute('CREATE TABLE `f...')
#2 D:\Coding\XAMMP 7.4\htdocs\panelkopma\vendor\codeigniter4\framework\system\Database\BaseConnection.php(620): CodeIgniter\Database\BaseConnection->simpleQuery('CREATE TABLE `f...')
#3 D:\Coding\XAMMP 7.4\htdocs\panelkopma\vendor\codeigniter4\framework\system\Database\Forge.php(509): CodeIgniter\Database\BaseConnection->query('CREATE TABLE `f...')
#4 D:\Coding\XAMMP 7.4\htdocs\panelkopma\app\Database\Migrations\2023-01-01-123612_MainTable.php(36): CodeIgniter\Database\Forge->createTable('fakultas')
#5 D:\Coding\XAMMP 7.4\htdocs\panelkopma\vendor\codeigniter4\framework\system\Database\MigrationRunner.php(868): App\Database\Migrations\MainTable->up()
#6 D:\Coding\XAMMP 7.4\htdocs\panelkopma\vendor\codeigniter4\framework\system\Database\MigrationRunner.php(187): CodeIgniter\Database\MigrationRunner->migrate('up', Object(stdClass))
#7 D:\Coding\XAMMP 7.4\htdocs\panelkopma\vendor\codeigniter4\framework\system\Commands\Database\Migrate.php(84): CodeIgniter\Database\MigrationRunner->latest(NULL)
#8 D:\Coding\XAMMP 7.4\htdocs\panelkopma\vendor\codeigniter4\framework\system\CLI\Commands.php(63): CodeIgniter\Commands\Database\Migrate->run(Array)
#9 D:\Coding\XAMMP 7.4\htdocs\panelkopma\vendor\codeigniter4\framework\system\CLI\CommandRunner.php(65): CodeIgniter\CLI\Commands->run('migrate', Array)
#10 D:\Coding\XAMMP 7.4\htdocs\panelkopma\vendor\codeigniter4\framework\system\CLI\CommandRunner.php(51): CodeIgniter\CLI\CommandRunner->index(Array)
#11 D:\Coding\XAMMP 7.4\htdocs\panelkopma\vendor\codeigniter4\framework\system\CodeIgniter.php(900): CodeIgniter\CLI\CommandRunner->_remap('index', Array)
#12 D:\Coding\XAMMP 7.4\htdocs\panelkopma\vendor\codeigniter4\framework\system\CodeIgniter.php(457): CodeIgniter\CodeIgniter->runController(Object(CodeIgniter\CLI\CommandRunner))
#13 D:\Coding\XAMMP 7.4\htdocs\panelkopma\vendor\codeigniter4\framework\system\CodeIgniter.php(336): CodeIgniter\CodeIgniter->handleRequest(NULL, Object(Config\Cache), false)
#14 D:\Coding\XAMMP 7.4\htdocs\panelkopma\vendor\codeigniter4\framework\system\CLI\Console.php(48): CodeIgniter\CodeIgniter->run()
#15 D:\Coding\XAMMP 7.4\htdocs\panelkopma\spark(86): CodeIgniter\CLI\Console->run()
#16 {main}
ERROR - 2023-01-02 23:09:51 --> mysqli_sql_exception: Can't create table `anggota_kopma`.`data_anggota` (errno: 150 "Foreign key constraint is incorrectly formed") in D:\Coding\XAMMP 7.4\htdocs\panelkopma\vendor\codeigniter4\framework\system\Database\MySQLi\Connection.php:292
Stack trace:
#0 D:\Coding\XAMMP 7.4\htdocs\panelkopma\vendor\codeigniter4\framework\system\Database\MySQLi\Connection.php(292): mysqli->query('CREATE TABLE `d...', 0)
#1 D:\Coding\XAMMP 7.4\htdocs\panelkopma\vendor\codeigniter4\framework\system\Database\BaseConnection.php(693): CodeIgniter\Database\MySQLi\Connection->execute('CREATE TABLE `d...')
#2 D:\Coding\XAMMP 7.4\htdocs\panelkopma\vendor\codeigniter4\framework\system\Database\BaseConnection.php(620): CodeIgniter\Database\BaseConnection->simpleQuery('CREATE TABLE `d...')
#3 D:\Coding\XAMMP 7.4\htdocs\panelkopma\vendor\codeigniter4\framework\system\Database\Forge.php(509): CodeIgniter\Database\BaseConnection->query('CREATE TABLE `d...')
#4 D:\Coding\XAMMP 7.4\htdocs\panelkopma\app\Database\Migrations\2023-01-01-123612_MainTable.php(118): CodeIgniter\Database\Forge->createTable('data_anggota')
#5 D:\Coding\XAMMP 7.4\htdocs\panelkopma\vendor\codeigniter4\framework\system\Database\MigrationRunner.php(868): App\Database\Migrations\MainTable->up()
#6 D:\Coding\XAMMP 7.4\htdocs\panelkopma\vendor\codeigniter4\framework\system\Database\MigrationRunner.php(187): CodeIgniter\Database\MigrationRunner->migrate('up', Object(stdClass))
#7 D:\Coding\XAMMP 7.4\htdocs\panelkopma\vendor\codeigniter4\framework\system\Commands\Database\Migrate.php(84): CodeIgniter\Database\MigrationRunner->latest(NULL)
#8 D:\Coding\XAMMP 7.4\htdocs\panelkopma\vendor\codeigniter4\framework\system\CLI\Commands.php(63): CodeIgniter\Commands\Database\Migrate->run(Array)
#9 D:\Coding\XAMMP 7.4\htdocs\panelkopma\vendor\codeigniter4\framework\system\CLI\CommandRunner.php(65): CodeIgniter\CLI\Commands->run('migrate', Array)
#10 D:\Coding\XAMMP 7.4\htdocs\panelkopma\vendor\codeigniter4\framework\system\CLI\CommandRunner.php(51): CodeIgniter\CLI\CommandRunner->index(Array)
#11 D:\Coding\XAMMP 7.4\htdocs\panelkopma\vendor\codeigniter4\framework\system\CodeIgniter.php(900): CodeIgniter\CLI\CommandRunner->_remap('index', Array)
#12 D:\Coding\XAMMP 7.4\htdocs\panelkopma\vendor\codeigniter4\framework\system\CodeIgniter.php(457): CodeIgniter\CodeIgniter->runController(Object(CodeIgniter\CLI\CommandRunner))
#13 D:\Coding\XAMMP 7.4\htdocs\panelkopma\vendor\codeigniter4\framework\system\CodeIgniter.php(336): CodeIgniter\CodeIgniter->handleRequest(NULL, Object(Config\Cache), false)
#14 D:\Coding\XAMMP 7.4\htdocs\panelkopma\vendor\codeigniter4\framework\system\CLI\Console.php(48): CodeIgniter\CodeIgniter->run()
#15 D:\Coding\XAMMP 7.4\htdocs\panelkopma\spark(86): CodeIgniter\CLI\Console->run()
#16 {main}
ERROR - 2023-01-02 23:11:07 --> mysqli_sql_exception: Can't create table `anggota_kopma`.`calon_anggota` (errno: 150 "Foreign key constraint is incorrectly formed") in D:\Coding\XAMMP 7.4\htdocs\panelkopma\vendor\codeigniter4\framework\system\Database\MySQLi\Connection.php:292
Stack trace:
#0 D:\Coding\XAMMP 7.4\htdocs\panelkopma\vendor\codeigniter4\framework\system\Database\MySQLi\Connection.php(292): mysqli->query('CREATE TABLE `c...', 0)
#1 D:\Coding\XAMMP 7.4\htdocs\panelkopma\vendor\codeigniter4\framework\system\Database\BaseConnection.php(693): CodeIgniter\Database\MySQLi\Connection->execute('CREATE TABLE `c...')
#2 D:\Coding\XAMMP 7.4\htdocs\panelkopma\vendor\codeigniter4\framework\system\Database\BaseConnection.php(620): CodeIgniter\Database\BaseConnection->simpleQuery('CREATE TABLE `c...')
#3 D:\Coding\XAMMP 7.4\htdocs\panelkopma\vendor\codeigniter4\framework\system\Database\Forge.php(509): CodeIgniter\Database\BaseConnection->query('CREATE TABLE `c...')
#4 D:\Coding\XAMMP 7.4\htdocs\panelkopma\app\Database\Migrations\2023-01-01-123612_MainTable.php(315): CodeIgniter\Database\Forge->createTable('calon_anggota')
#5 D:\Coding\XAMMP 7.4\htdocs\panelkopma\vendor\codeigniter4\framework\system\Database\MigrationRunner.php(868): App\Database\Migrations\MainTable->up()
#6 D:\Coding\XAMMP 7.4\htdocs\panelkopma\vendor\codeigniter4\framework\system\Database\MigrationRunner.php(187): CodeIgniter\Database\MigrationRunner->migrate('up', Object(stdClass))
#7 D:\Coding\XAMMP 7.4\htdocs\panelkopma\vendor\codeigniter4\framework\system\Commands\Database\Migrate.php(84): CodeIgniter\Database\MigrationRunner->latest(NULL)
#8 D:\Coding\XAMMP 7.4\htdocs\panelkopma\vendor\codeigniter4\framework\system\CLI\Commands.php(63): CodeIgniter\Commands\Database\Migrate->run(Array)
#9 D:\Coding\XAMMP 7.4\htdocs\panelkopma\vendor\codeigniter4\framework\system\CLI\CommandRunner.php(65): CodeIgniter\CLI\Commands->run('migrate', Array)
#10 D:\Coding\XAMMP 7.4\htdocs\panelkopma\vendor\codeigniter4\framework\system\CLI\CommandRunner.php(51): CodeIgniter\CLI\CommandRunner->index(Array)
#11 D:\Coding\XAMMP 7.4\htdocs\panelkopma\vendor\codeigniter4\framework\system\CodeIgniter.php(900): CodeIgniter\CLI\CommandRunner->_remap('index', Array)
#12 D:\Coding\XAMMP 7.4\htdocs\panelkopma\vendor\codeigniter4\framework\system\CodeIgniter.php(457): CodeIgniter\CodeIgniter->runController(Object(CodeIgniter\CLI\CommandRunner))
#13 D:\Coding\XAMMP 7.4\htdocs\panelkopma\vendor\codeigniter4\framework\system\CodeIgniter.php(336): CodeIgniter\CodeIgniter->handleRequest(NULL, Object(Config\Cache), false)
#14 D:\Coding\XAMMP 7.4\htdocs\panelkopma\vendor\codeigniter4\framework\system\CLI\Console.php(48): CodeIgniter\CodeIgniter->run()
#15 D:\Coding\XAMMP 7.4\htdocs\panelkopma\spark(86): CodeIgniter\CLI\Console->run()
#16 {main}
ERROR - 2023-01-02 23:13:36 --> mysqli_sql_exception: Can't create table `anggota_kopma`.`calon_anggota` (errno: 150 "Foreign key constraint is incorrectly formed") in D:\Coding\XAMMP 7.4\htdocs\panelkopma\vendor\codeigniter4\framework\system\Database\MySQLi\Connection.php:292
Stack trace:
#0 D:\Coding\XAMMP 7.4\htdocs\panelkopma\vendor\codeigniter4\framework\system\Database\MySQLi\Connection.php(292): mysqli->query('CREATE TABLE `c...', 0)
#1 D:\Coding\XAMMP 7.4\htdocs\panelkopma\vendor\codeigniter4\framework\system\Database\BaseConnection.php(693): CodeIgniter\Database\MySQLi\Connection->execute('CREATE TABLE `c...')
#2 D:\Coding\XAMMP 7.4\htdocs\panelkopma\vendor\codeigniter4\framework\system\Database\BaseConnection.php(620): CodeIgniter\Database\BaseConnection->simpleQuery('CREATE TABLE `c...')
#3 D:\Coding\XAMMP 7.4\htdocs\panelkopma\vendor\codeigniter4\framework\system\Database\Forge.php(509): CodeIgniter\Database\BaseConnection->query('CREATE TABLE `c...')
#4 D:\Coding\XAMMP 7.4\htdocs\panelkopma\app\Database\Migrations\2023-01-01-123612_MainTable.php(313): CodeIgniter\Database\Forge->createTable('calon_anggota')
#5 D:\Coding\XAMMP 7.4\htdocs\panelkopma\vendor\codeigniter4\framework\system\Database\MigrationRunner.php(868): App\Database\Migrations\MainTable->up()
#6 D:\Coding\XAMMP 7.4\htdocs\panelkopma\vendor\codeigniter4\framework\system\Database\MigrationRunner.php(187): CodeIgniter\Database\MigrationRunner->migrate('up', Object(stdClass))
#7 D:\Coding\XAMMP 7.4\htdocs\panelkopma\vendor\codeigniter4\framework\system\Commands\Database\Migrate.php(84): CodeIgniter\Database\MigrationRunner->latest(NULL)
#8 D:\Coding\XAMMP 7.4\htdocs\panelkopma\vendor\codeigniter4\framework\system\CLI\Commands.php(63): CodeIgniter\Commands\Database\Migrate->run(Array)
#9 D:\Coding\XAMMP 7.4\htdocs\panelkopma\vendor\codeigniter4\framework\system\CLI\CommandRunner.php(65): CodeIgniter\CLI\Commands->run('migrate', Array)
#10 D:\Coding\XAMMP 7.4\htdocs\panelkopma\vendor\codeigniter4\framework\system\CLI\CommandRunner.php(51): CodeIgniter\CLI\CommandRunner->index(Array)
#11 D:\Coding\XAMMP 7.4\htdocs\panelkopma\vendor\codeigniter4\framework\system\CodeIgniter.php(900): CodeIgniter\CLI\CommandRunner->_remap('index', Array)
#12 D:\Coding\XAMMP 7.4\htdocs\panelkopma\vendor\codeigniter4\framework\system\CodeIgniter.php(457): CodeIgniter\CodeIgniter->runController(Object(CodeIgniter\CLI\CommandRunner))
#13 D:\Coding\XAMMP 7.4\htdocs\panelkopma\vendor\codeigniter4\framework\system\CodeIgniter.php(336): CodeIgniter\CodeIgniter->handleRequest(NULL, Object(Config\Cache), false)
#14 D:\Coding\XAMMP 7.4\htdocs\panelkopma\vendor\codeigniter4\framework\system\CLI\Console.php(48): CodeIgniter\CodeIgniter->run()
#15 D:\Coding\XAMMP 7.4\htdocs\panelkopma\spark(86): CodeIgniter\CLI\Console->run()
#16 {main}
ERROR - 2023-01-02 23:16:46 --> mysqli_sql_exception: Unknown column 'referal' in 'field list' in D:\Coding\XAMMP 7.4\htdocs\panelkopma\vendor\codeigniter4\framework\system\Database\MySQLi\Connection.php:292
Stack trace:
#0 D:\Coding\XAMMP 7.4\htdocs\panelkopma\vendor\codeigniter4\framework\system\Database\MySQLi\Connection.php(292): mysqli->query('INSERT INTO `re...', 0)
#1 D:\Coding\XAMMP 7.4\htdocs\panelkopma\vendor\codeigniter4\framework\system\Database\BaseConnection.php(693): CodeIgniter\Database\MySQLi\Connection->execute('INSERT INTO `re...')
#2 D:\Coding\XAMMP 7.4\htdocs\panelkopma\vendor\codeigniter4\framework\system\Database\BaseConnection.php(620): CodeIgniter\Database\BaseConnection->simpleQuery('INSERT INTO `re...')
#3 D:\Coding\XAMMP 7.4\htdocs\panelkopma\vendor\codeigniter4\framework\system\Database\BaseBuilder.php(1916): CodeIgniter\Database\BaseConnection->query('INSERT INTO `re...', Array, false)
#4 D:\Coding\XAMMP 7.4\htdocs\panelkopma\app\Database\Seeds\DataAnggota.php(46): CodeIgniter\Database\BaseBuilder->insert(Array)
#5 D:\Coding\XAMMP 7.4\htdocs\panelkopma\vendor\codeigniter4\framework\system\Database\Seeder.php(145): App\Database\Seeds\DataAnggota->run()
#6 D:\Coding\XAMMP 7.4\htdocs\panelkopma\vendor\codeigniter4\framework\system\Commands\Database\Seed.php(77): CodeIgniter\Database\Seeder->call('App\\Database\\Se...')
#7 D:\Coding\XAMMP 7.4\htdocs\panelkopma\vendor\codeigniter4\framework\system\CLI\Commands.php(63): CodeIgniter\Commands\Database\Seed->run(Array)
#8 D:\Coding\XAMMP 7.4\htdocs\panelkopma\vendor\codeigniter4\framework\system\CLI\CommandRunner.php(65): CodeIgniter\CLI\Commands->run('db:seed', Array)
#9 D:\Coding\XAMMP 7.4\htdocs\panelkopma\vendor\codeigniter4\framework\system\CLI\CommandRunner.php(51): CodeIgniter\CLI\CommandRunner->index(Array)
#10 D:\Coding\XAMMP 7.4\htdocs\panelkopma\vendor\codeigniter4\framework\system\CodeIgniter.php(900): CodeIgniter\CLI\CommandRunner->_remap('index', Array)
#11 D:\Coding\XAMMP 7.4\htdocs\panelkopma\vendor\codeigniter4\framework\system\CodeIgniter.php(457): CodeIgniter\CodeIgniter->runController(Object(CodeIgniter\CLI\CommandRunner))
#12 D:\Coding\XAMMP 7.4\htdocs\panelkopma\vendor\codeigniter4\framework\system\CodeIgniter.php(336): CodeIgniter\CodeIgniter->handleRequest(NULL, Object(Config\Cache), false)
#13 D:\Coding\XAMMP 7.4\htdocs\panelkopma\vendor\codeigniter4\framework\system\CLI\Console.php(48): CodeIgniter\CodeIgniter->run()
#14 D:\Coding\XAMMP 7.4\htdocs\panelkopma\spark(86): CodeIgniter\CLI\Console->run()
#15 {main}
ERROR - 2023-01-02 23:23:43 --> mysqli_sql_exception: Unknown column 'data_simpanan.npm' in 'on clause' in D:\Coding\XAMMP 7.4\htdocs\panelkopma\vendor\codeigniter4\framework\system\Database\MySQLi\Connection.php:292
Stack trace:
#0 D:\Coding\XAMMP 7.4\htdocs\panelkopma\vendor\codeigniter4\framework\system\Database\MySQLi\Connection.php(292): mysqli->query('SELECT `data_po...', 0)
#1 D:\Coding\XAMMP 7.4\htdocs\panelkopma\vendor\codeigniter4\framework\system\Database\BaseConnection.php(693): CodeIgniter\Database\MySQLi\Connection->execute('SELECT `data_po...')
#2 D:\Coding\XAMMP 7.4\htdocs\panelkopma\vendor\codeigniter4\framework\system\Database\BaseConnection.php(620): CodeIgniter\Database\BaseConnection->simpleQuery('SELECT `data_po...')
#3 D:\Coding\XAMMP 7.4\htdocs\panelkopma\vendor\codeigniter4\framework\system\Database\BaseBuilder.php(1585): CodeIgniter\Database\BaseConnection->query('SELECT `data_po...', Array, false)
#4 D:\Coding\XAMMP 7.4\htdocs\panelkopma\app\Models\PoinModel.php(21): CodeIgniter\Database\BaseBuilder->get()
#5 D:\Coding\XAMMP 7.4\htdocs\panelkopma\app\Controllers\Psda.php(332): App\Models\PoinModel->getPoin()
#6 D:\Coding\XAMMP 7.4\htdocs\panelkopma\vendor\codeigniter4\framework\system\CodeIgniter.php(907): App\Controllers\Psda->data_poin()
#7 D:\Coding\XAMMP 7.4\htdocs\panelkopma\vendor\codeigniter4\framework\system\CodeIgniter.php(457): CodeIgniter\CodeIgniter->runController(Object(App\Controllers\Psda))
#8 D:\Coding\XAMMP 7.4\htdocs\panelkopma\vendor\codeigniter4\framework\system\CodeIgniter.php(340): CodeIgniter\CodeIgniter->handleRequest(NULL, Object(Config\Cache), false)
#9 D:\Coding\XAMMP 7.4\htdocs\panelkopma\public\index.php(55): CodeIgniter\CodeIgniter->run()
#10 D:\Coding\XAMMP 7.4\htdocs\panelkopma\vendor\codeigniter4\framework\system\Commands\Server\rewrite.php(43): require_once('D:\\Coding\\XAMMP...')
#11 {main}
CRITICAL - 2023-01-02 23:23:43 --> Unknown column 'data_simpanan.npm' in 'on clause'
in SYSTEMPATH\Database\MySQLi\Connection.php on line 292.
 1 SYSTEMPATH\Database\MySQLi\Connection.php(292): mysqli->query('SELECT `data_poin`.`poin`, `data_anggota`.`npm`, `data_anggota`.`nama_lengkap`, `data_anggota`.`nomor_anggota`, `data_simpanan`.`simpanan_wajib`
FROM `data_poin`
JOIN `data_anggota` ON `data_anggota`.`nomor_anggota`=`data_poin`.`nomor_anggota`
JOIN `data_simpanan` ON `data_simpanan`.`npm`=`data_anggota`.`npm`', 0)
 2 SYSTEMPATH\Database\BaseConnection.php(693): CodeIgniter\Database\MySQLi\Connection->execute('SELECT `data_poin`.`poin`, `data_anggota`.`npm`, `data_anggota`.`nama_lengkap`, `data_anggota`.`nomor_anggota`, `data_simpanan`.`simpanan_wajib`
FROM `data_poin`
JOIN `data_anggota` ON `data_anggota`.`nomor_anggota`=`data_poin`.`nomor_anggota`
JOIN `data_simpanan` ON `data_simpanan`.`npm`=`data_anggota`.`npm`')
 3 SYSTEMPATH\Database\BaseConnection.php(620): CodeIgniter\Database\BaseConnection->simpleQuery('SELECT `data_poin`.`poin`, `data_anggota`.`npm`, `data_anggota`.`nama_lengkap`, `data_anggota`.`nomor_anggota`, `data_simpanan`.`simpanan_wajib`
FROM `data_poin`
JOIN `data_anggota` ON `data_anggota`.`nomor_anggota`=`data_poin`.`nomor_anggota`
JOIN `data_simpanan` ON `data_simpanan`.`npm`=`data_anggota`.`npm`')
 4 SYSTEMPATH\Database\BaseBuilder.php(1585): CodeIgniter\Database\BaseConnection->query('SELECT `data_poin`.`poin`, `data_anggota`.`npm`, `data_anggota`.`nama_lengkap`, `data_anggota`.`nomor_anggota`, `data_simpanan`.`simpanan_wajib`
FROM `data_poin`
JOIN `data_anggota` ON `data_anggota`.`nomor_anggota`=`data_poin`.`nomor_anggota`
JOIN `data_simpanan` ON `data_simpanan`.`npm`=`data_anggota`.`npm`', [], false)
 5 APPPATH\Models\PoinModel.php(21): CodeIgniter\Database\BaseBuilder->get()
 6 APPPATH\Controllers\Psda.php(332): App\Models\PoinModel->getPoin()
 7 SYSTEMPATH\CodeIgniter.php(907): App\Controllers\Psda->data_poin()
 8 SYSTEMPATH\CodeIgniter.php(457): CodeIgniter\CodeIgniter->runController(Object(App\Controllers\Psda))
 9 SYSTEMPATH\CodeIgniter.php(340): CodeIgniter\CodeIgniter->handleRequest(null, Object(Config\Cache), false)
10 FCPATH\index.php(55): CodeIgniter\CodeIgniter->run()
11 SYSTEMPATH\Commands\Server\rewrite.php(43): require_once('FCPATH\\index.php')
ERROR - 2023-01-02 23:25:18 --> mysqli_sql_exception: Unknown column 'data_simpanan.npm' in 'on clause' in D:\Coding\XAMMP 7.4\htdocs\panelkopma\vendor\codeigniter4\framework\system\Database\MySQLi\Connection.php:292
Stack trace:
#0 D:\Coding\XAMMP 7.4\htdocs\panelkopma\vendor\codeigniter4\framework\system\Database\MySQLi\Connection.php(292): mysqli->query('SELECT `data_po...', 0)
#1 D:\Coding\XAMMP 7.4\htdocs\panelkopma\vendor\codeigniter4\framework\system\Database\BaseConnection.php(693): CodeIgniter\Database\MySQLi\Connection->execute('SELECT `data_po...')
#2 D:\Coding\XAMMP 7.4\htdocs\panelkopma\vendor\codeigniter4\framework\system\Database\BaseConnection.php(620): CodeIgniter\Database\BaseConnection->simpleQuery('SELECT `data_po...')
#3 D:\Coding\XAMMP 7.4\htdocs\panelkopma\vendor\codeigniter4\framework\system\Database\BaseBuilder.php(1585): CodeIgniter\Database\BaseConnection->query('SELECT `data_po...', Array, false)
#4 D:\Coding\XAMMP 7.4\htdocs\panelkopma\app\Models\PoinModel.php(21): CodeIgniter\Database\BaseBuilder->get()
#5 D:\Coding\XAMMP 7.4\htdocs\panelkopma\app\Controllers\Psda.php(334): App\Models\PoinModel->getPoin()
#6 D:\Coding\XAMMP 7.4\htdocs\panelkopma\vendor\codeigniter4\framework\system\CodeIgniter.php(907): App\Controllers\Psda->data_poin()
#7 D:\Coding\XAMMP 7.4\htdocs\panelkopma\vendor\codeigniter4\framework\system\CodeIgniter.php(457): CodeIgniter\CodeIgniter->runController(Object(App\Controllers\Psda))
#8 D:\Coding\XAMMP 7.4\htdocs\panelkopma\vendor\codeigniter4\framework\system\CodeIgniter.php(340): CodeIgniter\CodeIgniter->handleRequest(NULL, Object(Config\Cache), false)
#9 D:\Coding\XAMMP 7.4\htdocs\panelkopma\public\index.php(55): CodeIgniter\CodeIgniter->run()
#10 D:\Coding\XAMMP 7.4\htdocs\panelkopma\vendor\codeigniter4\framework\system\Commands\Server\rewrite.php(43): require_once('D:\\Coding\\XAMMP...')
#11 {main}
CRITICAL - 2023-01-02 23:25:18 --> Unknown column 'data_simpanan.npm' in 'on clause'
in SYSTEMPATH\Database\MySQLi\Connection.php on line 292.
 1 SYSTEMPATH\Database\MySQLi\Connection.php(292): mysqli->query('SELECT `data_poin`.`poin`, `data_anggota`.`npm`, `data_anggota`.`nama_lengkap`, `data_anggota`.`nomor_anggota`, `data_simpanan`.`simpanan_wajib`
FROM `data_poin`
JOIN `data_anggota` ON `data_anggota`.`nomor_anggota`=`data_poin`.`nomor_anggota`
JOIN `data_simpanan` ON `data_simpanan`.`npm`=`data_anggota`.`npm`', 0)
 2 SYSTEMPATH\Database\BaseConnection.php(693): CodeIgniter\Database\MySQLi\Connection->execute('SELECT `data_poin`.`poin`, `data_anggota`.`npm`, `data_anggota`.`nama_lengkap`, `data_anggota`.`nomor_anggota`, `data_simpanan`.`simpanan_wajib`
FROM `data_poin`
JOIN `data_anggota` ON `data_anggota`.`nomor_anggota`=`data_poin`.`nomor_anggota`
JOIN `data_simpanan` ON `data_simpanan`.`npm`=`data_anggota`.`npm`')
 3 SYSTEMPATH\Database\BaseConnection.php(620): CodeIgniter\Database\BaseConnection->simpleQuery('SELECT `data_poin`.`poin`, `data_anggota`.`npm`, `data_anggota`.`nama_lengkap`, `data_anggota`.`nomor_anggota`, `data_simpanan`.`simpanan_wajib`
FROM `data_poin`
JOIN `data_anggota` ON `data_anggota`.`nomor_anggota`=`data_poin`.`nomor_anggota`
JOIN `data_simpanan` ON `data_simpanan`.`npm`=`data_anggota`.`npm`')
 4 SYSTEMPATH\Database\BaseBuilder.php(1585): CodeIgniter\Database\BaseConnection->query('SELECT `data_poin`.`poin`, `data_anggota`.`npm`, `data_anggota`.`nama_lengkap`, `data_anggota`.`nomor_anggota`, `data_simpanan`.`simpanan_wajib`
FROM `data_poin`
JOIN `data_anggota` ON `data_anggota`.`nomor_anggota`=`data_poin`.`nomor_anggota`
JOIN `data_simpanan` ON `data_simpanan`.`npm`=`data_anggota`.`npm`', [], false)
 5 APPPATH\Models\PoinModel.php(21): CodeIgniter\Database\BaseBuilder->get()
 6 APPPATH\Controllers\Psda.php(334): App\Models\PoinModel->getPoin()
 7 SYSTEMPATH\CodeIgniter.php(907): App\Controllers\Psda->data_poin()
 8 SYSTEMPATH\CodeIgniter.php(457): CodeIgniter\CodeIgniter->runController(Object(App\Controllers\Psda))
 9 SYSTEMPATH\CodeIgniter.php(340): CodeIgniter\CodeIgniter->handleRequest(null, Object(Config\Cache), false)
10 FCPATH\index.php(55): CodeIgniter\CodeIgniter->run()
11 SYSTEMPATH\Commands\Server\rewrite.php(43): require_once('FCPATH\\index.php')
ERROR - 2023-01-02 23:25:31 --> mysqli_sql_exception: Unknown column 'data_simpanan.npm' in 'on clause' in D:\Coding\XAMMP 7.4\htdocs\panelkopma\vendor\codeigniter4\framework\system\Database\MySQLi\Connection.php:292
Stack trace:
#0 D:\Coding\XAMMP 7.4\htdocs\panelkopma\vendor\codeigniter4\framework\system\Database\MySQLi\Connection.php(292): mysqli->query('SELECT `data_po...', 0)
#1 D:\Coding\XAMMP 7.4\htdocs\panelkopma\vendor\codeigniter4\framework\system\Database\BaseConnection.php(693): CodeIgniter\Database\MySQLi\Connection->execute('SELECT `data_po...')
#2 D:\Coding\XAMMP 7.4\htdocs\panelkopma\vendor\codeigniter4\framework\system\Database\BaseConnection.php(620): CodeIgniter\Database\BaseConnection->simpleQuery('SELECT `data_po...')
#3 D:\Coding\XAMMP 7.4\htdocs\panelkopma\vendor\codeigniter4\framework\system\Database\BaseBuilder.php(1585): CodeIgniter\Database\BaseConnection->query('SELECT `data_po...', Array, false)
#4 D:\Coding\XAMMP 7.4\htdocs\panelkopma\app\Models\PoinModel.php(21): CodeIgniter\Database\BaseBuilder->get()
#5 D:\Coding\XAMMP 7.4\htdocs\panelkopma\app\Controllers\Psda.php(334): App\Models\PoinModel->getPoin()
#6 D:\Coding\XAMMP 7.4\htdocs\panelkopma\vendor\codeigniter4\framework\system\CodeIgniter.php(907): App\Controllers\Psda->data_poin()
#7 D:\Coding\XAMMP 7.4\htdocs\panelkopma\vendor\codeigniter4\framework\system\CodeIgniter.php(457): CodeIgniter\CodeIgniter->runController(Object(App\Controllers\Psda))
#8 D:\Coding\XAMMP 7.4\htdocs\panelkopma\vendor\codeigniter4\framework\system\CodeIgniter.php(340): CodeIgniter\CodeIgniter->handleRequest(NULL, Object(Config\Cache), false)
#9 D:\Coding\XAMMP 7.4\htdocs\panelkopma\public\index.php(55): CodeIgniter\CodeIgniter->run()
#10 D:\Coding\XAMMP 7.4\htdocs\panelkopma\vendor\codeigniter4\framework\system\Commands\Server\rewrite.php(43): require_once('D:\\Coding\\XAMMP...')
#11 {main}
CRITICAL - 2023-01-02 23:25:31 --> Unknown column 'data_simpanan.npm' in 'on clause'
in SYSTEMPATH\Database\MySQLi\Connection.php on line 292.
 1 SYSTEMPATH\Database\MySQLi\Connection.php(292): mysqli->query('SELECT `data_poin`.`poin`, `data_anggota`.`npm`, `data_anggota`.`nama_lengkap`, `data_anggota`.`nomor_anggota`, `data_simpanan`.`simpanan_wajib`
FROM `data_poin`
JOIN `data_anggota` ON `data_anggota`.`nomor_anggota`=`data_poin`.`nomor_anggota`
JOIN `data_simpanan` ON `data_simpanan`.`npm`=`data_anggota`.`npm`', 0)
 2 SYSTEMPATH\Database\BaseConnection.php(693): CodeIgniter\Database\MySQLi\Connection->execute('SELECT `data_poin`.`poin`, `data_anggota`.`npm`, `data_anggota`.`nama_lengkap`, `data_anggota`.`nomor_anggota`, `data_simpanan`.`simpanan_wajib`
FROM `data_poin`
JOIN `data_anggota` ON `data_anggota`.`nomor_anggota`=`data_poin`.`nomor_anggota`
JOIN `data_simpanan` ON `data_simpanan`.`npm`=`data_anggota`.`npm`')
 3 SYSTEMPATH\Database\BaseConnection.php(620): CodeIgniter\Database\BaseConnection->simpleQuery('SELECT `data_poin`.`poin`, `data_anggota`.`npm`, `data_anggota`.`nama_lengkap`, `data_anggota`.`nomor_anggota`, `data_simpanan`.`simpanan_wajib`
FROM `data_poin`
JOIN `data_anggota` ON `data_anggota`.`nomor_anggota`=`data_poin`.`nomor_anggota`
JOIN `data_simpanan` ON `data_simpanan`.`npm`=`data_anggota`.`npm`')
 4 SYSTEMPATH\Database\BaseBuilder.php(1585): CodeIgniter\Database\BaseConnection->query('SELECT `data_poin`.`poin`, `data_anggota`.`npm`, `data_anggota`.`nama_lengkap`, `data_anggota`.`nomor_anggota`, `data_simpanan`.`simpanan_wajib`
FROM `data_poin`
JOIN `data_anggota` ON `data_anggota`.`nomor_anggota`=`data_poin`.`nomor_anggota`
JOIN `data_simpanan` ON `data_simpanan`.`npm`=`data_anggota`.`npm`', [], false)
 5 APPPATH\Models\PoinModel.php(21): CodeIgniter\Database\BaseBuilder->get()
 6 APPPATH\Controllers\Psda.php(334): App\Models\PoinModel->getPoin()
 7 SYSTEMPATH\CodeIgniter.php(907): App\Controllers\Psda->data_poin()
 8 SYSTEMPATH\CodeIgniter.php(457): CodeIgniter\CodeIgniter->runController(Object(App\Controllers\Psda))
 9 SYSTEMPATH\CodeIgniter.php(340): CodeIgniter\CodeIgniter->handleRequest(null, Object(Config\Cache), false)
10 FCPATH\index.php(55): CodeIgniter\CodeIgniter->run()
11 SYSTEMPATH\Commands\Server\rewrite.php(43): require_once('FCPATH\\index.php')
CRITICAL - 2023-01-02 23:25:51 --> Undefined index: npm
in APPPATH\Views\psda\data_poin.php on line 59.
 1 APPPATH\Views\psda\data_poin.php(59): CodeIgniter\Debug\Exceptions->errorHandler(8, 'Undefined index: npm', 'APPPATH\\Views\\psda\\data_poin.php', 59, [...])
 2 SYSTEMPATH\View\View.php(213): include('APPPATH\\Views\\psda\\data_poin.php')
 3 SYSTEMPATH\View\View.php(216): CodeIgniter\View\View->CodeIgniter\View\{closure}()
 4 SYSTEMPATH\Common.php(1142): CodeIgniter\View\View->render('psda/data_poin', [], true)
 5 APPPATH\Controllers\Psda.php(339): view('psda/data_poin', [...])
 6 SYSTEMPATH\CodeIgniter.php(907): App\Controllers\Psda->data_poin()
 7 SYSTEMPATH\CodeIgniter.php(457): CodeIgniter\CodeIgniter->runController(Object(App\Controllers\Psda))
 8 SYSTEMPATH\CodeIgniter.php(340): CodeIgniter\CodeIgniter->handleRequest(null, Object(Config\Cache), false)
 9 FCPATH\index.php(55): CodeIgniter\CodeIgniter->run()
10 SYSTEMPATH\Commands\Server\rewrite.php(43): require_once('FCPATH\\index.php')
ERROR - 2023-01-02 23:26:46 --> mysqli_sql_exception: Table 'anggota_kopma.asal_informasi' doesn't exist in D:\Coding\XAMMP 7.4\htdocs\panelkopma\vendor\codeigniter4\framework\system\Database\MySQLi\Connection.php:292
Stack trace:
#0 D:\Coding\XAMMP 7.4\htdocs\panelkopma\vendor\codeigniter4\framework\system\Database\MySQLi\Connection.php(292): mysqli->query('SELECT COUNT(*)...', 0)
#1 D:\Coding\XAMMP 7.4\htdocs\panelkopma\vendor\codeigniter4\framework\system\Database\BaseConnection.php(693): CodeIgniter\Database\MySQLi\Connection->execute('SELECT COUNT(*)...')
#2 D:\Coding\XAMMP 7.4\htdocs\panelkopma\vendor\codeigniter4\framework\system\Database\BaseConnection.php(620): CodeIgniter\Database\BaseConnection->simpleQuery('SELECT COUNT(*)...')
#3 D:\Coding\XAMMP 7.4\htdocs\panelkopma\vendor\codeigniter4\framework\system\Database\BaseBuilder.php(1669): CodeIgniter\Database\BaseConnection->query('SELECT COUNT(*)...', Array, false)
#4 D:\Coding\XAMMP 7.4\htdocs\panelkopma\vendor\codeigniter4\framework\system\Model.php(551): CodeIgniter\Database\BaseBuilder->countAllResults(false)
#5 D:\Coding\XAMMP 7.4\htdocs\panelkopma\vendor\codeigniter4\framework\system\BaseModel.php(1085): CodeIgniter\Model->countAllResults(false)
#6 D:\Coding\XAMMP 7.4\htdocs\panelkopma\app\Controllers\Psda.php(248): CodeIgniter\BaseModel->paginate(25, 'calon_anggota')
#7 D:\Coding\XAMMP 7.4\htdocs\panelkopma\vendor\codeigniter4\framework\system\CodeIgniter.php(907): App\Controllers\Psda->calon_anggota()
#8 D:\Coding\XAMMP 7.4\htdocs\panelkopma\vendor\codeigniter4\framework\system\CodeIgniter.php(457): CodeIgniter\CodeIgniter->runController(Object(App\Controllers\Psda))
#9 D:\Coding\XAMMP 7.4\htdocs\panelkopma\vendor\codeigniter4\framework\system\CodeIgniter.php(340): CodeIgniter\CodeIgniter->handleRequest(NULL, Object(Config\Cache), false)
#10 D:\Coding\XAMMP 7.4\htdocs\panelkopma\public\index.php(55): CodeIgniter\CodeIgniter->run()
#11 D:\Coding\XAMMP 7.4\htdocs\panelkopma\vendor\codeigniter4\framework\system\Commands\Server\rewrite.php(43): require_once('D:\\Coding\\XAMMP...')
#12 {main}
CRITICAL - 2023-01-02 23:26:46 --> Table 'anggota_kopma.asal_informasi' doesn't exist
in SYSTEMPATH\Database\MySQLi\Connection.php on line 292.
 1 SYSTEMPATH\Database\MySQLi\Connection.php(292): mysqli->query('SELECT COUNT(*) AS `numrows`
FROM `calon_anggota`
JOIN `jurusan` ON `calon_anggota`.`id_jurusan`=`jurusan`.`id_jurusan`
JOIN `fakultas` ON `jurusan`.`id_fakultas`=`fakultas`.`id_fakultas`
JOIN `asal_informasi` ON `calon_anggota`.`asal_informasi`=`asal_informasi`.`id_informasi`', 0)
 2 SYSTEMPATH\Database\BaseConnection.php(693): CodeIgniter\Database\MySQLi\Connection->execute('SELECT COUNT(*) AS `numrows`
FROM `calon_anggota`
JOIN `jurusan` ON `calon_anggota`.`id_jurusan`=`jurusan`.`id_jurusan`
JOIN `fakultas` ON `jurusan`.`id_fakultas`=`fakultas`.`id_fakultas`
JOIN `asal_informasi` ON `calon_anggota`.`asal_informasi`=`asal_informasi`.`id_informasi`')
 3 SYSTEMPATH\Database\BaseConnection.php(620): CodeIgniter\Database\BaseConnection->simpleQuery('SELECT COUNT(*) AS `numrows`
FROM `calon_anggota`
JOIN `jurusan` ON `calon_anggota`.`id_jurusan`=`jurusan`.`id_jurusan`
JOIN `fakultas` ON `jurusan`.`id_fakultas`=`fakultas`.`id_fakultas`
JOIN `asal_informasi` ON `calon_anggota`.`asal_informasi`=`asal_informasi`.`id_informasi`')
 4 SYSTEMPATH\Database\BaseBuilder.php(1669): CodeIgniter\Database\BaseConnection->query('SELECT COUNT(*) AS `numrows`
FROM `calon_anggota`
JOIN `jurusan` ON `calon_anggota`.`id_jurusan`=`jurusan`.`id_jurusan`
JOIN `fakultas` ON `jurusan`.`id_fakultas`=`fakultas`.`id_fakultas`
JOIN `asal_informasi` ON `calon_anggota`.`asal_informasi`=`asal_informasi`.`id_informasi`', [], false)
 5 SYSTEMPATH\Model.php(551): CodeIgniter\Database\BaseBuilder->countAllResults(false)
 6 SYSTEMPATH\BaseModel.php(1085): CodeIgniter\Model->countAllResults(false)
 7 APPPATH\Controllers\Psda.php(248): CodeIgniter\BaseModel->paginate(25, 'calon_anggota')
 8 SYSTEMPATH\CodeIgniter.php(907): App\Controllers\Psda->calon_anggota()
 9 SYSTEMPATH\CodeIgniter.php(457): CodeIgniter\CodeIgniter->runController(Object(App\Controllers\Psda))
10 SYSTEMPATH\CodeIgniter.php(340): CodeIgniter\CodeIgniter->handleRequest(null, Object(Config\Cache), false)
11 FCPATH\index.php(55): CodeIgniter\CodeIgniter->run()
12 SYSTEMPATH\Commands\Server\rewrite.php(43): require_once('FCPATH\\index.php')
ERROR - 2023-01-02 23:34:59 --> mysqli_sql_exception: You have an error in your SQL syntax; check the manual that corresponds to your MariaDB server version for the right syntax to use near 'OUTER JOIN `calon_anggota` ON `calon_anggota`.`kode_referal`=`referal`.`kode_...' at line 3 in D:\Coding\XAMMP 7.4\htdocs\panelkopma\vendor\codeigniter4\framework\system\Database\MySQLi\Connection.php:292
Stack trace:
#0 D:\Coding\XAMMP 7.4\htdocs\panelkopma\vendor\codeigniter4\framework\system\Database\MySQLi\Connection.php(292): mysqli->query('SELECT *, COUNT...', 0)
#1 D:\Coding\XAMMP 7.4\htdocs\panelkopma\vendor\codeigniter4\framework\system\Database\BaseConnection.php(693): CodeIgniter\Database\MySQLi\Connection->execute('SELECT *, COUNT...')
#2 D:\Coding\XAMMP 7.4\htdocs\panelkopma\vendor\codeigniter4\framework\system\Database\BaseConnection.php(620): CodeIgniter\Database\BaseConnection->simpleQuery('SELECT *, COUNT...')
#3 D:\Coding\XAMMP 7.4\htdocs\panelkopma\vendor\codeigniter4\framework\system\Database\BaseBuilder.php(1585): CodeIgniter\Database\BaseConnection->query('SELECT *, COUNT...', Array, false)
#4 D:\Coding\XAMMP 7.4\htdocs\panelkopma\vendor\codeigniter4\framework\system\Model.php(223): CodeIgniter\Database\BaseBuilder->get()
#5 D:\Coding\XAMMP 7.4\htdocs\panelkopma\vendor\codeigniter4\framework\system\BaseModel.php(584): CodeIgniter\Model->doFindAll(0, 0)
#6 D:\Coding\XAMMP 7.4\htdocs\panelkopma\app\Controllers\Psda.php(387): CodeIgniter\BaseModel->findAll()
#7 D:\Coding\XAMMP 7.4\htdocs\panelkopma\vendor\codeigniter4\framework\system\CodeIgniter.php(907): App\Controllers\Psda->kode_referal()
#8 D:\Coding\XAMMP 7.4\htdocs\panelkopma\vendor\codeigniter4\framework\system\CodeIgniter.php(457): CodeIgniter\CodeIgniter->runController(Object(App\Controllers\Psda))
#9 D:\Coding\XAMMP 7.4\htdocs\panelkopma\vendor\codeigniter4\framework\system\CodeIgniter.php(340): CodeIgniter\CodeIgniter->handleRequest(NULL, Object(Config\Cache), false)
#10 D:\Coding\XAMMP 7.4\htdocs\panelkopma\public\index.php(55): CodeIgniter\CodeIgniter->run()
#11 D:\Coding\XAMMP 7.4\htdocs\panelkopma\vendor\codeigniter4\framework\system\Commands\Server\rewrite.php(43): require_once('D:\\Coding\\XAMMP...')
#12 {main}
CRITICAL - 2023-01-02 23:34:59 --> You have an error in your SQL syntax; check the manual that corresponds to your MariaDB server version for the right syntax to use near 'OUTER JOIN `calon_anggota` ON `calon_anggota`.`kode_referal`=`referal`.`kode_...' at line 3
in SYSTEMPATH\Database\MySQLi\Connection.php on line 292.
 1 SYSTEMPATH\Database\MySQLi\Connection.php(292): mysqli->query('SELECT *, COUNT(`calon_anggota`.`kode_referal`) AS `jumlah`
FROM `referal`
OUTER JOIN `calon_anggota` ON `calon_anggota`.`kode_referal`=`referal`.`kode_referal`
JOIN `data_anggota` ON `data_anggota`.`nomor_anggota`=`referal`.`nomor_anggota`
GROUP BY `referal`.`kode_referal`', 0)
 2 SYSTEMPATH\Database\BaseConnection.php(693): CodeIgniter\Database\MySQLi\Connection->execute('SELECT *, COUNT(`calon_anggota`.`kode_referal`) AS `jumlah`
FROM `referal`
OUTER JOIN `calon_anggota` ON `calon_anggota`.`kode_referal`=`referal`.`kode_referal`
JOIN `data_anggota` ON `data_anggota`.`nomor_anggota`=`referal`.`nomor_anggota`
GROUP BY `referal`.`kode_referal`')
 3 SYSTEMPATH\Database\BaseConnection.php(620): CodeIgniter\Database\BaseConnection->simpleQuery('SELECT *, COUNT(`calon_anggota`.`kode_referal`) AS `jumlah`
FROM `referal`
OUTER JOIN `calon_anggota` ON `calon_anggota`.`kode_referal`=`referal`.`kode_referal`
JOIN `data_anggota` ON `data_anggota`.`nomor_anggota`=`referal`.`nomor_anggota`
GROUP BY `referal`.`kode_referal`')
 4 SYSTEMPATH\Database\BaseBuilder.php(1585): CodeIgniter\Database\BaseConnection->query('SELECT *, COUNT(`calon_anggota`.`kode_referal`) AS `jumlah`
FROM `referal`
OUTER JOIN `calon_anggota` ON `calon_anggota`.`kode_referal`=`referal`.`kode_referal`
JOIN `data_anggota` ON `data_anggota`.`nomor_anggota`=`referal`.`nomor_anggota`
GROUP BY `referal`.`kode_referal`', [], false)
 5 SYSTEMPATH\Model.php(223): CodeIgniter\Database\BaseBuilder->get()
 6 SYSTEMPATH\BaseModel.php(584): CodeIgniter\Model->doFindAll(0, 0)
 7 APPPATH\Controllers\Psda.php(387): CodeIgniter\BaseModel->findAll()
 8 SYSTEMPATH\CodeIgniter.php(907): App\Controllers\Psda->kode_referal()
 9 SYSTEMPATH\CodeIgniter.php(457): CodeIgniter\CodeIgniter->runController(Object(App\Controllers\Psda))
10 SYSTEMPATH\CodeIgniter.php(340): CodeIgniter\CodeIgniter->handleRequest(null, Object(Config\Cache), false)
11 FCPATH\index.php(55): CodeIgniter\CodeIgniter->run()
12 SYSTEMPATH\Commands\Server\rewrite.php(43): require_once('FCPATH\\index.php')
CRITICAL - 2023-01-02 23:37:24 --> Undefined index: npm
in APPPATH\Views\psda\kode_referal.php on line 78.
 1 APPPATH\Views\psda\kode_referal.php(78): CodeIgniter\Debug\Exceptions->errorHandler(8, 'Undefined index: npm', 'APPPATH\\Views\\psda\\kode_referal.php', 78, [...])
 2 SYSTEMPATH\View\View.php(213): include('APPPATH\\Views\\psda\\kode_referal.php')
 3 SYSTEMPATH\View\View.php(216): CodeIgniter\View\View->CodeIgniter\View\{closure}()
 4 SYSTEMPATH\Common.php(1142): CodeIgniter\View\View->render('psda/kode_referal', [], true)
 5 APPPATH\Controllers\Psda.php(395): view('psda/kode_referal', [...])
 6 SYSTEMPATH\CodeIgniter.php(907): App\Controllers\Psda->kode_referal()
 7 SYSTEMPATH\CodeIgniter.php(457): CodeIgniter\CodeIgniter->runController(Object(App\Controllers\Psda))
 8 SYSTEMPATH\CodeIgniter.php(340): CodeIgniter\CodeIgniter->handleRequest(null, Object(Config\Cache), false)
 9 FCPATH\index.php(55): CodeIgniter\CodeIgniter->run()
10 SYSTEMPATH\Commands\Server\rewrite.php(43): require_once('FCPATH\\index.php')
ERROR - 2023-01-02 23:38:20 --> mysqli_sql_exception: Unknown column 'data_simpanan.npm' in 'on clause' in D:\Coding\XAMMP 7.4\htdocs\panelkopma\vendor\codeigniter4\framework\system\Database\MySQLi\Connection.php:292
Stack trace:
#0 D:\Coding\XAMMP 7.4\htdocs\panelkopma\vendor\codeigniter4\framework\system\Database\MySQLi\Connection.php(292): mysqli->query('SELECT COUNT(*)...', 0)
#1 D:\Coding\XAMMP 7.4\htdocs\panelkopma\vendor\codeigniter4\framework\system\Database\BaseConnection.php(693): CodeIgniter\Database\MySQLi\Connection->execute('SELECT COUNT(*)...')
#2 D:\Coding\XAMMP 7.4\htdocs\panelkopma\vendor\codeigniter4\framework\system\Database\BaseConnection.php(620): CodeIgniter\Database\BaseConnection->simpleQuery('SELECT COUNT(*)...')
#3 D:\Coding\XAMMP 7.4\htdocs\panelkopma\vendor\codeigniter4\framework\system\Database\BaseBuilder.php(1669): CodeIgniter\Database\BaseConnection->query('SELECT COUNT(*)...', Array, false)
#4 D:\Coding\XAMMP 7.4\htdocs\panelkopma\vendor\codeigniter4\framework\system\Model.php(551): CodeIgniter\Database\BaseBuilder->countAllResults(false)
#5 D:\Coding\XAMMP 7.4\htdocs\panelkopma\vendor\codeigniter4\framework\system\BaseModel.php(1085): CodeIgniter\Model->countAllResults(false)
#6 D:\Coding\XAMMP 7.4\htdocs\panelkopma\app\Controllers\Keuangan.php(31): CodeIgniter\BaseModel->paginate(25, 'data_simpanan')
#7 D:\Coding\XAMMP 7.4\htdocs\panelkopma\vendor\codeigniter4\framework\system\CodeIgniter.php(907): App\Controllers\Keuangan->data_simpanan()
#8 D:\Coding\XAMMP 7.4\htdocs\panelkopma\vendor\codeigniter4\framework\system\CodeIgniter.php(457): CodeIgniter\CodeIgniter->runController(Object(App\Controllers\Keuangan))
#9 D:\Coding\XAMMP 7.4\htdocs\panelkopma\vendor\codeigniter4\framework\system\CodeIgniter.php(340): CodeIgniter\CodeIgniter->handleRequest(NULL, Object(Config\Cache), false)
#10 D:\Coding\XAMMP 7.4\htdocs\panelkopma\public\index.php(55): CodeIgniter\CodeIgniter->run()
#11 D:\Coding\XAMMP 7.4\htdocs\panelkopma\vendor\codeigniter4\framework\system\Commands\Server\rewrite.php(43): require_once('D:\\Coding\\XAMMP...')
#12 {main}
CRITICAL - 2023-01-02 23:38:20 --> Unknown column 'data_simpanan.npm' in 'on clause'
in SYSTEMPATH\Database\MySQLi\Connection.php on line 292.
 1 SYSTEMPATH\Database\MySQLi\Connection.php(292): mysqli->query('SELECT COUNT(*) AS `numrows`
FROM `data_simpanan`
JOIN `data_anggota` ON `data_simpanan`.`npm`=`data_anggota`.`npm`', 0)
 2 SYSTEMPATH\Database\BaseConnection.php(693): CodeIgniter\Database\MySQLi\Connection->execute('SELECT COUNT(*) AS `numrows`
FROM `data_simpanan`
JOIN `data_anggota` ON `data_simpanan`.`npm`=`data_anggota`.`npm`')
 3 SYSTEMPATH\Database\BaseConnection.php(620): CodeIgniter\Database\BaseConnection->simpleQuery('SELECT COUNT(*) AS `numrows`
FROM `data_simpanan`
JOIN `data_anggota` ON `data_simpanan`.`npm`=`data_anggota`.`npm`')
 4 SYSTEMPATH\Database\BaseBuilder.php(1669): CodeIgniter\Database\BaseConnection->query('SELECT COUNT(*) AS `numrows`
FROM `data_simpanan`
JOIN `data_anggota` ON `data_simpanan`.`npm`=`data_anggota`.`npm`', [], false)
 5 SYSTEMPATH\Model.php(551): CodeIgniter\Database\BaseBuilder->countAllResults(false)
 6 SYSTEMPATH\BaseModel.php(1085): CodeIgniter\Model->countAllResults(false)
 7 APPPATH\Controllers\Keuangan.php(31): CodeIgniter\BaseModel->paginate(25, 'data_simpanan')
 8 SYSTEMPATH\CodeIgniter.php(907): App\Controllers\Keuangan->data_simpanan()
 9 SYSTEMPATH\CodeIgniter.php(457): CodeIgniter\CodeIgniter->runController(Object(App\Controllers\Keuangan))
10 SYSTEMPATH\CodeIgniter.php(340): CodeIgniter\CodeIgniter->handleRequest(null, Object(Config\Cache), false)
11 FCPATH\index.php(55): CodeIgniter\CodeIgniter->run()
12 SYSTEMPATH\Commands\Server\rewrite.php(43): require_once('FCPATH\\index.php')
ERROR - 2023-01-02 23:44:05 --> mysqli_sql_exception: Column 'nomor_anggota' cannot be null in D:\Coding\XAMMP 7.4\htdocs\panelkopma\vendor\codeigniter4\framework\system\Database\MySQLi\Connection.php:292
Stack trace:
#0 D:\Coding\XAMMP 7.4\htdocs\panelkopma\vendor\codeigniter4\framework\system\Database\MySQLi\Connection.php(292): mysqli->query('INSERT INTO `pe...', 0)
#1 D:\Coding\XAMMP 7.4\htdocs\panelkopma\vendor\codeigniter4\framework\system\Database\BaseConnection.php(693): CodeIgniter\Database\MySQLi\Connection->execute('INSERT INTO `pe...')
#2 D:\Coding\XAMMP 7.4\htdocs\panelkopma\vendor\codeigniter4\framework\system\Database\BaseConnection.php(620): CodeIgniter\Database\BaseConnection->simpleQuery('INSERT INTO `pe...')
#3 D:\Coding\XAMMP 7.4\htdocs\panelkopma\vendor\codeigniter4\framework\system\Database\BaseBuilder.php(1916): CodeIgniter\Database\BaseConnection->query('INSERT INTO `pe...', Array, false)
#4 D:\Coding\XAMMP 7.4\htdocs\panelkopma\vendor\codeigniter4\framework\system\Model.php(279): CodeIgniter\Database\BaseBuilder->insert()
#5 D:\Coding\XAMMP 7.4\htdocs\panelkopma\vendor\codeigniter4\framework\system\BaseModel.php(738): CodeIgniter\Model->doInsert(Array)
#6 D:\Coding\XAMMP 7.4\htdocs\panelkopma\vendor\codeigniter4\framework\system\Model.php(667): CodeIgniter\BaseModel->insert(Array, true)
#7 D:\Coding\XAMMP 7.4\htdocs\panelkopma\app\Controllers\Keuangan.php(79): CodeIgniter\Model->insert(Array)
#8 D:\Coding\XAMMP 7.4\htdocs\panelkopma\vendor\codeigniter4\framework\system\CodeIgniter.php(907): App\Controllers\Keuangan->save_simpanan()
#9 D:\Coding\XAMMP 7.4\htdocs\panelkopma\vendor\codeigniter4\framework\system\CodeIgniter.php(457): CodeIgniter\CodeIgniter->runController(Object(App\Controllers\Keuangan))
#10 D:\Coding\XAMMP 7.4\htdocs\panelkopma\vendor\codeigniter4\framework\system\CodeIgniter.php(340): CodeIgniter\CodeIgniter->handleRequest(NULL, Object(Config\Cache), false)
#11 D:\Coding\XAMMP 7.4\htdocs\panelkopma\public\index.php(55): CodeIgniter\CodeIgniter->run()
#12 D:\Coding\XAMMP 7.4\htdocs\panelkopma\vendor\codeigniter4\framework\system\Commands\Server\rewrite.php(43): require_once('D:\\Coding\\XAMMP...')
#13 {main}
CRITICAL - 2023-01-02 23:44:05 --> Column 'nomor_anggota' cannot be null
in SYSTEMPATH\Database\MySQLi\Connection.php on line 292.
 1 SYSTEMPATH\Database\MySQLi\Connection.php(292): mysqli->query('INSERT INTO `pembayaran_simwa` (`id_pembayaran`, `timestamp`, `nomor_anggota`, `nominal`, `status`, `bukti_pembayaran`, `created_at`, `updated_at`) VALUES (\'63b309d554ba6\', \'2023-01-02 23:44:05\', NULL, \'5000\', 1, \'-\', \'2023-01-02 23:44:05\', \'2023-01-02 23:44:05\')', 0)
 2 SYSTEMPATH\Database\BaseConnection.php(693): CodeIgniter\Database\MySQLi\Connection->execute('INSERT INTO `pembayaran_simwa` (`id_pembayaran`, `timestamp`, `nomor_anggota`, `nominal`, `status`, `bukti_pembayaran`, `created_at`, `updated_at`) VALUES (\'63b309d554ba6\', \'2023-01-02 23:44:05\', NULL, \'5000\', 1, \'-\', \'2023-01-02 23:44:05\', \'2023-01-02 23:44:05\')')
 3 SYSTEMPATH\Database\BaseConnection.php(620): CodeIgniter\Database\BaseConnection->simpleQuery('INSERT INTO `pembayaran_simwa` (`id_pembayaran`, `timestamp`, `nomor_anggota`, `nominal`, `status`, `bukti_pembayaran`, `created_at`, `updated_at`) VALUES (\'63b309d554ba6\', \'2023-01-02 23:44:05\', NULL, \'5000\', 1, \'-\', \'2023-01-02 23:44:05\', \'2023-01-02 23:44:05\')')
 4 SYSTEMPATH\Database\BaseBuilder.php(1916): CodeIgniter\Database\BaseConnection->query('INSERT INTO `pembayaran_simwa` (`id_pembayaran`, `timestamp`, `nomor_anggota`, `nominal`, `status`, `bukti_pembayaran`, `created_at`, `updated_at`) VALUES (:id_pembayaran:, :timestamp:, :nomor_anggota:, :nominal:, :status:, :bukti_pembayaran:, :created_at:, :updated_at:)', [...], false)
 5 SYSTEMPATH\Model.php(279): CodeIgniter\Database\BaseBuilder->insert()
 6 SYSTEMPATH\BaseModel.php(738): CodeIgniter\Model->doInsert([...])
 7 SYSTEMPATH\Model.php(667): CodeIgniter\BaseModel->insert([...], true)
 8 APPPATH\Controllers\Keuangan.php(79): CodeIgniter\Model->insert([...])
 9 SYSTEMPATH\CodeIgniter.php(907): App\Controllers\Keuangan->save_simpanan()
10 SYSTEMPATH\CodeIgniter.php(457): CodeIgniter\CodeIgniter->runController(Object(App\Controllers\Keuangan))
11 SYSTEMPATH\CodeIgniter.php(340): CodeIgniter\CodeIgniter->handleRequest(null, Object(Config\Cache), false)
12 FCPATH\index.php(55): CodeIgniter\CodeIgniter->run()
13 SYSTEMPATH\Commands\Server\rewrite.php(43): require_once('FCPATH\\index.php')
CRITICAL - 2023-01-02 23:44:08 --> Trying to access array offset on value of type null
in APPPATH\Views\keuangan\add_simpanan.php on line 32.
 1 APPPATH\Views\keuangan\add_simpanan.php(32): CodeIgniter\Debug\Exceptions->errorHandler(8, 'Trying to access array offset on value of type null', 'APPPATH\\Views\\keuangan\\add_simpanan.php', 32, [...])
 2 SYSTEMPATH\View\View.php(213): include('APPPATH\\Views\\keuangan\\add_simpanan.php')
 3 SYSTEMPATH\View\View.php(216): CodeIgniter\View\View->CodeIgniter\View\{closure}()
 4 SYSTEMPATH\Common.php(1142): CodeIgniter\View\View->render('keuangan/add_simpanan', [], true)
 5 APPPATH\Controllers\Keuangan.php(65): view('keuangan/add_simpanan', [...])
 6 SYSTEMPATH\CodeIgniter.php(907): App\Controllers\Keuangan->add_simpanan('2045343051')
 7 SYSTEMPATH\CodeIgniter.php(457): CodeIgniter\CodeIgniter->runController(Object(App\Controllers\Keuangan))
 8 SYSTEMPATH\CodeIgniter.php(340): CodeIgniter\CodeIgniter->handleRequest(null, Object(Config\Cache), false)
 9 FCPATH\index.php(55): CodeIgniter\CodeIgniter->run()
10 SYSTEMPATH\Commands\Server\rewrite.php(43): require_once('FCPATH\\index.php')
CRITICAL - 2023-01-02 23:44:13 --> Trying to access array offset on value of type null
in APPPATH\Views\keuangan\add_simpanan.php on line 32.
 1 APPPATH\Views\keuangan\add_simpanan.php(32): CodeIgniter\Debug\Exceptions->errorHandler(8, 'Trying to access array offset on value of type null', 'APPPATH\\Views\\keuangan\\add_simpanan.php', 32, [...])
 2 SYSTEMPATH\View\View.php(213): include('APPPATH\\Views\\keuangan\\add_simpanan.php')
 3 SYSTEMPATH\View\View.php(216): CodeIgniter\View\View->CodeIgniter\View\{closure}()
 4 SYSTEMPATH\Common.php(1142): CodeIgniter\View\View->render('keuangan/add_simpanan', [], true)
 5 APPPATH\Controllers\Keuangan.php(65): view('keuangan/add_simpanan', [...])
 6 SYSTEMPATH\CodeIgniter.php(907): App\Controllers\Keuangan->add_simpanan('1681', 'Kopma_UL', '22')
 7 SYSTEMPATH\CodeIgniter.php(457): CodeIgniter\CodeIgniter->runController(Object(App\Controllers\Keuangan))
 8 SYSTEMPATH\CodeIgniter.php(340): CodeIgniter\CodeIgniter->handleRequest(null, Object(Config\Cache), false)
 9 FCPATH\index.php(55): CodeIgniter\CodeIgniter->run()
10 SYSTEMPATH\Commands\Server\rewrite.php(43): require_once('FCPATH\\index.php')
CRITICAL - 2023-01-02 23:46:19 --> Too few arguments to function App\Controllers\Keuangan::add_simpanan(), 0 passed in D:\Coding\XAMMP 7.4\htdocs\panelkopma\vendor\codeigniter4\framework\system\CodeIgniter.php on line 907 and exactly 1 expected
in APPPATH\Controllers\Keuangan.php on line 56.
 1 SYSTEMPATH\CodeIgniter.php(907): App\Controllers\Keuangan->add_simpanan()
 2 SYSTEMPATH\CodeIgniter.php(457): CodeIgniter\CodeIgniter->runController(Object(App\Controllers\Keuangan))
 3 SYSTEMPATH\CodeIgniter.php(340): CodeIgniter\CodeIgniter->handleRequest(null, Object(Config\Cache), false)
 4 FCPATH\index.php(55): CodeIgniter\CodeIgniter->run()
 5 SYSTEMPATH\Commands\Server\rewrite.php(43): require_once('FCPATH\\index.php')
ERROR - 2023-01-02 23:47:09 --> mysqli_sql_exception: Column 'nomor_anggota' cannot be null in D:\Coding\XAMMP 7.4\htdocs\panelkopma\vendor\codeigniter4\framework\system\Database\MySQLi\Connection.php:292
Stack trace:
#0 D:\Coding\XAMMP 7.4\htdocs\panelkopma\vendor\codeigniter4\framework\system\Database\MySQLi\Connection.php(292): mysqli->query('INSERT INTO `pe...', 0)
#1 D:\Coding\XAMMP 7.4\htdocs\panelkopma\vendor\codeigniter4\framework\system\Database\BaseConnection.php(693): CodeIgniter\Database\MySQLi\Connection->execute('INSERT INTO `pe...')
#2 D:\Coding\XAMMP 7.4\htdocs\panelkopma\vendor\codeigniter4\framework\system\Database\BaseConnection.php(620): CodeIgniter\Database\BaseConnection->simpleQuery('INSERT INTO `pe...')
#3 D:\Coding\XAMMP 7.4\htdocs\panelkopma\vendor\codeigniter4\framework\system\Database\BaseBuilder.php(1916): CodeIgniter\Database\BaseConnection->query('INSERT INTO `pe...', Array, false)
#4 D:\Coding\XAMMP 7.4\htdocs\panelkopma\vendor\codeigniter4\framework\system\Model.php(279): CodeIgniter\Database\BaseBuilder->insert()
#5 D:\Coding\XAMMP 7.4\htdocs\panelkopma\vendor\codeigniter4\framework\system\BaseModel.php(738): CodeIgniter\Model->doInsert(Array)
#6 D:\Coding\XAMMP 7.4\htdocs\panelkopma\vendor\codeigniter4\framework\system\Model.php(667): CodeIgniter\BaseModel->insert(Array, true)
#7 D:\Coding\XAMMP 7.4\htdocs\panelkopma\app\Controllers\Keuangan.php(80): CodeIgniter\Model->insert(Array)
#8 D:\Coding\XAMMP 7.4\htdocs\panelkopma\vendor\codeigniter4\framework\system\CodeIgniter.php(907): App\Controllers\Keuangan->save_simpanan()
#9 D:\Coding\XAMMP 7.4\htdocs\panelkopma\vendor\codeigniter4\framework\system\CodeIgniter.php(457): CodeIgniter\CodeIgniter->runController(Object(App\Controllers\Keuangan))
#10 D:\Coding\XAMMP 7.4\htdocs\panelkopma\vendor\codeigniter4\framework\system\CodeIgniter.php(340): CodeIgniter\CodeIgniter->handleRequest(NULL, Object(Config\Cache), false)
#11 D:\Coding\XAMMP 7.4\htdocs\panelkopma\public\index.php(55): CodeIgniter\CodeIgniter->run()
#12 D:\Coding\XAMMP 7.4\htdocs\panelkopma\vendor\codeigniter4\framework\system\Commands\Server\rewrite.php(43): require_once('D:\\Coding\\XAMMP...')
#13 {main}
CRITICAL - 2023-01-02 23:47:09 --> Column 'nomor_anggota' cannot be null
in SYSTEMPATH\Database\MySQLi\Connection.php on line 292.
 1 SYSTEMPATH\Database\MySQLi\Connection.php(292): mysqli->query('INSERT INTO `pembayaran_simwa` (`id_pembayaran`, `timestamp`, `nomor_anggota`, `nominal`, `status`, `bukti_pembayaran`, `created_at`, `updated_at`) VALUES (\'63b30a8dd697e\', \'2023-01-02 23:47:09\', NULL, \'5000\', 1, \'-\', \'2023-01-02 23:47:09\', \'2023-01-02 23:47:09\')', 0)
 2 SYSTEMPATH\Database\BaseConnection.php(693): CodeIgniter\Database\MySQLi\Connection->execute('INSERT INTO `pembayaran_simwa` (`id_pembayaran`, `timestamp`, `nomor_anggota`, `nominal`, `status`, `bukti_pembayaran`, `created_at`, `updated_at`) VALUES (\'63b30a8dd697e\', \'2023-01-02 23:47:09\', NULL, \'5000\', 1, \'-\', \'2023-01-02 23:47:09\', \'2023-01-02 23:47:09\')')
 3 SYSTEMPATH\Database\BaseConnection.php(620): CodeIgniter\Database\BaseConnection->simpleQuery('INSERT INTO `pembayaran_simwa` (`id_pembayaran`, `timestamp`, `nomor_anggota`, `nominal`, `status`, `bukti_pembayaran`, `created_at`, `updated_at`) VALUES (\'63b30a8dd697e\', \'2023-01-02 23:47:09\', NULL, \'5000\', 1, \'-\', \'2023-01-02 23:47:09\', \'2023-01-02 23:47:09\')')
 4 SYSTEMPATH\Database\BaseBuilder.php(1916): CodeIgniter\Database\BaseConnection->query('INSERT INTO `pembayaran_simwa` (`id_pembayaran`, `timestamp`, `nomor_anggota`, `nominal`, `status`, `bukti_pembayaran`, `created_at`, `updated_at`) VALUES (:id_pembayaran:, :timestamp:, :nomor_anggota:, :nominal:, :status:, :bukti_pembayaran:, :created_at:, :updated_at:)', [...], false)
 5 SYSTEMPATH\Model.php(279): CodeIgniter\Database\BaseBuilder->insert()
 6 SYSTEMPATH\BaseModel.php(738): CodeIgniter\Model->doInsert([...])
 7 SYSTEMPATH\Model.php(667): CodeIgniter\BaseModel->insert([...], true)
 8 APPPATH\Controllers\Keuangan.php(80): CodeIgniter\Model->insert([...])
 9 SYSTEMPATH\CodeIgniter.php(907): App\Controllers\Keuangan->save_simpanan()
10 SYSTEMPATH\CodeIgniter.php(457): CodeIgniter\CodeIgniter->runController(Object(App\Controllers\Keuangan))
11 SYSTEMPATH\CodeIgniter.php(340): CodeIgniter\CodeIgniter->handleRequest(null, Object(Config\Cache), false)
12 FCPATH\index.php(55): CodeIgniter\CodeIgniter->run()
13 SYSTEMPATH\Commands\Server\rewrite.php(43): require_once('FCPATH\\index.php')
ERROR - 2023-01-02 23:56:33 --> mysqli_sql_exception: Unknown column 'data_simpanan.npm' in 'where clause' in D:\Coding\XAMMP 7.4\htdocs\panelkopma\vendor\codeigniter4\framework\system\Database\MySQLi\Connection.php:292
Stack trace:
#0 D:\Coding\XAMMP 7.4\htdocs\panelkopma\vendor\codeigniter4\framework\system\Database\MySQLi\Connection.php(292): mysqli->query('UPDATE `data_si...', 0)
#1 D:\Coding\XAMMP 7.4\htdocs\panelkopma\vendor\codeigniter4\framework\system\Database\BaseConnection.php(693): CodeIgniter\Database\MySQLi\Connection->execute('UPDATE `data_si...')
#2 D:\Coding\XAMMP 7.4\htdocs\panelkopma\vendor\codeigniter4\framework\system\Database\BaseConnection.php(620): CodeIgniter\Database\BaseConnection->simpleQuery('UPDATE `data_si...')
#3 D:\Coding\XAMMP 7.4\htdocs\panelkopma\vendor\codeigniter4\framework\system\Database\BaseBuilder.php(2079): CodeIgniter\Database\BaseConnection->query('UPDATE `data_si...', Array, false)
#4 D:\Coding\XAMMP 7.4\htdocs\panelkopma\vendor\codeigniter4\framework\system\Model.php(338): CodeIgniter\Database\BaseBuilder->update()
#5 D:\Coding\XAMMP 7.4\htdocs\panelkopma\vendor\codeigniter4\framework\system\BaseModel.php(865): CodeIgniter\Model->doUpdate(Array, Array)
#6 D:\Coding\XAMMP 7.4\htdocs\panelkopma\vendor\codeigniter4\framework\system\Model.php(693): CodeIgniter\BaseModel->update(Array, Array)
#7 D:\Coding\XAMMP 7.4\htdocs\panelkopma\app\Controllers\Keuangan.php(100): CodeIgniter\Model->update('1681/Kopma_UL/2...', Array)
#8 D:\Coding\XAMMP 7.4\htdocs\panelkopma\vendor\codeigniter4\framework\system\CodeIgniter.php(907): App\Controllers\Keuangan->accept('63b30c02b9b89')
#9 D:\Coding\XAMMP 7.4\htdocs\panelkopma\vendor\codeigniter4\framework\system\CodeIgniter.php(457): CodeIgniter\CodeIgniter->runController(Object(App\Controllers\Keuangan))
#10 D:\Coding\XAMMP 7.4\htdocs\panelkopma\vendor\codeigniter4\framework\system\CodeIgniter.php(340): CodeIgniter\CodeIgniter->handleRequest(NULL, Object(Config\Cache), false)
#11 D:\Coding\XAMMP 7.4\htdocs\panelkopma\public\index.php(55): CodeIgniter\CodeIgniter->run()
#12 D:\Coding\XAMMP 7.4\htdocs\panelkopma\vendor\codeigniter4\framework\system\Commands\Server\rewrite.php(43): require_once('D:\\Coding\\XAMMP...')
#13 {main}
CRITICAL - 2023-01-02 23:56:33 --> Unknown column 'data_simpanan.npm' in 'where clause'
in SYSTEMPATH\Database\MySQLi\Connection.php on line 292.
 1 SYSTEMPATH\Database\MySQLi\Connection.php(292): mysqli->query('UPDATE `data_simpanan` SET `simpanan_wajib` = 5000
WHERE `data_simpanan`.`npm` IN (\'1681/Kopma_UL/22\')', 0)
 2 SYSTEMPATH\Database\BaseConnection.php(693): CodeIgniter\Database\MySQLi\Connection->execute('UPDATE `data_simpanan` SET `simpanan_wajib` = 5000
WHERE `data_simpanan`.`npm` IN (\'1681/Kopma_UL/22\')')
 3 SYSTEMPATH\Database\BaseConnection.php(620): CodeIgniter\Database\BaseConnection->simpleQuery('UPDATE `data_simpanan` SET `simpanan_wajib` = 5000
WHERE `data_simpanan`.`npm` IN (\'1681/Kopma_UL/22\')')
 4 SYSTEMPATH\Database\BaseBuilder.php(2079): CodeIgniter\Database\BaseConnection->query('UPDATE `data_simpanan` SET `simpanan_wajib` = :simpanan_wajib:
WHERE `data_simpanan`.`npm` IN :data_simpanan.npm:', [...], false)
 5 SYSTEMPATH\Model.php(338): CodeIgniter\Database\BaseBuilder->update()
 6 SYSTEMPATH\BaseModel.php(865): CodeIgniter\Model->doUpdate([...], [...])
 7 SYSTEMPATH\Model.php(693): CodeIgniter\BaseModel->update([...], [...])
 8 APPPATH\Controllers\Keuangan.php(100): CodeIgniter\Model->update('1681/Kopma_UL/22', [...])
 9 SYSTEMPATH\CodeIgniter.php(907): App\Controllers\Keuangan->accept('63b30c02b9b89')
10 SYSTEMPATH\CodeIgniter.php(457): CodeIgniter\CodeIgniter->runController(Object(App\Controllers\Keuangan))
11 SYSTEMPATH\CodeIgniter.php(340): CodeIgniter\CodeIgniter->handleRequest(null, Object(Config\Cache), false)
12 FCPATH\index.php(55): CodeIgniter\CodeIgniter->run()
13 SYSTEMPATH\Commands\Server\rewrite.php(43): require_once('FCPATH\\index.php')
