ERROR - 2025-03-14 18:00:08 --> mysqli_sql_exception: Duplicate entry '2351011015' for key 'npm' in /home/u0715251/panel_kopma/vendor/codeigniter4/framework/system/Database/MySQLi/Connection.php:292
Stack trace:
#0 /home/u0715251/panel_kopma/vendor/codeigniter4/framework/system/Database/MySQLi/Connection.php(292): mysqli->query('UPDATE `data_an...', 0)
#1 /home/u0715251/panel_kopma/vendor/codeigniter4/framework/system/Database/BaseConnection.php(693): CodeIgniter\Database\MySQLi\Connection->execute('UPDATE `data_an...')
#2 /home/u0715251/panel_kopma/vendor/codeigniter4/framework/system/Database/BaseConnection.php(620): CodeIgniter\Database\BaseConnection->simpleQuery('UPDATE `data_an...')
#3 /home/u0715251/panel_kopma/vendor/codeigniter4/framework/system/Database/BaseBuilder.php(2079): CodeIgniter\Database\BaseConnection->query('UPDATE `data_an...', Array, false)
#4 /home/u0715251/panel_kopma/vendor/codeigniter4/framework/system/Model.php(338): CodeIgniter\Database\BaseBuilder->update()
#5 /home/u0715251/panel_kopma/vendor/codeigniter4/framework/system/BaseModel.php(865): CodeIgniter\Model->doUpdate(Array, Array)
#6 /home/u0715251/panel_kopma/vendor/codeigniter4/framework/system/Model.php(693): CodeIgniter\BaseModel->update(Array, Array)
#7 /home/u0715251/panel_kopma/vendor/codeigniter4/framework/system/BaseModel.php(656): CodeIgniter\Model->update('3604/Kopma_UL/2...', Array)
#8 /home/u0715251/panel_kopma/app/Controllers/Api.php(457): CodeIgniter\BaseModel->save(Array)
#9 /home/u0715251/panel_kopma/vendor/codeigniter4/framework/system/CodeIgniter.php(907): App\Controllers\Api->update_biodata()
#10 /home/u0715251/panel_kopma/vendor/codeigniter4/framework/system/CodeIgniter.php(457): CodeIgniter\CodeIgniter->runController(Object(App\Controllers\Api))
#11 /home/u0715251/panel_kopma/vendor/codeigniter4/framework/system/CodeIgniter.php(340): CodeIgniter\CodeIgniter->handleRequest(NULL, Object(Config\Cache), false)
#12 /home/u0715251/public_html/panel/index.php(55): CodeIgniter\CodeIgniter->run()
#13 {main}
ERROR - 2025-03-14 18:00:21 --> mysqli_sql_exception: Duplicate entry '2351011015' for key 'npm' in /home/u0715251/panel_kopma/vendor/codeigniter4/framework/system/Database/MySQLi/Connection.php:292
Stack trace:
#0 /home/u0715251/panel_kopma/vendor/codeigniter4/framework/system/Database/MySQLi/Connection.php(292): mysqli->query('UPDATE `data_an...', 0)
#1 /home/u0715251/panel_kopma/vendor/codeigniter4/framework/system/Database/BaseConnection.php(693): CodeIgniter\Database\MySQLi\Connection->execute('UPDATE `data_an...')
#2 /home/u0715251/panel_kopma/vendor/codeigniter4/framework/system/Database/BaseConnection.php(620): CodeIgniter\Database\BaseConnection->simpleQuery('UPDATE `data_an...')
#3 /home/u0715251/panel_kopma/vendor/codeigniter4/framework/system/Database/BaseBuilder.php(2079): CodeIgniter\Database\BaseConnection->query('UPDATE `data_an...', Array, false)
#4 /home/u0715251/panel_kopma/vendor/codeigniter4/framework/system/Model.php(338): CodeIgniter\Database\BaseBuilder->update()
#5 /home/u0715251/panel_kopma/vendor/codeigniter4/framework/system/BaseModel.php(865): CodeIgniter\Model->doUpdate(Array, Array)
#6 /home/u0715251/panel_kopma/vendor/codeigniter4/framework/system/Model.php(693): CodeIgniter\BaseModel->update(Array, Array)
#7 /home/u0715251/panel_kopma/vendor/codeigniter4/framework/system/BaseModel.php(656): CodeIgniter\Model->update('3604/Kopma_UL/2...', Array)
#8 /home/u0715251/panel_kopma/app/Controllers/Api.php(457): CodeIgniter\BaseModel->save(Array)
#9 /home/u0715251/panel_kopma/vendor/codeigniter4/framework/system/CodeIgniter.php(907): App\Controllers\Api->update_biodata()
#10 /home/u0715251/panel_kopma/vendor/codeigniter4/framework/system/CodeIgniter.php(457): CodeIgniter\CodeIgniter->runController(Object(App\Controllers\Api))
#11 /home/u0715251/panel_kopma/vendor/codeigniter4/framework/system/CodeIgniter.php(340): CodeIgniter\CodeIgniter->handleRequest(NULL, Object(Config\Cache), false)
#12 /home/u0715251/public_html/panel/index.php(55): CodeIgniter\CodeIgniter->run()
#13 {main}
ERROR - 2025-03-14 19:57:59 --> mysqli_sql_exception: Duplicate entry '2351011015' for key 'npm' in /home/u0715251/panel_kopma/vendor/codeigniter4/framework/system/Database/MySQLi/Connection.php:292
Stack trace:
#0 /home/u0715251/panel_kopma/vendor/codeigniter4/framework/system/Database/MySQLi/Connection.php(292): mysqli->query('UPDATE `data_an...', 0)
#1 /home/u0715251/panel_kopma/vendor/codeigniter4/framework/system/Database/BaseConnection.php(693): CodeIgniter\Database\MySQLi\Connection->execute('UPDATE `data_an...')
#2 /home/u0715251/panel_kopma/vendor/codeigniter4/framework/system/Database/BaseConnection.php(620): CodeIgniter\Database\BaseConnection->simpleQuery('UPDATE `data_an...')
#3 /home/u0715251/panel_kopma/vendor/codeigniter4/framework/system/Database/BaseBuilder.php(2079): CodeIgniter\Database\BaseConnection->query('UPDATE `data_an...', Array, false)
#4 /home/u0715251/panel_kopma/vendor/codeigniter4/framework/system/Model.php(338): CodeIgniter\Database\BaseBuilder->update()
#5 /home/u0715251/panel_kopma/vendor/codeigniter4/framework/system/BaseModel.php(865): CodeIgniter\Model->doUpdate(Array, Array)
#6 /home/u0715251/panel_kopma/vendor/codeigniter4/framework/system/Model.php(693): CodeIgniter\BaseModel->update(Array, Array)
#7 /home/u0715251/panel_kopma/vendor/codeigniter4/framework/system/BaseModel.php(656): CodeIgniter\Model->update('3604/Kopma_UL/2...', Array)
#8 /home/u0715251/panel_kopma/app/Controllers/Api.php(457): CodeIgniter\BaseModel->save(Array)
#9 /home/u0715251/panel_kopma/vendor/codeigniter4/framework/system/CodeIgniter.php(907): App\Controllers\Api->update_biodata()
#10 /home/u0715251/panel_kopma/vendor/codeigniter4/framework/system/CodeIgniter.php(457): CodeIgniter\CodeIgniter->runController(Object(App\Controllers\Api))
#11 /home/u0715251/panel_kopma/vendor/codeigniter4/framework/system/CodeIgniter.php(340): CodeIgniter\CodeIgniter->handleRequest(NULL, Object(Config\Cache), false)
#12 /home/u0715251/public_html/panel/index.php(55): CodeIgniter\CodeIgniter->run()
#13 {main}
