CRITICAL - 2025-09-18 03:07:05 --> Undefined variable $currentPage
in APPPATH\Views\humas\alumni.php on line 93.
 1 APPPATH\Views\humas\alumni.php(93): CodeIgniter\Debug\Exceptions->errorHandler()
 2 SYSTEMPATH\View\View.php(213): include('APPPATH\\Views\\humas\\alumni.php')
 3 SYSTEMPATH\View\View.php(216): CodeIgniter\View\View->CodeIgniter\View\{closure}()
 4 SYSTEMPATH\Common.php(1142): CodeIgniter\View\View->render()
 5 APPPATH\Controllers\Humas.php(33): view()
 6 SYSTEMPATH\CodeIgniter.php(907): App\Controllers\Humas->alumni()
 7 SYSTEMPATH\CodeIgniter.php(457): CodeIgniter\CodeIgniter->runController()
 8 SYSTEMPATH\CodeIgniter.php(340): CodeIgniter\CodeIgniter->handleRequest()
 9 FCPATH\index.php(55): CodeIgniter\CodeIgniter->run()
10 SYSTEMPATH\Commands\Server\rewrite.php(43): require_once('FCPATH\\index.php')
CRITICAL - 2025-09-18 03:08:10 --> Undefined variable $currentPage
in APPPATH\Views\humas\alumni.php on line 93.
 1 APPPATH\Views\humas\alumni.php(93): CodeIgniter\Debug\Exceptions->errorHandler()
 2 SYSTEMPATH\View\View.php(213): include('APPPATH\\Views\\humas\\alumni.php')
 3 SYSTEMPATH\View\View.php(216): CodeIgniter\View\View->CodeIgniter\View\{closure}()
 4 SYSTEMPATH\Common.php(1142): CodeIgniter\View\View->render()
 5 APPPATH\Controllers\Humas.php(33): view()
 6 SYSTEMPATH\CodeIgniter.php(907): App\Controllers\Humas->alumni()
 7 SYSTEMPATH\CodeIgniter.php(457): CodeIgniter\CodeIgniter->runController()
 8 SYSTEMPATH\CodeIgniter.php(340): CodeIgniter\CodeIgniter->handleRequest()
 9 FCPATH\index.php(55): CodeIgniter\CodeIgniter->run()
10 SYSTEMPATH\Commands\Server\rewrite.php(43): require_once('FCPATH\\index.php')
CRITICAL - 2025-09-18 03:08:35 --> Undefined variable $i
in APPPATH\Views\humas\alumni.php on line 95.
 1 APPPATH\Views\humas\alumni.php(95): CodeIgniter\Debug\Exceptions->errorHandler()
 2 SYSTEMPATH\View\View.php(213): include('APPPATH\\Views\\humas\\alumni.php')
 3 SYSTEMPATH\View\View.php(216): CodeIgniter\View\View->CodeIgniter\View\{closure}()
 4 SYSTEMPATH\Common.php(1142): CodeIgniter\View\View->render()
 5 APPPATH\Controllers\Humas.php(33): view()
 6 SYSTEMPATH\CodeIgniter.php(907): App\Controllers\Humas->alumni()
 7 SYSTEMPATH\CodeIgniter.php(457): CodeIgniter\CodeIgniter->runController()
 8 SYSTEMPATH\CodeIgniter.php(340): CodeIgniter\CodeIgniter->handleRequest()
 9 FCPATH\index.php(55): CodeIgniter\CodeIgniter->run()
10 SYSTEMPATH\Commands\Server\rewrite.php(43): require_once('FCPATH\\index.php')
CRITICAL - 2025-09-18 03:08:36 --> Undefined variable $i
in APPPATH\Views\humas\alumni.php on line 95.
 1 APPPATH\Views\humas\alumni.php(95): CodeIgniter\Debug\Exceptions->errorHandler()
 2 SYSTEMPATH\View\View.php(213): include('APPPATH\\Views\\humas\\alumni.php')
 3 SYSTEMPATH\View\View.php(216): CodeIgniter\View\View->CodeIgniter\View\{closure}()
 4 SYSTEMPATH\Common.php(1142): CodeIgniter\View\View->render()
 5 APPPATH\Controllers\Humas.php(33): view()
 6 SYSTEMPATH\CodeIgniter.php(907): App\Controllers\Humas->alumni()
 7 SYSTEMPATH\CodeIgniter.php(457): CodeIgniter\CodeIgniter->runController()
 8 SYSTEMPATH\CodeIgniter.php(340): CodeIgniter\CodeIgniter->handleRequest()
 9 FCPATH\index.php(55): CodeIgniter\CodeIgniter->run()
10 SYSTEMPATH\Commands\Server\rewrite.php(43): require_once('FCPATH\\index.php')
CRITICAL - 2025-09-18 03:09:56 --> Undefined variable $loop
in APPPATH\Views\humas\alumni.php on line 95.
 1 APPPATH\Views\humas\alumni.php(95): CodeIgniter\Debug\Exceptions->errorHandler()
 2 SYSTEMPATH\View\View.php(213): include('APPPATH\\Views\\humas\\alumni.php')
 3 SYSTEMPATH\View\View.php(216): CodeIgniter\View\View->CodeIgniter\View\{closure}()
 4 SYSTEMPATH\Common.php(1142): CodeIgniter\View\View->render()
 5 APPPATH\Controllers\Humas.php(33): view()
 6 SYSTEMPATH\CodeIgniter.php(907): App\Controllers\Humas->alumni()
 7 SYSTEMPATH\CodeIgniter.php(457): CodeIgniter\CodeIgniter->runController()
 8 SYSTEMPATH\CodeIgniter.php(340): CodeIgniter\CodeIgniter->handleRequest()
 9 FCPATH\index.php(55): CodeIgniter\CodeIgniter->run()
10 SYSTEMPATH\Commands\Server\rewrite.php(43): require_once('FCPATH\\index.php')
CRITICAL - 2025-09-18 12:53:19 --> Cannot use object of type App\Entities\Alumni as array
in APPPATH\Controllers\Humas.php on line 276.
 1 SYSTEMPATH\CodeIgniter.php(907): App\Controllers\Humas->export_alumni()
 2 SYSTEMPATH\CodeIgniter.php(457): CodeIgniter\CodeIgniter->runController()
 3 SYSTEMPATH\CodeIgniter.php(340): CodeIgniter\CodeIgniter->handleRequest()
 4 FCPATH\index.php(55): CodeIgniter\CodeIgniter->run()
 5 SYSTEMPATH\Commands\Server\rewrite.php(43): require_once('FCPATH\\index.php')
ERROR - 2025-09-18 13:27:01 --> mysqli_sql_exception: Duplicate entry '' for key 'data_anggota.npm' in D:\Project\CodeIgniter\Full Panel dr CPANEL\panel_kopma\vendor\codeigniter4\framework\system\Database\MySQLi\Connection.php:292
Stack trace:
#0 D:\Project\CodeIgniter\Full Panel dr CPANEL\panel_kopma\vendor\codeigniter4\framework\system\Database\MySQLi\Connection.php(292): mysqli->query()
#1 D:\Project\CodeIgniter\Full Panel dr CPANEL\panel_kopma\vendor\codeigniter4\framework\system\Database\BaseConnection.php(693): CodeIgniter\Database\MySQLi\Connection->execute()
#2 D:\Project\CodeIgniter\Full Panel dr CPANEL\panel_kopma\vendor\codeigniter4\framework\system\Database\BaseConnection.php(620): CodeIgniter\Database\BaseConnection->simpleQuery()
#3 D:\Project\CodeIgniter\Full Panel dr CPANEL\panel_kopma\vendor\codeigniter4\framework\system\Database\BaseBuilder.php(2079): CodeIgniter\Database\BaseConnection->query()
#4 D:\Project\CodeIgniter\Full Panel dr CPANEL\panel_kopma\vendor\codeigniter4\framework\system\Model.php(338): CodeIgniter\Database\BaseBuilder->update()
#5 D:\Project\CodeIgniter\Full Panel dr CPANEL\panel_kopma\vendor\codeigniter4\framework\system\BaseModel.php(865): CodeIgniter\Model->doUpdate()
#6 D:\Project\CodeIgniter\Full Panel dr CPANEL\panel_kopma\vendor\codeigniter4\framework\system\Model.php(693): CodeIgniter\BaseModel->update()
#7 D:\Project\CodeIgniter\Full Panel dr CPANEL\panel_kopma\vendor\codeigniter4\framework\system\BaseModel.php(656): CodeIgniter\Model->update()
#8 D:\Project\CodeIgniter\Full Panel dr CPANEL\panel_kopma\app\Controllers\Psda.php(260): CodeIgniter\BaseModel->save()
#9 D:\Project\CodeIgniter\Full Panel dr CPANEL\panel_kopma\vendor\codeigniter4\framework\system\CodeIgniter.php(907): App\Controllers\Psda->update_anggota()
#10 D:\Project\CodeIgniter\Full Panel dr CPANEL\panel_kopma\vendor\codeigniter4\framework\system\CodeIgniter.php(457): CodeIgniter\CodeIgniter->runController()
#11 D:\Project\CodeIgniter\Full Panel dr CPANEL\panel_kopma\vendor\codeigniter4\framework\system\CodeIgniter.php(340): CodeIgniter\CodeIgniter->handleRequest()
#12 D:\Project\CodeIgniter\Full Panel dr CPANEL\panel_kopma\public\index.php(55): CodeIgniter\CodeIgniter->run()
#13 D:\Project\CodeIgniter\Full Panel dr CPANEL\panel_kopma\vendor\codeigniter4\framework\system\Commands\Server\rewrite.php(43): require_once('...')
#14 {main}
CRITICAL - 2025-09-18 13:27:01 --> Duplicate entry '' for key 'data_anggota.npm'
in SYSTEMPATH\Database\MySQLi\Connection.php on line 292.
 1 SYSTEMPATH\Database\MySQLi\Connection.php(292): mysqli->query()
 2 SYSTEMPATH\Database\BaseConnection.php(693): CodeIgniter\Database\MySQLi\Connection->execute()
 3 SYSTEMPATH\Database\BaseConnection.php(620): CodeIgniter\Database\BaseConnection->simpleQuery()
 4 SYSTEMPATH\Database\BaseBuilder.php(2079): CodeIgniter\Database\BaseConnection->query()
 5 SYSTEMPATH\Model.php(338): CodeIgniter\Database\BaseBuilder->update()
 6 SYSTEMPATH\BaseModel.php(865): CodeIgniter\Model->doUpdate()
 7 SYSTEMPATH\Model.php(693): CodeIgniter\BaseModel->update()
 8 SYSTEMPATH\BaseModel.php(656): CodeIgniter\Model->update()
 9 APPPATH\Controllers\Psda.php(260): CodeIgniter\BaseModel->save()
10 SYSTEMPATH\CodeIgniter.php(907): App\Controllers\Psda->update_anggota()
11 SYSTEMPATH\CodeIgniter.php(457): CodeIgniter\CodeIgniter->runController()
12 SYSTEMPATH\CodeIgniter.php(340): CodeIgniter\CodeIgniter->handleRequest()
13 FCPATH\index.php(55): CodeIgniter\CodeIgniter->run()
14 SYSTEMPATH\Commands\Server\rewrite.php(43): require_once('FCPATH\\index.php')
ERROR - 2025-09-18 13:29:16 --> mysqli_sql_exception: Duplicate entry '' for key 'data_anggota.npm' in D:\Project\CodeIgniter\Full Panel dr CPANEL\panel_kopma\vendor\codeigniter4\framework\system\Database\MySQLi\Connection.php:292
Stack trace:
#0 D:\Project\CodeIgniter\Full Panel dr CPANEL\panel_kopma\vendor\codeigniter4\framework\system\Database\MySQLi\Connection.php(292): mysqli->query()
#1 D:\Project\CodeIgniter\Full Panel dr CPANEL\panel_kopma\vendor\codeigniter4\framework\system\Database\BaseConnection.php(693): CodeIgniter\Database\MySQLi\Connection->execute()
#2 D:\Project\CodeIgniter\Full Panel dr CPANEL\panel_kopma\vendor\codeigniter4\framework\system\Database\BaseConnection.php(620): CodeIgniter\Database\BaseConnection->simpleQuery()
#3 D:\Project\CodeIgniter\Full Panel dr CPANEL\panel_kopma\vendor\codeigniter4\framework\system\Database\BaseBuilder.php(2079): CodeIgniter\Database\BaseConnection->query()
#4 D:\Project\CodeIgniter\Full Panel dr CPANEL\panel_kopma\vendor\codeigniter4\framework\system\Model.php(338): CodeIgniter\Database\BaseBuilder->update()
#5 D:\Project\CodeIgniter\Full Panel dr CPANEL\panel_kopma\vendor\codeigniter4\framework\system\BaseModel.php(865): CodeIgniter\Model->doUpdate()
#6 D:\Project\CodeIgniter\Full Panel dr CPANEL\panel_kopma\vendor\codeigniter4\framework\system\Model.php(693): CodeIgniter\BaseModel->update()
#7 D:\Project\CodeIgniter\Full Panel dr CPANEL\panel_kopma\vendor\codeigniter4\framework\system\BaseModel.php(656): CodeIgniter\Model->update()
#8 D:\Project\CodeIgniter\Full Panel dr CPANEL\panel_kopma\app\Controllers\Psda.php(260): CodeIgniter\BaseModel->save()
#9 D:\Project\CodeIgniter\Full Panel dr CPANEL\panel_kopma\vendor\codeigniter4\framework\system\CodeIgniter.php(907): App\Controllers\Psda->update_anggota()
#10 D:\Project\CodeIgniter\Full Panel dr CPANEL\panel_kopma\vendor\codeigniter4\framework\system\CodeIgniter.php(457): CodeIgniter\CodeIgniter->runController()
#11 D:\Project\CodeIgniter\Full Panel dr CPANEL\panel_kopma\vendor\codeigniter4\framework\system\CodeIgniter.php(340): CodeIgniter\CodeIgniter->handleRequest()
#12 D:\Project\CodeIgniter\Full Panel dr CPANEL\panel_kopma\public\index.php(55): CodeIgniter\CodeIgniter->run()
#13 D:\Project\CodeIgniter\Full Panel dr CPANEL\panel_kopma\vendor\codeigniter4\framework\system\Commands\Server\rewrite.php(43): require_once('...')
#14 {main}
CRITICAL - 2025-09-18 13:29:16 --> Duplicate entry '' for key 'data_anggota.npm'
in SYSTEMPATH\Database\MySQLi\Connection.php on line 292.
 1 SYSTEMPATH\Database\MySQLi\Connection.php(292): mysqli->query()
 2 SYSTEMPATH\Database\BaseConnection.php(693): CodeIgniter\Database\MySQLi\Connection->execute()
 3 SYSTEMPATH\Database\BaseConnection.php(620): CodeIgniter\Database\BaseConnection->simpleQuery()
 4 SYSTEMPATH\Database\BaseBuilder.php(2079): CodeIgniter\Database\BaseConnection->query()
 5 SYSTEMPATH\Model.php(338): CodeIgniter\Database\BaseBuilder->update()
 6 SYSTEMPATH\BaseModel.php(865): CodeIgniter\Model->doUpdate()
 7 SYSTEMPATH\Model.php(693): CodeIgniter\BaseModel->update()
 8 SYSTEMPATH\BaseModel.php(656): CodeIgniter\Model->update()
 9 APPPATH\Controllers\Psda.php(260): CodeIgniter\BaseModel->save()
10 SYSTEMPATH\CodeIgniter.php(907): App\Controllers\Psda->update_anggota()
11 SYSTEMPATH\CodeIgniter.php(457): CodeIgniter\CodeIgniter->runController()
12 SYSTEMPATH\CodeIgniter.php(340): CodeIgniter\CodeIgniter->handleRequest()
13 FCPATH\index.php(55): CodeIgniter\CodeIgniter->run()
14 SYSTEMPATH\Commands\Server\rewrite.php(43): require_once('FCPATH\\index.php')
