CRITICAL - 2023-01-10 13:18:25 --> Undefined variable: surat_masuk
in APPPATH\Views\administrasi\surat_keluar.php on line 74.
 1 APPPATH\Views\administrasi\surat_keluar.php(74): CodeIgniter\Debug\Exceptions->errorHandler(8, 'Undefined variable: surat_masuk', 'APPPATH\\Views\\administrasi\\surat_keluar.php', 74, [...])
 2 SYSTEMPATH\View\View.php(213): include('APPPATH\\Views\\administrasi\\surat_keluar.php')
 3 SYSTEMPATH\View\View.php(216): CodeIgniter\View\View->CodeIgniter\View\{closure}()
 4 SYSTEMPATH\Common.php(1142): CodeIgniter\View\View->render('administrasi/surat_keluar', [], true)
 5 APPPATH\Controllers\Administrasi.php(256): view('administrasi/surat_keluar', [...])
 6 SYSTEMPATH\CodeIgniter.php(907): App\Controllers\Administrasi->surat_keluar()
 7 SYSTEMPATH\CodeIgniter.php(457): CodeIgniter\CodeIgniter->runController(Object(App\Controllers\Administrasi))
 8 SYSTEMPATH\CodeIgniter.php(340): CodeIgniter\CodeIgniter->handleRequest(null, Object(Config\Cache), false)
 9 FCPATH\index.php(55): CodeIgniter\CodeIgniter->run()
CRITICAL - 2023-01-10 13:18:38 --> Undefined variable: surat_masuk
in APPPATH\Views\administrasi\surat_keluar.php on line 74.
 1 APPPATH\Views\administrasi\surat_keluar.php(74): CodeIgniter\Debug\Exceptions->errorHandler(8, 'Undefined variable: surat_masuk', 'APPPATH\\Views\\administrasi\\surat_keluar.php', 74, [...])
 2 SYSTEMPATH\View\View.php(213): include('APPPATH\\Views\\administrasi\\surat_keluar.php')
 3 SYSTEMPATH\View\View.php(216): CodeIgniter\View\View->CodeIgniter\View\{closure}()
 4 SYSTEMPATH\Common.php(1142): CodeIgniter\View\View->render('administrasi/surat_keluar', [], true)
 5 APPPATH\Controllers\Administrasi.php(256): view('administrasi/surat_keluar', [...])
 6 SYSTEMPATH\CodeIgniter.php(907): App\Controllers\Administrasi->surat_keluar()
 7 SYSTEMPATH\CodeIgniter.php(457): CodeIgniter\CodeIgniter->runController(Object(App\Controllers\Administrasi))
 8 SYSTEMPATH\CodeIgniter.php(340): CodeIgniter\CodeIgniter->handleRequest(null, Object(Config\Cache), false)
 9 FCPATH\index.php(55): CodeIgniter\CodeIgniter->run()
CRITICAL - 2023-01-10 13:18:56 --> Invalid file: administrasi/add_surat_keluar.php
in SYSTEMPATH\Exceptions\FrameworkException.php on line 33.
 1 SYSTEMPATH\View\View.php(201): CodeIgniter\Exceptions\FrameworkException::forInvalidFile('administrasi/add_surat_keluar.php')
 2 SYSTEMPATH\Common.php(1142): CodeIgniter\View\View->render('administrasi/add_surat_keluar', [], true)
 3 APPPATH\Controllers\Administrasi.php(265): view('administrasi/add_surat_keluar', [...])
 4 SYSTEMPATH\CodeIgniter.php(907): App\Controllers\Administrasi->add_surat_keluar()
 5 SYSTEMPATH\CodeIgniter.php(457): CodeIgniter\CodeIgniter->runController(Object(App\Controllers\Administrasi))
 6 SYSTEMPATH\CodeIgniter.php(340): CodeIgniter\CodeIgniter->handleRequest(null, Object(Config\Cache), false)
 7 FCPATH\index.php(55): CodeIgniter\CodeIgniter->run()
CRITICAL - 2023-01-10 13:24:06 --> Invalid file: administrasi/edit_surat_keluar.php
in SYSTEMPATH\Exceptions\FrameworkException.php on line 33.
 1 SYSTEMPATH\View\View.php(201): CodeIgniter\Exceptions\FrameworkException::forInvalidFile('administrasi/edit_surat_keluar.php')
 2 SYSTEMPATH\Common.php(1142): CodeIgniter\View\View->render('administrasi/edit_surat_keluar', [], true)
 3 APPPATH\Controllers\Administrasi.php(359): view('administrasi/edit_surat_keluar', [...])
 4 SYSTEMPATH\CodeIgniter.php(907): App\Controllers\Administrasi->edit_surat_keluar('1')
 5 SYSTEMPATH\CodeIgniter.php(457): CodeIgniter\CodeIgniter->runController(Object(App\Controllers\Administrasi))
 6 SYSTEMPATH\CodeIgniter.php(340): CodeIgniter\CodeIgniter->handleRequest(null, Object(Config\Cache), false)
 7 FCPATH\index.php(55): CodeIgniter\CodeIgniter->run()
CRITICAL - 2023-01-10 13:25:24 --> Undefined variable: surat_masuk
in APPPATH\Views\administrasi\edit_surat_keluar.php on line 21.
 1 APPPATH\Views\administrasi\edit_surat_keluar.php(21): CodeIgniter\Debug\Exceptions->errorHandler(8, 'Undefined variable: surat_masuk', 'APPPATH\\Views\\administrasi\\edit_surat_keluar.php', 21, [...])
 2 SYSTEMPATH\View\View.php(213): include('APPPATH\\Views\\administrasi\\edit_surat_keluar.php')
 3 SYSTEMPATH\View\View.php(216): CodeIgniter\View\View->CodeIgniter\View\{closure}()
 4 SYSTEMPATH\Common.php(1142): CodeIgniter\View\View->render('administrasi/edit_surat_keluar', [], true)
 5 APPPATH\Controllers\Administrasi.php(359): view('administrasi/edit_surat_keluar', [...])
 6 SYSTEMPATH\CodeIgniter.php(907): App\Controllers\Administrasi->edit_surat_keluar('1')
 7 SYSTEMPATH\CodeIgniter.php(457): CodeIgniter\CodeIgniter->runController(Object(App\Controllers\Administrasi))
 8 SYSTEMPATH\CodeIgniter.php(340): CodeIgniter\CodeIgniter->handleRequest(null, Object(Config\Cache), false)
 9 FCPATH\index.php(55): CodeIgniter\CodeIgniter->run()
CRITICAL - 2023-01-10 13:26:06 --> Invalid file: administrasi/view_surat_keluar.php
in SYSTEMPATH\Exceptions\FrameworkException.php on line 33.
 1 SYSTEMPATH\View\View.php(201): CodeIgniter\Exceptions\FrameworkException::forInvalidFile('administrasi/view_surat_keluar.php')
 2 SYSTEMPATH\Common.php(1142): CodeIgniter\View\View->render('administrasi/view_surat_keluar', [], true)
 3 APPPATH\Controllers\Administrasi.php(347): view('administrasi/view_surat_keluar', [...])
 4 SYSTEMPATH\CodeIgniter.php(907): App\Controllers\Administrasi->view_surat_keluar('Jadwal Jaga Usaha Pengurus 29 Maret- 01 April 2022.pdf')
 5 SYSTEMPATH\CodeIgniter.php(457): CodeIgniter\CodeIgniter->runController(Object(App\Controllers\Administrasi))
 6 SYSTEMPATH\CodeIgniter.php(340): CodeIgniter\CodeIgniter->handleRequest(null, Object(Config\Cache), false)
 7 FCPATH\index.php(55): CodeIgniter\CodeIgniter->run()
CRITICAL - 2023-01-10 13:26:07 --> Invalid file: administrasi/view_surat_keluar.php
in SYSTEMPATH\Exceptions\FrameworkException.php on line 33.
 1 SYSTEMPATH\View\View.php(201): CodeIgniter\Exceptions\FrameworkException::forInvalidFile('administrasi/view_surat_keluar.php')
 2 SYSTEMPATH\Common.php(1142): CodeIgniter\View\View->render('administrasi/view_surat_keluar', [], true)
 3 APPPATH\Controllers\Administrasi.php(347): view('administrasi/view_surat_keluar', [...])
 4 SYSTEMPATH\CodeIgniter.php(907): App\Controllers\Administrasi->view_surat_keluar('Jadwal Jaga Usaha Pengurus 29 Maret- 01 April 2022.pdf')
 5 SYSTEMPATH\CodeIgniter.php(457): CodeIgniter\CodeIgniter->runController(Object(App\Controllers\Administrasi))
 6 SYSTEMPATH\CodeIgniter.php(340): CodeIgniter\CodeIgniter->handleRequest(null, Object(Config\Cache), false)
 7 FCPATH\index.php(55): CodeIgniter\CodeIgniter->run()
CRITICAL - 2023-01-10 13:26:07 --> Invalid file: administrasi/view_surat_keluar.php
in SYSTEMPATH\Exceptions\FrameworkException.php on line 33.
 1 SYSTEMPATH\View\View.php(201): CodeIgniter\Exceptions\FrameworkException::forInvalidFile('administrasi/view_surat_keluar.php')
 2 SYSTEMPATH\Common.php(1142): CodeIgniter\View\View->render('administrasi/view_surat_keluar', [], true)
 3 APPPATH\Controllers\Administrasi.php(347): view('administrasi/view_surat_keluar', [...])
 4 SYSTEMPATH\CodeIgniter.php(907): App\Controllers\Administrasi->view_surat_keluar('Jadwal Jaga Usaha Pengurus 29 Maret- 01 April 2022.pdf')
 5 SYSTEMPATH\CodeIgniter.php(457): CodeIgniter\CodeIgniter->runController(Object(App\Controllers\Administrasi))
 6 SYSTEMPATH\CodeIgniter.php(340): CodeIgniter\CodeIgniter->handleRequest(null, Object(Config\Cache), false)
 7 FCPATH\index.php(55): CodeIgniter\CodeIgniter->run()
CRITICAL - 2023-01-10 13:26:07 --> Invalid file: administrasi/view_surat_keluar.php
in SYSTEMPATH\Exceptions\FrameworkException.php on line 33.
 1 SYSTEMPATH\View\View.php(201): CodeIgniter\Exceptions\FrameworkException::forInvalidFile('administrasi/view_surat_keluar.php')
 2 SYSTEMPATH\Common.php(1142): CodeIgniter\View\View->render('administrasi/view_surat_keluar', [], true)
 3 APPPATH\Controllers\Administrasi.php(347): view('administrasi/view_surat_keluar', [...])
 4 SYSTEMPATH\CodeIgniter.php(907): App\Controllers\Administrasi->view_surat_keluar('Jadwal Jaga Usaha Pengurus 29 Maret- 01 April 2022.pdf')
 5 SYSTEMPATH\CodeIgniter.php(457): CodeIgniter\CodeIgniter->runController(Object(App\Controllers\Administrasi))
 6 SYSTEMPATH\CodeIgniter.php(340): CodeIgniter\CodeIgniter->handleRequest(null, Object(Config\Cache), false)
 7 FCPATH\index.php(55): CodeIgniter\CodeIgniter->run()
CRITICAL - 2023-01-10 13:26:07 --> Invalid file: administrasi/view_surat_keluar.php
in SYSTEMPATH\Exceptions\FrameworkException.php on line 33.
 1 SYSTEMPATH\View\View.php(201): CodeIgniter\Exceptions\FrameworkException::forInvalidFile('administrasi/view_surat_keluar.php')
 2 SYSTEMPATH\Common.php(1142): CodeIgniter\View\View->render('administrasi/view_surat_keluar', [], true)
 3 APPPATH\Controllers\Administrasi.php(347): view('administrasi/view_surat_keluar', [...])
 4 SYSTEMPATH\CodeIgniter.php(907): App\Controllers\Administrasi->view_surat_keluar('Jadwal Jaga Usaha Pengurus 29 Maret- 01 April 2022.pdf')
 5 SYSTEMPATH\CodeIgniter.php(457): CodeIgniter\CodeIgniter->runController(Object(App\Controllers\Administrasi))
 6 SYSTEMPATH\CodeIgniter.php(340): CodeIgniter\CodeIgniter->handleRequest(null, Object(Config\Cache), false)
 7 FCPATH\index.php(55): CodeIgniter\CodeIgniter->run()
CRITICAL - 2023-01-10 13:28:24 --> Invalid file: administrasi/add_surat.php
in SYSTEMPATH\Exceptions\FrameworkException.php on line 33.
 1 SYSTEMPATH\View\View.php(201): CodeIgniter\Exceptions\FrameworkException::forInvalidFile('administrasi/add_surat.php')
 2 SYSTEMPATH\Common.php(1142): CodeIgniter\View\View->render('administrasi/add_surat', [], true)
 3 APPPATH\Controllers\Administrasi.php(46): view('administrasi/add_surat', [...])
 4 SYSTEMPATH\CodeIgniter.php(907): App\Controllers\Administrasi->add_surat_masuk()
 5 SYSTEMPATH\CodeIgniter.php(457): CodeIgniter\CodeIgniter->runController(Object(App\Controllers\Administrasi))
 6 SYSTEMPATH\CodeIgniter.php(340): CodeIgniter\CodeIgniter->handleRequest(null, Object(Config\Cache), false)
 7 FCPATH\index.php(55): CodeIgniter\CodeIgniter->run()
CRITICAL - 2023-01-10 13:28:37 --> Invalid file: administrasi/add_surat.php
in SYSTEMPATH\Exceptions\FrameworkException.php on line 33.
 1 SYSTEMPATH\View\View.php(201): CodeIgniter\Exceptions\FrameworkException::forInvalidFile('administrasi/add_surat.php')
 2 SYSTEMPATH\Common.php(1142): CodeIgniter\View\View->render('administrasi/add_surat', [], true)
 3 APPPATH\Controllers\Administrasi.php(46): view('administrasi/add_surat', [...])
 4 SYSTEMPATH\CodeIgniter.php(907): App\Controllers\Administrasi->add_surat_masuk()
 5 SYSTEMPATH\CodeIgniter.php(457): CodeIgniter\CodeIgniter->runController(Object(App\Controllers\Administrasi))
 6 SYSTEMPATH\CodeIgniter.php(340): CodeIgniter\CodeIgniter->handleRequest(null, Object(Config\Cache), false)
 7 FCPATH\index.php(55): CodeIgniter\CodeIgniter->run()
CRITICAL - 2023-01-10 13:33:17 --> Invalid file: administrasi/edit_surat.php
in SYSTEMPATH\Exceptions\FrameworkException.php on line 33.
 1 SYSTEMPATH\View\View.php(201): CodeIgniter\Exceptions\FrameworkException::forInvalidFile('administrasi/edit_surat.php')
 2 SYSTEMPATH\Common.php(1142): CodeIgniter\View\View->render('administrasi/edit_surat', [], true)
 3 APPPATH\Controllers\Administrasi.php(140): view('administrasi/edit_surat', [...])
 4 SYSTEMPATH\CodeIgniter.php(907): App\Controllers\Administrasi->edit_surat_masuk('5')
 5 SYSTEMPATH\CodeIgniter.php(457): CodeIgniter\CodeIgniter->runController(Object(App\Controllers\Administrasi))
 6 SYSTEMPATH\CodeIgniter.php(340): CodeIgniter\CodeIgniter->handleRequest(null, Object(Config\Cache), false)
 7 FCPATH\index.php(55): CodeIgniter\CodeIgniter->run()
CRITICAL - 2023-01-10 16:17:37 --> Invalid file: usaha/produk.php
in SYSTEMPATH\Exceptions\FrameworkException.php on line 33.
 1 SYSTEMPATH\View\View.php(201): CodeIgniter\Exceptions\FrameworkException::forInvalidFile('usaha/produk.php')
 2 SYSTEMPATH\Common.php(1142): CodeIgniter\View\View->render('usaha/produk', [], true)
 3 APPPATH\Controllers\Usaha.php(31): view('usaha/produk', [...])
 4 SYSTEMPATH\CodeIgniter.php(907): App\Controllers\Usaha->produk()
 5 SYSTEMPATH\CodeIgniter.php(457): CodeIgniter\CodeIgniter->runController(Object(App\Controllers\Usaha))
 6 SYSTEMPATH\CodeIgniter.php(340): CodeIgniter\CodeIgniter->handleRequest(null, Object(Config\Cache), false)
 7 FCPATH\index.php(55): CodeIgniter\CodeIgniter->run()
CRITICAL - 2023-01-10 16:37:54 --> Undefined variable: validation
in APPPATH\Views\usaha\add_produk.php on line 24.
 1 APPPATH\Views\usaha\add_produk.php(24): CodeIgniter\Debug\Exceptions->errorHandler(8, 'Undefined variable: validation', 'APPPATH\\Views\\usaha\\add_produk.php', 24, [...])
 2 SYSTEMPATH\View\View.php(213): include('APPPATH\\Views\\usaha\\add_produk.php')
 3 SYSTEMPATH\View\View.php(216): CodeIgniter\View\View->CodeIgniter\View\{closure}()
 4 SYSTEMPATH\Common.php(1142): CodeIgniter\View\View->render('usaha/add_produk', [], true)
 5 APPPATH\Controllers\Usaha.php(39): view('usaha/add_produk', [...])
 6 SYSTEMPATH\CodeIgniter.php(907): App\Controllers\Usaha->add_produk()
 7 SYSTEMPATH\CodeIgniter.php(457): CodeIgniter\CodeIgniter->runController(Object(App\Controllers\Usaha))
 8 SYSTEMPATH\CodeIgniter.php(340): CodeIgniter\CodeIgniter->handleRequest(null, Object(Config\Cache), false)
 9 FCPATH\index.php(55): CodeIgniter\CodeIgniter->run()
CRITICAL - 2023-01-10 17:00:54 --> strpos(): Offset not contained in string
in SYSTEMPATH\Validation\Validation.php on line 807.
 1 [internal function]: CodeIgniter\Debug\Exceptions->errorHandler(2, 'strpos(): Offset not contained in string', 'SYSTEMPATH\\Validation\\Validation.php', 807, [...])
 2 SYSTEMPATH\Validation\Validation.php(807): strpos('uploaded[file|ext_in[file,png,jpg,jpeg]|mime_in[file,image/png,image/jpg,image/jpeg]', '|', 85)
 3 SYSTEMPATH\Validation\Validation.php(145): CodeIgniter\Validation\Validation->splitRules([])
 4 SYSTEMPATH\Controller.php(140): CodeIgniter\Validation\Validation->run()
 5 APPPATH\Controllers\Usaha.php(71): CodeIgniter\Controller->validate([...])
 6 SYSTEMPATH\CodeIgniter.php(907): App\Controllers\Usaha->save_produk()
 7 SYSTEMPATH\CodeIgniter.php(457): CodeIgniter\CodeIgniter->runController(Object(App\Controllers\Usaha))
 8 SYSTEMPATH\CodeIgniter.php(340): CodeIgniter\CodeIgniter->handleRequest(null, Object(Config\Cache), false)
 9 FCPATH\index.php(55): CodeIgniter\CodeIgniter->run()
CRITICAL - 2023-01-10 18:08:05 --> Undefined index: jensi_kelamin
in APPPATH\Views\psda\data_anggota.php on line 76.
 1 APPPATH\Views\psda\data_anggota.php(76): CodeIgniter\Debug\Exceptions->errorHandler(8, 'Undefined index: jensi_kelamin', 'APPPATH\\Views\\psda\\data_anggota.php', 76, [...])
 2 SYSTEMPATH\View\View.php(213): include('APPPATH\\Views\\psda\\data_anggota.php')
 3 SYSTEMPATH\View\View.php(216): CodeIgniter\View\View->CodeIgniter\View\{closure}()
 4 SYSTEMPATH\Common.php(1142): CodeIgniter\View\View->render('psda/data_anggota', [], true)
 5 APPPATH\Controllers\Psda.php(85): view('psda/data_anggota', [...])
 6 SYSTEMPATH\CodeIgniter.php(907): App\Controllers\Psda->data_anggota()
 7 SYSTEMPATH\CodeIgniter.php(457): CodeIgniter\CodeIgniter->runController(Object(App\Controllers\Psda))
 8 SYSTEMPATH\CodeIgniter.php(340): CodeIgniter\CodeIgniter->handleRequest(null, Object(Config\Cache), false)
 9 FCPATH\index.php(55): CodeIgniter\CodeIgniter->run()
CRITICAL - 2023-01-10 20:46:27 --> unlink(assets/uploads/document/surat_masuk/1673344899_5dc4aee1495daa507e2f.png): No such file or directory
in APPPATH\Controllers\Usaha.php on line 142.
 1 [internal function]: CodeIgniter\Debug\Exceptions->errorHandler(2, 'unlink(assets/uploads/document/surat_masuk/1673344899_5dc4aee1495daa507e2f.png): No such file or directory', 'APPPATH\\Controllers\\Usaha.php', 142, [...])
 2 APPPATH\Controllers\Usaha.php(142): unlink('assets/uploads/document/surat_masuk/1673344899_5dc4aee1495daa507e2f.png')
 3 SYSTEMPATH\CodeIgniter.php(907): App\Controllers\Usaha->save_update_produk()
 4 SYSTEMPATH\CodeIgniter.php(457): CodeIgniter\CodeIgniter->runController(Object(App\Controllers\Usaha))
 5 SYSTEMPATH\CodeIgniter.php(340): CodeIgniter\CodeIgniter->handleRequest(null, Object(Config\Cache), false)
 6 FCPATH\index.php(55): CodeIgniter\CodeIgniter->run()
CRITICAL - 2023-01-10 20:46:56 --> unlink(assets/uploads/img/produk/1673344899_5dc4aee1495daa507e2f.png): No such file or directory
in APPPATH\Controllers\Usaha.php on line 142.
 1 [internal function]: CodeIgniter\Debug\Exceptions->errorHandler(2, 'unlink(assets/uploads/img/produk/1673344899_5dc4aee1495daa507e2f.png): No such file or directory', 'APPPATH\\Controllers\\Usaha.php', 142, [...])
 2 APPPATH\Controllers\Usaha.php(142): unlink('assets/uploads/img/produk/1673344899_5dc4aee1495daa507e2f.png')
 3 SYSTEMPATH\CodeIgniter.php(907): App\Controllers\Usaha->save_update_produk()
 4 SYSTEMPATH\CodeIgniter.php(457): CodeIgniter\CodeIgniter->runController(Object(App\Controllers\Usaha))
 5 SYSTEMPATH\CodeIgniter.php(340): CodeIgniter\CodeIgniter->handleRequest(null, Object(Config\Cache), false)
 6 FCPATH\index.php(55): CodeIgniter\CodeIgniter->run()
CRITICAL - 2023-01-10 20:52:00 --> unlink(assets/uploads/img/produk/1673344972_878631a0f404173193d2.png): No such file or directory
in APPPATH\Controllers\Usaha.php on line 166.
 1 [internal function]: CodeIgniter\Debug\Exceptions->errorHandler(2, 'unlink(assets/uploads/img/produk/1673344972_878631a0f404173193d2.png): No such file or directory', 'APPPATH\\Controllers\\Usaha.php', 166, [...])
 2 APPPATH\Controllers\Usaha.php(166): unlink('assets/uploads/img/produk/1673344972_878631a0f404173193d2.png')
 3 SYSTEMPATH\CodeIgniter.php(907): App\Controllers\Usaha->delete_produk()
 4 SYSTEMPATH\CodeIgniter.php(457): CodeIgniter\CodeIgniter->runController(Object(App\Controllers\Usaha))
 5 SYSTEMPATH\CodeIgniter.php(340): CodeIgniter\CodeIgniter->handleRequest(null, Object(Config\Cache), false)
 6 FCPATH\index.php(55): CodeIgniter\CodeIgniter->run()
ERROR - 2023-01-10 20:52:14 --> mysqli_sql_exception: Unknown column 'id' in 'where clause' in D:\Coding\laragon\www\panelkopma\vendor\codeigniter4\framework\system\Database\MySQLi\Connection.php:292
Stack trace:
#0 D:\Coding\laragon\www\panelkopma\vendor\codeigniter4\framework\system\Database\MySQLi\Connection.php(292): mysqli->query('DELETE FROM `pr...', 0)
#1 D:\Coding\laragon\www\panelkopma\vendor\codeigniter4\framework\system\Database\BaseConnection.php(693): CodeIgniter\Database\MySQLi\Connection->execute('DELETE FROM `pr...')
#2 D:\Coding\laragon\www\panelkopma\vendor\codeigniter4\framework\system\Database\BaseConnection.php(620): CodeIgniter\Database\BaseConnection->simpleQuery('DELETE FROM `pr...')
#3 D:\Coding\laragon\www\panelkopma\vendor\codeigniter4\framework\system\Database\BaseBuilder.php(2391): CodeIgniter\Database\BaseConnection->query('DELETE FROM `pr...', Array, false)
#4 D:\Coding\laragon\www\panelkopma\vendor\codeigniter4\framework\system\Model.php(401): CodeIgniter\Database\BaseBuilder->delete()
#5 D:\Coding\laragon\www\panelkopma\vendor\codeigniter4\framework\system\BaseModel.php(963): CodeIgniter\Model->doDelete(NULL, false)
#6 D:\Coding\laragon\www\panelkopma\app\Controllers\Usaha.php(167): CodeIgniter\BaseModel->delete()
#7 D:\Coding\laragon\www\panelkopma\vendor\codeigniter4\framework\system\CodeIgniter.php(907): App\Controllers\Usaha->delete_produk()
#8 D:\Coding\laragon\www\panelkopma\vendor\codeigniter4\framework\system\CodeIgniter.php(457): CodeIgniter\CodeIgniter->runController(Object(App\Controllers\Usaha))
#9 D:\Coding\laragon\www\panelkopma\vendor\codeigniter4\framework\system\CodeIgniter.php(340): CodeIgniter\CodeIgniter->handleRequest(NULL, Object(Config\Cache), false)
#10 D:\Coding\laragon\www\panelkopma\public\index.php(55): CodeIgniter\CodeIgniter->run()
#11 {main}
CRITICAL - 2023-01-10 20:52:14 --> Unknown column 'id' in 'where clause'
in SYSTEMPATH\Database\MySQLi\Connection.php on line 292.
 1 SYSTEMPATH\Database\MySQLi\Connection.php(292): mysqli->query('DELETE FROM `produk`
WHERE `id` = \'2\'', 0)
 2 SYSTEMPATH\Database\BaseConnection.php(693): CodeIgniter\Database\MySQLi\Connection->execute('DELETE FROM `produk`
WHERE `id` = \'2\'')
 3 SYSTEMPATH\Database\BaseConnection.php(620): CodeIgniter\Database\BaseConnection->simpleQuery('DELETE FROM `produk`
WHERE `id` = \'2\'')
 4 SYSTEMPATH\Database\BaseBuilder.php(2391): CodeIgniter\Database\BaseConnection->query('DELETE FROM `produk`
WHERE `id` = :id:', [...], false)
 5 SYSTEMPATH\Model.php(401): CodeIgniter\Database\BaseBuilder->delete()
 6 SYSTEMPATH\BaseModel.php(963): CodeIgniter\Model->doDelete(null, false)
 7 APPPATH\Controllers\Usaha.php(167): CodeIgniter\BaseModel->delete()
 8 SYSTEMPATH\CodeIgniter.php(907): App\Controllers\Usaha->delete_produk()
 9 SYSTEMPATH\CodeIgniter.php(457): CodeIgniter\CodeIgniter->runController(Object(App\Controllers\Usaha))
10 SYSTEMPATH\CodeIgniter.php(340): CodeIgniter\CodeIgniter->handleRequest(null, Object(Config\Cache), false)
11 FCPATH\index.php(55): CodeIgniter\CodeIgniter->run()
CRITICAL - 2023-01-10 22:25:48 --> File "https://panelkopma.test/assets/uploads/document/data_anggota/test.xlsx" does not exist.
in VENDORPATH\phpoffice\phpspreadsheet\src\PhpSpreadsheet\Shared\File.php on line 149.
 1 VENDORPATH\phpoffice\phpspreadsheet\src\PhpSpreadsheet\Reader\Xlsx.php(409): PhpOffice\PhpSpreadsheet\Shared\File::assertFile('https://panelkopma.test/assets/uploads/document/data_anggota/test.xlsx', '_rels/.rels')
 2 VENDORPATH\phpoffice\phpspreadsheet\src\PhpSpreadsheet\Reader\BaseReader.php(172): PhpOffice\PhpSpreadsheet\Reader\Xlsx->loadSpreadsheetFromFile('https://panelkopma.test/assets/uploads/document/data_anggota/test.xlsx')
 3 APPPATH\Controllers\Psda.php(262): PhpOffice\PhpSpreadsheet\Reader\BaseReader->load('https://panelkopma.test/assets/uploads/document/data_anggota/test.xlsx')
 4 SYSTEMPATH\CodeIgniter.php(907): App\Controllers\Psda->upload_anggota()
 5 SYSTEMPATH\CodeIgniter.php(457): CodeIgniter\CodeIgniter->runController(Object(App\Controllers\Psda))
 6 SYSTEMPATH\CodeIgniter.php(340): CodeIgniter\CodeIgniter->handleRequest(null, Object(Config\Cache), false)
 7 FCPATH\index.php(55): CodeIgniter\CodeIgniter->run()
CRITICAL - 2023-01-10 22:26:54 --> File "/assets/uploads/document/data_anggota/test.xlsx" does not exist.
in VENDORPATH\phpoffice\phpspreadsheet\src\PhpSpreadsheet\Shared\File.php on line 149.
 1 VENDORPATH\phpoffice\phpspreadsheet\src\PhpSpreadsheet\Reader\Xlsx.php(409): PhpOffice\PhpSpreadsheet\Shared\File::assertFile('/assets/uploads/document/data_anggota/test.xlsx', '_rels/.rels')
 2 VENDORPATH\phpoffice\phpspreadsheet\src\PhpSpreadsheet\Reader\BaseReader.php(172): PhpOffice\PhpSpreadsheet\Reader\Xlsx->loadSpreadsheetFromFile('/assets/uploads/document/data_anggota/test.xlsx')
 3 APPPATH\Controllers\Psda.php(262): PhpOffice\PhpSpreadsheet\Reader\BaseReader->load('/assets/uploads/document/data_anggota/test.xlsx')
 4 SYSTEMPATH\CodeIgniter.php(907): App\Controllers\Psda->upload_anggota()
 5 SYSTEMPATH\CodeIgniter.php(457): CodeIgniter\CodeIgniter->runController(Object(App\Controllers\Psda))
 6 SYSTEMPATH\CodeIgniter.php(340): CodeIgniter\CodeIgniter->handleRequest(null, Object(Config\Cache), false)
 7 FCPATH\index.php(55): CodeIgniter\CodeIgniter->run()
CRITICAL - 2023-01-10 22:27:19 --> File "https://panelkopma.test/assets/uploads/document/data_anggota/test.xlsx" does not exist.
in VENDORPATH\phpoffice\phpspreadsheet\src\PhpSpreadsheet\Shared\File.php on line 149.
 1 VENDORPATH\phpoffice\phpspreadsheet\src\PhpSpreadsheet\Reader\Xlsx.php(409): PhpOffice\PhpSpreadsheet\Shared\File::assertFile('https://panelkopma.test/assets/uploads/document/data_anggota/test.xlsx', '_rels/.rels')
 2 VENDORPATH\phpoffice\phpspreadsheet\src\PhpSpreadsheet\Reader\BaseReader.php(172): PhpOffice\PhpSpreadsheet\Reader\Xlsx->loadSpreadsheetFromFile('https://panelkopma.test/assets/uploads/document/data_anggota/test.xlsx')
 3 APPPATH\Controllers\Psda.php(262): PhpOffice\PhpSpreadsheet\Reader\BaseReader->load('https://panelkopma.test/assets/uploads/document/data_anggota/test.xlsx')
 4 SYSTEMPATH\CodeIgniter.php(907): App\Controllers\Psda->upload_anggota()
 5 SYSTEMPATH\CodeIgniter.php(457): CodeIgniter\CodeIgniter->runController(Object(App\Controllers\Psda))
 6 SYSTEMPATH\CodeIgniter.php(340): CodeIgniter\CodeIgniter->handleRequest(null, Object(Config\Cache), false)
 7 FCPATH\index.php(55): CodeIgniter\CodeIgniter->run()
CRITICAL - 2023-01-10 22:28:02 --> File "https://panelkopma.test/C:%5CWindows%5CTemp%5Cphp395C.tmp" does not exist.
in VENDORPATH\phpoffice\phpspreadsheet\src\PhpSpreadsheet\Shared\File.php on line 149.
 1 VENDORPATH\phpoffice\phpspreadsheet\src\PhpSpreadsheet\Reader\Xlsx.php(409): PhpOffice\PhpSpreadsheet\Shared\File::assertFile('https://panelkopma.test/C:%5CWindows%5CTemp%5Cphp395C.tmp', '_rels/.rels')
 2 VENDORPATH\phpoffice\phpspreadsheet\src\PhpSpreadsheet\Reader\BaseReader.php(172): PhpOffice\PhpSpreadsheet\Reader\Xlsx->loadSpreadsheetFromFile('https://panelkopma.test/C:%5CWindows%5CTemp%5Cphp395C.tmp')
 3 APPPATH\Controllers\Psda.php(262): PhpOffice\PhpSpreadsheet\Reader\BaseReader->load('https://panelkopma.test/C:%5CWindows%5CTemp%5Cphp395C.tmp')
 4 SYSTEMPATH\CodeIgniter.php(907): App\Controllers\Psda->upload_anggota()
 5 SYSTEMPATH\CodeIgniter.php(457): CodeIgniter\CodeIgniter->runController(Object(App\Controllers\Psda))
 6 SYSTEMPATH\CodeIgniter.php(340): CodeIgniter\CodeIgniter->handleRequest(null, Object(Config\Cache), false)
 7 FCPATH\index.php(55): CodeIgniter\CodeIgniter->run()
CRITICAL - 2023-01-10 22:28:14 --> File "https://panelkopma.test/C:%5CWindows%5CTemp%5Cphp67FF.tmp" does not exist.
in VENDORPATH\phpoffice\phpspreadsheet\src\PhpSpreadsheet\Shared\File.php on line 149.
 1 VENDORPATH\phpoffice\phpspreadsheet\src\PhpSpreadsheet\Reader\Xlsx.php(409): PhpOffice\PhpSpreadsheet\Shared\File::assertFile('https://panelkopma.test/C:%5CWindows%5CTemp%5Cphp67FF.tmp', '_rels/.rels')
 2 VENDORPATH\phpoffice\phpspreadsheet\src\PhpSpreadsheet\Reader\BaseReader.php(172): PhpOffice\PhpSpreadsheet\Reader\Xlsx->loadSpreadsheetFromFile('https://panelkopma.test/C:%5CWindows%5CTemp%5Cphp67FF.tmp')
 3 APPPATH\Controllers\Psda.php(262): PhpOffice\PhpSpreadsheet\Reader\BaseReader->load('https://panelkopma.test/C:%5CWindows%5CTemp%5Cphp67FF.tmp')
 4 SYSTEMPATH\CodeIgniter.php(907): App\Controllers\Psda->upload_anggota()
 5 SYSTEMPATH\CodeIgniter.php(457): CodeIgniter\CodeIgniter->runController(Object(App\Controllers\Psda))
 6 SYSTEMPATH\CodeIgniter.php(340): CodeIgniter\CodeIgniter->handleRequest(null, Object(Config\Cache), false)
 7 FCPATH\index.php(55): CodeIgniter\CodeIgniter->run()
CRITICAL - 2023-01-10 22:29:55 --> File "https://panelkopma.test/C:%5CWindows%5CTemp%5CphpF583.tmp" does not exist.
in VENDORPATH\phpoffice\phpspreadsheet\src\PhpSpreadsheet\Shared\File.php on line 149.
 1 VENDORPATH\phpoffice\phpspreadsheet\src\PhpSpreadsheet\Reader\Xlsx.php(409): PhpOffice\PhpSpreadsheet\Shared\File::assertFile('https://panelkopma.test/C:%5CWindows%5CTemp%5CphpF583.tmp', '_rels/.rels')
 2 VENDORPATH\phpoffice\phpspreadsheet\src\PhpSpreadsheet\Reader\BaseReader.php(172): PhpOffice\PhpSpreadsheet\Reader\Xlsx->loadSpreadsheetFromFile('https://panelkopma.test/C:%5CWindows%5CTemp%5CphpF583.tmp')
 3 APPPATH\Controllers\Psda.php(262): PhpOffice\PhpSpreadsheet\Reader\BaseReader->load('https://panelkopma.test/C:%5CWindows%5CTemp%5CphpF583.tmp')
 4 SYSTEMPATH\CodeIgniter.php(907): App\Controllers\Psda->upload_anggota()
 5 SYSTEMPATH\CodeIgniter.php(457): CodeIgniter\CodeIgniter->runController(Object(App\Controllers\Psda))
 6 SYSTEMPATH\CodeIgniter.php(340): CodeIgniter\CodeIgniter->handleRequest(null, Object(Config\Cache), false)
 7 FCPATH\index.php(55): CodeIgniter\CodeIgniter->run()
CRITICAL - 2023-01-10 22:32:02 --> File "https://panelkopma.test/C:%5CWindows%5CTemp%5CphpE4F1.tmp" does not exist.
in VENDORPATH\phpoffice\phpspreadsheet\src\PhpSpreadsheet\Shared\File.php on line 149.
 1 VENDORPATH\phpoffice\phpspreadsheet\src\PhpSpreadsheet\Reader\Xlsx.php(409): PhpOffice\PhpSpreadsheet\Shared\File::assertFile('https://panelkopma.test/C:%5CWindows%5CTemp%5CphpE4F1.tmp', '_rels/.rels')
 2 VENDORPATH\phpoffice\phpspreadsheet\src\PhpSpreadsheet\Reader\BaseReader.php(172): PhpOffice\PhpSpreadsheet\Reader\Xlsx->loadSpreadsheetFromFile('https://panelkopma.test/C:%5CWindows%5CTemp%5CphpE4F1.tmp')
 3 APPPATH\Controllers\Psda.php(263): PhpOffice\PhpSpreadsheet\Reader\BaseReader->load('https://panelkopma.test/C:%5CWindows%5CTemp%5CphpE4F1.tmp')
 4 SYSTEMPATH\CodeIgniter.php(907): App\Controllers\Psda->upload_anggota()
 5 SYSTEMPATH\CodeIgniter.php(457): CodeIgniter\CodeIgniter->runController(Object(App\Controllers\Psda))
 6 SYSTEMPATH\CodeIgniter.php(340): CodeIgniter\CodeIgniter->handleRequest(null, Object(Config\Cache), false)
 7 FCPATH\index.php(55): CodeIgniter\CodeIgniter->run()
CRITICAL - 2023-01-10 22:36:59 --> The filename C:\Windows\Temp\php6B95.tmp is not recognised as an OLE file
in VENDORPATH\phpoffice\phpspreadsheet\src\PhpSpreadsheet\Shared\OLERead.php on line 107.
 1 VENDORPATH\phpoffice\phpspreadsheet\src\PhpSpreadsheet\Reader\Xls.php(1383): PhpOffice\PhpSpreadsheet\Shared\OLERead->read('C:\\Windows\\Temp\\php6B95.tmp')
 2 VENDORPATH\phpoffice\phpspreadsheet\src\PhpSpreadsheet\Reader\Xls.php(633): PhpOffice\PhpSpreadsheet\Reader\Xls->loadOLE('C:\\Windows\\Temp\\php6B95.tmp')
 3 VENDORPATH\phpoffice\phpspreadsheet\src\PhpSpreadsheet\Reader\BaseReader.php(172): PhpOffice\PhpSpreadsheet\Reader\Xls->loadSpreadsheetFromFile('C:\\Windows\\Temp\\php6B95.tmp')
 4 APPPATH\Controllers\Psda.php(264): PhpOffice\PhpSpreadsheet\Reader\BaseReader->load('C:\\Windows\\Temp\\php6B95.tmp')
 5 SYSTEMPATH\CodeIgniter.php(907): App\Controllers\Psda->upload_anggota()
 6 SYSTEMPATH\CodeIgniter.php(457): CodeIgniter\CodeIgniter->runController(Object(App\Controllers\Psda))
 7 SYSTEMPATH\CodeIgniter.php(340): CodeIgniter\CodeIgniter->handleRequest(null, Object(Config\Cache), false)
 8 FCPATH\index.php(55): CodeIgniter\CodeIgniter->run()
ERROR - 2023-01-10 22:55:21 --> mysqli_sql_exception: Unknown column 'jurusan.jurusan' in 'on clause' in D:\Coding\laragon\www\panelkopma\vendor\codeigniter4\framework\system\Database\MySQLi\Connection.php:292
Stack trace:
#0 D:\Coding\laragon\www\panelkopma\vendor\codeigniter4\framework\system\Database\MySQLi\Connection.php(292): mysqli->query('SELECT *\nFROM `...', 0)
#1 D:\Coding\laragon\www\panelkopma\vendor\codeigniter4\framework\system\Database\BaseConnection.php(693): CodeIgniter\Database\MySQLi\Connection->execute('SELECT *\nFROM `...')
#2 D:\Coding\laragon\www\panelkopma\vendor\codeigniter4\framework\system\Database\BaseConnection.php(620): CodeIgniter\Database\BaseConnection->simpleQuery('SELECT *\nFROM `...')
#3 D:\Coding\laragon\www\panelkopma\vendor\codeigniter4\framework\system\Database\BaseBuilder.php(1585): CodeIgniter\Database\BaseConnection->query('SELECT *\nFROM `...', Array, false)
#4 D:\Coding\laragon\www\panelkopma\vendor\codeigniter4\framework\system\Model.php(250): CodeIgniter\Database\BaseBuilder->get()
#5 D:\Coding\laragon\www\panelkopma\vendor\codeigniter4\framework\system\BaseModel.php(622): CodeIgniter\Model->doFirst()
#6 D:\Coding\laragon\www\panelkopma\app\Controllers\Psda.php(242): CodeIgniter\BaseModel->first()
#7 D:\Coding\laragon\www\panelkopma\vendor\codeigniter4\framework\system\CodeIgniter.php(907): App\Controllers\Psda->edit_anggota('2121518482')
#8 D:\Coding\laragon\www\panelkopma\vendor\codeigniter4\framework\system\CodeIgniter.php(457): CodeIgniter\CodeIgniter->runController(Object(App\Controllers\Psda))
#9 D:\Coding\laragon\www\panelkopma\vendor\codeigniter4\framework\system\CodeIgniter.php(340): CodeIgniter\CodeIgniter->handleRequest(NULL, Object(Config\Cache), false)
#10 D:\Coding\laragon\www\panelkopma\public\index.php(55): CodeIgniter\CodeIgniter->run()
#11 {main}
CRITICAL - 2023-01-10 22:55:21 --> Unknown column 'jurusan.jurusan' in 'on clause'
in SYSTEMPATH\Database\MySQLi\Connection.php on line 292.
 1 SYSTEMPATH\Database\MySQLi\Connection.php(292): mysqli->query('SELECT *
FROM `data_anggota`
JOIN `jurusan` ON `jurusan`.`jurusan`=`data_anggota`.`jurusan`
WHERE `data_anggota`.`npm` = \'2121518482\'
AND `data_anggota`.`deleted_at` IS NULL
 LIMIT 1', 0)
 2 SYSTEMPATH\Database\BaseConnection.php(693): CodeIgniter\Database\MySQLi\Connection->execute('SELECT *
FROM `data_anggota`
JOIN `jurusan` ON `jurusan`.`jurusan`=`data_anggota`.`jurusan`
WHERE `data_anggota`.`npm` = \'2121518482\'
AND `data_anggota`.`deleted_at` IS NULL
 LIMIT 1')
 3 SYSTEMPATH\Database\BaseConnection.php(620): CodeIgniter\Database\BaseConnection->simpleQuery('SELECT *
FROM `data_anggota`
JOIN `jurusan` ON `jurusan`.`jurusan`=`data_anggota`.`jurusan`
WHERE `data_anggota`.`npm` = \'2121518482\'
AND `data_anggota`.`deleted_at` IS NULL
 LIMIT 1')
 4 SYSTEMPATH\Database\BaseBuilder.php(1585): CodeIgniter\Database\BaseConnection->query('SELECT *
FROM `data_anggota`
JOIN `jurusan` ON `jurusan`.`jurusan`=`data_anggota`.`jurusan`
WHERE `data_anggota`.`npm` = :data_anggota.npm:
AND `data_anggota`.`deleted_at` IS NULL
 LIMIT 1', [...], false)
 5 SYSTEMPATH\Model.php(250): CodeIgniter\Database\BaseBuilder->get()
 6 SYSTEMPATH\BaseModel.php(622): CodeIgniter\Model->doFirst()
 7 APPPATH\Controllers\Psda.php(242): CodeIgniter\BaseModel->first()
 8 SYSTEMPATH\CodeIgniter.php(907): App\Controllers\Psda->edit_anggota('2121518482')
 9 SYSTEMPATH\CodeIgniter.php(457): CodeIgniter\CodeIgniter->runController(Object(App\Controllers\Psda))
10 SYSTEMPATH\CodeIgniter.php(340): CodeIgniter\CodeIgniter->handleRequest(null, Object(Config\Cache), false)
11 FCPATH\index.php(55): CodeIgniter\CodeIgniter->run()
CRITICAL - 2023-01-10 22:55:38 --> Undefined index: id_jurusan
in APPPATH\Views\psda\edit_anggota.php on line 77.
 1 APPPATH\Views\psda\edit_anggota.php(77): CodeIgniter\Debug\Exceptions->errorHandler(8, 'Undefined index: id_jurusan', 'APPPATH\\Views\\psda\\edit_anggota.php', 77, [...])
 2 SYSTEMPATH\View\View.php(213): include('APPPATH\\Views\\psda\\edit_anggota.php')
 3 SYSTEMPATH\View\View.php(216): CodeIgniter\View\View->CodeIgniter\View\{closure}()
 4 SYSTEMPATH\Common.php(1142): CodeIgniter\View\View->render('/psda/edit_anggota', [], true)
 5 APPPATH\Controllers\Psda.php(244): view('/psda/edit_anggota', [...])
 6 SYSTEMPATH\CodeIgniter.php(907): App\Controllers\Psda->edit_anggota('2121518482')
 7 SYSTEMPATH\CodeIgniter.php(457): CodeIgniter\CodeIgniter->runController(Object(App\Controllers\Psda))
 8 SYSTEMPATH\CodeIgniter.php(340): CodeIgniter\CodeIgniter->handleRequest(null, Object(Config\Cache), false)
 9 FCPATH\index.php(55): CodeIgniter\CodeIgniter->run()
CRITICAL - 2023-01-10 22:57:03 --> Undefined variable: validation
in APPPATH\Views\psda\edit_anggota.php on line 76.
 1 APPPATH\Views\psda\edit_anggota.php(76): CodeIgniter\Debug\Exceptions->errorHandler(8, 'Undefined variable: validation', 'APPPATH\\Views\\psda\\edit_anggota.php', 76, [...])
 2 SYSTEMPATH\View\View.php(213): include('APPPATH\\Views\\psda\\edit_anggota.php')
 3 SYSTEMPATH\View\View.php(216): CodeIgniter\View\View->CodeIgniter\View\{closure}()
 4 SYSTEMPATH\Common.php(1142): CodeIgniter\View\View->render('/psda/edit_anggota', [], true)
 5 APPPATH\Controllers\Psda.php(244): view('/psda/edit_anggota', [...])
 6 SYSTEMPATH\CodeIgniter.php(907): App\Controllers\Psda->edit_anggota('2121518482')
 7 SYSTEMPATH\CodeIgniter.php(457): CodeIgniter\CodeIgniter->runController(Object(App\Controllers\Psda))
 8 SYSTEMPATH\CodeIgniter.php(340): CodeIgniter\CodeIgniter->handleRequest(null, Object(Config\Cache), false)
 9 FCPATH\index.php(55): CodeIgniter\CodeIgniter->run()
CRITICAL - 2023-01-10 23:21:30 --> Rows to be deleted should at least start from row 1.
in VENDORPATH\phpoffice\phpspreadsheet\src\PhpSpreadsheet\Worksheet\Worksheet.php on line 2461.
 1 APPPATH\Controllers\Psda.php(272): PhpOffice\PhpSpreadsheet\Worksheet\Worksheet->removeRow(0)
 2 SYSTEMPATH\CodeIgniter.php(907): App\Controllers\Psda->upload_anggota()
 3 SYSTEMPATH\CodeIgniter.php(457): CodeIgniter\CodeIgniter->runController(Object(App\Controllers\Psda))
 4 SYSTEMPATH\CodeIgniter.php(340): CodeIgniter\CodeIgniter->handleRequest(null, Object(Config\Cache), false)
 5 FCPATH\index.php(55): CodeIgniter\CodeIgniter->run()
CRITICAL - 2023-01-10 23:21:38 --> Call to a member function getActiveSheet() on array
in APPPATH\Controllers\Psda.php on line 274.
 1 SYSTEMPATH\CodeIgniter.php(907): App\Controllers\Psda->upload_anggota()
 2 SYSTEMPATH\CodeIgniter.php(457): CodeIgniter\CodeIgniter->runController(Object(App\Controllers\Psda))
 3 SYSTEMPATH\CodeIgniter.php(340): CodeIgniter\CodeIgniter->handleRequest(null, Object(Config\Cache), false)
 4 FCPATH\index.php(55): CodeIgniter\CodeIgniter->run()
ERROR - 2023-01-10 23:41:17 --> mysqli_sql_exception: Column 'nomor_anggota' cannot be null in D:\Coding\laragon\www\panelkopma\vendor\codeigniter4\framework\system\Database\MySQLi\Connection.php:292
Stack trace:
#0 D:\Coding\laragon\www\panelkopma\vendor\codeigniter4\framework\system\Database\MySQLi\Connection.php(292): mysqli->query('INSERT INTO `da...', 0)
#1 D:\Coding\laragon\www\panelkopma\vendor\codeigniter4\framework\system\Database\BaseConnection.php(693): CodeIgniter\Database\MySQLi\Connection->execute('INSERT INTO `da...')
#2 D:\Coding\laragon\www\panelkopma\vendor\codeigniter4\framework\system\Database\BaseConnection.php(620): CodeIgniter\Database\BaseConnection->simpleQuery('INSERT INTO `da...')
#3 D:\Coding\laragon\www\panelkopma\vendor\codeigniter4\framework\system\Database\BaseBuilder.php(1916): CodeIgniter\Database\BaseConnection->query('INSERT INTO `da...', Array, false)
#4 D:\Coding\laragon\www\panelkopma\vendor\codeigniter4\framework\system\Model.php(279): CodeIgniter\Database\BaseBuilder->insert()
#5 D:\Coding\laragon\www\panelkopma\vendor\codeigniter4\framework\system\BaseModel.php(738): CodeIgniter\Model->doInsert(Array)
#6 D:\Coding\laragon\www\panelkopma\vendor\codeigniter4\framework\system\Model.php(667): CodeIgniter\BaseModel->insert(Array, true)
#7 D:\Coding\laragon\www\panelkopma\app\Controllers\Psda.php(291): CodeIgniter\Model->insert(Array)
#8 D:\Coding\laragon\www\panelkopma\vendor\codeigniter4\framework\system\CodeIgniter.php(907): App\Controllers\Psda->upload_anggota()
#9 D:\Coding\laragon\www\panelkopma\vendor\codeigniter4\framework\system\CodeIgniter.php(457): CodeIgniter\CodeIgniter->runController(Object(App\Controllers\Psda))
#10 D:\Coding\laragon\www\panelkopma\vendor\codeigniter4\framework\system\CodeIgniter.php(340): CodeIgniter\CodeIgniter->handleRequest(NULL, Object(Config\Cache), false)
#11 D:\Coding\laragon\www\panelkopma\public\index.php(55): CodeIgniter\CodeIgniter->run()
#12 {main}
