CRITICAL - 2023-01-09 11:11:36 --> Undefined variable: surat_masuk
in APPPATH\Views\dashboard\akun_juko.php on line 73.
 1 APPPATH\Views\dashboard\akun_juko.php(73): CodeIgniter\Debug\Exceptions->errorHandler(8, 'Undefined variable: surat_masuk', 'APPPATH\\Views\\dashboard\\akun_juko.php', 73, [...])
 2 SYSTEMPATH\View\View.php(213): include('APPPATH\\Views\\dashboard\\akun_juko.php')
 3 SYSTEMPATH\View\View.php(216): CodeIgniter\View\View->CodeIgniter\View\{closure}()
 4 SYSTEMPATH\Common.php(1142): CodeIgniter\View\View->render('dashboard/akun_juko', [], true)
 5 APPPATH\Controllers\Admin.php(207): view('dashboard/akun_juko', [...])
 6 SYSTEMPATH\CodeIgniter.php(907): App\Controllers\Admin->akun_juko()
 7 SYSTEMPATH\CodeIgniter.php(457): CodeIgniter\CodeIgniter->runController(Object(App\Controllers\Admin))
 8 SYSTEMPATH\CodeIgniter.php(340): CodeIgniter\CodeIgniter->handleRequest(null, Object(Config\Cache), false)
 9 FCPATH\index.php(55): CodeIgniter\CodeIgniter->run()
CRITICAL - 2023-01-09 11:50:24 --> Undefined variable: validation
in APPPATH\Views\dashboard\add_akun.php on line 24.
 1 APPPATH\Views\dashboard\add_akun.php(24): CodeIgniter\Debug\Exceptions->errorHandler(8, 'Undefined variable: validation', 'APPPATH\\Views\\dashboard\\add_akun.php', 24, [...])
 2 SYSTEMPATH\View\View.php(213): include('APPPATH\\Views\\dashboard\\add_akun.php')
 3 SYSTEMPATH\View\View.php(216): CodeIgniter\View\View->CodeIgniter\View\{closure}()
 4 SYSTEMPATH\Common.php(1142): CodeIgniter\View\View->render('dashboard/add_akun', [], true)
 5 APPPATH\Controllers\Admin.php(216): view('dashboard/add_akun', [...])
 6 SYSTEMPATH\CodeIgniter.php(907): App\Controllers\Admin->add_akun()
 7 SYSTEMPATH\CodeIgniter.php(457): CodeIgniter\CodeIgniter->runController(Object(App\Controllers\Admin))
 8 SYSTEMPATH\CodeIgniter.php(340): CodeIgniter\CodeIgniter->handleRequest(null, Object(Config\Cache), false)
 9 FCPATH\index.php(55): CodeIgniter\CodeIgniter->run()
ERROR - 2023-01-09 16:27:56 --> mysqli_sql_exception: Unknown column 'nomor_anggota' in 'where clause' in D:\Coding\laragon\www\panelkopma\vendor\codeigniter4\framework\system\Database\MySQLi\Connection.php:292
Stack trace:
#0 D:\Coding\laragon\www\panelkopma\vendor\codeigniter4\framework\system\Database\MySQLi\Connection.php(292): mysqli->query('DELETE FROM `pr...', 0)
#1 D:\Coding\laragon\www\panelkopma\vendor\codeigniter4\framework\system\Database\BaseConnection.php(693): CodeIgniter\Database\MySQLi\Connection->execute('DELETE FROM `pr...')
#2 D:\Coding\laragon\www\panelkopma\vendor\codeigniter4\framework\system\Database\BaseConnection.php(620): CodeIgniter\Database\BaseConnection->simpleQuery('DELETE FROM `pr...')
#3 D:\Coding\laragon\www\panelkopma\vendor\codeigniter4\framework\system\Database\BaseBuilder.php(2391): CodeIgniter\Database\BaseConnection->query('DELETE FROM `pr...', Array, false)
#4 D:\Coding\laragon\www\panelkopma\vendor\codeigniter4\framework\system\Model.php(401): CodeIgniter\Database\BaseBuilder->delete()
#5 D:\Coding\laragon\www\panelkopma\vendor\codeigniter4\framework\system\BaseModel.php(963): CodeIgniter\Model->doDelete(NULL, false)
#6 D:\Coding\laragon\www\panelkopma\app\Controllers\Psda.php(205): CodeIgniter\BaseModel->delete()
#7 D:\Coding\laragon\www\panelkopma\vendor\codeigniter4\framework\system\CodeIgniter.php(907): App\Controllers\Psda->delete_anggota()
#8 D:\Coding\laragon\www\panelkopma\vendor\codeigniter4\framework\system\CodeIgniter.php(457): CodeIgniter\CodeIgniter->runController(Object(App\Controllers\Psda))
#9 D:\Coding\laragon\www\panelkopma\vendor\codeigniter4\framework\system\CodeIgniter.php(340): CodeIgniter\CodeIgniter->handleRequest(NULL, Object(Config\Cache), false)
#10 D:\Coding\laragon\www\panelkopma\public\index.php(55): CodeIgniter\CodeIgniter->run()
#11 {main}
CRITICAL - 2023-01-09 16:27:56 --> Unknown column 'nomor_anggota' in 'where clause'
in SYSTEMPATH\Database\MySQLi\Connection.php on line 292.
 1 SYSTEMPATH\Database\MySQLi\Connection.php(292): mysqli->query('DELETE FROM `presensi`
WHERE `nomor_anggota` = \'1137/Kopma_UL/22\'', 0)
 2 SYSTEMPATH\Database\BaseConnection.php(693): CodeIgniter\Database\MySQLi\Connection->execute('DELETE FROM `presensi`
WHERE `nomor_anggota` = \'1137/Kopma_UL/22\'')
 3 SYSTEMPATH\Database\BaseConnection.php(620): CodeIgniter\Database\BaseConnection->simpleQuery('DELETE FROM `presensi`
WHERE `nomor_anggota` = \'1137/Kopma_UL/22\'')
 4 SYSTEMPATH\Database\BaseBuilder.php(2391): CodeIgniter\Database\BaseConnection->query('DELETE FROM `presensi`
WHERE `nomor_anggota` = :nomor_anggota:', [...], false)
 5 SYSTEMPATH\Model.php(401): CodeIgniter\Database\BaseBuilder->delete()
 6 SYSTEMPATH\BaseModel.php(963): CodeIgniter\Model->doDelete(null, false)
 7 APPPATH\Controllers\Psda.php(205): CodeIgniter\BaseModel->delete()
 8 SYSTEMPATH\CodeIgniter.php(907): App\Controllers\Psda->delete_anggota()
 9 SYSTEMPATH\CodeIgniter.php(457): CodeIgniter\CodeIgniter->runController(Object(App\Controllers\Psda))
10 SYSTEMPATH\CodeIgniter.php(340): CodeIgniter\CodeIgniter->handleRequest(null, Object(Config\Cache), false)
11 FCPATH\index.php(55): CodeIgniter\CodeIgniter->run()
