ERROR - 2022-10-28 16:55:28 --> mysqli_sql_exception: Duplicate entry '3045/Kopma_UL/22' for key 'PRIMARY' in /home/u0715251/panel_kopma/vendor/codeigniter4/framework/system/Database/MySQLi/Connection.php:292
Stack trace:
#0 /home/u0715251/panel_kopma/vendor/codeigniter4/framework/system/Database/MySQLi/Connection.php(292): mysqli->query('INSERT INTO `da...', 0)
#1 /home/u0715251/panel_kopma/vendor/codeigniter4/framework/system/Database/BaseConnection.php(693): CodeIgniter\Database\MySQLi\Connection->execute('INSERT INTO `da...')
#2 /home/u0715251/panel_kopma/vendor/codeigniter4/framework/system/Database/BaseConnection.php(620): CodeIgniter\Database\BaseConnection->simpleQuery('INSERT INTO `da...')
#3 /home/u0715251/panel_kopma/vendor/codeigniter4/framework/system/Database/BaseBuilder.php(1916): CodeIgniter\Database\BaseConnection->query('INSERT INTO `da...', Array, false)
#4 /home/u0715251/panel_kopma/vendor/codeigniter4/framework/system/Model.php(279): CodeIgniter\Database\BaseBuilder->insert()
#5 /home/u0715251/panel_kopma/vendor/codeigniter4/framework/system/BaseModel.php(738): CodeIgniter\Model->doInsert(Array)
#6 /home/u0715251/panel_kopma/vendor/codeigniter4/framework/system/Model.php(667): CodeIgniter\BaseModel->insert(Array, true)
#7 /home/u0715251/panel_kopma/app/Controllers/Psda.php(139): CodeIgniter\Model->insert(Array)
#8 /home/u0715251/panel_kopma/vendor/codeigniter4/framework/system/CodeIgniter.php(907): App\Controllers\Psda->save_anggota()
#9 /home/u0715251/panel_kopma/vendor/codeigniter4/framework/system/CodeIgniter.php(457): CodeIgniter\CodeIgniter->runController(Object(App\Controllers\Psda))
#10 /home/u0715251/panel_kopma/vendor/codeigniter4/framework/system/CodeIgniter.php(340): CodeIgniter\CodeIgniter->handleRequest(NULL, Object(Config\Cache), false)
#11 /home/u0715251/public_html/panel/index.php(55): CodeIgniter\CodeIgniter->run()
#12 {main}
CRITICAL - 2022-10-28 16:55:28 --> Duplicate entry '3045/Kopma_UL/22' for key 'PRIMARY'
in SYSTEMPATH/Database/MySQLi/Connection.php on line 292.
 1 SYSTEMPATH/Database/MySQLi/Connection.php(292): mysqli->query('INSERT INTO `data_anggota` (`npm`, `nomor_anggota`, `nama_lengkap`, `email`, `nomor_hp`, `id_jurusan`) VALUES (\'2211011003\', \'3045/Kopma_UL/22\', \'SORA KRISNANDA SARI\', \'sorakrisnandasari301@gmail.com\', \'085217926729\', \'-- Jurusan --\')', 0)
 2 SYSTEMPATH/Database/BaseConnection.php(693): CodeIgniter\Database\MySQLi\Connection->execute('INSERT INTO `data_anggota` (`npm`, `nomor_anggota`, `nama_lengkap`, `email`, `nomor_hp`, `id_jurusan`) VALUES (\'2211011003\', \'3045/Kopma_UL/22\', \'SORA KRISNANDA SARI\', \'sorakrisnandasari301@gmail.com\', \'085217926729\', \'-- Jurusan --\')')
 3 SYSTEMPATH/Database/BaseConnection.php(620): CodeIgniter\Database\BaseConnection->simpleQuery('INSERT INTO `data_anggota` (`npm`, `nomor_anggota`, `nama_lengkap`, `email`, `nomor_hp`, `id_jurusan`) VALUES (\'2211011003\', \'3045/Kopma_UL/22\', \'SORA KRISNANDA SARI\', \'sorakrisnandasari301@gmail.com\', \'085217926729\', \'-- Jurusan --\')')
 4 SYSTEMPATH/Database/BaseBuilder.php(1916): CodeIgniter\Database\BaseConnection->query('INSERT INTO `data_anggota` (`npm`, `nomor_anggota`, `nama_lengkap`, `email`, `nomor_hp`, `id_jurusan`) VALUES (:npm:, :nomor_anggota:, :nama_lengkap:, :email:, :nomor_hp:, :id_jurusan:)', [...], false)
 5 SYSTEMPATH/Model.php(279): CodeIgniter\Database\BaseBuilder->insert()
 6 SYSTEMPATH/BaseModel.php(738): CodeIgniter\Model->doInsert([...])
 7 SYSTEMPATH/Model.php(667): CodeIgniter\BaseModel->insert([...], true)
 8 APPPATH/Controllers/Psda.php(139): CodeIgniter\Model->insert([...])
 9 SYSTEMPATH/CodeIgniter.php(907): App\Controllers\Psda->save_anggota()
10 SYSTEMPATH/CodeIgniter.php(457): CodeIgniter\CodeIgniter->runController(Object(App\Controllers\Psda))
11 SYSTEMPATH/CodeIgniter.php(340): CodeIgniter\CodeIgniter->handleRequest(null, Object(Config\Cache), false)
12 FCPATH/index.php(55): CodeIgniter\CodeIgniter->run()
ERROR - 2022-10-28 16:59:25 --> mysqli_sql_exception: Duplicate entry '3045/Kopma_UL/22' for key 'PRIMARY' in /home/u0715251/panel_kopma/vendor/codeigniter4/framework/system/Database/MySQLi/Connection.php:292
Stack trace:
#0 /home/u0715251/panel_kopma/vendor/codeigniter4/framework/system/Database/MySQLi/Connection.php(292): mysqli->query('INSERT INTO `da...', 0)
#1 /home/u0715251/panel_kopma/vendor/codeigniter4/framework/system/Database/BaseConnection.php(693): CodeIgniter\Database\MySQLi\Connection->execute('INSERT INTO `da...')
#2 /home/u0715251/panel_kopma/vendor/codeigniter4/framework/system/Database/BaseConnection.php(620): CodeIgniter\Database\BaseConnection->simpleQuery('INSERT INTO `da...')
#3 /home/u0715251/panel_kopma/vendor/codeigniter4/framework/system/Database/BaseBuilder.php(1916): CodeIgniter\Database\BaseConnection->query('INSERT INTO `da...', Array, false)
#4 /home/u0715251/panel_kopma/vendor/codeigniter4/framework/system/Model.php(279): CodeIgniter\Database\BaseBuilder->insert()
#5 /home/u0715251/panel_kopma/vendor/codeigniter4/framework/system/BaseModel.php(738): CodeIgniter\Model->doInsert(Array)
#6 /home/u0715251/panel_kopma/vendor/codeigniter4/framework/system/Model.php(667): CodeIgniter\BaseModel->insert(Array, true)
#7 /home/u0715251/panel_kopma/app/Controllers/Psda.php(139): CodeIgniter\Model->insert(Array)
#8 /home/u0715251/panel_kopma/vendor/codeigniter4/framework/system/CodeIgniter.php(907): App\Controllers\Psda->save_anggota()
#9 /home/u0715251/panel_kopma/vendor/codeigniter4/framework/system/CodeIgniter.php(457): CodeIgniter\CodeIgniter->runController(Object(App\Controllers\Psda))
#10 /home/u0715251/panel_kopma/vendor/codeigniter4/framework/system/CodeIgniter.php(340): CodeIgniter\CodeIgniter->handleRequest(NULL, Object(Config\Cache), false)
#11 /home/u0715251/public_html/panel/index.php(55): CodeIgniter\CodeIgniter->run()
#12 {main}
CRITICAL - 2022-10-28 16:59:25 --> Duplicate entry '3045/Kopma_UL/22' for key 'PRIMARY'
in SYSTEMPATH/Database/MySQLi/Connection.php on line 292.
 1 SYSTEMPATH/Database/MySQLi/Connection.php(292): mysqli->query('INSERT INTO `data_anggota` (`npm`, `nomor_anggota`, `nama_lengkap`, `email`, `nomor_hp`, `id_jurusan`) VALUES (\'2211011003\', \'3045/Kopma_UL/22\', \'SORA KRISNANDA SARI\', \'sora@email.com\', \'085217926729\', \'3\')', 0)
 2 SYSTEMPATH/Database/BaseConnection.php(693): CodeIgniter\Database\MySQLi\Connection->execute('INSERT INTO `data_anggota` (`npm`, `nomor_anggota`, `nama_lengkap`, `email`, `nomor_hp`, `id_jurusan`) VALUES (\'2211011003\', \'3045/Kopma_UL/22\', \'SORA KRISNANDA SARI\', \'sora@email.com\', \'085217926729\', \'3\')')
 3 SYSTEMPATH/Database/BaseConnection.php(620): CodeIgniter\Database\BaseConnection->simpleQuery('INSERT INTO `data_anggota` (`npm`, `nomor_anggota`, `nama_lengkap`, `email`, `nomor_hp`, `id_jurusan`) VALUES (\'2211011003\', \'3045/Kopma_UL/22\', \'SORA KRISNANDA SARI\', \'sora@email.com\', \'085217926729\', \'3\')')
 4 SYSTEMPATH/Database/BaseBuilder.php(1916): CodeIgniter\Database\BaseConnection->query('INSERT INTO `data_anggota` (`npm`, `nomor_anggota`, `nama_lengkap`, `email`, `nomor_hp`, `id_jurusan`) VALUES (:npm:, :nomor_anggota:, :nama_lengkap:, :email:, :nomor_hp:, :id_jurusan:)', [...], false)
 5 SYSTEMPATH/Model.php(279): CodeIgniter\Database\BaseBuilder->insert()
 6 SYSTEMPATH/BaseModel.php(738): CodeIgniter\Model->doInsert([...])
 7 SYSTEMPATH/Model.php(667): CodeIgniter\BaseModel->insert([...], true)
 8 APPPATH/Controllers/Psda.php(139): CodeIgniter\Model->insert([...])
 9 SYSTEMPATH/CodeIgniter.php(907): App\Controllers\Psda->save_anggota()
10 SYSTEMPATH/CodeIgniter.php(457): CodeIgniter\CodeIgniter->runController(Object(App\Controllers\Psda))
11 SYSTEMPATH/CodeIgniter.php(340): CodeIgniter\CodeIgniter->handleRequest(null, Object(Config\Cache), false)
12 FCPATH/index.php(55): CodeIgniter\CodeIgniter->run()
