CRITICAL - 2023-02-14 07:57:55 --> Undefined property: App\Controllers\Api::$digilib
in APPPATH/Controllers/Api.php on line 625.
 1 APPPATH/Controllers/Api.php(625): CodeIgniter\Debug\Exceptions->errorHandler(8, 'Undefined property: App\\Controllers\\Api::$digilib', 'APPPATH/Controllers/Api.php', 625, [...])
 2 SYSTEMPATH/CodeIgniter.php(907): App\Controllers\Api->digilib()
 3 SYSTEMPATH/CodeIgniter.php(457): CodeIgniter\CodeIgniter->runController(Object(App\Controllers\Api))
 4 SYSTEMPATH/CodeIgniter.php(340): CodeIgniter\CodeIgniter->handleRequest(null, Object(Config\Cache), false)
 5 FCPATH/index.php(55): CodeIgniter\CodeIgniter->run()
CRITICAL - 2023-02-14 07:58:27 --> Undefined property: App\Controllers\Api::$digilib
in APPPATH/Controllers/Api.php on line 625.
 1 APPPATH/Controllers/Api.php(625): CodeIgniter\Debug\Exceptions->errorHandler(8, 'Undefined property: App\\Controllers\\Api::$digilib', 'APPPATH/Controllers/Api.php', 625, [...])
 2 SYSTEMPATH/CodeIgniter.php(907): App\Controllers\Api->digilib()
 3 SYSTEMPATH/CodeIgniter.php(457): CodeIgniter\CodeIgniter->runController(Object(App\Controllers\Api))
 4 SYSTEMPATH/CodeIgniter.php(340): CodeIgniter\CodeIgniter->handleRequest(null, Object(Config\Cache), false)
 5 FCPATH/index.php(55): CodeIgniter\CodeIgniter->run()
CRITICAL - 2023-02-14 08:01:34 --> Undefined property: App\Controllers\Api::$digilib
in APPPATH/Controllers/Api.php on line 625.
 1 APPPATH/Controllers/Api.php(625): CodeIgniter\Debug\Exceptions->errorHandler(8, 'Undefined property: App\\Controllers\\Api::$digilib', 'APPPATH/Controllers/Api.php', 625, [...])
 2 SYSTEMPATH/CodeIgniter.php(907): App\Controllers\Api->digilib()
 3 SYSTEMPATH/CodeIgniter.php(457): CodeIgniter\CodeIgniter->runController(Object(App\Controllers\Api))
 4 SYSTEMPATH/CodeIgniter.php(340): CodeIgniter\CodeIgniter->handleRequest(null, Object(Config\Cache), false)
 5 FCPATH/index.php(55): CodeIgniter\CodeIgniter->run()
CRITICAL - 2023-02-14 08:01:53 --> Undefined property: App\Controllers\Api::$digilib
in APPPATH/Controllers/Api.php on line 625.
 1 APPPATH/Controllers/Api.php(625): CodeIgniter\Debug\Exceptions->errorHandler(8, 'Undefined property: App\\Controllers\\Api::$digilib', 'APPPATH/Controllers/Api.php', 625, [...])
 2 SYSTEMPATH/CodeIgniter.php(907): App\Controllers\Api->digilib()
 3 SYSTEMPATH/CodeIgniter.php(457): CodeIgniter\CodeIgniter->runController(Object(App\Controllers\Api))
 4 SYSTEMPATH/CodeIgniter.php(340): CodeIgniter\CodeIgniter->handleRequest(null, Object(Config\Cache), false)
 5 FCPATH/index.php(55): CodeIgniter\CodeIgniter->run()
CRITICAL - 2023-02-14 08:02:08 --> Undefined property: App\Controllers\Api::$digilib
in APPPATH/Controllers/Api.php on line 625.
 1 APPPATH/Controllers/Api.php(625): CodeIgniter\Debug\Exceptions->errorHandler(8, 'Undefined property: App\\Controllers\\Api::$digilib', 'APPPATH/Controllers/Api.php', 625, [...])
 2 SYSTEMPATH/CodeIgniter.php(907): App\Controllers\Api->digilib()
 3 SYSTEMPATH/CodeIgniter.php(457): CodeIgniter\CodeIgniter->runController(Object(App\Controllers\Api))
 4 SYSTEMPATH/CodeIgniter.php(340): CodeIgniter\CodeIgniter->handleRequest(null, Object(Config\Cache), false)
 5 FCPATH/index.php(55): CodeIgniter\CodeIgniter->run()
CRITICAL - 2023-02-14 08:02:26 --> Undefined property: App\Controllers\Api::$digilib
in APPPATH/Controllers/Api.php on line 625.
 1 APPPATH/Controllers/Api.php(625): CodeIgniter\Debug\Exceptions->errorHandler(8, 'Undefined property: App\\Controllers\\Api::$digilib', 'APPPATH/Controllers/Api.php', 625, [...])
 2 SYSTEMPATH/CodeIgniter.php(907): App\Controllers\Api->digilib()
 3 SYSTEMPATH/CodeIgniter.php(457): CodeIgniter\CodeIgniter->runController(Object(App\Controllers\Api))
 4 SYSTEMPATH/CodeIgniter.php(340): CodeIgniter\CodeIgniter->handleRequest(null, Object(Config\Cache), false)
 5 FCPATH/index.php(55): CodeIgniter\CodeIgniter->run()
CRITICAL - 2023-02-14 08:02:42 --> Undefined property: App\Controllers\Api::$digilib
in APPPATH/Controllers/Api.php on line 625.
 1 APPPATH/Controllers/Api.php(625): CodeIgniter\Debug\Exceptions->errorHandler(8, 'Undefined property: App\\Controllers\\Api::$digilib', 'APPPATH/Controllers/Api.php', 625, [...])
 2 SYSTEMPATH/CodeIgniter.php(907): App\Controllers\Api->digilib()
 3 SYSTEMPATH/CodeIgniter.php(457): CodeIgniter\CodeIgniter->runController(Object(App\Controllers\Api))
 4 SYSTEMPATH/CodeIgniter.php(340): CodeIgniter\CodeIgniter->handleRequest(null, Object(Config\Cache), false)
 5 FCPATH/index.php(55): CodeIgniter\CodeIgniter->run()
CRITICAL - 2023-02-14 08:02:58 --> Undefined property: App\Controllers\Api::$digilib
in APPPATH/Controllers/Api.php on line 625.
 1 APPPATH/Controllers/Api.php(625): CodeIgniter\Debug\Exceptions->errorHandler(8, 'Undefined property: App\\Controllers\\Api::$digilib', 'APPPATH/Controllers/Api.php', 625, [...])
 2 SYSTEMPATH/CodeIgniter.php(907): App\Controllers\Api->digilib()
 3 SYSTEMPATH/CodeIgniter.php(457): CodeIgniter\CodeIgniter->runController(Object(App\Controllers\Api))
 4 SYSTEMPATH/CodeIgniter.php(340): CodeIgniter\CodeIgniter->handleRequest(null, Object(Config\Cache), false)
 5 FCPATH/index.php(55): CodeIgniter\CodeIgniter->run()
CRITICAL - 2023-02-14 08:03:28 --> Undefined property: App\Controllers\Api::$digilib
in APPPATH/Controllers/Api.php on line 625.
 1 APPPATH/Controllers/Api.php(625): CodeIgniter\Debug\Exceptions->errorHandler(8, 'Undefined property: App\\Controllers\\Api::$digilib', 'APPPATH/Controllers/Api.php', 625, [...])
 2 SYSTEMPATH/CodeIgniter.php(907): App\Controllers\Api->digilib()
 3 SYSTEMPATH/CodeIgniter.php(457): CodeIgniter\CodeIgniter->runController(Object(App\Controllers\Api))
 4 SYSTEMPATH/CodeIgniter.php(340): CodeIgniter\CodeIgniter->handleRequest(null, Object(Config\Cache), false)
 5 FCPATH/index.php(55): CodeIgniter\CodeIgniter->run()
CRITICAL - 2023-02-14 08:04:30 --> Undefined property: App\Controllers\Api::$digilib
in APPPATH/Controllers/Api.php on line 625.
 1 APPPATH/Controllers/Api.php(625): CodeIgniter\Debug\Exceptions->errorHandler(8, 'Undefined property: App\\Controllers\\Api::$digilib', 'APPPATH/Controllers/Api.php', 625, [...])
 2 SYSTEMPATH/CodeIgniter.php(907): App\Controllers\Api->digital_library()
 3 SYSTEMPATH/CodeIgniter.php(457): CodeIgniter\CodeIgniter->runController(Object(App\Controllers\Api))
 4 SYSTEMPATH/CodeIgniter.php(340): CodeIgniter\CodeIgniter->handleRequest(null, Object(Config\Cache), false)
 5 FCPATH/index.php(55): CodeIgniter\CodeIgniter->run()
ERROR - 2023-02-14 08:05:22 --> mysqli_sql_exception: Unknown column 'id_digilib' in 'order clause' in /home/u0715251/panel_kopma/vendor/codeigniter4/framework/system/Database/MySQLi/Connection.php:292
Stack trace:
#0 /home/u0715251/panel_kopma/vendor/codeigniter4/framework/system/Database/MySQLi/Connection.php(292): mysqli->query('SELECT *\nFROM `...', 0)
#1 /home/u0715251/panel_kopma/vendor/codeigniter4/framework/system/Database/BaseConnection.php(693): CodeIgniter\Database\MySQLi\Connection->execute('SELECT *\nFROM `...')
#2 /home/u0715251/panel_kopma/vendor/codeigniter4/framework/system/Database/BaseConnection.php(620): CodeIgniter\Database\BaseConnection->simpleQuery('SELECT *\nFROM `...')
#3 /home/u0715251/panel_kopma/vendor/codeigniter4/framework/system/Database/BaseBuilder.php(1585): CodeIgniter\Database\BaseConnection->query('SELECT *\nFROM `...', Array, false)
#4 /home/u0715251/panel_kopma/vendor/codeigniter4/framework/system/Model.php(223): CodeIgniter\Database\BaseBuilder->get()
#5 /home/u0715251/panel_kopma/vendor/codeigniter4/framework/system/BaseModel.php(584): CodeIgniter\Model->doFindAll(10, 0)
#6 /home/u0715251/panel_kopma/app/Controllers/Api.php(628): CodeIgniter\BaseModel->findAll(10, 0)
#7 /home/u0715251/panel_kopma/vendor/codeigniter4/framework/system/CodeIgniter.php(907): App\Controllers\Api->digilib()
#8 /home/u0715251/panel_kopma/vendor/codeigniter4/framework/system/CodeIgniter.php(457): CodeIgniter\CodeIgniter->runController(Object(App\Controllers\Api))
#9 /home/u0715251/panel_kopma/vendor/codeigniter4/framework/system/CodeIgniter.php(340): CodeIgniter\CodeIgniter->handleRequest(NULL, Object(Config\Cache), false)
#10 /home/u0715251/public_html/panel/index.php(55): CodeIgniter\CodeIgniter->run()
#11 {main}
CRITICAL - 2023-02-14 08:05:22 --> Unknown column 'id_digilib' in 'order clause'
in SYSTEMPATH/Database/MySQLi/Connection.php on line 292.
 1 SYSTEMPATH/Database/MySQLi/Connection.php(292): mysqli->query('SELECT *
FROM `digilib`
ORDER BY `id_digilib` DESC
 LIMIT 10', 0)
 2 SYSTEMPATH/Database/BaseConnection.php(693): CodeIgniter\Database\MySQLi\Connection->execute('SELECT *
FROM `digilib`
ORDER BY `id_digilib` DESC
 LIMIT 10')
 3 SYSTEMPATH/Database/BaseConnection.php(620): CodeIgniter\Database\BaseConnection->simpleQuery('SELECT *
FROM `digilib`
ORDER BY `id_digilib` DESC
 LIMIT 10')
 4 SYSTEMPATH/Database/BaseBuilder.php(1585): CodeIgniter\Database\BaseConnection->query('SELECT *
FROM `digilib`
ORDER BY `id_digilib` DESC
 LIMIT 10', [], false)
 5 SYSTEMPATH/Model.php(223): CodeIgniter\Database\BaseBuilder->get()
 6 SYSTEMPATH/BaseModel.php(584): CodeIgniter\Model->doFindAll(10, 0)
 7 APPPATH/Controllers/Api.php(628): CodeIgniter\BaseModel->findAll(10, 0)
 8 SYSTEMPATH/CodeIgniter.php(907): App\Controllers\Api->digilib()
 9 SYSTEMPATH/CodeIgniter.php(457): CodeIgniter\CodeIgniter->runController(Object(App\Controllers\Api))
10 SYSTEMPATH/CodeIgniter.php(340): CodeIgniter\CodeIgniter->handleRequest(null, Object(Config\Cache), false)
11 FCPATH/index.php(55): CodeIgniter\CodeIgniter->run()
