ERROR - 2022-12-18 11:13:51 --> mysqli_sql_exception: Unknown column 'calon_anggota.kode_referal' in 'field list' in D:\Coding\XAMMP 7.4\htdocs\panelkopma\vendor\codeigniter4\framework\system\Database\MySQLi\Connection.php:292
Stack trace:
#0 D:\Coding\XAMMP 7.4\htdocs\panelkopma\vendor\codeigniter4\framework\system\Database\MySQLi\Connection.php(292): mysqli->query('SELECT *, COUNT...', 0)
#1 D:\Coding\XAMMP 7.4\htdocs\panelkopma\vendor\codeigniter4\framework\system\Database\BaseConnection.php(693): CodeIgniter\Database\MySQLi\Connection->execute('SELECT *, COUNT...')
#2 D:\Coding\XAMMP 7.4\htdocs\panelkopma\vendor\codeigniter4\framework\system\Database\BaseConnection.php(620): CodeIgniter\Database\BaseConnection->simpleQuery('SELECT *, COUNT...')
#3 D:\Coding\XAMMP 7.4\htdocs\panelkopma\vendor\codeigniter4\framework\system\Database\BaseBuilder.php(1585): CodeIgniter\Database\BaseConnection->query('SELECT *, COUNT...', Array, false)
#4 D:\Coding\XAMMP 7.4\htdocs\panelkopma\vendor\codeigniter4\framework\system\Model.php(223): CodeIgniter\Database\BaseBuilder->get()
#5 D:\Coding\XAMMP 7.4\htdocs\panelkopma\vendor\codeigniter4\framework\system\BaseModel.php(584): CodeIgniter\Model->doFindAll(0, 0)
#6 D:\Coding\XAMMP 7.4\htdocs\panelkopma\app\Controllers\Psda.php(316): CodeIgniter\BaseModel->findAll()
#7 D:\Coding\XAMMP 7.4\htdocs\panelkopma\vendor\codeigniter4\framework\system\CodeIgniter.php(907): App\Controllers\Psda->kode_referal()
#8 D:\Coding\XAMMP 7.4\htdocs\panelkopma\vendor\codeigniter4\framework\system\CodeIgniter.php(457): CodeIgniter\CodeIgniter->runController(Object(App\Controllers\Psda))
#9 D:\Coding\XAMMP 7.4\htdocs\panelkopma\vendor\codeigniter4\framework\system\CodeIgniter.php(340): CodeIgniter\CodeIgniter->handleRequest(NULL, Object(Config\Cache), false)
#10 D:\Coding\XAMMP 7.4\htdocs\panelkopma\public\index.php(55): CodeIgniter\CodeIgniter->run()
#11 D:\Coding\XAMMP 7.4\htdocs\panelkopma\vendor\codeigniter4\framework\system\Commands\Server\rewrite.php(43): require_once('D:\\Coding\\XAMMP...')
#12 {main}
CRITICAL - 2022-12-18 11:13:51 --> Unknown column 'calon_anggota.kode_referal' in 'field list'
in SYSTEMPATH\Database\MySQLi\Connection.php on line 292.
 1 SYSTEMPATH\Database\MySQLi\Connection.php(292): mysqli->query('SELECT *, COUNT(`calon_anggota`.`kode_referal`) AS `jumlah`
FROM `referal`
WHERE `data_anggota`.`nama_lengkap` LIKE \'%2567%\' ESCAPE \'!\'
AND  `referal`.`kode_referal` LIKE \'%2567%\' ESCAPE \'!\'
AND  `data_anggota`.`nomor_anggota` LIKE \'%2567%\' ESCAPE \'!\'
GROUP BY `referal`.`kode_referal`', 0)
 2 SYSTEMPATH\Database\BaseConnection.php(693): CodeIgniter\Database\MySQLi\Connection->execute('SELECT *, COUNT(`calon_anggota`.`kode_referal`) AS `jumlah`
FROM `referal`
WHERE `data_anggota`.`nama_lengkap` LIKE \'%2567%\' ESCAPE \'!\'
AND  `referal`.`kode_referal` LIKE \'%2567%\' ESCAPE \'!\'
AND  `data_anggota`.`nomor_anggota` LIKE \'%2567%\' ESCAPE \'!\'
GROUP BY `referal`.`kode_referal`')
 3 SYSTEMPATH\Database\BaseConnection.php(620): CodeIgniter\Database\BaseConnection->simpleQuery('SELECT *, COUNT(`calon_anggota`.`kode_referal`) AS `jumlah`
FROM `referal`
WHERE `data_anggota`.`nama_lengkap` LIKE \'%2567%\' ESCAPE \'!\'
AND  `referal`.`kode_referal` LIKE \'%2567%\' ESCAPE \'!\'
AND  `data_anggota`.`nomor_anggota` LIKE \'%2567%\' ESCAPE \'!\'
GROUP BY `referal`.`kode_referal`')
 4 SYSTEMPATH\Database\BaseBuilder.php(1585): CodeIgniter\Database\BaseConnection->query('SELECT *, COUNT(`calon_anggota`.`kode_referal`) AS `jumlah`
FROM `referal`
WHERE `data_anggota`.`nama_lengkap` LIKE :data_anggota.nama_lengkap: ESCAPE \'!\'
AND  `referal`.`kode_referal` LIKE :referal.kode_referal: ESCAPE \'!\'
AND  `data_anggota`.`nomor_anggota` LIKE :data_anggota.nomor_anggota: ESCAPE \'!\'
GROUP BY `referal`.`kode_referal`', [...], false)
 5 SYSTEMPATH\Model.php(223): CodeIgniter\Database\BaseBuilder->get()
 6 SYSTEMPATH\BaseModel.php(584): CodeIgniter\Model->doFindAll(0, 0)
 7 APPPATH\Controllers\Psda.php(316): CodeIgniter\BaseModel->findAll()
 8 SYSTEMPATH\CodeIgniter.php(907): App\Controllers\Psda->kode_referal()
 9 SYSTEMPATH\CodeIgniter.php(457): CodeIgniter\CodeIgniter->runController(Object(App\Controllers\Psda))
10 SYSTEMPATH\CodeIgniter.php(340): CodeIgniter\CodeIgniter->handleRequest(null, Object(Config\Cache), false)
11 FCPATH\index.php(55): CodeIgniter\CodeIgniter->run()
12 SYSTEMPATH\Commands\Server\rewrite.php(43): require_once('FCPATH\\index.php')
