ERROR - 2022-09-25 08:30:06 --> mysqli_sql_exception: Unknown column 'users.deleted_at' in 'where clause' in /home/u0715251/panel_kopma/vendor/codeigniter4/framework/system/Database/MySQLi/Connection.php:292
Stack trace:
#0 /home/u0715251/panel_kopma/vendor/codeigniter4/framework/system/Database/MySQLi/Connection.php(292): mysqli->query('SELECT *\nFROM `...', 0)
#1 /home/u0715251/panel_kopma/vendor/codeigniter4/framework/system/Database/BaseConnection.php(693): CodeIgniter\Database\MySQLi\Connection->execute('SELECT *\nFROM `...')
#2 /home/u0715251/panel_kopma/vendor/codeigniter4/framework/system/Database/BaseConnection.php(620): CodeIgniter\Database\BaseConnection->simpleQuery('SELECT *\nFROM `...')
#3 /home/u0715251/panel_kopma/vendor/codeigniter4/framework/system/Database/BaseBuilder.php(1585): CodeIgniter\Database\BaseConnection->query('SELECT *\nFROM `...', Array, false)
#4 /home/u0715251/panel_kopma/vendor/codeigniter4/framework/system/Model.php(250): CodeIgniter\Database\BaseBuilder->get()
#5 /home/u0715251/panel_kopma/vendor/codeigniter4/framework/system/BaseModel.php(622): CodeIgniter\Model->doFirst()
#6 /home/u0715251/panel_kopma/vendor/myth/auth/src/Authentication/LocalAuthenticator.php(140): CodeIgniter\BaseModel->first()
#7 /home/u0715251/panel_kopma/vendor/myth/auth/src/Authentication/LocalAuthenticator.php(19): Myth\Auth\Authentication\LocalAuthenticator->validate(Array, true)
#8 /home/u0715251/panel_kopma/vendor/myth/auth/src/Controllers/AuthController.php(91): Myth\Auth\Authentication\LocalAuthenticator->attempt(Array, false)
#9 /home/u0715251/panel_kopma/vendor/codeigniter4/framework/system/CodeIgniter.php(907): Myth\Auth\Controllers\AuthController->attemptLogin()
#10 /home/u0715251/panel_kopma/vendor/codeigniter4/framework/system/CodeIgniter.php(457): CodeIgniter\CodeIgniter->runController(Object(Myth\Auth\Controllers\AuthController))
#11 /home/u0715251/panel_kopma/vendor/codeigniter4/framework/system/CodeIgniter.php(340): CodeIgniter\CodeIgniter->handleRequest(NULL, Object(Config\Cache), false)
#12 /home/u0715251/public_html/panel/index.php(55): CodeIgniter\CodeIgniter->run()
#13 {main}
CRITICAL - 2022-09-25 08:30:06 --> Unknown column 'users.deleted_at' in 'where clause'
in SYSTEMPATH/Database/MySQLi/Connection.php on line 292.
 1 SYSTEMPATH/Database/MySQLi/Connection.php(292): mysqli->query('SELECT *
FROM `users`
WHERE `username` = \'humas\'
AND `users`.`deleted_at` IS NULL
 LIMIT 1', 0)
 2 SYSTEMPATH/Database/BaseConnection.php(693): CodeIgniter\Database\MySQLi\Connection->execute('SELECT *
FROM `users`
WHERE `username` = \'humas\'
AND `users`.`deleted_at` IS NULL
 LIMIT 1')
 3 SYSTEMPATH/Database/BaseConnection.php(620): CodeIgniter\Database\BaseConnection->simpleQuery('SELECT *
FROM `users`
WHERE `username` = \'humas\'
AND `users`.`deleted_at` IS NULL
 LIMIT 1')
 4 SYSTEMPATH/Database/BaseBuilder.php(1585): CodeIgniter\Database\BaseConnection->query('SELECT *
FROM `users`
WHERE `username` = :username:
AND `users`.`deleted_at` IS NULL
 LIMIT 1', [...], false)
 5 SYSTEMPATH/Model.php(250): CodeIgniter\Database\BaseBuilder->get()
 6 SYSTEMPATH/BaseModel.php(622): CodeIgniter\Model->doFirst()
 7 VENDORPATH/myth/auth/src/Authentication/LocalAuthenticator.php(140): CodeIgniter\BaseModel->first()
 8 VENDORPATH/myth/auth/src/Authentication/LocalAuthenticator.php(19): Myth\Auth\Authentication\LocalAuthenticator->validate([...], true)
 9 VENDORPATH/myth/auth/src/Controllers/AuthController.php(91): Myth\Auth\Authentication\LocalAuthenticator->attempt([...], false)
10 SYSTEMPATH/CodeIgniter.php(907): Myth\Auth\Controllers\AuthController->attemptLogin()
11 SYSTEMPATH/CodeIgniter.php(457): CodeIgniter\CodeIgniter->runController(Object(Myth\Auth\Controllers\AuthController))
12 SYSTEMPATH/CodeIgniter.php(340): CodeIgniter\CodeIgniter->handleRequest(null, Object(Config\Cache), false)
13 FCPATH/index.php(55): CodeIgniter\CodeIgniter->run()
ERROR - 2022-09-25 08:35:25 --> mysqli_sql_exception: Unknown column 'data_anggota.deleted_at' in 'where clause' in /home/u0715251/panel_kopma/vendor/codeigniter4/framework/system/Database/MySQLi/Connection.php:292
Stack trace:
#0 /home/u0715251/panel_kopma/vendor/codeigniter4/framework/system/Database/MySQLi/Connection.php(292): mysqli->query('SELECT COUNT(*)...', 0)
#1 /home/u0715251/panel_kopma/vendor/codeigniter4/framework/system/Database/BaseConnection.php(693): CodeIgniter\Database\MySQLi\Connection->execute('SELECT COUNT(*)...')
#2 /home/u0715251/panel_kopma/vendor/codeigniter4/framework/system/Database/BaseConnection.php(620): CodeIgniter\Database\BaseConnection->simpleQuery('SELECT COUNT(*)...')
#3 /home/u0715251/panel_kopma/vendor/codeigniter4/framework/system/Database/BaseBuilder.php(1669): CodeIgniter\Database\BaseConnection->query('SELECT COUNT(*)...', Array, false)
#4 /home/u0715251/panel_kopma/vendor/codeigniter4/framework/system/Model.php(551): CodeIgniter\Database\BaseBuilder->countAllResults(false)
#5 /home/u0715251/panel_kopma/vendor/codeigniter4/framework/system/BaseModel.php(1085): CodeIgniter\Model->countAllResults(false)
#6 /home/u0715251/panel_kopma/app/Controllers/Psda.php(61): CodeIgniter\BaseModel->paginate(25, 'data_anggota')
#7 /home/u0715251/panel_kopma/vendor/codeigniter4/framework/system/CodeIgniter.php(907): App\Controllers\Psda->data_anggota()
#8 /home/u0715251/panel_kopma/vendor/codeigniter4/framework/system/CodeIgniter.php(457): CodeIgniter\CodeIgniter->runController(Object(App\Controllers\Psda))
#9 /home/u0715251/panel_kopma/vendor/codeigniter4/framework/system/CodeIgniter.php(340): CodeIgniter\CodeIgniter->handleRequest(NULL, Object(Config\Cache), false)
#10 /home/u0715251/public_html/panel/index.php(55): CodeIgniter\CodeIgniter->run()
#11 {main}
CRITICAL - 2022-09-25 08:35:25 --> Unknown column 'data_anggota.deleted_at' in 'where clause'
in SYSTEMPATH/Database/MySQLi/Connection.php on line 292.
 1 SYSTEMPATH/Database/MySQLi/Connection.php(292): mysqli->query('SELECT COUNT(*) AS `numrows`
FROM `data_anggota`
JOIN `jurusan` ON `jurusan`.`id_jurusan` = `data_anggota`.`id_jurusan`
WHERE `data_anggota`.`deleted_at` IS NULL', 0)
 2 SYSTEMPATH/Database/BaseConnection.php(693): CodeIgniter\Database\MySQLi\Connection->execute('SELECT COUNT(*) AS `numrows`
FROM `data_anggota`
JOIN `jurusan` ON `jurusan`.`id_jurusan` = `data_anggota`.`id_jurusan`
WHERE `data_anggota`.`deleted_at` IS NULL')
 3 SYSTEMPATH/Database/BaseConnection.php(620): CodeIgniter\Database\BaseConnection->simpleQuery('SELECT COUNT(*) AS `numrows`
FROM `data_anggota`
JOIN `jurusan` ON `jurusan`.`id_jurusan` = `data_anggota`.`id_jurusan`
WHERE `data_anggota`.`deleted_at` IS NULL')
 4 SYSTEMPATH/Database/BaseBuilder.php(1669): CodeIgniter\Database\BaseConnection->query('SELECT COUNT(*) AS `numrows`
FROM `data_anggota`
JOIN `jurusan` ON `jurusan`.`id_jurusan` = `data_anggota`.`id_jurusan`
WHERE `data_anggota`.`deleted_at` IS NULL', [], false)
 5 SYSTEMPATH/Model.php(551): CodeIgniter\Database\BaseBuilder->countAllResults(false)
 6 SYSTEMPATH/BaseModel.php(1085): CodeIgniter\Model->countAllResults(false)
 7 APPPATH/Controllers/Psda.php(61): CodeIgniter\BaseModel->paginate(25, 'data_anggota')
 8 SYSTEMPATH/CodeIgniter.php(907): App\Controllers\Psda->data_anggota()
 9 SYSTEMPATH/CodeIgniter.php(457): CodeIgniter\CodeIgniter->runController(Object(App\Controllers\Psda))
10 SYSTEMPATH/CodeIgniter.php(340): CodeIgniter\CodeIgniter->handleRequest(null, Object(Config\Cache), false)
11 FCPATH/index.php(55): CodeIgniter\CodeIgniter->run()
CRITICAL - 2022-09-25 08:40:18 --> Invalid file: CodeIgniter\Pager\custom_pagination.php
in SYSTEMPATH/Exceptions/FrameworkException.php on line 33.
 1 SYSTEMPATH/View/View.php(201): CodeIgniter\Exceptions\FrameworkException::forInvalidFile('CodeIgniter\\Pager\\custom_pagination.php')
 2 SYSTEMPATH/Pager/Pager.php(126): CodeIgniter\View\View->render('CodeIgniter\\Pager\\custom_pagination', null, false)
 3 SYSTEMPATH/Pager/Pager.php(83): CodeIgniter\Pager\Pager->displayLinks('presensi', 'custom_pagination')
 4 APPPATH/Views/dashboard/presensi.php(108): CodeIgniter\Pager\Pager->links('presensi', 'custom_pagination')
 5 SYSTEMPATH/View/View.php(213): include('APPPATH/Views/dashboard/presensi.php')
 6 SYSTEMPATH/View/View.php(216): CodeIgniter\View\View->CodeIgniter\View\{closure}()
 7 SYSTEMPATH/Common.php(1142): CodeIgniter\View\View->render('dashboard/presensi', [], true)
 8 APPPATH/Controllers/Dashboard.php(124): view('dashboard/presensi', [...])
 9 SYSTEMPATH/CodeIgniter.php(907): App\Controllers\Dashboard->presensi('1001')
10 SYSTEMPATH/CodeIgniter.php(457): CodeIgniter\CodeIgniter->runController(Object(App\Controllers\Dashboard))
11 SYSTEMPATH/CodeIgniter.php(340): CodeIgniter\CodeIgniter->handleRequest(null, Object(Config\Cache), false)
12 FCPATH/index.php(55): CodeIgniter\CodeIgniter->run()
