ERROR - 2022-09-23 20:40:45 --> Error connecting to the database: mysqli_sql_exception: No connection could be made because the target machine actively refused it.
 in D:\Coding\XAMMP 7.4\htdocs\panelkopma\vendor\codeigniter4\framework\system\Database\MySQLi\Connection.php:171
Stack trace:
#0 D:\Coding\XAMMP 7.4\htdocs\panelkopma\vendor\codeigniter4\framework\system\Database\MySQLi\Connection.php(171): mysqli->real_connect('127.0.0.1', 'root', '', 'anggota_kopma', 3306, '', 0)
#1 D:\Coding\XAMMP 7.4\htdocs\panelkopma\vendor\codeigniter4\framework\system\Database\BaseConnection.php(382): CodeIgniter\Database\MySQLi\Connection->connect(false)
#2 D:\Coding\XAMMP 7.4\htdocs\panelkopma\vendor\codeigniter4\framework\system\Database\BaseConnection.php(588): CodeIgniter\Database\BaseConnection->initialize()
#3 D:\Coding\XAMMP 7.4\htdocs\panelkopma\vendor\codeigniter4\framework\system\Database\BaseBuilder.php(1669): CodeIgniter\Database\BaseConnection->query('SELECT COUNT(*)...', Array, false)
#4 D:\Coding\XAMMP 7.4\htdocs\panelkopma\vendor\codeigniter4\framework\system\Model.php(551): CodeIgniter\Database\BaseBuilder->countAllResults(false)
#5 D:\Coding\XAMMP 7.4\htdocs\panelkopma\vendor\codeigniter4\framework\system\BaseModel.php(1085): CodeIgniter\Model->countAllResults(false)
#6 D:\Coding\XAMMP 7.4\htdocs\panelkopma\app\Controllers\Dashboard.php(235): CodeIgniter\BaseModel->paginate(10, 'user')
#7 D:\Coding\XAMMP 7.4\htdocs\panelkopma\vendor\codeigniter4\framework\system\CodeIgniter.php(907): App\Controllers\Dashboard->data_user()
#8 D:\Coding\XAMMP 7.4\htdocs\panelkopma\vendor\codeigniter4\framework\system\CodeIgniter.php(457): CodeIgniter\CodeIgniter->runController(Object(App\Controllers\Dashboard))
#9 D:\Coding\XAMMP 7.4\htdocs\panelkopma\vendor\codeigniter4\framework\system\CodeIgniter.php(340): CodeIgniter\CodeIgniter->handleRequest(NULL, Object(Config\Cache), false)
#10 D:\Coding\XAMMP 7.4\htdocs\panelkopma\public\index.php(55): CodeIgniter\CodeIgniter->run()
#11 D:\Coding\XAMMP 7.4\htdocs\panelkopma\vendor\codeigniter4\framework\system\Commands\Server\rewrite.php(43): require_once('D:\\Coding\\XAMMP...')
#12 {main}

Next CodeIgniter\Database\Exceptions\DatabaseException: No connection could be made because the target machine actively refused it.
 in D:\Coding\XAMMP 7.4\htdocs\panelkopma\vendor\codeigniter4\framework\system\Database\MySQLi\Connection.php:215
Stack trace:
#0 D:\Coding\XAMMP 7.4\htdocs\panelkopma\vendor\codeigniter4\framework\system\Database\BaseConnection.php(382): CodeIgniter\Database\MySQLi\Connection->connect(false)
#1 D:\Coding\XAMMP 7.4\htdocs\panelkopma\vendor\codeigniter4\framework\system\Database\BaseConnection.php(588): CodeIgniter\Database\BaseConnection->initialize()
#2 D:\Coding\XAMMP 7.4\htdocs\panelkopma\vendor\codeigniter4\framework\system\Database\BaseBuilder.php(1669): CodeIgniter\Database\BaseConnection->query('SELECT COUNT(*)...', Array, false)
#3 D:\Coding\XAMMP 7.4\htdocs\panelkopma\vendor\codeigniter4\framework\system\Model.php(551): CodeIgniter\Database\BaseBuilder->countAllResults(false)
#4 D:\Coding\XAMMP 7.4\htdocs\panelkopma\vendor\codeigniter4\framework\system\BaseModel.php(1085): CodeIgniter\Model->countAllResults(false)
#5 D:\Coding\XAMMP 7.4\htdocs\panelkopma\app\Controllers\Dashboard.php(235): CodeIgniter\BaseModel->paginate(10, 'user')
#6 D:\Coding\XAMMP 7.4\htdocs\panelkopma\vendor\codeigniter4\framework\system\CodeIgniter.php(907): App\Controllers\Dashboard->data_user()
#7 D:\Coding\XAMMP 7.4\htdocs\panelkopma\vendor\codeigniter4\framework\system\CodeIgniter.php(457): CodeIgniter\CodeIgniter->runController(Object(App\Controllers\Dashboard))
#8 D:\Coding\XAMMP 7.4\htdocs\panelkopma\vendor\codeigniter4\framework\system\CodeIgniter.php(340): CodeIgniter\CodeIgniter->handleRequest(NULL, Object(Config\Cache), false)
#9 D:\Coding\XAMMP 7.4\htdocs\panelkopma\public\index.php(55): CodeIgniter\CodeIgniter->run()
#10 D:\Coding\XAMMP 7.4\htdocs\panelkopma\vendor\codeigniter4\framework\system\Commands\Server\rewrite.php(43): require_once('D:\\Coding\\XAMMP...')
#11 {main}
CRITICAL - 2022-09-23 20:40:45 --> Unable to connect to the database.
Main connection [MySQLi]: No connection could be made because the target machine actively refused it.

in SYSTEMPATH\Database\BaseConnection.php on line 418.
 1 SYSTEMPATH\Database\BaseConnection.php(588): CodeIgniter\Database\BaseConnection->initialize()
 2 SYSTEMPATH\Database\BaseBuilder.php(1669): CodeIgniter\Database\BaseConnection->query('SELECT COUNT(*) AS `numrows`
FROM `users`
WHERE `users`.`deleted_at` IS NULL', [], false)
 3 SYSTEMPATH\Model.php(551): CodeIgniter\Database\BaseBuilder->countAllResults(false)
 4 SYSTEMPATH\BaseModel.php(1085): CodeIgniter\Model->countAllResults(false)
 5 APPPATH\Controllers\Dashboard.php(235): CodeIgniter\BaseModel->paginate(10, 'user')
 6 SYSTEMPATH\CodeIgniter.php(907): App\Controllers\Dashboard->data_user()
 7 SYSTEMPATH\CodeIgniter.php(457): CodeIgniter\CodeIgniter->runController(Object(App\Controllers\Dashboard))
 8 SYSTEMPATH\CodeIgniter.php(340): CodeIgniter\CodeIgniter->handleRequest(null, Object(Config\Cache), false)
 9 FCPATH\index.php(55): CodeIgniter\CodeIgniter->run()
10 SYSTEMPATH\Commands\Server\rewrite.php(43): require_once('FCPATH\\index.php')
CRITICAL - 2022-09-23 20:52:35 --> Allowed fields must be specified for model: App\Models\UserModel
in SYSTEMPATH\BaseModel.php on line 1139.
 1 SYSTEMPATH\BaseModel.php(1139): CodeIgniter\Database\Exceptions\DataException::forInvalidAllowedFields('App\\Models\\UserModel')
 2 SYSTEMPATH\BaseModel.php(713): CodeIgniter\BaseModel->doProtectFields([...])
 3 SYSTEMPATH\Model.php(667): CodeIgniter\BaseModel->insert([...], true)
 4 VENDORPATH\myth\auth\src\Commands\CreateUser.php(45): CodeIgniter\Model->insert(Object(Myth\Auth\Entities\User))
 5 SYSTEMPATH\CLI\Commands.php(63): Myth\Auth\Commands\CreateUser->run([])
 6 SYSTEMPATH\CLI\CommandRunner.php(65): CodeIgniter\CLI\Commands->run('auth:create_user', [])
 7 SYSTEMPATH\CLI\CommandRunner.php(51): CodeIgniter\CLI\CommandRunner->index([])
 8 SYSTEMPATH\CodeIgniter.php(900): CodeIgniter\CLI\CommandRunner->_remap('index', [...])
 9 SYSTEMPATH\CodeIgniter.php(457): CodeIgniter\CodeIgniter->runController(Object(CodeIgniter\CLI\CommandRunner))
10 SYSTEMPATH\CodeIgniter.php(336): CodeIgniter\CodeIgniter->handleRequest(null, Object(Config\Cache), false)
11 SYSTEMPATH\CLI\Console.php(48): CodeIgniter\CodeIgniter->run()
12 ROOTPATH\spark(86): CodeIgniter\CLI\Console->run()
CRITICAL - 2022-09-23 21:13:47 --> Undefined property: App\Controllers\Admin::$data_user
in APPPATH\Controllers\Admin.php on line 16.
 1 APPPATH\Controllers\Admin.php(16): CodeIgniter\Debug\Exceptions->errorHandler(8, 'Undefined property: App\\Controllers\\Admin::$data_user', 'APPPATH\\Controllers\\Admin.php', 16, [])
 2 SYSTEMPATH\CodeIgniter.php(907): App\Controllers\Admin->data_user()
 3 SYSTEMPATH\CodeIgniter.php(457): CodeIgniter\CodeIgniter->runController(Object(App\Controllers\Admin))
 4 SYSTEMPATH\CodeIgniter.php(340): CodeIgniter\CodeIgniter->handleRequest(null, Object(Config\Cache), false)
 5 FCPATH\index.php(55): CodeIgniter\CodeIgniter->run()
 6 SYSTEMPATH\Commands\Server\rewrite.php(43): require_once('FCPATH\\index.php')
CRITICAL - 2022-09-23 21:14:04 --> Undefined property: App\Controllers\Admin::$data_user
in APPPATH\Controllers\Admin.php on line 16.
 1 APPPATH\Controllers\Admin.php(16): CodeIgniter\Debug\Exceptions->errorHandler(8, 'Undefined property: App\\Controllers\\Admin::$data_user', 'APPPATH\\Controllers\\Admin.php', 16, [])
 2 SYSTEMPATH\CodeIgniter.php(907): App\Controllers\Admin->data_user()
 3 SYSTEMPATH\CodeIgniter.php(457): CodeIgniter\CodeIgniter->runController(Object(App\Controllers\Admin))
 4 SYSTEMPATH\CodeIgniter.php(340): CodeIgniter\CodeIgniter->handleRequest(null, Object(Config\Cache), false)
 5 FCPATH\index.php(55): CodeIgniter\CodeIgniter->run()
 6 SYSTEMPATH\Commands\Server\rewrite.php(43): require_once('FCPATH\\index.php')
