CRITICAL - 2023-01-15 14:40:46 --> Invalid file: App\Views\Pagers\custom_pagination.php
in SYSTEMPATH/Exceptions/FrameworkException.php on line 33.
 1 SYSTEMPATH/View/View.php(201): CodeIgniter\Exceptions\FrameworkException::forInvalidFile('App\\Views\\Pagers\\custom_pagination.php')
 2 SYSTEMPATH/Pager/Pager.php(126): CodeIgniter\View\View->render('App\\Views\\Pagers\\custom_pagination', null, false)
 3 SYSTEMPATH/Pager/Pager.php(83): CodeIgniter\Pager\Pager->displayLinks('data_anggota', 'custom_pagination')
 4 APPPATH/Views/psda/data_anggota.php(105): CodeIgniter\Pager\Pager->links('data_anggota', 'custom_pagination')
 5 SYSTEMPATH/View/View.php(213): include('APPPATH/Views/psda/data_anggota.php')
 6 SYSTEMPATH/View/View.php(216): CodeIgniter\View\View->CodeIgniter\View\{closure}()
 7 SYSTEMPATH/Common.php(1142): CodeIgniter\View\View->render('psda/data_anggota', [], true)
 8 APPPATH/Controllers/Psda.php(88): view('psda/data_anggota', [...])
 9 SYSTEMPATH/CodeIgniter.php(907): App\Controllers\Psda->data_anggota()
10 SYSTEMPATH/CodeIgniter.php(457): CodeIgniter\CodeIgniter->runController(Object(App\Controllers\Psda))
11 SYSTEMPATH/CodeIgniter.php(340): CodeIgniter\CodeIgniter->handleRequest(null, Object(Config\Cache), false)
12 FCPATH/index.php(55): CodeIgniter\CodeIgniter->run()
CRITICAL - 2023-01-15 14:42:19 --> pagers/custom_pagination is not a valid Pager template.
in SYSTEMPATH/Pager/Pager.php on line 120.
 1 SYSTEMPATH/Pager/Pager.php(120): CodeIgniter\Pager\Exceptions\PagerException::forInvalidTemplate('pagers/custom_pagination')
 2 SYSTEMPATH/Pager/Pager.php(83): CodeIgniter\Pager\Pager->displayLinks('data_anggota', 'pagers/custom_pagination')
 3 APPPATH/Views/psda/data_anggota.php(105): CodeIgniter\Pager\Pager->links('data_anggota', 'pagers/custom_pagination')
 4 SYSTEMPATH/View/View.php(213): include('APPPATH/Views/psda/data_anggota.php')
 5 SYSTEMPATH/View/View.php(216): CodeIgniter\View\View->CodeIgniter\View\{closure}()
 6 SYSTEMPATH/Common.php(1142): CodeIgniter\View\View->render('psda/data_anggota', [], true)
 7 APPPATH/Controllers/Psda.php(88): view('psda/data_anggota', [...])
 8 SYSTEMPATH/CodeIgniter.php(907): App\Controllers\Psda->data_anggota()
 9 SYSTEMPATH/CodeIgniter.php(457): CodeIgniter\CodeIgniter->runController(Object(App\Controllers\Psda))
10 SYSTEMPATH/CodeIgniter.php(340): CodeIgniter\CodeIgniter->handleRequest(null, Object(Config\Cache), false)
11 FCPATH/index.php(55): CodeIgniter\CodeIgniter->run()
CRITICAL - 2023-01-15 14:42:32 --> Invalid file: App\Views\Pagers\custom_pagination.php
in SYSTEMPATH/Exceptions/FrameworkException.php on line 33.
 1 SYSTEMPATH/View/View.php(201): CodeIgniter\Exceptions\FrameworkException::forInvalidFile('App\\Views\\Pagers\\custom_pagination.php')
 2 SYSTEMPATH/Pager/Pager.php(126): CodeIgniter\View\View->render('App\\Views\\Pagers\\custom_pagination', null, false)
 3 SYSTEMPATH/Pager/Pager.php(83): CodeIgniter\Pager\Pager->displayLinks('data_anggota', 'custom_pagination')
 4 APPPATH/Views/psda/data_anggota.php(105): CodeIgniter\Pager\Pager->links('data_anggota', 'custom_pagination')
 5 SYSTEMPATH/View/View.php(213): include('APPPATH/Views/psda/data_anggota.php')
 6 SYSTEMPATH/View/View.php(216): CodeIgniter\View\View->CodeIgniter\View\{closure}()
 7 SYSTEMPATH/Common.php(1142): CodeIgniter\View\View->render('psda/data_anggota', [], true)
 8 APPPATH/Controllers/Psda.php(88): view('psda/data_anggota', [...])
 9 SYSTEMPATH/CodeIgniter.php(907): App\Controllers\Psda->data_anggota()
10 SYSTEMPATH/CodeIgniter.php(457): CodeIgniter\CodeIgniter->runController(Object(App\Controllers\Psda))
11 SYSTEMPATH/CodeIgniter.php(340): CodeIgniter\CodeIgniter->handleRequest(null, Object(Config\Cache), false)
12 FCPATH/index.php(55): CodeIgniter\CodeIgniter->run()
CRITICAL - 2023-01-15 20:44:47 --> Trying to get property 'username' of non-object
in APPPATH/Views/dashboard/data_user.php on line 54.
 1 APPPATH/Views/dashboard/data_user.php(54): CodeIgniter\Debug\Exceptions->errorHandler(8, 'Trying to get property \'username\' of non-object', 'APPPATH/Views/dashboard/data_user.php', 54, [...])
 2 SYSTEMPATH/View/View.php(213): include('APPPATH/Views/dashboard/data_user.php')
 3 SYSTEMPATH/View/View.php(216): CodeIgniter\View\View->CodeIgniter\View\{closure}()
 4 SYSTEMPATH/Common.php(1142): CodeIgniter\View\View->render('/dashboard/data_user', [], true)
 5 APPPATH/Controllers/Admin.php(45): view('/dashboard/data_user', [...])
 6 SYSTEMPATH/CodeIgniter.php(907): App\Controllers\Admin->data_user()
 7 SYSTEMPATH/CodeIgniter.php(457): CodeIgniter\CodeIgniter->runController(Object(App\Controllers\Admin))
 8 SYSTEMPATH/CodeIgniter.php(340): CodeIgniter\CodeIgniter->handleRequest(null, Object(Config\Cache), false)
 9 FCPATH/index.php(55): CodeIgniter\CodeIgniter->run()
CRITICAL - 2023-01-15 20:45:28 --> Call to a member function links() on null
in APPPATH/Views/dashboard/data_user.php on line 73.
 1 SYSTEMPATH/View/View.php(213): include()
 2 SYSTEMPATH/View/View.php(216): CodeIgniter\View\View->CodeIgniter\View\{closure}()
 3 SYSTEMPATH/Common.php(1142): CodeIgniter\View\View->render('/dashboard/data_user', [], true)
 4 APPPATH/Controllers/Admin.php(45): view('/dashboard/data_user', [...])
 5 SYSTEMPATH/CodeIgniter.php(907): App\Controllers\Admin->data_user()
 6 SYSTEMPATH/CodeIgniter.php(457): CodeIgniter\CodeIgniter->runController(Object(App\Controllers\Admin))
 7 SYSTEMPATH/CodeIgniter.php(340): CodeIgniter\CodeIgniter->handleRequest(null, Object(Config\Cache), false)
 8 FCPATH/index.php(55): CodeIgniter\CodeIgniter->run()
CRITICAL - 2023-01-15 20:45:43 --> Undefined variable: pager
in APPPATH/Views/dashboard/data_user.php on line 73.
 1 APPPATH/Views/dashboard/data_user.php(73): CodeIgniter\Debug\Exceptions->errorHandler(8, 'Undefined variable: pager', 'APPPATH/Views/dashboard/data_user.php', 73, [...])
 2 SYSTEMPATH/View/View.php(213): include('APPPATH/Views/dashboard/data_user.php')
 3 SYSTEMPATH/View/View.php(216): CodeIgniter\View\View->CodeIgniter\View\{closure}()
 4 SYSTEMPATH/Common.php(1142): CodeIgniter\View\View->render('/dashboard/data_user', [], true)
 5 APPPATH/Controllers/Admin.php(44): view('/dashboard/data_user', [...])
 6 SYSTEMPATH/CodeIgniter.php(907): App\Controllers\Admin->data_user()
 7 SYSTEMPATH/CodeIgniter.php(457): CodeIgniter\CodeIgniter->runController(Object(App\Controllers\Admin))
 8 SYSTEMPATH/CodeIgniter.php(340): CodeIgniter\CodeIgniter->handleRequest(null, Object(Config\Cache), false)
 9 FCPATH/index.php(55): CodeIgniter\CodeIgniter->run()
CRITICAL - 2023-01-15 21:20:54 --> Call to undefined method App\Models\KegiatanModel::getKegiatan
in SYSTEMPATH/Model.php on line 774.
 1 APPPATH/Controllers/Dashboard.php(200): CodeIgniter\Model->__call('getKegiatan', [...])
 2 SYSTEMPATH/CodeIgniter.php(907): App\Controllers\Dashboard->download_presensi('3837')
 3 SYSTEMPATH/CodeIgniter.php(457): CodeIgniter\CodeIgniter->runController(Object(App\Controllers\Dashboard))
 4 SYSTEMPATH/CodeIgniter.php(340): CodeIgniter\CodeIgniter->handleRequest(null, Object(Config\Cache), false)
 5 FCPATH/index.php(55): CodeIgniter\CodeIgniter->run()
CRITICAL - 2023-01-15 21:22:46 --> Call to undefined method App\Models\KegiatanModel::getKegiatan
in SYSTEMPATH/Model.php on line 774.
 1 APPPATH/Controllers/Dashboard.php(200): CodeIgniter\Model->__call('getKegiatan', [...])
 2 SYSTEMPATH/CodeIgniter.php(907): App\Controllers\Dashboard->download_presensi('3837')
 3 SYSTEMPATH/CodeIgniter.php(457): CodeIgniter\CodeIgniter->runController(Object(App\Controllers\Dashboard))
 4 SYSTEMPATH/CodeIgniter.php(340): CodeIgniter\CodeIgniter->handleRequest(null, Object(Config\Cache), false)
 5 FCPATH/index.php(55): CodeIgniter\CodeIgniter->run()
CRITICAL - 2023-01-15 21:22:56 --> Call to undefined method App\Models\KegiatanModel::getKegiatan
in SYSTEMPATH/Model.php on line 774.
 1 APPPATH/Controllers/Dashboard.php(200): CodeIgniter\Model->__call('getKegiatan', [...])
 2 SYSTEMPATH/CodeIgniter.php(907): App\Controllers\Dashboard->download_presensi('3837')
 3 SYSTEMPATH/CodeIgniter.php(457): CodeIgniter\CodeIgniter->runController(Object(App\Controllers\Dashboard))
 4 SYSTEMPATH/CodeIgniter.php(340): CodeIgniter\CodeIgniter->handleRequest(null, Object(Config\Cache), false)
 5 FCPATH/index.php(55): CodeIgniter\CodeIgniter->run()
CRITICAL - 2023-01-15 21:24:14 --> Trying to access array offset on value of type null
in APPPATH/Controllers/Dashboard.php on line 213.
 1 APPPATH/Controllers/Dashboard.php(213): CodeIgniter\Debug\Exceptions->errorHandler(8, 'Trying to access array offset on value of type null', 'APPPATH/Controllers/Dashboard.php', 213, [...])
 2 SYSTEMPATH/CodeIgniter.php(907): App\Controllers\Dashboard->download_presensi('3837')
 3 SYSTEMPATH/CodeIgniter.php(457): CodeIgniter\CodeIgniter->runController(Object(App\Controllers\Dashboard))
 4 SYSTEMPATH/CodeIgniter.php(340): CodeIgniter\CodeIgniter->handleRequest(null, Object(Config\Cache), false)
 5 FCPATH/index.php(55): CodeIgniter\CodeIgniter->run()
CRITICAL - 2023-01-15 21:25:37 --> Trying to access array offset on value of type null
in APPPATH/Controllers/Dashboard.php on line 213.
 1 APPPATH/Controllers/Dashboard.php(213): CodeIgniter\Debug\Exceptions->errorHandler(8, 'Trying to access array offset on value of type null', 'APPPATH/Controllers/Dashboard.php', 213, [...])
 2 SYSTEMPATH/CodeIgniter.php(907): App\Controllers\Dashboard->download_presensi('3837')
 3 SYSTEMPATH/CodeIgniter.php(457): CodeIgniter\CodeIgniter->runController(Object(App\Controllers\Dashboard))
 4 SYSTEMPATH/CodeIgniter.php(340): CodeIgniter\CodeIgniter->handleRequest(null, Object(Config\Cache), false)
 5 FCPATH/index.php(55): CodeIgniter\CodeIgniter->run()
CRITICAL - 2023-01-15 21:25:55 --> Trying to access array offset on value of type null
in APPPATH/Controllers/Dashboard.php on line 213.
 1 APPPATH/Controllers/Dashboard.php(213): CodeIgniter\Debug\Exceptions->errorHandler(8, 'Trying to access array offset on value of type null', 'APPPATH/Controllers/Dashboard.php', 213, [...])
 2 SYSTEMPATH/CodeIgniter.php(907): App\Controllers\Dashboard->download_presensi('3837')
 3 SYSTEMPATH/CodeIgniter.php(457): CodeIgniter\CodeIgniter->runController(Object(App\Controllers\Dashboard))
 4 SYSTEMPATH/CodeIgniter.php(340): CodeIgniter\CodeIgniter->handleRequest(null, Object(Config\Cache), false)
 5 FCPATH/index.php(55): CodeIgniter\CodeIgniter->run()
CRITICAL - 2023-01-15 23:19:40 --> There is no primary key defined when trying to make insert.
in SYSTEMPATH/Model.php on line 269.
 1 SYSTEMPATH/Model.php(269): CodeIgniter\Database\Exceptions\DataException::forEmptyPrimaryKey('insert')
 2 SYSTEMPATH/BaseModel.php(738): CodeIgniter\Model->doInsert([...])
 3 SYSTEMPATH/Model.php(667): CodeIgniter\BaseModel->insert([...], false)
 4 SYSTEMPATH/BaseModel.php(658): CodeIgniter\Model->insert([...], false)
 5 APPPATH/Controllers/Litbang.php(193): CodeIgniter\BaseModel->save([...])
 6 SYSTEMPATH/CodeIgniter.php(907): App\Controllers\Litbang->update_report()
 7 SYSTEMPATH/CodeIgniter.php(457): CodeIgniter\CodeIgniter->runController(Object(App\Controllers\Litbang))
 8 SYSTEMPATH/CodeIgniter.php(340): CodeIgniter\CodeIgniter->handleRequest(null, Object(Config\Cache), false)
 9 FCPATH/index.php(55): CodeIgniter\CodeIgniter->run()
CRITICAL - 2023-01-15 23:48:57 --> Allowed memory size of 536870912 bytes exhausted (tried to allocate 528384 bytes)
in VENDORPATH/phpoffice/phpspreadsheet/src/PhpSpreadsheet/Worksheet/Worksheet.php on line 2997.
 1 [internal function]: CodeIgniter\Debug\Exceptions->shutdownHandler()
ERROR - 2023-01-15 23:50:16 --> mysqli_sql_exception: Column 'nomor_anggota' cannot be null in /home/u0715251/panel_kopma/vendor/codeigniter4/framework/system/Database/MySQLi/Connection.php:292
Stack trace:
#0 /home/u0715251/panel_kopma/vendor/codeigniter4/framework/system/Database/MySQLi/Connection.php(292): mysqli->query('INSERT INTO `da...', 0)
#1 /home/u0715251/panel_kopma/vendor/codeigniter4/framework/system/Database/BaseConnection.php(693): CodeIgniter\Database\MySQLi\Connection->execute('INSERT INTO `da...')
#2 /home/u0715251/panel_kopma/vendor/codeigniter4/framework/system/Database/BaseConnection.php(620): CodeIgniter\Database\BaseConnection->simpleQuery('INSERT INTO `da...')
#3 /home/u0715251/panel_kopma/vendor/codeigniter4/framework/system/Database/BaseBuilder.php(1916): CodeIgniter\Database\BaseConnection->query('INSERT INTO `da...', Array, false)
#4 /home/u0715251/panel_kopma/vendor/codeigniter4/framework/system/Model.php(279): CodeIgniter\Database\BaseBuilder->insert()
#5 /home/u0715251/panel_kopma/vendor/codeigniter4/framework/system/BaseModel.php(738): CodeIgniter\Model->doInsert(Array)
#6 /home/u0715251/panel_kopma/vendor/codeigniter4/framework/system/Model.php(667): CodeIgniter\BaseModel->insert(Array, false)
#7 /home/u0715251/panel_kopma/app/Controllers/Psda.php(300): CodeIgniter\Model->insert(Array, false)
#8 /home/u0715251/panel_kopma/vendor/codeigniter4/framework/system/CodeIgniter.php(907): App\Controllers\Psda->upload_anggota()
#9 /home/u0715251/panel_kopma/vendor/codeigniter4/framework/system/CodeIgniter.php(457): CodeIgniter\CodeIgniter->runController(Object(App\Controllers\Psda))
#10 /home/u0715251/panel_kopma/vendor/codeigniter4/framework/system/CodeIgniter.php(340): CodeIgniter\CodeIgniter->handleRequest(NULL, Object(Config\Cache), false)
#11 /home/u0715251/public_html/panel/index.php(55): CodeIgniter\CodeIgniter->run()
#12 {main}
CRITICAL - 2023-01-15 23:50:16 --> Column 'nomor_anggota' cannot be null
in SYSTEMPATH/Database/MySQLi/Connection.php on line 292.
 1 SYSTEMPATH/Database/MySQLi/Connection.php(292): mysqli->query('INSERT INTO `data_anggota` (`nomor_anggota`, `npm`, `nama_lengkap`, `email`, `jenis_kelamin`, `nomor_hp`, `keanggotaan`, `jurusan`, `fakultas`, `created_at`, `updated_at`) VALUES (NULL, \'1590/Kopma_Ul/18\', \'Asih Nuraini\', NULL, NULL, \'0\', \'Anggota\', \' Pendidikan Matematika\', \'FKIP\', \'2023-01-15 23:50:16\', \'2023-01-15 23:50:16\')', 0)
 2 SYSTEMPATH/Database/BaseConnection.php(693): CodeIgniter\Database\MySQLi\Connection->execute('INSERT INTO `data_anggota` (`nomor_anggota`, `npm`, `nama_lengkap`, `email`, `jenis_kelamin`, `nomor_hp`, `keanggotaan`, `jurusan`, `fakultas`, `created_at`, `updated_at`) VALUES (NULL, \'1590/Kopma_Ul/18\', \'Asih Nuraini\', NULL, NULL, \'0\', \'Anggota\', \' Pendidikan Matematika\', \'FKIP\', \'2023-01-15 23:50:16\', \'2023-01-15 23:50:16\')')
 3 SYSTEMPATH/Database/BaseConnection.php(620): CodeIgniter\Database\BaseConnection->simpleQuery('INSERT INTO `data_anggota` (`nomor_anggota`, `npm`, `nama_lengkap`, `email`, `jenis_kelamin`, `nomor_hp`, `keanggotaan`, `jurusan`, `fakultas`, `created_at`, `updated_at`) VALUES (NULL, \'1590/Kopma_Ul/18\', \'Asih Nuraini\', NULL, NULL, \'0\', \'Anggota\', \' Pendidikan Matematika\', \'FKIP\', \'2023-01-15 23:50:16\', \'2023-01-15 23:50:16\')')
 4 SYSTEMPATH/Database/BaseBuilder.php(1916): CodeIgniter\Database\BaseConnection->query('INSERT INTO `data_anggota` (`nomor_anggota`, `npm`, `nama_lengkap`, `email`, `jenis_kelamin`, `nomor_hp`, `keanggotaan`, `jurusan`, `fakultas`, `created_at`, `updated_at`) VALUES (:nomor_anggota:, :npm:, :nama_lengkap:, :email:, :jenis_kelamin:, :nomor_hp:, :keanggotaan:, :jurusan:, :fakultas:, :created_at:, :updated_at:)', [...], false)
 5 SYSTEMPATH/Model.php(279): CodeIgniter\Database\BaseBuilder->insert()
 6 SYSTEMPATH/BaseModel.php(738): CodeIgniter\Model->doInsert([...])
 7 SYSTEMPATH/Model.php(667): CodeIgniter\BaseModel->insert([...], false)
 8 APPPATH/Controllers/Psda.php(300): CodeIgniter\Model->insert([...], false)
 9 SYSTEMPATH/CodeIgniter.php(907): App\Controllers\Psda->upload_anggota()
10 SYSTEMPATH/CodeIgniter.php(457): CodeIgniter\CodeIgniter->runController(Object(App\Controllers\Psda))
11 SYSTEMPATH/CodeIgniter.php(340): CodeIgniter\CodeIgniter->handleRequest(null, Object(Config\Cache), false)
12 FCPATH/index.php(55): CodeIgniter\CodeIgniter->run()
ERROR - 2023-01-15 23:56:57 --> mysqli_sql_exception: Duplicate entry '1857/Kopma_Ul/19' for key 'PRIMARY' in /home/u0715251/panel_kopma/vendor/codeigniter4/framework/system/Database/MySQLi/Connection.php:292
Stack trace:
#0 /home/u0715251/panel_kopma/vendor/codeigniter4/framework/system/Database/MySQLi/Connection.php(292): mysqli->query('INSERT INTO `da...', 0)
#1 /home/u0715251/panel_kopma/vendor/codeigniter4/framework/system/Database/BaseConnection.php(693): CodeIgniter\Database\MySQLi\Connection->execute('INSERT INTO `da...')
#2 /home/u0715251/panel_kopma/vendor/codeigniter4/framework/system/Database/BaseConnection.php(620): CodeIgniter\Database\BaseConnection->simpleQuery('INSERT INTO `da...')
#3 /home/u0715251/panel_kopma/vendor/codeigniter4/framework/system/Database/BaseBuilder.php(1916): CodeIgniter\Database\BaseConnection->query('INSERT INTO `da...', Array, false)
#4 /home/u0715251/panel_kopma/vendor/codeigniter4/framework/system/Model.php(279): CodeIgniter\Database\BaseBuilder->insert()
#5 /home/u0715251/panel_kopma/vendor/codeigniter4/framework/system/BaseModel.php(738): CodeIgniter\Model->doInsert(Array)
#6 /home/u0715251/panel_kopma/vendor/codeigniter4/framework/system/Model.php(667): CodeIgniter\BaseModel->insert(Array, false)
#7 /home/u0715251/panel_kopma/app/Controllers/Psda.php(300): CodeIgniter\Model->insert(Array, false)
#8 /home/u0715251/panel_kopma/vendor/codeigniter4/framework/system/CodeIgniter.php(907): App\Controllers\Psda->upload_anggota()
#9 /home/u0715251/panel_kopma/vendor/codeigniter4/framework/system/CodeIgniter.php(457): CodeIgniter\CodeIgniter->runController(Object(App\Controllers\Psda))
#10 /home/u0715251/panel_kopma/vendor/codeigniter4/framework/system/CodeIgniter.php(340): CodeIgniter\CodeIgniter->handleRequest(NULL, Object(Config\Cache), false)
#11 /home/u0715251/public_html/panel/index.php(55): CodeIgniter\CodeIgniter->run()
#12 {main}
CRITICAL - 2023-01-15 23:56:57 --> Duplicate entry '1857/Kopma_Ul/19' for key 'PRIMARY'
in SYSTEMPATH/Database/MySQLi/Connection.php on line 292.
 1 SYSTEMPATH/Database/MySQLi/Connection.php(292): mysqli->query('INSERT INTO `data_anggota` (`nomor_anggota`, `npm`, `nama_lengkap`, `email`, `jenis_kelamin`, `nomor_hp`, `keanggotaan`, `jurusan`, `fakultas`, `created_at`, `updated_at`) VALUES (\'1857/Kopma_Ul/19\', NULL, \'Rizqatasyaa Achmad Zahra\', NULL, NULL, \'81369204974\', \'Anggota\', \' Matematika\', \'MIPA\', \'2023-01-15 23:56:57\', \'2023-01-15 23:56:57\')', 0)
 2 SYSTEMPATH/Database/BaseConnection.php(693): CodeIgniter\Database\MySQLi\Connection->execute('INSERT INTO `data_anggota` (`nomor_anggota`, `npm`, `nama_lengkap`, `email`, `jenis_kelamin`, `nomor_hp`, `keanggotaan`, `jurusan`, `fakultas`, `created_at`, `updated_at`) VALUES (\'1857/Kopma_Ul/19\', NULL, \'Rizqatasyaa Achmad Zahra\', NULL, NULL, \'81369204974\', \'Anggota\', \' Matematika\', \'MIPA\', \'2023-01-15 23:56:57\', \'2023-01-15 23:56:57\')')
 3 SYSTEMPATH/Database/BaseConnection.php(620): CodeIgniter\Database\BaseConnection->simpleQuery('INSERT INTO `data_anggota` (`nomor_anggota`, `npm`, `nama_lengkap`, `email`, `jenis_kelamin`, `nomor_hp`, `keanggotaan`, `jurusan`, `fakultas`, `created_at`, `updated_at`) VALUES (\'1857/Kopma_Ul/19\', NULL, \'Rizqatasyaa Achmad Zahra\', NULL, NULL, \'81369204974\', \'Anggota\', \' Matematika\', \'MIPA\', \'2023-01-15 23:56:57\', \'2023-01-15 23:56:57\')')
 4 SYSTEMPATH/Database/BaseBuilder.php(1916): CodeIgniter\Database\BaseConnection->query('INSERT INTO `data_anggota` (`nomor_anggota`, `npm`, `nama_lengkap`, `email`, `jenis_kelamin`, `nomor_hp`, `keanggotaan`, `jurusan`, `fakultas`, `created_at`, `updated_at`) VALUES (:nomor_anggota:, :npm:, :nama_lengkap:, :email:, :jenis_kelamin:, :nomor_hp:, :keanggotaan:, :jurusan:, :fakultas:, :created_at:, :updated_at:)', [...], false)
 5 SYSTEMPATH/Model.php(279): CodeIgniter\Database\BaseBuilder->insert()
 6 SYSTEMPATH/BaseModel.php(738): CodeIgniter\Model->doInsert([...])
 7 SYSTEMPATH/Model.php(667): CodeIgniter\BaseModel->insert([...], false)
 8 APPPATH/Controllers/Psda.php(300): CodeIgniter\Model->insert([...], false)
 9 SYSTEMPATH/CodeIgniter.php(907): App\Controllers\Psda->upload_anggota()
10 SYSTEMPATH/CodeIgniter.php(457): CodeIgniter\CodeIgniter->runController(Object(App\Controllers\Psda))
11 SYSTEMPATH/CodeIgniter.php(340): CodeIgniter\CodeIgniter->handleRequest(null, Object(Config\Cache), false)
12 FCPATH/index.php(55): CodeIgniter\CodeIgniter->run()
