CRITICAL - 2022-08-22 04:00:31 --> Undefined index: nama
in APPPATH\Views\dashboard\data_simpanan.php on line 70.
 1 APPPATH\Views\dashboard\data_simpanan.php(70): CodeIgniter\Debug\Exceptions->errorHandler(8, 'Undefined index: nama', 'APPPATH\\Views\\dashboard\\data_simpanan.php', 70, [...])
 2 SYSTEMPATH\View\View.php(213): include('APPPATH\\Views\\dashboard\\data_simpanan.php')
 3 SYSTEMPATH\View\View.php(216): CodeIgniter\View\View->CodeIgniter\View\{closure}()
 4 SYSTEMPATH\Common.php(1135): CodeIgniter\View\View->render('dashboard/data_simpanan', [], true)
 5 APPPATH\Controllers\Dashboard.php(56): view('dashboard/data_simpanan', [...])
 6 SYSTEMPATH\CodeIgniter.php(896): App\Controllers\Dashboard->data_simpanan()
 7 SYSTEMPATH\CodeIgniter.php(466): CodeIgniter\CodeIgniter->runController(Object(App\Controllers\Dashboard))
 8 SYSTEMPATH\CodeIgniter.php(349): CodeIgniter\CodeIgniter->handleRequest(null, Object(Config\Cache), false)
 9 FCPATH\index.php(55): CodeIgniter\CodeIgniter->run()
10 SYSTEMPATH\Commands\Server\rewrite.php(43): require_once('FCPATH\\index.php')
CRITICAL - 2022-08-22 04:01:09 --> Undefined index: nama
in APPPATH\Views\dashboard\data_simpanan.php on line 70.
 1 APPPATH\Views\dashboard\data_simpanan.php(70): CodeIgniter\Debug\Exceptions->errorHandler(8, 'Undefined index: nama', 'APPPATH\\Views\\dashboard\\data_simpanan.php', 70, [...])
 2 SYSTEMPATH\View\View.php(213): include('APPPATH\\Views\\dashboard\\data_simpanan.php')
 3 SYSTEMPATH\View\View.php(216): CodeIgniter\View\View->CodeIgniter\View\{closure}()
 4 SYSTEMPATH\Common.php(1135): CodeIgniter\View\View->render('dashboard/data_simpanan', [], true)
 5 APPPATH\Controllers\Dashboard.php(56): view('dashboard/data_simpanan', [...])
 6 SYSTEMPATH\CodeIgniter.php(896): App\Controllers\Dashboard->data_simpanan()
 7 SYSTEMPATH\CodeIgniter.php(466): CodeIgniter\CodeIgniter->runController(Object(App\Controllers\Dashboard))
 8 SYSTEMPATH\CodeIgniter.php(349): CodeIgniter\CodeIgniter->handleRequest(null, Object(Config\Cache), false)
 9 FCPATH\index.php(55): CodeIgniter\CodeIgniter->run()
10 SYSTEMPATH\Commands\Server\rewrite.php(43): require_once('FCPATH\\index.php')
CRITICAL - 2022-08-22 04:01:15 --> Undefined index: nama
in APPPATH\Views\dashboard\data_simpanan.php on line 70.
 1 APPPATH\Views\dashboard\data_simpanan.php(70): CodeIgniter\Debug\Exceptions->errorHandler(8, 'Undefined index: nama', 'APPPATH\\Views\\dashboard\\data_simpanan.php', 70, [...])
 2 SYSTEMPATH\View\View.php(213): include('APPPATH\\Views\\dashboard\\data_simpanan.php')
 3 SYSTEMPATH\View\View.php(216): CodeIgniter\View\View->CodeIgniter\View\{closure}()
 4 SYSTEMPATH\Common.php(1135): CodeIgniter\View\View->render('dashboard/data_simpanan', [], true)
 5 APPPATH\Controllers\Dashboard.php(56): view('dashboard/data_simpanan', [...])
 6 SYSTEMPATH\CodeIgniter.php(896): App\Controllers\Dashboard->data_simpanan()
 7 SYSTEMPATH\CodeIgniter.php(466): CodeIgniter\CodeIgniter->runController(Object(App\Controllers\Dashboard))
 8 SYSTEMPATH\CodeIgniter.php(349): CodeIgniter\CodeIgniter->handleRequest(null, Object(Config\Cache), false)
 9 FCPATH\index.php(55): CodeIgniter\CodeIgniter->run()
10 SYSTEMPATH\Commands\Server\rewrite.php(43): require_once('FCPATH\\index.php')
