CRITICAL - 2022-08-09 11:10:54 --> Class 'AnggotaModel' not found
in APPPATH\Controllers\Dashboard.php on line 12.
 1 SYSTEMPATH\CodeIgniter.php(858): App\Controllers\Dashboard->__construct()
 2 SYSTEMPATH\CodeIgniter.php(457): CodeIgniter\CodeIgniter->createController()
 3 SYSTEMPATH\CodeIgniter.php(349): CodeIgniter\CodeIgniter->handleRequest(null, Object(Config\Cache), false)
 4 FCPATH\index.php(55): CodeIgniter\CodeIgniter->run()
 5 SYSTEMPATH\Commands\Server\rewrite.php(43): require_once('FCPATH\\index.php')
CRITICAL - 2022-08-09 11:11:26 --> Class 'App\Models\AnggotaModel' not found
in APPPATH\Controllers\Dashboard.php on line 12.
 1 SYSTEMPATH\CodeIgniter.php(858): App\Controllers\Dashboard->__construct()
 2 SYSTEMPATH\CodeIgniter.php(457): CodeIgniter\CodeIgniter->createController()
 3 SYSTEMPATH\CodeIgniter.php(349): CodeIgniter\CodeIgniter->handleRequest(null, Object(Config\Cache), false)
 4 FCPATH\index.php(55): CodeIgniter\CodeIgniter->run()
 5 SYSTEMPATH\Commands\Server\rewrite.php(43): require_once('FCPATH\\index.php')
CRITICAL - 2022-08-09 11:29:05 --> Undefined variable: anggota
in APPPATH\Views\dashboard\data_anggota.php on line 3.
 1 APPPATH\Views\dashboard\data_anggota.php(3): CodeIgniter\Debug\Exceptions->errorHandler(8, 'Undefined variable: anggota', 'APPPATH\\Views\\dashboard\\data_anggota.php', 3, [...])
 2 SYSTEMPATH\View\View.php(213): include('APPPATH\\Views\\dashboard\\data_anggota.php')
 3 SYSTEMPATH\View\View.php(216): CodeIgniter\View\View->CodeIgniter\View\{closure}()
 4 SYSTEMPATH\Common.php(1135): CodeIgniter\View\View->render('dashboard/data_anggota', [], true)
 5 APPPATH\Controllers\Dashboard.php(30): view('dashboard/data_anggota', [...])
 6 SYSTEMPATH\CodeIgniter.php(896): App\Controllers\Dashboard->data_anggota()
 7 SYSTEMPATH\CodeIgniter.php(466): CodeIgniter\CodeIgniter->runController(Object(App\Controllers\Dashboard))
 8 SYSTEMPATH\CodeIgniter.php(349): CodeIgniter\CodeIgniter->handleRequest(null, Object(Config\Cache), false)
 9 FCPATH\index.php(55): CodeIgniter\CodeIgniter->run()
10 SYSTEMPATH\Commands\Server\rewrite.php(43): require_once('FCPATH\\index.php')
CRITICAL - 2022-08-09 11:29:25 --> Undefined variable: data
in APPPATH\Views\dashboard\data_anggota.php on line 3.
 1 APPPATH\Views\dashboard\data_anggota.php(3): CodeIgniter\Debug\Exceptions->errorHandler(8, 'Undefined variable: data', 'APPPATH\\Views\\dashboard\\data_anggota.php', 3, [...])
 2 SYSTEMPATH\View\View.php(213): include('APPPATH\\Views\\dashboard\\data_anggota.php')
 3 SYSTEMPATH\View\View.php(216): CodeIgniter\View\View->CodeIgniter\View\{closure}()
 4 SYSTEMPATH\Common.php(1135): CodeIgniter\View\View->render('dashboard/data_anggota', [], true)
 5 APPPATH\Controllers\Dashboard.php(30): view('dashboard/data_anggota', [...])
 6 SYSTEMPATH\CodeIgniter.php(896): App\Controllers\Dashboard->data_anggota()
 7 SYSTEMPATH\CodeIgniter.php(466): CodeIgniter\CodeIgniter->runController(Object(App\Controllers\Dashboard))
 8 SYSTEMPATH\CodeIgniter.php(349): CodeIgniter\CodeIgniter->handleRequest(null, Object(Config\Cache), false)
 9 FCPATH\index.php(55): CodeIgniter\CodeIgniter->run()
10 SYSTEMPATH\Commands\Server\rewrite.php(43): require_once('FCPATH\\index.php')
CRITICAL - 2022-08-09 11:30:37 --> Undefined variable: data
in APPPATH\Views\dashboard\data_anggota.php on line 4.
 1 APPPATH\Views\dashboard\data_anggota.php(4): CodeIgniter\Debug\Exceptions->errorHandler(8, 'Undefined variable: data', 'APPPATH\\Views\\dashboard\\data_anggota.php', 4, [...])
 2 SYSTEMPATH\View\View.php(213): include('APPPATH\\Views\\dashboard\\data_anggota.php')
 3 SYSTEMPATH\View\View.php(216): CodeIgniter\View\View->CodeIgniter\View\{closure}()
 4 SYSTEMPATH\Common.php(1135): CodeIgniter\View\View->render('dashboard/data_anggota', [], true)
 5 APPPATH\Controllers\Dashboard.php(30): view('dashboard/data_anggota', [...])
 6 SYSTEMPATH\CodeIgniter.php(896): App\Controllers\Dashboard->data_anggota()
 7 SYSTEMPATH\CodeIgniter.php(466): CodeIgniter\CodeIgniter->runController(Object(App\Controllers\Dashboard))
 8 SYSTEMPATH\CodeIgniter.php(349): CodeIgniter\CodeIgniter->handleRequest(null, Object(Config\Cache), false)
 9 FCPATH\index.php(55): CodeIgniter\CodeIgniter->run()
10 SYSTEMPATH\Commands\Server\rewrite.php(43): require_once('FCPATH\\index.php')
CRITICAL - 2022-08-09 11:31:44 --> Undefined variable: data
in APPPATH\Views\dashboard\data_anggota.php on line 4.
 1 APPPATH\Views\dashboard\data_anggota.php(4): CodeIgniter\Debug\Exceptions->errorHandler(8, 'Undefined variable: data', 'APPPATH\\Views\\dashboard\\data_anggota.php', 4, [...])
 2 SYSTEMPATH\View\View.php(213): include('APPPATH\\Views\\dashboard\\data_anggota.php')
 3 SYSTEMPATH\View\View.php(216): CodeIgniter\View\View->CodeIgniter\View\{closure}()
 4 SYSTEMPATH\Common.php(1135): CodeIgniter\View\View->render('dashboard/data_anggota', [], true)
 5 APPPATH\Controllers\Dashboard.php(30): view('dashboard/data_anggota', [...])
 6 SYSTEMPATH\CodeIgniter.php(896): App\Controllers\Dashboard->data_anggota()
 7 SYSTEMPATH\CodeIgniter.php(466): CodeIgniter\CodeIgniter->runController(Object(App\Controllers\Dashboard))
 8 SYSTEMPATH\CodeIgniter.php(349): CodeIgniter\CodeIgniter->handleRequest(null, Object(Config\Cache), false)
 9 FCPATH\index.php(55): CodeIgniter\CodeIgniter->run()
10 SYSTEMPATH\Commands\Server\rewrite.php(43): require_once('FCPATH\\index.php')
CRITICAL - 2022-08-09 11:32:08 --> Undefined variable: data
in APPPATH\Views\dashboard\data_anggota.php on line 9.
 1 APPPATH\Views\dashboard\data_anggota.php(9): CodeIgniter\Debug\Exceptions->errorHandler(8, 'Undefined variable: data', 'APPPATH\\Views\\dashboard\\data_anggota.php', 9, [...])
 2 SYSTEMPATH\View\View.php(213): include('APPPATH\\Views\\dashboard\\data_anggota.php')
 3 SYSTEMPATH\View\View.php(216): CodeIgniter\View\View->CodeIgniter\View\{closure}()
 4 SYSTEMPATH\Common.php(1135): CodeIgniter\View\View->render('dashboard/data_anggota', [], true)
 5 APPPATH\Controllers\Dashboard.php(30): view('dashboard/data_anggota', [...])
 6 SYSTEMPATH\CodeIgniter.php(896): App\Controllers\Dashboard->data_anggota()
 7 SYSTEMPATH\CodeIgniter.php(466): CodeIgniter\CodeIgniter->runController(Object(App\Controllers\Dashboard))
 8 SYSTEMPATH\CodeIgniter.php(349): CodeIgniter\CodeIgniter->handleRequest(null, Object(Config\Cache), false)
 9 FCPATH\index.php(55): CodeIgniter\CodeIgniter->run()
10 SYSTEMPATH\Commands\Server\rewrite.php(43): require_once('FCPATH\\index.php')
CRITICAL - 2022-08-09 11:32:20 --> Undefined variable: data
in APPPATH\Views\dashboard\data_anggota.php on line 50.
 1 APPPATH\Views\dashboard\data_anggota.php(50): CodeIgniter\Debug\Exceptions->errorHandler(8, 'Undefined variable: data', 'APPPATH\\Views\\dashboard\\data_anggota.php', 50, [...])
 2 SYSTEMPATH\View\View.php(213): include('APPPATH\\Views\\dashboard\\data_anggota.php')
 3 SYSTEMPATH\View\View.php(216): CodeIgniter\View\View->CodeIgniter\View\{closure}()
 4 SYSTEMPATH\Common.php(1135): CodeIgniter\View\View->render('dashboard/data_anggota', [], true)
 5 APPPATH\Controllers\Dashboard.php(30): view('dashboard/data_anggota', [...])
 6 SYSTEMPATH\CodeIgniter.php(896): App\Controllers\Dashboard->data_anggota()
 7 SYSTEMPATH\CodeIgniter.php(466): CodeIgniter\CodeIgniter->runController(Object(App\Controllers\Dashboard))
 8 SYSTEMPATH\CodeIgniter.php(349): CodeIgniter\CodeIgniter->handleRequest(null, Object(Config\Cache), false)
 9 FCPATH\index.php(55): CodeIgniter\CodeIgniter->run()
10 SYSTEMPATH\Commands\Server\rewrite.php(43): require_once('FCPATH\\index.php')
CRITICAL - 2022-08-09 11:32:22 --> Undefined variable: _SESSION
in APPPATH\Views\dashboard\data_anggota.php on line 52.
 1 APPPATH\Views\dashboard\data_anggota.php(52): CodeIgniter\Debug\Exceptions->errorHandler(8, 'Undefined variable: _SESSION', 'APPPATH\\Views\\dashboard\\data_anggota.php', 52, [...])
 2 SYSTEMPATH\View\View.php(213): include('APPPATH\\Views\\dashboard\\data_anggota.php')
 3 SYSTEMPATH\View\View.php(216): CodeIgniter\View\View->CodeIgniter\View\{closure}()
 4 SYSTEMPATH\Common.php(1135): CodeIgniter\View\View->render('dashboard/data_anggota', [], true)
 5 APPPATH\Controllers\Dashboard.php(23): view('dashboard/data_anggota', [...])
 6 SYSTEMPATH\CodeIgniter.php(896): App\Controllers\Dashboard->index()
 7 SYSTEMPATH\CodeIgniter.php(466): CodeIgniter\CodeIgniter->runController(Object(App\Controllers\Dashboard))
 8 SYSTEMPATH\CodeIgniter.php(349): CodeIgniter\CodeIgniter->handleRequest(null, Object(Config\Cache), false)
 9 FCPATH\index.php(55): CodeIgniter\CodeIgniter->run()
10 SYSTEMPATH\Commands\Server\rewrite.php(43): require_once('FCPATH\\index.php')
CRITICAL - 2022-08-09 11:32:28 --> Undefined variable: _SESSION
in APPPATH\Views\dashboard\data_anggota.php on line 52.
 1 APPPATH\Views\dashboard\data_anggota.php(52): CodeIgniter\Debug\Exceptions->errorHandler(8, 'Undefined variable: _SESSION', 'APPPATH\\Views\\dashboard\\data_anggota.php', 52, [...])
 2 SYSTEMPATH\View\View.php(213): include('APPPATH\\Views\\dashboard\\data_anggota.php')
 3 SYSTEMPATH\View\View.php(216): CodeIgniter\View\View->CodeIgniter\View\{closure}()
 4 SYSTEMPATH\Common.php(1135): CodeIgniter\View\View->render('dashboard/data_anggota', [], true)
 5 APPPATH\Controllers\Dashboard.php(23): view('dashboard/data_anggota', [...])
 6 SYSTEMPATH\CodeIgniter.php(896): App\Controllers\Dashboard->index()
 7 SYSTEMPATH\CodeIgniter.php(466): CodeIgniter\CodeIgniter->runController(Object(App\Controllers\Dashboard))
 8 SYSTEMPATH\CodeIgniter.php(349): CodeIgniter\CodeIgniter->handleRequest(null, Object(Config\Cache), false)
 9 FCPATH\index.php(55): CodeIgniter\CodeIgniter->run()
10 SYSTEMPATH\Commands\Server\rewrite.php(43): require_once('FCPATH\\index.php')
CRITICAL - 2022-08-09 11:33:01 --> Undefined index: nama
in APPPATH\Views\dashboard\data_anggota.php on line 58.
 1 APPPATH\Views\dashboard\data_anggota.php(58): CodeIgniter\Debug\Exceptions->errorHandler(8, 'Undefined index: nama', 'APPPATH\\Views\\dashboard\\data_anggota.php', 58, [...])
 2 SYSTEMPATH\View\View.php(213): include('APPPATH\\Views\\dashboard\\data_anggota.php')
 3 SYSTEMPATH\View\View.php(216): CodeIgniter\View\View->CodeIgniter\View\{closure}()
 4 SYSTEMPATH\Common.php(1135): CodeIgniter\View\View->render('dashboard/data_anggota', [], true)
 5 APPPATH\Controllers\Dashboard.php(23): view('dashboard/data_anggota', [...])
 6 SYSTEMPATH\CodeIgniter.php(896): App\Controllers\Dashboard->index()
 7 SYSTEMPATH\CodeIgniter.php(466): CodeIgniter\CodeIgniter->runController(Object(App\Controllers\Dashboard))
 8 SYSTEMPATH\CodeIgniter.php(349): CodeIgniter\CodeIgniter->handleRequest(null, Object(Config\Cache), false)
 9 FCPATH\index.php(55): CodeIgniter\CodeIgniter->run()
10 SYSTEMPATH\Commands\Server\rewrite.php(43): require_once('FCPATH\\index.php')
CRITICAL - 2022-08-09 11:33:27 --> Undefined variable: anggota
in APPPATH\Views\dashboard\data_anggota.php on line 49.
 1 APPPATH\Views\dashboard\data_anggota.php(49): CodeIgniter\Debug\Exceptions->errorHandler(8, 'Undefined variable: anggota', 'APPPATH\\Views\\dashboard\\data_anggota.php', 49, [...])
 2 SYSTEMPATH\View\View.php(213): include('APPPATH\\Views\\dashboard\\data_anggota.php')
 3 SYSTEMPATH\View\View.php(216): CodeIgniter\View\View->CodeIgniter\View\{closure}()
 4 SYSTEMPATH\Common.php(1135): CodeIgniter\View\View->render('dashboard/data_anggota', [], true)
 5 APPPATH\Controllers\Dashboard.php(23): view('dashboard/data_anggota', [...])
 6 SYSTEMPATH\CodeIgniter.php(896): App\Controllers\Dashboard->index()
 7 SYSTEMPATH\CodeIgniter.php(466): CodeIgniter\CodeIgniter->runController(Object(App\Controllers\Dashboard))
 8 SYSTEMPATH\CodeIgniter.php(349): CodeIgniter\CodeIgniter->handleRequest(null, Object(Config\Cache), false)
 9 FCPATH\index.php(55): CodeIgniter\CodeIgniter->run()
10 SYSTEMPATH\Commands\Server\rewrite.php(43): require_once('FCPATH\\index.php')
CRITICAL - 2022-08-09 11:33:35 --> Undefined index: data
in APPPATH\Views\dashboard\data_anggota.php on line 49.
 1 APPPATH\Views\dashboard\data_anggota.php(49): CodeIgniter\Debug\Exceptions->errorHandler(8, 'Undefined index: data', 'APPPATH\\Views\\dashboard\\data_anggota.php', 49, [...])
 2 SYSTEMPATH\View\View.php(213): include('APPPATH\\Views\\dashboard\\data_anggota.php')
 3 SYSTEMPATH\View\View.php(216): CodeIgniter\View\View->CodeIgniter\View\{closure}()
 4 SYSTEMPATH\Common.php(1135): CodeIgniter\View\View->render('dashboard/data_anggota', [], true)
 5 APPPATH\Controllers\Dashboard.php(23): view('dashboard/data_anggota', [...])
 6 SYSTEMPATH\CodeIgniter.php(896): App\Controllers\Dashboard->index()
 7 SYSTEMPATH\CodeIgniter.php(466): CodeIgniter\CodeIgniter->runController(Object(App\Controllers\Dashboard))
 8 SYSTEMPATH\CodeIgniter.php(349): CodeIgniter\CodeIgniter->handleRequest(null, Object(Config\Cache), false)
 9 FCPATH\index.php(55): CodeIgniter\CodeIgniter->run()
10 SYSTEMPATH\Commands\Server\rewrite.php(43): require_once('FCPATH\\index.php')
CRITICAL - 2022-08-09 11:34:02 --> Undefined index: data
in APPPATH\Views\dashboard\data_anggota.php on line 49.
 1 APPPATH\Views\dashboard\data_anggota.php(49): CodeIgniter\Debug\Exceptions->errorHandler(8, 'Undefined index: data', 'APPPATH\\Views\\dashboard\\data_anggota.php', 49, [...])
 2 SYSTEMPATH\View\View.php(213): include('APPPATH\\Views\\dashboard\\data_anggota.php')
 3 SYSTEMPATH\View\View.php(216): CodeIgniter\View\View->CodeIgniter\View\{closure}()
 4 SYSTEMPATH\Common.php(1135): CodeIgniter\View\View->render('dashboard/data_anggota', [], true)
 5 APPPATH\Controllers\Dashboard.php(23): view('dashboard/data_anggota', [...])
 6 SYSTEMPATH\CodeIgniter.php(896): App\Controllers\Dashboard->index()
 7 SYSTEMPATH\CodeIgniter.php(466): CodeIgniter\CodeIgniter->runController(Object(App\Controllers\Dashboard))
 8 SYSTEMPATH\CodeIgniter.php(349): CodeIgniter\CodeIgniter->handleRequest(null, Object(Config\Cache), false)
 9 FCPATH\index.php(55): CodeIgniter\CodeIgniter->run()
10 SYSTEMPATH\Commands\Server\rewrite.php(43): require_once('FCPATH\\index.php')
CRITICAL - 2022-08-09 11:38:37 --> Undefined variable: anggota
in APPPATH\Views\dashboard\data_anggota.php on line 45.
 1 APPPATH\Views\dashboard\data_anggota.php(45): CodeIgniter\Debug\Exceptions->errorHandler(8, 'Undefined variable: anggota', 'APPPATH\\Views\\dashboard\\data_anggota.php', 45, [...])
 2 SYSTEMPATH\View\View.php(213): include('APPPATH\\Views\\dashboard\\data_anggota.php')
 3 SYSTEMPATH\View\View.php(216): CodeIgniter\View\View->CodeIgniter\View\{closure}()
 4 SYSTEMPATH\Common.php(1135): CodeIgniter\View\View->render('dashboard/data_anggota', [], true)
 5 APPPATH\Controllers\Dashboard.php(23): view('dashboard/data_anggota', [...])
 6 SYSTEMPATH\CodeIgniter.php(896): App\Controllers\Dashboard->index()
 7 SYSTEMPATH\CodeIgniter.php(466): CodeIgniter\CodeIgniter->runController(Object(App\Controllers\Dashboard))
 8 SYSTEMPATH\CodeIgniter.php(349): CodeIgniter\CodeIgniter->handleRequest(null, Object(Config\Cache), false)
 9 FCPATH\index.php(55): CodeIgniter\CodeIgniter->run()
10 SYSTEMPATH\Commands\Server\rewrite.php(43): require_once('FCPATH\\index.php')
CRITICAL - 2022-08-09 11:39:51 --> Undefined variable: anggota
in APPPATH\Views\dashboard\data_anggota.php on line 46.
 1 APPPATH\Views\dashboard\data_anggota.php(46): CodeIgniter\Debug\Exceptions->errorHandler(8, 'Undefined variable: anggota', 'APPPATH\\Views\\dashboard\\data_anggota.php', 46, [...])
 2 SYSTEMPATH\View\View.php(213): include('APPPATH\\Views\\dashboard\\data_anggota.php')
 3 SYSTEMPATH\View\View.php(216): CodeIgniter\View\View->CodeIgniter\View\{closure}()
 4 SYSTEMPATH\Common.php(1135): CodeIgniter\View\View->render('dashboard/data_anggota', [], true)
 5 APPPATH\Controllers\Dashboard.php(23): view('dashboard/data_anggota', [...])
 6 SYSTEMPATH\CodeIgniter.php(896): App\Controllers\Dashboard->index()
 7 SYSTEMPATH\CodeIgniter.php(466): CodeIgniter\CodeIgniter->runController(Object(App\Controllers\Dashboard))
 8 SYSTEMPATH\CodeIgniter.php(349): CodeIgniter\CodeIgniter->handleRequest(null, Object(Config\Cache), false)
 9 FCPATH\index.php(55): CodeIgniter\CodeIgniter->run()
10 SYSTEMPATH\Commands\Server\rewrite.php(43): require_once('FCPATH\\index.php')
CRITICAL - 2022-08-09 11:40:00 --> Undefined index: nama
in APPPATH\Views\dashboard\data_anggota.php on line 54.
 1 APPPATH\Views\dashboard\data_anggota.php(54): CodeIgniter\Debug\Exceptions->errorHandler(8, 'Undefined index: nama', 'APPPATH\\Views\\dashboard\\data_anggota.php', 54, [...])
 2 SYSTEMPATH\View\View.php(213): include('APPPATH\\Views\\dashboard\\data_anggota.php')
 3 SYSTEMPATH\View\View.php(216): CodeIgniter\View\View->CodeIgniter\View\{closure}()
 4 SYSTEMPATH\Common.php(1135): CodeIgniter\View\View->render('dashboard/data_anggota', [], true)
 5 APPPATH\Controllers\Dashboard.php(23): view('dashboard/data_anggota', [...])
 6 SYSTEMPATH\CodeIgniter.php(896): App\Controllers\Dashboard->index()
 7 SYSTEMPATH\CodeIgniter.php(466): CodeIgniter\CodeIgniter->runController(Object(App\Controllers\Dashboard))
 8 SYSTEMPATH\CodeIgniter.php(349): CodeIgniter\CodeIgniter->handleRequest(null, Object(Config\Cache), false)
 9 FCPATH\index.php(55): CodeIgniter\CodeIgniter->run()
10 SYSTEMPATH\Commands\Server\rewrite.php(43): require_once('FCPATH\\index.php')
CRITICAL - 2022-08-09 11:45:50 --> Undefined index: title
in APPPATH\Views\layout\template.php on line 8.
 1 APPPATH\Views\layout\template.php(8): CodeIgniter\Debug\Exceptions->errorHandler(8, 'Undefined index: title', 'APPPATH\\Views\\layout\\template.php', 8, [...])
 2 SYSTEMPATH\View\View.php(213): include('APPPATH\\Views\\layout\\template.php')
 3 SYSTEMPATH\View\View.php(216): CodeIgniter\View\View->CodeIgniter\View\{closure}()
 4 SYSTEMPATH\View\View.php(229): CodeIgniter\View\View->render('layout/template', [], true)
 5 SYSTEMPATH\View\View.php(229): CodeIgniter\View\View->render('dashboard/sidebar', [], true)
 6 SYSTEMPATH\Common.php(1135): CodeIgniter\View\View->render('dashboard/data_anggota', [], true)
 7 APPPATH\Controllers\Dashboard.php(23): view('dashboard/data_anggota', [...])
 8 SYSTEMPATH\CodeIgniter.php(896): App\Controllers\Dashboard->index()
 9 SYSTEMPATH\CodeIgniter.php(466): CodeIgniter\CodeIgniter->runController(Object(App\Controllers\Dashboard))
10 SYSTEMPATH\CodeIgniter.php(349): CodeIgniter\CodeIgniter->handleRequest(null, Object(Config\Cache), false)
11 FCPATH\index.php(55): CodeIgniter\CodeIgniter->run()
12 SYSTEMPATH\Commands\Server\rewrite.php(43): require_once('FCPATH\\index.php')
CRITICAL - 2022-08-09 11:46:17 --> Undefined index: title
in APPPATH\Views\layout\template.php on line 16.
 1 APPPATH\Views\layout\template.php(16): CodeIgniter\Debug\Exceptions->errorHandler(8, 'Undefined index: title', 'APPPATH\\Views\\layout\\template.php', 16, [...])
 2 SYSTEMPATH\View\View.php(213): include('APPPATH\\Views\\layout\\template.php')
 3 SYSTEMPATH\View\View.php(216): CodeIgniter\View\View->CodeIgniter\View\{closure}()
 4 SYSTEMPATH\View\View.php(229): CodeIgniter\View\View->render('layout/template', [], true)
 5 SYSTEMPATH\View\View.php(229): CodeIgniter\View\View->render('dashboard/sidebar', [], true)
 6 SYSTEMPATH\Common.php(1135): CodeIgniter\View\View->render('dashboard/data_anggota', [], true)
 7 APPPATH\Controllers\Dashboard.php(23): view('dashboard/data_anggota', [...])
 8 SYSTEMPATH\CodeIgniter.php(896): App\Controllers\Dashboard->index()
 9 SYSTEMPATH\CodeIgniter.php(466): CodeIgniter\CodeIgniter->runController(Object(App\Controllers\Dashboard))
10 SYSTEMPATH\CodeIgniter.php(349): CodeIgniter\CodeIgniter->handleRequest(null, Object(Config\Cache), false)
11 FCPATH\index.php(55): CodeIgniter\CodeIgniter->run()
12 SYSTEMPATH\Commands\Server\rewrite.php(43): require_once('FCPATH\\index.php')
CRITICAL - 2022-08-09 11:47:15 --> Array to string conversion
in APPPATH\Views\layout\template.php on line 8.
 1 APPPATH\Views\layout\template.php(8): CodeIgniter\Debug\Exceptions->errorHandler(8, 'Array to string conversion', 'APPPATH\\Views\\layout\\template.php', 8, [...])
 2 SYSTEMPATH\View\View.php(213): include('APPPATH\\Views\\layout\\template.php')
 3 SYSTEMPATH\View\View.php(216): CodeIgniter\View\View->CodeIgniter\View\{closure}()
 4 SYSTEMPATH\View\View.php(229): CodeIgniter\View\View->render('layout/template', [], true)
 5 SYSTEMPATH\View\View.php(229): CodeIgniter\View\View->render('dashboard/sidebar', [], true)
 6 SYSTEMPATH\Common.php(1135): CodeIgniter\View\View->render('dashboard/data_anggota', [], true)
 7 APPPATH\Controllers\Dashboard.php(23): view('dashboard/data_anggota', [...])
 8 SYSTEMPATH\CodeIgniter.php(896): App\Controllers\Dashboard->index()
 9 SYSTEMPATH\CodeIgniter.php(466): CodeIgniter\CodeIgniter->runController(Object(App\Controllers\Dashboard))
10 SYSTEMPATH\CodeIgniter.php(349): CodeIgniter\CodeIgniter->handleRequest(null, Object(Config\Cache), false)
11 FCPATH\index.php(55): CodeIgniter\CodeIgniter->run()
12 SYSTEMPATH\Commands\Server\rewrite.php(43): require_once('FCPATH\\index.php')
CRITICAL - 2022-08-09 11:47:27 --> Array to string conversion
in APPPATH\Views\layout\template.php on line 8.
 1 APPPATH\Views\layout\template.php(8): CodeIgniter\Debug\Exceptions->errorHandler(8, 'Array to string conversion', 'APPPATH\\Views\\layout\\template.php', 8, [...])
 2 SYSTEMPATH\View\View.php(213): include('APPPATH\\Views\\layout\\template.php')
 3 SYSTEMPATH\View\View.php(216): CodeIgniter\View\View->CodeIgniter\View\{closure}()
 4 SYSTEMPATH\View\View.php(229): CodeIgniter\View\View->render('layout/template', [], true)
 5 SYSTEMPATH\View\View.php(229): CodeIgniter\View\View->render('dashboard/sidebar', [], true)
 6 SYSTEMPATH\Common.php(1135): CodeIgniter\View\View->render('dashboard/data_anggota', [], true)
 7 APPPATH\Controllers\Dashboard.php(23): view('dashboard/data_anggota', [...])
 8 SYSTEMPATH\CodeIgniter.php(896): App\Controllers\Dashboard->index()
 9 SYSTEMPATH\CodeIgniter.php(466): CodeIgniter\CodeIgniter->runController(Object(App\Controllers\Dashboard))
10 SYSTEMPATH\CodeIgniter.php(349): CodeIgniter\CodeIgniter->handleRequest(null, Object(Config\Cache), false)
11 FCPATH\index.php(55): CodeIgniter\CodeIgniter->run()
12 SYSTEMPATH\Commands\Server\rewrite.php(43): require_once('FCPATH\\index.php')
CRITICAL - 2022-08-09 11:47:56 --> Undefined variable: data
in APPPATH\Views\dashboard\data_anggota.php on line 43.
 1 APPPATH\Views\dashboard\data_anggota.php(43): CodeIgniter\Debug\Exceptions->errorHandler(8, 'Undefined variable: data', 'APPPATH\\Views\\dashboard\\data_anggota.php', 43, [...])
 2 SYSTEMPATH\View\View.php(213): include('APPPATH\\Views\\dashboard\\data_anggota.php')
 3 SYSTEMPATH\View\View.php(216): CodeIgniter\View\View->CodeIgniter\View\{closure}()
 4 SYSTEMPATH\Common.php(1135): CodeIgniter\View\View->render('dashboard/data_anggota', [], true)
 5 APPPATH\Controllers\Dashboard.php(23): view('dashboard/data_anggota', [...])
 6 SYSTEMPATH\CodeIgniter.php(896): App\Controllers\Dashboard->index()
 7 SYSTEMPATH\CodeIgniter.php(466): CodeIgniter\CodeIgniter->runController(Object(App\Controllers\Dashboard))
 8 SYSTEMPATH\CodeIgniter.php(349): CodeIgniter\CodeIgniter->handleRequest(null, Object(Config\Cache), false)
 9 FCPATH\index.php(55): CodeIgniter\CodeIgniter->run()
10 SYSTEMPATH\Commands\Server\rewrite.php(43): require_once('FCPATH\\index.php')
CRITICAL - 2022-08-09 11:48:21 --> Undefined variable: data
in APPPATH\Views\dashboard\data_anggota.php on line 43.
 1 APPPATH\Views\dashboard\data_anggota.php(43): CodeIgniter\Debug\Exceptions->errorHandler(8, 'Undefined variable: data', 'APPPATH\\Views\\dashboard\\data_anggota.php', 43, [...])
 2 SYSTEMPATH\View\View.php(213): include('APPPATH\\Views\\dashboard\\data_anggota.php')
 3 SYSTEMPATH\View\View.php(216): CodeIgniter\View\View->CodeIgniter\View\{closure}()
 4 SYSTEMPATH\Common.php(1135): CodeIgniter\View\View->render('dashboard/data_anggota', [], true)
 5 APPPATH\Controllers\Dashboard.php(23): view('dashboard/data_anggota', [...])
 6 SYSTEMPATH\CodeIgniter.php(896): App\Controllers\Dashboard->index()
 7 SYSTEMPATH\CodeIgniter.php(466): CodeIgniter\CodeIgniter->runController(Object(App\Controllers\Dashboard))
 8 SYSTEMPATH\CodeIgniter.php(349): CodeIgniter\CodeIgniter->handleRequest(null, Object(Config\Cache), false)
 9 FCPATH\index.php(55): CodeIgniter\CodeIgniter->run()
10 SYSTEMPATH\Commands\Server\rewrite.php(43): require_once('FCPATH\\index.php')
CRITICAL - 2022-08-09 11:48:43 --> Undefined variable: data
in APPPATH\Views\dashboard\data_anggota.php on line 43.
 1 APPPATH\Views\dashboard\data_anggota.php(43): CodeIgniter\Debug\Exceptions->errorHandler(8, 'Undefined variable: data', 'APPPATH\\Views\\dashboard\\data_anggota.php', 43, [...])
 2 SYSTEMPATH\View\View.php(213): include('APPPATH\\Views\\dashboard\\data_anggota.php')
 3 SYSTEMPATH\View\View.php(216): CodeIgniter\View\View->CodeIgniter\View\{closure}()
 4 SYSTEMPATH\Common.php(1135): CodeIgniter\View\View->render('dashboard/data_anggota', [], true)
 5 APPPATH\Controllers\Dashboard.php(23): view('dashboard/data_anggota', [...])
 6 SYSTEMPATH\CodeIgniter.php(896): App\Controllers\Dashboard->index()
 7 SYSTEMPATH\CodeIgniter.php(466): CodeIgniter\CodeIgniter->runController(Object(App\Controllers\Dashboard))
 8 SYSTEMPATH\CodeIgniter.php(349): CodeIgniter\CodeIgniter->handleRequest(null, Object(Config\Cache), false)
 9 FCPATH\index.php(55): CodeIgniter\CodeIgniter->run()
10 SYSTEMPATH\Commands\Server\rewrite.php(43): require_once('FCPATH\\index.php')
CRITICAL - 2022-08-09 11:49:08 --> Undefined variable: data
in APPPATH\Views\layout\template.php on line 16.
 1 APPPATH\Views\layout\template.php(16): CodeIgniter\Debug\Exceptions->errorHandler(8, 'Undefined variable: data', 'APPPATH\\Views\\layout\\template.php', 16, [...])
 2 SYSTEMPATH\View\View.php(213): include('APPPATH\\Views\\layout\\template.php')
 3 SYSTEMPATH\View\View.php(216): CodeIgniter\View\View->CodeIgniter\View\{closure}()
 4 SYSTEMPATH\View\View.php(229): CodeIgniter\View\View->render('layout/template', [], true)
 5 SYSTEMPATH\View\View.php(229): CodeIgniter\View\View->render('dashboard/sidebar', [], true)
 6 SYSTEMPATH\Common.php(1135): CodeIgniter\View\View->render('dashboard/data_anggota', [], true)
 7 APPPATH\Controllers\Dashboard.php(23): view('dashboard/data_anggota', [...])
 8 SYSTEMPATH\CodeIgniter.php(896): App\Controllers\Dashboard->index()
 9 SYSTEMPATH\CodeIgniter.php(466): CodeIgniter\CodeIgniter->runController(Object(App\Controllers\Dashboard))
10 SYSTEMPATH\CodeIgniter.php(349): CodeIgniter\CodeIgniter->handleRequest(null, Object(Config\Cache), false)
11 FCPATH\index.php(55): CodeIgniter\CodeIgniter->run()
12 SYSTEMPATH\Commands\Server\rewrite.php(43): require_once('FCPATH\\index.php')
