ERROR - 2022-09-26 19:09:37 --> Error connecting to the database: mysqli_sql_exception: No connection could be made because the target machine actively refused it.
 in D:\Coding\XAMMP 7.4\htdocs\panelkopma\vendor\codeigniter4\framework\system\Database\MySQLi\Connection.php:171
Stack trace:
#0 D:\Coding\XAMMP 7.4\htdocs\panelkopma\vendor\codeigniter4\framework\system\Database\MySQLi\Connection.php(171): mysqli->real_connect('127.0.0.1', 'root', '', 'anggota_kopma', 3306, '', 0)
#1 D:\Coding\XAMMP 7.4\htdocs\panelkopma\vendor\codeigniter4\framework\system\Database\BaseConnection.php(382): CodeIgniter\Database\MySQLi\Connection->connect(false)
#2 D:\Coding\XAMMP 7.4\htdocs\panelkopma\vendor\codeigniter4\framework\system\Database\BaseConnection.php(588): CodeIgniter\Database\BaseConnection->initialize()
#3 D:\Coding\XAMMP 7.4\htdocs\panelkopma\vendor\codeigniter4\framework\system\Database\BaseBuilder.php(1585): CodeIgniter\Database\BaseConnection->query('SELECT *\nFROM `...', Array, false)
#4 D:\Coding\XAMMP 7.4\htdocs\panelkopma\vendor\codeigniter4\framework\system\Model.php(250): CodeIgniter\Database\BaseBuilder->get()
#5 D:\Coding\XAMMP 7.4\htdocs\panelkopma\vendor\codeigniter4\framework\system\BaseModel.php(622): CodeIgniter\Model->doFirst()
#6 D:\Coding\XAMMP 7.4\htdocs\panelkopma\vendor\myth\auth\src\Authentication\LocalAuthenticator.php(140): CodeIgniter\BaseModel->first()
#7 D:\Coding\XAMMP 7.4\htdocs\panelkopma\vendor\myth\auth\src\Authentication\LocalAuthenticator.php(19): Myth\Auth\Authentication\LocalAuthenticator->validate(Array, true)
#8 D:\Coding\XAMMP 7.4\htdocs\panelkopma\vendor\myth\auth\src\Controllers\AuthController.php(91): Myth\Auth\Authentication\LocalAuthenticator->attempt(Array, false)
#9 D:\Coding\XAMMP 7.4\htdocs\panelkopma\vendor\codeigniter4\framework\system\CodeIgniter.php(907): Myth\Auth\Controllers\AuthController->attemptLogin()
#10 D:\Coding\XAMMP 7.4\htdocs\panelkopma\vendor\codeigniter4\framework\system\CodeIgniter.php(457): CodeIgniter\CodeIgniter->runController(Object(Myth\Auth\Controllers\AuthController))
#11 D:\Coding\XAMMP 7.4\htdocs\panelkopma\vendor\codeigniter4\framework\system\CodeIgniter.php(340): CodeIgniter\CodeIgniter->handleRequest(NULL, Object(Config\Cache), false)
#12 D:\Coding\XAMMP 7.4\htdocs\panelkopma\public\index.php(55): CodeIgniter\CodeIgniter->run()
#13 D:\Coding\XAMMP 7.4\htdocs\panelkopma\vendor\codeigniter4\framework\system\Commands\Server\rewrite.php(43): require_once('D:\\Coding\\XAMMP...')
#14 {main}

Next CodeIgniter\Database\Exceptions\DatabaseException: No connection could be made because the target machine actively refused it.
 in D:\Coding\XAMMP 7.4\htdocs\panelkopma\vendor\codeigniter4\framework\system\Database\MySQLi\Connection.php:215
Stack trace:
#0 D:\Coding\XAMMP 7.4\htdocs\panelkopma\vendor\codeigniter4\framework\system\Database\BaseConnection.php(382): CodeIgniter\Database\MySQLi\Connection->connect(false)
#1 D:\Coding\XAMMP 7.4\htdocs\panelkopma\vendor\codeigniter4\framework\system\Database\BaseConnection.php(588): CodeIgniter\Database\BaseConnection->initialize()
#2 D:\Coding\XAMMP 7.4\htdocs\panelkopma\vendor\codeigniter4\framework\system\Database\BaseBuilder.php(1585): CodeIgniter\Database\BaseConnection->query('SELECT *\nFROM `...', Array, false)
#3 D:\Coding\XAMMP 7.4\htdocs\panelkopma\vendor\codeigniter4\framework\system\Model.php(250): CodeIgniter\Database\BaseBuilder->get()
#4 D:\Coding\XAMMP 7.4\htdocs\panelkopma\vendor\codeigniter4\framework\system\BaseModel.php(622): CodeIgniter\Model->doFirst()
#5 D:\Coding\XAMMP 7.4\htdocs\panelkopma\vendor\myth\auth\src\Authentication\LocalAuthenticator.php(140): CodeIgniter\BaseModel->first()
#6 D:\Coding\XAMMP 7.4\htdocs\panelkopma\vendor\myth\auth\src\Authentication\LocalAuthenticator.php(19): Myth\Auth\Authentication\LocalAuthenticator->validate(Array, true)
#7 D:\Coding\XAMMP 7.4\htdocs\panelkopma\vendor\myth\auth\src\Controllers\AuthController.php(91): Myth\Auth\Authentication\LocalAuthenticator->attempt(Array, false)
#8 D:\Coding\XAMMP 7.4\htdocs\panelkopma\vendor\codeigniter4\framework\system\CodeIgniter.php(907): Myth\Auth\Controllers\AuthController->attemptLogin()
#9 D:\Coding\XAMMP 7.4\htdocs\panelkopma\vendor\codeigniter4\framework\system\CodeIgniter.php(457): CodeIgniter\CodeIgniter->runController(Object(Myth\Auth\Controllers\AuthController))
#10 D:\Coding\XAMMP 7.4\htdocs\panelkopma\vendor\codeigniter4\framework\system\CodeIgniter.php(340): CodeIgniter\CodeIgniter->handleRequest(NULL, Object(Config\Cache), false)
#11 D:\Coding\XAMMP 7.4\htdocs\panelkopma\public\index.php(55): CodeIgniter\CodeIgniter->run()
#12 D:\Coding\XAMMP 7.4\htdocs\panelkopma\vendor\codeigniter4\framework\system\Commands\Server\rewrite.php(43): require_once('D:\\Coding\\XAMMP...')
#13 {main}
CRITICAL - 2022-09-26 19:09:37 --> Unable to connect to the database.
Main connection [MySQLi]: No connection could be made because the target machine actively refused it.

in SYSTEMPATH\Database\BaseConnection.php on line 418.
 1 SYSTEMPATH\Database\BaseConnection.php(588): CodeIgniter\Database\BaseConnection->initialize()
 2 SYSTEMPATH\Database\BaseBuilder.php(1585): CodeIgniter\Database\BaseConnection->query('SELECT *
FROM `users`
WHERE `username` = :username:
AND `users`.`deleted_at` IS NULL
 LIMIT 1', [...], false)
 3 SYSTEMPATH\Model.php(250): CodeIgniter\Database\BaseBuilder->get()
 4 SYSTEMPATH\BaseModel.php(622): CodeIgniter\Model->doFirst()
 5 VENDORPATH\myth\auth\src\Authentication\LocalAuthenticator.php(140): CodeIgniter\BaseModel->first()
 6 VENDORPATH\myth\auth\src\Authentication\LocalAuthenticator.php(19): Myth\Auth\Authentication\LocalAuthenticator->validate([...], true)
 7 VENDORPATH\myth\auth\src\Controllers\AuthController.php(91): Myth\Auth\Authentication\LocalAuthenticator->attempt([...], false)
 8 SYSTEMPATH\CodeIgniter.php(907): Myth\Auth\Controllers\AuthController->attemptLogin()
 9 SYSTEMPATH\CodeIgniter.php(457): CodeIgniter\CodeIgniter->runController(Object(Myth\Auth\Controllers\AuthController))
10 SYSTEMPATH\CodeIgniter.php(340): CodeIgniter\CodeIgniter->handleRequest(null, Object(Config\Cache), false)
11 FCPATH\index.php(55): CodeIgniter\CodeIgniter->run()
12 SYSTEMPATH\Commands\Server\rewrite.php(43): require_once('FCPATH\\index.php')
ERROR - 2022-09-26 19:09:55 --> Error connecting to the database: mysqli_sql_exception: No connection could be made because the target machine actively refused it.
 in D:\Coding\XAMMP 7.4\htdocs\panelkopma\vendor\codeigniter4\framework\system\Database\MySQLi\Connection.php:171
Stack trace:
#0 D:\Coding\XAMMP 7.4\htdocs\panelkopma\vendor\codeigniter4\framework\system\Database\MySQLi\Connection.php(171): mysqli->real_connect('127.0.0.1', 'root', '', 'anggota_kopma', 3306, '', 0)
#1 D:\Coding\XAMMP 7.4\htdocs\panelkopma\vendor\codeigniter4\framework\system\Database\BaseConnection.php(382): CodeIgniter\Database\MySQLi\Connection->connect(false)
#2 D:\Coding\XAMMP 7.4\htdocs\panelkopma\vendor\codeigniter4\framework\system\Database\BaseConnection.php(588): CodeIgniter\Database\BaseConnection->initialize()
#3 D:\Coding\XAMMP 7.4\htdocs\panelkopma\vendor\codeigniter4\framework\system\Database\BaseBuilder.php(1585): CodeIgniter\Database\BaseConnection->query('SELECT *\nFROM `...', Array, false)
#4 D:\Coding\XAMMP 7.4\htdocs\panelkopma\vendor\codeigniter4\framework\system\Model.php(250): CodeIgniter\Database\BaseBuilder->get()
#5 D:\Coding\XAMMP 7.4\htdocs\panelkopma\vendor\codeigniter4\framework\system\BaseModel.php(622): CodeIgniter\Model->doFirst()
#6 D:\Coding\XAMMP 7.4\htdocs\panelkopma\vendor\myth\auth\src\Authentication\LocalAuthenticator.php(140): CodeIgniter\BaseModel->first()
#7 D:\Coding\XAMMP 7.4\htdocs\panelkopma\vendor\myth\auth\src\Authentication\LocalAuthenticator.php(19): Myth\Auth\Authentication\LocalAuthenticator->validate(Array, true)
#8 D:\Coding\XAMMP 7.4\htdocs\panelkopma\vendor\myth\auth\src\Controllers\AuthController.php(91): Myth\Auth\Authentication\LocalAuthenticator->attempt(Array, false)
#9 D:\Coding\XAMMP 7.4\htdocs\panelkopma\vendor\codeigniter4\framework\system\CodeIgniter.php(907): Myth\Auth\Controllers\AuthController->attemptLogin()
#10 D:\Coding\XAMMP 7.4\htdocs\panelkopma\vendor\codeigniter4\framework\system\CodeIgniter.php(457): CodeIgniter\CodeIgniter->runController(Object(Myth\Auth\Controllers\AuthController))
#11 D:\Coding\XAMMP 7.4\htdocs\panelkopma\vendor\codeigniter4\framework\system\CodeIgniter.php(340): CodeIgniter\CodeIgniter->handleRequest(NULL, Object(Config\Cache), false)
#12 D:\Coding\XAMMP 7.4\htdocs\panelkopma\public\index.php(55): CodeIgniter\CodeIgniter->run()
#13 D:\Coding\XAMMP 7.4\htdocs\panelkopma\vendor\codeigniter4\framework\system\Commands\Server\rewrite.php(43): require_once('D:\\Coding\\XAMMP...')
#14 {main}

Next CodeIgniter\Database\Exceptions\DatabaseException: No connection could be made because the target machine actively refused it.
 in D:\Coding\XAMMP 7.4\htdocs\panelkopma\vendor\codeigniter4\framework\system\Database\MySQLi\Connection.php:215
Stack trace:
#0 D:\Coding\XAMMP 7.4\htdocs\panelkopma\vendor\codeigniter4\framework\system\Database\BaseConnection.php(382): CodeIgniter\Database\MySQLi\Connection->connect(false)
#1 D:\Coding\XAMMP 7.4\htdocs\panelkopma\vendor\codeigniter4\framework\system\Database\BaseConnection.php(588): CodeIgniter\Database\BaseConnection->initialize()
#2 D:\Coding\XAMMP 7.4\htdocs\panelkopma\vendor\codeigniter4\framework\system\Database\BaseBuilder.php(1585): CodeIgniter\Database\BaseConnection->query('SELECT *\nFROM `...', Array, false)
#3 D:\Coding\XAMMP 7.4\htdocs\panelkopma\vendor\codeigniter4\framework\system\Model.php(250): CodeIgniter\Database\BaseBuilder->get()
#4 D:\Coding\XAMMP 7.4\htdocs\panelkopma\vendor\codeigniter4\framework\system\BaseModel.php(622): CodeIgniter\Model->doFirst()
#5 D:\Coding\XAMMP 7.4\htdocs\panelkopma\vendor\myth\auth\src\Authentication\LocalAuthenticator.php(140): CodeIgniter\BaseModel->first()
#6 D:\Coding\XAMMP 7.4\htdocs\panelkopma\vendor\myth\auth\src\Authentication\LocalAuthenticator.php(19): Myth\Auth\Authentication\LocalAuthenticator->validate(Array, true)
#7 D:\Coding\XAMMP 7.4\htdocs\panelkopma\vendor\myth\auth\src\Controllers\AuthController.php(91): Myth\Auth\Authentication\LocalAuthenticator->attempt(Array, false)
#8 D:\Coding\XAMMP 7.4\htdocs\panelkopma\vendor\codeigniter4\framework\system\CodeIgniter.php(907): Myth\Auth\Controllers\AuthController->attemptLogin()
#9 D:\Coding\XAMMP 7.4\htdocs\panelkopma\vendor\codeigniter4\framework\system\CodeIgniter.php(457): CodeIgniter\CodeIgniter->runController(Object(Myth\Auth\Controllers\AuthController))
#10 D:\Coding\XAMMP 7.4\htdocs\panelkopma\vendor\codeigniter4\framework\system\CodeIgniter.php(340): CodeIgniter\CodeIgniter->handleRequest(NULL, Object(Config\Cache), false)
#11 D:\Coding\XAMMP 7.4\htdocs\panelkopma\public\index.php(55): CodeIgniter\CodeIgniter->run()
#12 D:\Coding\XAMMP 7.4\htdocs\panelkopma\vendor\codeigniter4\framework\system\Commands\Server\rewrite.php(43): require_once('D:\\Coding\\XAMMP...')
#13 {main}
CRITICAL - 2022-09-26 19:09:55 --> Unable to connect to the database.
Main connection [MySQLi]: No connection could be made because the target machine actively refused it.

in SYSTEMPATH\Database\BaseConnection.php on line 418.
 1 SYSTEMPATH\Database\BaseConnection.php(588): CodeIgniter\Database\BaseConnection->initialize()
 2 SYSTEMPATH\Database\BaseBuilder.php(1585): CodeIgniter\Database\BaseConnection->query('SELECT *
FROM `users`
WHERE `username` = :username:
AND `users`.`deleted_at` IS NULL
 LIMIT 1', [...], false)
 3 SYSTEMPATH\Model.php(250): CodeIgniter\Database\BaseBuilder->get()
 4 SYSTEMPATH\BaseModel.php(622): CodeIgniter\Model->doFirst()
 5 VENDORPATH\myth\auth\src\Authentication\LocalAuthenticator.php(140): CodeIgniter\BaseModel->first()
 6 VENDORPATH\myth\auth\src\Authentication\LocalAuthenticator.php(19): Myth\Auth\Authentication\LocalAuthenticator->validate([...], true)
 7 VENDORPATH\myth\auth\src\Controllers\AuthController.php(91): Myth\Auth\Authentication\LocalAuthenticator->attempt([...], false)
 8 SYSTEMPATH\CodeIgniter.php(907): Myth\Auth\Controllers\AuthController->attemptLogin()
 9 SYSTEMPATH\CodeIgniter.php(457): CodeIgniter\CodeIgniter->runController(Object(Myth\Auth\Controllers\AuthController))
10 SYSTEMPATH\CodeIgniter.php(340): CodeIgniter\CodeIgniter->handleRequest(null, Object(Config\Cache), false)
11 FCPATH\index.php(55): CodeIgniter\CodeIgniter->run()
12 SYSTEMPATH\Commands\Server\rewrite.php(43): require_once('FCPATH\\index.php')
