CRITICAL - 2025-06-18 11:34:11 --> fopen(assets/download/document/Presensi_Piket Sekretariatan Pengurus BP, Inti, GF/Uka Kopma Unila  19-23 Mei 2025_2025-05-19.xlsx): failed to open stream: No such file or directory
in VENDORPATH/phpoffice/phpspreadsheet/src/PhpSpreadsheet/Writer/BaseWriter.php on line 128.
 1 [internal function]: CodeIgniter\Debug\Exceptions->errorHandler(2, 'fopen(assets/download/document/Presensi_Piket Sekretariatan Pengurus BP, Inti, GF/Uka Kopma Unila  19-23 Mei 2025_2025-05-19.xlsx): failed to open stream: No such file or directory', 'VENDORPATH/phpoffice/phpspreadsheet/src/PhpSpreadsheet/Writer/BaseWriter.php', 128, [...])
 2 VENDORPATH/phpoffice/phpspreadsheet/src/PhpSpreadsheet/Writer/BaseWriter.php(128): fopen('assets/download/document/Presensi_Piket Sekretariatan Pengurus BP, Inti, GF/Uka Kopma Unila  19-23 Mei 2025_2025-05-19.xlsx', 'wb')
 3 VENDORPATH/phpoffice/phpspreadsheet/src/PhpSpreadsheet/Writer/Xlsx.php(542): PhpOffice\PhpSpreadsheet\Writer\BaseWriter->openFileHandle('assets/download/document/Presensi_Piket Sekretariatan Pengurus BP, Inti, GF/Uka Kopma Unila  19-23 Mei 2025_2025-05-19.xlsx')
 4 APPPATH/Controllers/Dashboard.php(220): PhpOffice\PhpSpreadsheet\Writer\Xlsx->save('assets/download/document/Presensi_Piket Sekretariatan Pengurus BP, Inti, GF/Uka Kopma Unila  19-23 Mei 2025_2025-05-19.xlsx')
 5 SYSTEMPATH/CodeIgniter.php(907): App\Controllers\Dashboard->download_presensi('2174')
 6 SYSTEMPATH/CodeIgniter.php(457): CodeIgniter\CodeIgniter->runController(Object(App\Controllers\Dashboard))
 7 SYSTEMPATH/CodeIgniter.php(340): CodeIgniter\CodeIgniter->handleRequest(null, Object(Config\Cache), false)
 8 FCPATH/index.php(55): CodeIgniter\CodeIgniter->run()
CRITICAL - 2025-06-18 11:34:16 --> fopen(assets/download/document/Presensi_Piket Sekretariatan Pengurus BP, Inti, GF/Uka Kopma Unila  19-23 Mei 2025_2025-05-19.xlsx): failed to open stream: No such file or directory
in VENDORPATH/phpoffice/phpspreadsheet/src/PhpSpreadsheet/Writer/BaseWriter.php on line 128.
 1 [internal function]: CodeIgniter\Debug\Exceptions->errorHandler(2, 'fopen(assets/download/document/Presensi_Piket Sekretariatan Pengurus BP, Inti, GF/Uka Kopma Unila  19-23 Mei 2025_2025-05-19.xlsx): failed to open stream: No such file or directory', 'VENDORPATH/phpoffice/phpspreadsheet/src/PhpSpreadsheet/Writer/BaseWriter.php', 128, [...])
 2 VENDORPATH/phpoffice/phpspreadsheet/src/PhpSpreadsheet/Writer/BaseWriter.php(128): fopen('assets/download/document/Presensi_Piket Sekretariatan Pengurus BP, Inti, GF/Uka Kopma Unila  19-23 Mei 2025_2025-05-19.xlsx', 'wb')
 3 VENDORPATH/phpoffice/phpspreadsheet/src/PhpSpreadsheet/Writer/Xlsx.php(542): PhpOffice\PhpSpreadsheet\Writer\BaseWriter->openFileHandle('assets/download/document/Presensi_Piket Sekretariatan Pengurus BP, Inti, GF/Uka Kopma Unila  19-23 Mei 2025_2025-05-19.xlsx')
 4 APPPATH/Controllers/Dashboard.php(220): PhpOffice\PhpSpreadsheet\Writer\Xlsx->save('assets/download/document/Presensi_Piket Sekretariatan Pengurus BP, Inti, GF/Uka Kopma Unila  19-23 Mei 2025_2025-05-19.xlsx')
 5 SYSTEMPATH/CodeIgniter.php(907): App\Controllers\Dashboard->download_presensi('2174')
 6 SYSTEMPATH/CodeIgniter.php(457): CodeIgniter\CodeIgniter->runController(Object(App\Controllers\Dashboard))
 7 SYSTEMPATH/CodeIgniter.php(340): CodeIgniter\CodeIgniter->handleRequest(null, Object(Config\Cache), false)
 8 FCPATH/index.php(55): CodeIgniter\CodeIgniter->run()
CRITICAL - 2025-06-18 11:34:36 --> fopen(assets/download/document/Presensi_Piket Sekretariatan Pengurus BP, Inti, GF/Uka Kopma Unila  19-23 Mei 2025_2025-05-19.xlsx): failed to open stream: No such file or directory
in VENDORPATH/phpoffice/phpspreadsheet/src/PhpSpreadsheet/Writer/BaseWriter.php on line 128.
 1 [internal function]: CodeIgniter\Debug\Exceptions->errorHandler(2, 'fopen(assets/download/document/Presensi_Piket Sekretariatan Pengurus BP, Inti, GF/Uka Kopma Unila  19-23 Mei 2025_2025-05-19.xlsx): failed to open stream: No such file or directory', 'VENDORPATH/phpoffice/phpspreadsheet/src/PhpSpreadsheet/Writer/BaseWriter.php', 128, [...])
 2 VENDORPATH/phpoffice/phpspreadsheet/src/PhpSpreadsheet/Writer/BaseWriter.php(128): fopen('assets/download/document/Presensi_Piket Sekretariatan Pengurus BP, Inti, GF/Uka Kopma Unila  19-23 Mei 2025_2025-05-19.xlsx', 'wb')
 3 VENDORPATH/phpoffice/phpspreadsheet/src/PhpSpreadsheet/Writer/Xlsx.php(542): PhpOffice\PhpSpreadsheet\Writer\BaseWriter->openFileHandle('assets/download/document/Presensi_Piket Sekretariatan Pengurus BP, Inti, GF/Uka Kopma Unila  19-23 Mei 2025_2025-05-19.xlsx')
 4 APPPATH/Controllers/Dashboard.php(220): PhpOffice\PhpSpreadsheet\Writer\Xlsx->save('assets/download/document/Presensi_Piket Sekretariatan Pengurus BP, Inti, GF/Uka Kopma Unila  19-23 Mei 2025_2025-05-19.xlsx')
 5 SYSTEMPATH/CodeIgniter.php(907): App\Controllers\Dashboard->download_presensi('2174')
 6 SYSTEMPATH/CodeIgniter.php(457): CodeIgniter\CodeIgniter->runController(Object(App\Controllers\Dashboard))
 7 SYSTEMPATH/CodeIgniter.php(340): CodeIgniter\CodeIgniter->handleRequest(null, Object(Config\Cache), false)
 8 FCPATH/index.php(55): CodeIgniter\CodeIgniter->run()
CRITICAL - 2025-06-18 11:35:37 --> fopen(assets/download/document/Presensi_Piket Sekretariatan Pengurus BP, Inti, GF/Uka Kopma Unila  19-23 Mei 2025_2025-05-19.xlsx): failed to open stream: No such file or directory
in VENDORPATH/phpoffice/phpspreadsheet/src/PhpSpreadsheet/Writer/BaseWriter.php on line 128.
 1 [internal function]: CodeIgniter\Debug\Exceptions->errorHandler(2, 'fopen(assets/download/document/Presensi_Piket Sekretariatan Pengurus BP, Inti, GF/Uka Kopma Unila  19-23 Mei 2025_2025-05-19.xlsx): failed to open stream: No such file or directory', 'VENDORPATH/phpoffice/phpspreadsheet/src/PhpSpreadsheet/Writer/BaseWriter.php', 128, [...])
 2 VENDORPATH/phpoffice/phpspreadsheet/src/PhpSpreadsheet/Writer/BaseWriter.php(128): fopen('assets/download/document/Presensi_Piket Sekretariatan Pengurus BP, Inti, GF/Uka Kopma Unila  19-23 Mei 2025_2025-05-19.xlsx', 'wb')
 3 VENDORPATH/phpoffice/phpspreadsheet/src/PhpSpreadsheet/Writer/Xlsx.php(542): PhpOffice\PhpSpreadsheet\Writer\BaseWriter->openFileHandle('assets/download/document/Presensi_Piket Sekretariatan Pengurus BP, Inti, GF/Uka Kopma Unila  19-23 Mei 2025_2025-05-19.xlsx')
 4 APPPATH/Controllers/Dashboard.php(220): PhpOffice\PhpSpreadsheet\Writer\Xlsx->save('assets/download/document/Presensi_Piket Sekretariatan Pengurus BP, Inti, GF/Uka Kopma Unila  19-23 Mei 2025_2025-05-19.xlsx')
 5 SYSTEMPATH/CodeIgniter.php(907): App\Controllers\Dashboard->download_presensi('2174')
 6 SYSTEMPATH/CodeIgniter.php(457): CodeIgniter\CodeIgniter->runController(Object(App\Controllers\Dashboard))
 7 SYSTEMPATH/CodeIgniter.php(340): CodeIgniter\CodeIgniter->handleRequest(null, Object(Config\Cache), false)
 8 FCPATH/index.php(55): CodeIgniter\CodeIgniter->run()
