CRITICAL - 2023-01-08 17:22:53 --> Undefined variable: validation
in APPPATH\Views\administrasi\add_surat.php on line 24.
 1 APPPATH\Views\administrasi\add_surat.php(24): CodeIgniter\Debug\Exceptions->errorHandler(8, 'Undefined variable: validation', 'APPPATH\\Views\\administrasi\\add_surat.php', 24, [...])
 2 SYSTEMPATH\View\View.php(213): include('APPPATH\\Views\\administrasi\\add_surat.php')
 3 SYSTEMPATH\View\View.php(216): CodeIgniter\View\View->CodeIgniter\View\{closure}()
 4 SYSTEMPATH\Common.php(1142): CodeIgniter\View\View->render('administrasi/add_surat', [], true)
 5 APPPATH\Controllers\Administrasi.php(40): view('administrasi/add_surat', [...])
 6 SYSTEMPATH\CodeIgniter.php(907): App\Controllers\Administrasi->add_surat()
 7 SYSTEMPATH\CodeIgniter.php(457): CodeIgniter\CodeIgniter->runController(Object(App\Controllers\Administrasi))
 8 SYSTEMPATH\CodeIgniter.php(340): CodeIgniter\CodeIgniter->handleRequest(null, Object(Config\Cache), false)
 9 FCPATH\index.php(55): CodeIgniter\CodeIgniter->run()
CRITICAL - 2023-01-08 18:06:49 --> Cannot use object of type App\Models\SuratMasukModel as array
in APPPATH\Views\administrasi\surat_masuk.php on line 81.
 1 SYSTEMPATH\View\View.php(213): include()
 2 SYSTEMPATH\View\View.php(216): CodeIgniter\View\View->CodeIgniter\View\{closure}()
 3 SYSTEMPATH\Common.php(1142): CodeIgniter\View\View->render('administrasi/surat_masuk', [], true)
 4 APPPATH\Controllers\Administrasi.php(34): view('administrasi/surat_masuk', [...])
 5 SYSTEMPATH\CodeIgniter.php(907): App\Controllers\Administrasi->surat_masuk()
 6 SYSTEMPATH\CodeIgniter.php(457): CodeIgniter\CodeIgniter->runController(Object(App\Controllers\Administrasi))
 7 SYSTEMPATH\CodeIgniter.php(340): CodeIgniter\CodeIgniter->handleRequest(null, Object(Config\Cache), false)
 8 FCPATH\index.php(55): CodeIgniter\CodeIgniter->run()
ERROR - 2023-01-08 18:24:21 --> mysqli_sql_exception: Unknown column 'id' in 'where clause' in D:\Coding\laragon\www\panelkopma\vendor\codeigniter4\framework\system\Database\MySQLi\Connection.php:292
Stack trace:
#0 D:\Coding\laragon\www\panelkopma\vendor\codeigniter4\framework\system\Database\MySQLi\Connection.php(292): mysqli->query('SELECT *\nFROM `...', 0)
#1 D:\Coding\laragon\www\panelkopma\vendor\codeigniter4\framework\system\Database\BaseConnection.php(693): CodeIgniter\Database\MySQLi\Connection->execute('SELECT *\nFROM `...')
#2 D:\Coding\laragon\www\panelkopma\vendor\codeigniter4\framework\system\Database\BaseConnection.php(620): CodeIgniter\Database\BaseConnection->simpleQuery('SELECT *\nFROM `...')
#3 D:\Coding\laragon\www\panelkopma\vendor\codeigniter4\framework\system\Database\BaseBuilder.php(1585): CodeIgniter\Database\BaseConnection->query('SELECT *\nFROM `...', Array, false)
#4 D:\Coding\laragon\www\panelkopma\vendor\codeigniter4\framework\system\Model.php(250): CodeIgniter\Database\BaseBuilder->get()
#5 D:\Coding\laragon\www\panelkopma\vendor\codeigniter4\framework\system\BaseModel.php(622): CodeIgniter\Model->doFirst()
#6 D:\Coding\laragon\www\panelkopma\app\Controllers\Administrasi.php(130): CodeIgniter\BaseModel->first()
#7 D:\Coding\laragon\www\panelkopma\vendor\codeigniter4\framework\system\CodeIgniter.php(907): App\Controllers\Administrasi->edit_surat('1')
#8 D:\Coding\laragon\www\panelkopma\vendor\codeigniter4\framework\system\CodeIgniter.php(457): CodeIgniter\CodeIgniter->runController(Object(App\Controllers\Administrasi))
#9 D:\Coding\laragon\www\panelkopma\vendor\codeigniter4\framework\system\CodeIgniter.php(340): CodeIgniter\CodeIgniter->handleRequest(NULL, Object(Config\Cache), false)
#10 D:\Coding\laragon\www\panelkopma\public\index.php(55): CodeIgniter\CodeIgniter->run()
#11 {main}
CRITICAL - 2023-01-08 18:24:21 --> Unknown column 'id' in 'where clause'
in SYSTEMPATH\Database\MySQLi\Connection.php on line 292.
 1 SYSTEMPATH\Database\MySQLi\Connection.php(292): mysqli->query('SELECT *
FROM `surat_masuk`
WHERE `id` = \'1\'
 LIMIT 1', 0)
 2 SYSTEMPATH\Database\BaseConnection.php(693): CodeIgniter\Database\MySQLi\Connection->execute('SELECT *
FROM `surat_masuk`
WHERE `id` = \'1\'
 LIMIT 1')
 3 SYSTEMPATH\Database\BaseConnection.php(620): CodeIgniter\Database\BaseConnection->simpleQuery('SELECT *
FROM `surat_masuk`
WHERE `id` = \'1\'
 LIMIT 1')
 4 SYSTEMPATH\Database\BaseBuilder.php(1585): CodeIgniter\Database\BaseConnection->query('SELECT *
FROM `surat_masuk`
WHERE `id` = :id:
 LIMIT 1', [...], false)
 5 SYSTEMPATH\Model.php(250): CodeIgniter\Database\BaseBuilder->get()
 6 SYSTEMPATH\BaseModel.php(622): CodeIgniter\Model->doFirst()
 7 APPPATH\Controllers\Administrasi.php(130): CodeIgniter\BaseModel->first()
 8 SYSTEMPATH\CodeIgniter.php(907): App\Controllers\Administrasi->edit_surat('1')
 9 SYSTEMPATH\CodeIgniter.php(457): CodeIgniter\CodeIgniter->runController(Object(App\Controllers\Administrasi))
10 SYSTEMPATH\CodeIgniter.php(340): CodeIgniter\CodeIgniter->handleRequest(null, Object(Config\Cache), false)
11 FCPATH\index.php(55): CodeIgniter\CodeIgniter->run()
ERROR - 2023-01-08 18:24:32 --> mysqli_sql_exception: Unknown column 'id' in 'where clause' in D:\Coding\laragon\www\panelkopma\vendor\codeigniter4\framework\system\Database\MySQLi\Connection.php:292
Stack trace:
#0 D:\Coding\laragon\www\panelkopma\vendor\codeigniter4\framework\system\Database\MySQLi\Connection.php(292): mysqli->query('SELECT *\nFROM `...', 0)
#1 D:\Coding\laragon\www\panelkopma\vendor\codeigniter4\framework\system\Database\BaseConnection.php(693): CodeIgniter\Database\MySQLi\Connection->execute('SELECT *\nFROM `...')
#2 D:\Coding\laragon\www\panelkopma\vendor\codeigniter4\framework\system\Database\BaseConnection.php(620): CodeIgniter\Database\BaseConnection->simpleQuery('SELECT *\nFROM `...')
#3 D:\Coding\laragon\www\panelkopma\vendor\codeigniter4\framework\system\Database\BaseBuilder.php(1585): CodeIgniter\Database\BaseConnection->query('SELECT *\nFROM `...', Array, false)
#4 D:\Coding\laragon\www\panelkopma\vendor\codeigniter4\framework\system\Model.php(250): CodeIgniter\Database\BaseBuilder->get()
#5 D:\Coding\laragon\www\panelkopma\vendor\codeigniter4\framework\system\BaseModel.php(622): CodeIgniter\Model->doFirst()
#6 D:\Coding\laragon\www\panelkopma\app\Controllers\Administrasi.php(134): CodeIgniter\BaseModel->first()
#7 D:\Coding\laragon\www\panelkopma\vendor\codeigniter4\framework\system\CodeIgniter.php(907): App\Controllers\Administrasi->edit_surat('1')
#8 D:\Coding\laragon\www\panelkopma\vendor\codeigniter4\framework\system\CodeIgniter.php(457): CodeIgniter\CodeIgniter->runController(Object(App\Controllers\Administrasi))
#9 D:\Coding\laragon\www\panelkopma\vendor\codeigniter4\framework\system\CodeIgniter.php(340): CodeIgniter\CodeIgniter->handleRequest(NULL, Object(Config\Cache), false)
#10 D:\Coding\laragon\www\panelkopma\public\index.php(55): CodeIgniter\CodeIgniter->run()
#11 {main}
CRITICAL - 2023-01-08 18:24:32 --> Unknown column 'id' in 'where clause'
in SYSTEMPATH\Database\MySQLi\Connection.php on line 292.
 1 SYSTEMPATH\Database\MySQLi\Connection.php(292): mysqli->query('SELECT *
FROM `surat_masuk`
WHERE `id` = \'1\'
 LIMIT 1', 0)
 2 SYSTEMPATH\Database\BaseConnection.php(693): CodeIgniter\Database\MySQLi\Connection->execute('SELECT *
FROM `surat_masuk`
WHERE `id` = \'1\'
 LIMIT 1')
 3 SYSTEMPATH\Database\BaseConnection.php(620): CodeIgniter\Database\BaseConnection->simpleQuery('SELECT *
FROM `surat_masuk`
WHERE `id` = \'1\'
 LIMIT 1')
 4 SYSTEMPATH\Database\BaseBuilder.php(1585): CodeIgniter\Database\BaseConnection->query('SELECT *
FROM `surat_masuk`
WHERE `id` = :id:
 LIMIT 1', [...], false)
 5 SYSTEMPATH\Model.php(250): CodeIgniter\Database\BaseBuilder->get()
 6 SYSTEMPATH\BaseModel.php(622): CodeIgniter\Model->doFirst()
 7 APPPATH\Controllers\Administrasi.php(134): CodeIgniter\BaseModel->first()
 8 SYSTEMPATH\CodeIgniter.php(907): App\Controllers\Administrasi->edit_surat('1')
 9 SYSTEMPATH\CodeIgniter.php(457): CodeIgniter\CodeIgniter->runController(Object(App\Controllers\Administrasi))
10 SYSTEMPATH\CodeIgniter.php(340): CodeIgniter\CodeIgniter->handleRequest(null, Object(Config\Cache), false)
11 FCPATH\index.php(55): CodeIgniter\CodeIgniter->run()
ERROR - 2023-01-08 18:24:34 --> mysqli_sql_exception: Unknown column 'id' in 'where clause' in D:\Coding\laragon\www\panelkopma\vendor\codeigniter4\framework\system\Database\MySQLi\Connection.php:292
Stack trace:
#0 D:\Coding\laragon\www\panelkopma\vendor\codeigniter4\framework\system\Database\MySQLi\Connection.php(292): mysqli->query('SELECT *\nFROM `...', 0)
#1 D:\Coding\laragon\www\panelkopma\vendor\codeigniter4\framework\system\Database\BaseConnection.php(693): CodeIgniter\Database\MySQLi\Connection->execute('SELECT *\nFROM `...')
#2 D:\Coding\laragon\www\panelkopma\vendor\codeigniter4\framework\system\Database\BaseConnection.php(620): CodeIgniter\Database\BaseConnection->simpleQuery('SELECT *\nFROM `...')
#3 D:\Coding\laragon\www\panelkopma\vendor\codeigniter4\framework\system\Database\BaseBuilder.php(1585): CodeIgniter\Database\BaseConnection->query('SELECT *\nFROM `...', Array, false)
#4 D:\Coding\laragon\www\panelkopma\vendor\codeigniter4\framework\system\Model.php(250): CodeIgniter\Database\BaseBuilder->get()
#5 D:\Coding\laragon\www\panelkopma\vendor\codeigniter4\framework\system\BaseModel.php(622): CodeIgniter\Model->doFirst()
#6 D:\Coding\laragon\www\panelkopma\app\Controllers\Administrasi.php(134): CodeIgniter\BaseModel->first()
#7 D:\Coding\laragon\www\panelkopma\vendor\codeigniter4\framework\system\CodeIgniter.php(907): App\Controllers\Administrasi->edit_surat('1')
#8 D:\Coding\laragon\www\panelkopma\vendor\codeigniter4\framework\system\CodeIgniter.php(457): CodeIgniter\CodeIgniter->runController(Object(App\Controllers\Administrasi))
#9 D:\Coding\laragon\www\panelkopma\vendor\codeigniter4\framework\system\CodeIgniter.php(340): CodeIgniter\CodeIgniter->handleRequest(NULL, Object(Config\Cache), false)
#10 D:\Coding\laragon\www\panelkopma\public\index.php(55): CodeIgniter\CodeIgniter->run()
#11 {main}
CRITICAL - 2023-01-08 18:24:34 --> Unknown column 'id' in 'where clause'
in SYSTEMPATH\Database\MySQLi\Connection.php on line 292.
 1 SYSTEMPATH\Database\MySQLi\Connection.php(292): mysqli->query('SELECT *
FROM `surat_masuk`
WHERE `id` = \'1\'
 LIMIT 1', 0)
 2 SYSTEMPATH\Database\BaseConnection.php(693): CodeIgniter\Database\MySQLi\Connection->execute('SELECT *
FROM `surat_masuk`
WHERE `id` = \'1\'
 LIMIT 1')
 3 SYSTEMPATH\Database\BaseConnection.php(620): CodeIgniter\Database\BaseConnection->simpleQuery('SELECT *
FROM `surat_masuk`
WHERE `id` = \'1\'
 LIMIT 1')
 4 SYSTEMPATH\Database\BaseBuilder.php(1585): CodeIgniter\Database\BaseConnection->query('SELECT *
FROM `surat_masuk`
WHERE `id` = :id:
 LIMIT 1', [...], false)
 5 SYSTEMPATH\Model.php(250): CodeIgniter\Database\BaseBuilder->get()
 6 SYSTEMPATH\BaseModel.php(622): CodeIgniter\Model->doFirst()
 7 APPPATH\Controllers\Administrasi.php(134): CodeIgniter\BaseModel->first()
 8 SYSTEMPATH\CodeIgniter.php(907): App\Controllers\Administrasi->edit_surat('1')
 9 SYSTEMPATH\CodeIgniter.php(457): CodeIgniter\CodeIgniter->runController(Object(App\Controllers\Administrasi))
10 SYSTEMPATH\CodeIgniter.php(340): CodeIgniter\CodeIgniter->handleRequest(null, Object(Config\Cache), false)
11 FCPATH\index.php(55): CodeIgniter\CodeIgniter->run()
ERROR - 2023-01-08 18:24:35 --> mysqli_sql_exception: Unknown column 'id' in 'where clause' in D:\Coding\laragon\www\panelkopma\vendor\codeigniter4\framework\system\Database\MySQLi\Connection.php:292
Stack trace:
#0 D:\Coding\laragon\www\panelkopma\vendor\codeigniter4\framework\system\Database\MySQLi\Connection.php(292): mysqli->query('SELECT *\nFROM `...', 0)
#1 D:\Coding\laragon\www\panelkopma\vendor\codeigniter4\framework\system\Database\BaseConnection.php(693): CodeIgniter\Database\MySQLi\Connection->execute('SELECT *\nFROM `...')
#2 D:\Coding\laragon\www\panelkopma\vendor\codeigniter4\framework\system\Database\BaseConnection.php(620): CodeIgniter\Database\BaseConnection->simpleQuery('SELECT *\nFROM `...')
#3 D:\Coding\laragon\www\panelkopma\vendor\codeigniter4\framework\system\Database\BaseBuilder.php(1585): CodeIgniter\Database\BaseConnection->query('SELECT *\nFROM `...', Array, false)
#4 D:\Coding\laragon\www\panelkopma\vendor\codeigniter4\framework\system\Model.php(250): CodeIgniter\Database\BaseBuilder->get()
#5 D:\Coding\laragon\www\panelkopma\vendor\codeigniter4\framework\system\BaseModel.php(622): CodeIgniter\Model->doFirst()
#6 D:\Coding\laragon\www\panelkopma\app\Controllers\Administrasi.php(134): CodeIgniter\BaseModel->first()
#7 D:\Coding\laragon\www\panelkopma\vendor\codeigniter4\framework\system\CodeIgniter.php(907): App\Controllers\Administrasi->edit_surat('1')
#8 D:\Coding\laragon\www\panelkopma\vendor\codeigniter4\framework\system\CodeIgniter.php(457): CodeIgniter\CodeIgniter->runController(Object(App\Controllers\Administrasi))
#9 D:\Coding\laragon\www\panelkopma\vendor\codeigniter4\framework\system\CodeIgniter.php(340): CodeIgniter\CodeIgniter->handleRequest(NULL, Object(Config\Cache), false)
#10 D:\Coding\laragon\www\panelkopma\public\index.php(55): CodeIgniter\CodeIgniter->run()
#11 {main}
CRITICAL - 2023-01-08 18:24:35 --> Unknown column 'id' in 'where clause'
in SYSTEMPATH\Database\MySQLi\Connection.php on line 292.
 1 SYSTEMPATH\Database\MySQLi\Connection.php(292): mysqli->query('SELECT *
FROM `surat_masuk`
WHERE `id` = \'1\'
 LIMIT 1', 0)
 2 SYSTEMPATH\Database\BaseConnection.php(693): CodeIgniter\Database\MySQLi\Connection->execute('SELECT *
FROM `surat_masuk`
WHERE `id` = \'1\'
 LIMIT 1')
 3 SYSTEMPATH\Database\BaseConnection.php(620): CodeIgniter\Database\BaseConnection->simpleQuery('SELECT *
FROM `surat_masuk`
WHERE `id` = \'1\'
 LIMIT 1')
 4 SYSTEMPATH\Database\BaseBuilder.php(1585): CodeIgniter\Database\BaseConnection->query('SELECT *
FROM `surat_masuk`
WHERE `id` = :id:
 LIMIT 1', [...], false)
 5 SYSTEMPATH\Model.php(250): CodeIgniter\Database\BaseBuilder->get()
 6 SYSTEMPATH\BaseModel.php(622): CodeIgniter\Model->doFirst()
 7 APPPATH\Controllers\Administrasi.php(134): CodeIgniter\BaseModel->first()
 8 SYSTEMPATH\CodeIgniter.php(907): App\Controllers\Administrasi->edit_surat('1')
 9 SYSTEMPATH\CodeIgniter.php(457): CodeIgniter\CodeIgniter->runController(Object(App\Controllers\Administrasi))
10 SYSTEMPATH\CodeIgniter.php(340): CodeIgniter\CodeIgniter->handleRequest(null, Object(Config\Cache), false)
11 FCPATH\index.php(55): CodeIgniter\CodeIgniter->run()
ERROR - 2023-01-08 18:24:45 --> mysqli_sql_exception: Unknown column 'id' in 'where clause' in D:\Coding\laragon\www\panelkopma\vendor\codeigniter4\framework\system\Database\MySQLi\Connection.php:292
Stack trace:
#0 D:\Coding\laragon\www\panelkopma\vendor\codeigniter4\framework\system\Database\MySQLi\Connection.php(292): mysqli->query('SELECT *\nFROM `...', 0)
#1 D:\Coding\laragon\www\panelkopma\vendor\codeigniter4\framework\system\Database\BaseConnection.php(693): CodeIgniter\Database\MySQLi\Connection->execute('SELECT *\nFROM `...')
#2 D:\Coding\laragon\www\panelkopma\vendor\codeigniter4\framework\system\Database\BaseConnection.php(620): CodeIgniter\Database\BaseConnection->simpleQuery('SELECT *\nFROM `...')
#3 D:\Coding\laragon\www\panelkopma\vendor\codeigniter4\framework\system\Database\BaseBuilder.php(1585): CodeIgniter\Database\BaseConnection->query('SELECT *\nFROM `...', Array, false)
#4 D:\Coding\laragon\www\panelkopma\vendor\codeigniter4\framework\system\Model.php(250): CodeIgniter\Database\BaseBuilder->get()
#5 D:\Coding\laragon\www\panelkopma\vendor\codeigniter4\framework\system\BaseModel.php(622): CodeIgniter\Model->doFirst()
#6 D:\Coding\laragon\www\panelkopma\app\Controllers\Administrasi.php(134): CodeIgniter\BaseModel->first()
#7 D:\Coding\laragon\www\panelkopma\vendor\codeigniter4\framework\system\CodeIgniter.php(907): App\Controllers\Administrasi->edit_surat('1')
#8 D:\Coding\laragon\www\panelkopma\vendor\codeigniter4\framework\system\CodeIgniter.php(457): CodeIgniter\CodeIgniter->runController(Object(App\Controllers\Administrasi))
#9 D:\Coding\laragon\www\panelkopma\vendor\codeigniter4\framework\system\CodeIgniter.php(340): CodeIgniter\CodeIgniter->handleRequest(NULL, Object(Config\Cache), false)
#10 D:\Coding\laragon\www\panelkopma\public\index.php(55): CodeIgniter\CodeIgniter->run()
#11 {main}
CRITICAL - 2023-01-08 18:24:45 --> Unknown column 'id' in 'where clause'
in SYSTEMPATH\Database\MySQLi\Connection.php on line 292.
 1 SYSTEMPATH\Database\MySQLi\Connection.php(292): mysqli->query('SELECT *
FROM `surat_masuk`
WHERE `id` = \'1\'
 LIMIT 1', 0)
 2 SYSTEMPATH\Database\BaseConnection.php(693): CodeIgniter\Database\MySQLi\Connection->execute('SELECT *
FROM `surat_masuk`
WHERE `id` = \'1\'
 LIMIT 1')
 3 SYSTEMPATH\Database\BaseConnection.php(620): CodeIgniter\Database\BaseConnection->simpleQuery('SELECT *
FROM `surat_masuk`
WHERE `id` = \'1\'
 LIMIT 1')
 4 SYSTEMPATH\Database\BaseBuilder.php(1585): CodeIgniter\Database\BaseConnection->query('SELECT *
FROM `surat_masuk`
WHERE `id` = :id:
 LIMIT 1', [...], false)
 5 SYSTEMPATH\Model.php(250): CodeIgniter\Database\BaseBuilder->get()
 6 SYSTEMPATH\BaseModel.php(622): CodeIgniter\Model->doFirst()
 7 APPPATH\Controllers\Administrasi.php(134): CodeIgniter\BaseModel->first()
 8 SYSTEMPATH\CodeIgniter.php(907): App\Controllers\Administrasi->edit_surat('1')
 9 SYSTEMPATH\CodeIgniter.php(457): CodeIgniter\CodeIgniter->runController(Object(App\Controllers\Administrasi))
10 SYSTEMPATH\CodeIgniter.php(340): CodeIgniter\CodeIgniter->handleRequest(null, Object(Config\Cache), false)
11 FCPATH\index.php(55): CodeIgniter\CodeIgniter->run()
CRITICAL - 2023-01-08 18:29:32 --> Too few arguments to function App\Controllers\Administrasi::edit_surat(), 0 passed in D:\Coding\laragon\www\panelkopma\vendor\codeigniter4\framework\system\CodeIgniter.php on line 907 and exactly 1 expected
in APPPATH\Controllers\Administrasi.php on line 128.
 1 SYSTEMPATH\CodeIgniter.php(907): App\Controllers\Administrasi->edit_surat()
 2 SYSTEMPATH\CodeIgniter.php(457): CodeIgniter\CodeIgniter->runController(Object(App\Controllers\Administrasi))
 3 SYSTEMPATH\CodeIgniter.php(340): CodeIgniter\CodeIgniter->handleRequest(null, Object(Config\Cache), false)
 4 FCPATH\index.php(55): CodeIgniter\CodeIgniter->run()
CRITICAL - 2023-01-08 18:30:27 --> Too few arguments to function App\Controllers\Administrasi::edit_surat(), 0 passed in D:\Coding\laragon\www\panelkopma\vendor\codeigniter4\framework\system\CodeIgniter.php on line 907 and exactly 1 expected
in APPPATH\Controllers\Administrasi.php on line 128.
 1 SYSTEMPATH\CodeIgniter.php(907): App\Controllers\Administrasi->edit_surat()
 2 SYSTEMPATH\CodeIgniter.php(457): CodeIgniter\CodeIgniter->runController(Object(App\Controllers\Administrasi))
 3 SYSTEMPATH\CodeIgniter.php(340): CodeIgniter\CodeIgniter->handleRequest(null, Object(Config\Cache), false)
 4 FCPATH\index.php(55): CodeIgniter\CodeIgniter->run()
CRITICAL - 2023-01-08 18:30:32 --> Too few arguments to function App\Controllers\Administrasi::edit_surat(), 0 passed in D:\Coding\laragon\www\panelkopma\vendor\codeigniter4\framework\system\CodeIgniter.php on line 907 and exactly 1 expected
in APPPATH\Controllers\Administrasi.php on line 128.
 1 SYSTEMPATH\CodeIgniter.php(907): App\Controllers\Administrasi->edit_surat()
 2 SYSTEMPATH\CodeIgniter.php(457): CodeIgniter\CodeIgniter->runController(Object(App\Controllers\Administrasi))
 3 SYSTEMPATH\CodeIgniter.php(340): CodeIgniter\CodeIgniter->handleRequest(null, Object(Config\Cache), false)
 4 FCPATH\index.php(55): CodeIgniter\CodeIgniter->run()
ERROR - 2023-01-08 18:32:24 --> mysqli_sql_exception: Column 'file' cannot be null in D:\Coding\laragon\www\panelkopma\vendor\codeigniter4\framework\system\Database\MySQLi\Connection.php:292
Stack trace:
#0 D:\Coding\laragon\www\panelkopma\vendor\codeigniter4\framework\system\Database\MySQLi\Connection.php(292): mysqli->query('INSERT INTO `su...', 0)
#1 D:\Coding\laragon\www\panelkopma\vendor\codeigniter4\framework\system\Database\BaseConnection.php(693): CodeIgniter\Database\MySQLi\Connection->execute('INSERT INTO `su...')
#2 D:\Coding\laragon\www\panelkopma\vendor\codeigniter4\framework\system\Database\BaseConnection.php(620): CodeIgniter\Database\BaseConnection->simpleQuery('INSERT INTO `su...')
#3 D:\Coding\laragon\www\panelkopma\vendor\codeigniter4\framework\system\Database\BaseBuilder.php(1916): CodeIgniter\Database\BaseConnection->query('INSERT INTO `su...', Array, false)
#4 D:\Coding\laragon\www\panelkopma\vendor\codeigniter4\framework\system\Model.php(279): CodeIgniter\Database\BaseBuilder->insert()
#5 D:\Coding\laragon\www\panelkopma\vendor\codeigniter4\framework\system\BaseModel.php(738): CodeIgniter\Model->doInsert(Array)
#6 D:\Coding\laragon\www\panelkopma\vendor\codeigniter4\framework\system\Model.php(667): CodeIgniter\BaseModel->insert(Array, false)
#7 D:\Coding\laragon\www\panelkopma\vendor\codeigniter4\framework\system\BaseModel.php(658): CodeIgniter\Model->insert(Array, false)
#8 D:\Coding\laragon\www\panelkopma\app\Controllers\Administrasi.php(208): CodeIgniter\BaseModel->save(Array)
#9 D:\Coding\laragon\www\panelkopma\vendor\codeigniter4\framework\system\CodeIgniter.php(907): App\Controllers\Administrasi->save_edit_surat()
#10 D:\Coding\laragon\www\panelkopma\vendor\codeigniter4\framework\system\CodeIgniter.php(457): CodeIgniter\CodeIgniter->runController(Object(App\Controllers\Administrasi))
#11 D:\Coding\laragon\www\panelkopma\vendor\codeigniter4\framework\system\CodeIgniter.php(340): CodeIgniter\CodeIgniter->handleRequest(NULL, Object(Config\Cache), false)
#12 D:\Coding\laragon\www\panelkopma\public\index.php(55): CodeIgniter\CodeIgniter->run()
#13 {main}
CRITICAL - 2023-01-08 18:32:24 --> Column 'file' cannot be null
in SYSTEMPATH\Database\MySQLi\Connection.php on line 292.
 1 SYSTEMPATH\Database\MySQLi\Connection.php(292): mysqli->query('INSERT INTO `surat_masuk` (`no_surat`, `asal_surat`, `isi_surat`, `kode`, `tgl_surat`, `tgl_diterima`, `file`, `created_at`, `updated_at`) VALUES (\'123\', \'tes\', \'tes\', \'B\', \'2023-01-08\', \'2023-01-08\', NULL, \'2023-01-08 18:32:24\', \'2023-01-08 18:32:24\')', 0)
 2 SYSTEMPATH\Database\BaseConnection.php(693): CodeIgniter\Database\MySQLi\Connection->execute('INSERT INTO `surat_masuk` (`no_surat`, `asal_surat`, `isi_surat`, `kode`, `tgl_surat`, `tgl_diterima`, `file`, `created_at`, `updated_at`) VALUES (\'123\', \'tes\', \'tes\', \'B\', \'2023-01-08\', \'2023-01-08\', NULL, \'2023-01-08 18:32:24\', \'2023-01-08 18:32:24\')')
 3 SYSTEMPATH\Database\BaseConnection.php(620): CodeIgniter\Database\BaseConnection->simpleQuery('INSERT INTO `surat_masuk` (`no_surat`, `asal_surat`, `isi_surat`, `kode`, `tgl_surat`, `tgl_diterima`, `file`, `created_at`, `updated_at`) VALUES (\'123\', \'tes\', \'tes\', \'B\', \'2023-01-08\', \'2023-01-08\', NULL, \'2023-01-08 18:32:24\', \'2023-01-08 18:32:24\')')
 4 SYSTEMPATH\Database\BaseBuilder.php(1916): CodeIgniter\Database\BaseConnection->query('INSERT INTO `surat_masuk` (`no_surat`, `asal_surat`, `isi_surat`, `kode`, `tgl_surat`, `tgl_diterima`, `file`, `created_at`, `updated_at`) VALUES (:no_surat:, :asal_surat:, :isi_surat:, :kode:, :tgl_surat:, :tgl_diterima:, :file:, :created_at:, :updated_at:)', [...], false)
 5 SYSTEMPATH\Model.php(279): CodeIgniter\Database\BaseBuilder->insert()
 6 SYSTEMPATH\BaseModel.php(738): CodeIgniter\Model->doInsert([...])
 7 SYSTEMPATH\Model.php(667): CodeIgniter\BaseModel->insert([...], false)
 8 SYSTEMPATH\BaseModel.php(658): CodeIgniter\Model->insert([...], false)
 9 APPPATH\Controllers\Administrasi.php(208): CodeIgniter\BaseModel->save([...])
10 SYSTEMPATH\CodeIgniter.php(907): App\Controllers\Administrasi->save_edit_surat()
11 SYSTEMPATH\CodeIgniter.php(457): CodeIgniter\CodeIgniter->runController(Object(App\Controllers\Administrasi))
12 SYSTEMPATH\CodeIgniter.php(340): CodeIgniter\CodeIgniter->handleRequest(null, Object(Config\Cache), false)
13 FCPATH\index.php(55): CodeIgniter\CodeIgniter->run()
CRITICAL - 2023-01-08 18:33:44 --> There is no data to update.
in SYSTEMPATH\BaseModel.php on line 1577.
 1 SYSTEMPATH\BaseModel.php(1577): CodeIgniter\Database\Exceptions\DataException::forEmptyDataset('update')
 2 SYSTEMPATH\BaseModel.php(832): CodeIgniter\BaseModel->transformDataToArray(null, 'update')
 3 SYSTEMPATH\Model.php(693): CodeIgniter\BaseModel->update([...], null)
 4 APPPATH\Controllers\Administrasi.php(208): CodeIgniter\Model->update([...])
 5 SYSTEMPATH\CodeIgniter.php(907): App\Controllers\Administrasi->save_edit_surat()
 6 SYSTEMPATH\CodeIgniter.php(457): CodeIgniter\CodeIgniter->runController(Object(App\Controllers\Administrasi))
 7 SYSTEMPATH\CodeIgniter.php(340): CodeIgniter\CodeIgniter->handleRequest(null, Object(Config\Cache), false)
 8 FCPATH\index.php(55): CodeIgniter\CodeIgniter->run()
CRITICAL - 2023-01-08 18:34:30 --> There is no data to update.
in SYSTEMPATH\BaseModel.php on line 1577.
 1 SYSTEMPATH\BaseModel.php(1577): CodeIgniter\Database\Exceptions\DataException::forEmptyDataset('update')
 2 SYSTEMPATH\BaseModel.php(832): CodeIgniter\BaseModel->transformDataToArray(null, 'update')
 3 SYSTEMPATH\Model.php(693): CodeIgniter\BaseModel->update([...], null)
 4 APPPATH\Controllers\Administrasi.php(208): CodeIgniter\Model->update([...])
 5 SYSTEMPATH\CodeIgniter.php(907): App\Controllers\Administrasi->save_edit_surat()
 6 SYSTEMPATH\CodeIgniter.php(457): CodeIgniter\CodeIgniter->runController(Object(App\Controllers\Administrasi))
 7 SYSTEMPATH\CodeIgniter.php(340): CodeIgniter\CodeIgniter->handleRequest(null, Object(Config\Cache), false)
 8 FCPATH\index.php(55): CodeIgniter\CodeIgniter->run()
CRITICAL - 2023-01-08 18:35:12 --> There is no data to update.
in SYSTEMPATH\BaseModel.php on line 1577.
 1 SYSTEMPATH\BaseModel.php(1577): CodeIgniter\Database\Exceptions\DataException::forEmptyDataset('update')
 2 SYSTEMPATH\BaseModel.php(832): CodeIgniter\BaseModel->transformDataToArray(null, 'update')
 3 SYSTEMPATH\Model.php(693): CodeIgniter\BaseModel->update([...], null)
 4 APPPATH\Controllers\Administrasi.php(208): CodeIgniter\Model->update([...])
 5 SYSTEMPATH\CodeIgniter.php(907): App\Controllers\Administrasi->save_edit_surat()
 6 SYSTEMPATH\CodeIgniter.php(457): CodeIgniter\CodeIgniter->runController(Object(App\Controllers\Administrasi))
 7 SYSTEMPATH\CodeIgniter.php(340): CodeIgniter\CodeIgniter->handleRequest(null, Object(Config\Cache), false)
 8 FCPATH\index.php(55): CodeIgniter\CodeIgniter->run()
ERROR - 2023-01-08 18:37:17 --> mysqli_sql_exception: Unknown column 'keterangan' in 'where clause' in D:\Coding\laragon\www\panelkopma\vendor\codeigniter4\framework\system\Database\MySQLi\Connection.php:292
Stack trace:
#0 D:\Coding\laragon\www\panelkopma\vendor\codeigniter4\framework\system\Database\MySQLi\Connection.php(292): mysqli->query('SELECT *\nFROM `...', 0)
#1 D:\Coding\laragon\www\panelkopma\vendor\codeigniter4\framework\system\Database\BaseConnection.php(693): CodeIgniter\Database\MySQLi\Connection->execute('SELECT *\nFROM `...')
#2 D:\Coding\laragon\www\panelkopma\vendor\codeigniter4\framework\system\Database\BaseConnection.php(620): CodeIgniter\Database\BaseConnection->simpleQuery('SELECT *\nFROM `...')
#3 D:\Coding\laragon\www\panelkopma\vendor\codeigniter4\framework\system\Database\BaseBuilder.php(1585): CodeIgniter\Database\BaseConnection->query('SELECT *\nFROM `...', Array, false)
#4 D:\Coding\laragon\www\panelkopma\vendor\codeigniter4\framework\system\Model.php(223): CodeIgniter\Database\BaseBuilder->get()
#5 D:\Coding\laragon\www\panelkopma\vendor\codeigniter4\framework\system\BaseModel.php(584): CodeIgniter\Model->doFindAll(0, 0)
#6 D:\Coding\laragon\www\panelkopma\app\Controllers\Administrasi.php(25): CodeIgniter\BaseModel->findAll()
#7 D:\Coding\laragon\www\panelkopma\vendor\codeigniter4\framework\system\CodeIgniter.php(907): App\Controllers\Administrasi->surat_masuk()
#8 D:\Coding\laragon\www\panelkopma\vendor\codeigniter4\framework\system\CodeIgniter.php(457): CodeIgniter\CodeIgniter->runController(Object(App\Controllers\Administrasi))
#9 D:\Coding\laragon\www\panelkopma\vendor\codeigniter4\framework\system\CodeIgniter.php(340): CodeIgniter\CodeIgniter->handleRequest(NULL, Object(Config\Cache), false)
#10 D:\Coding\laragon\www\panelkopma\public\index.php(55): CodeIgniter\CodeIgniter->run()
#11 {main}
CRITICAL - 2023-01-08 18:37:17 --> Unknown column 'keterangan' in 'where clause'
in SYSTEMPATH\Database\MySQLi\Connection.php on line 292.
 1 SYSTEMPATH\Database\MySQLi\Connection.php(292): mysqli->query('SELECT *
FROM `surat_masuk`
WHERE `no_surat` LIKE \'%a%\' ESCAPE \'!\'
OR  `asal_surat` LIKE \'%a%\' ESCAPE \'!\'
OR  `isi_surat` LIKE \'%a%\' ESCAPE \'!\'
OR  `keterangan` LIKE \'%a%\' ESCAPE \'!\'', 0)
 2 SYSTEMPATH\Database\BaseConnection.php(693): CodeIgniter\Database\MySQLi\Connection->execute('SELECT *
FROM `surat_masuk`
WHERE `no_surat` LIKE \'%a%\' ESCAPE \'!\'
OR  `asal_surat` LIKE \'%a%\' ESCAPE \'!\'
OR  `isi_surat` LIKE \'%a%\' ESCAPE \'!\'
OR  `keterangan` LIKE \'%a%\' ESCAPE \'!\'')
 3 SYSTEMPATH\Database\BaseConnection.php(620): CodeIgniter\Database\BaseConnection->simpleQuery('SELECT *
FROM `surat_masuk`
WHERE `no_surat` LIKE \'%a%\' ESCAPE \'!\'
OR  `asal_surat` LIKE \'%a%\' ESCAPE \'!\'
OR  `isi_surat` LIKE \'%a%\' ESCAPE \'!\'
OR  `keterangan` LIKE \'%a%\' ESCAPE \'!\'')
 4 SYSTEMPATH\Database\BaseBuilder.php(1585): CodeIgniter\Database\BaseConnection->query('SELECT *
FROM `surat_masuk`
WHERE `no_surat` LIKE :no_surat: ESCAPE \'!\'
OR  `asal_surat` LIKE :asal_surat: ESCAPE \'!\'
OR  `isi_surat` LIKE :isi_surat: ESCAPE \'!\'
OR  `keterangan` LIKE :keterangan: ESCAPE \'!\'', [...], false)
 5 SYSTEMPATH\Model.php(223): CodeIgniter\Database\BaseBuilder->get()
 6 SYSTEMPATH\BaseModel.php(584): CodeIgniter\Model->doFindAll(0, 0)
 7 APPPATH\Controllers\Administrasi.php(25): CodeIgniter\BaseModel->findAll()
 8 SYSTEMPATH\CodeIgniter.php(907): App\Controllers\Administrasi->surat_masuk()
 9 SYSTEMPATH\CodeIgniter.php(457): CodeIgniter\CodeIgniter->runController(Object(App\Controllers\Administrasi))
10 SYSTEMPATH\CodeIgniter.php(340): CodeIgniter\CodeIgniter->handleRequest(null, Object(Config\Cache), false)
11 FCPATH\index.php(55): CodeIgniter\CodeIgniter->run()
CRITICAL - 2023-01-08 18:39:26 --> unlink(assets/uploads/document/surat_masuk/): Is a directory
in APPPATH\Controllers\Administrasi.php on line 228.
 1 [internal function]: CodeIgniter\Debug\Exceptions->errorHandler(2, 'unlink(assets/uploads/document/surat_masuk/): Is a directory', 'APPPATH\\Controllers\\Administrasi.php', 228, [...])
 2 APPPATH\Controllers\Administrasi.php(228): unlink('FCPATH\\assets\\uploads\\document\\surat_masuk')
 3 SYSTEMPATH\CodeIgniter.php(907): App\Controllers\Administrasi->delete_surat()
 4 SYSTEMPATH\CodeIgniter.php(457): CodeIgniter\CodeIgniter->runController(Object(App\Controllers\Administrasi))
 5 SYSTEMPATH\CodeIgniter.php(340): CodeIgniter\CodeIgniter->handleRequest(null, Object(Config\Cache), false)
 6 FCPATH\index.php(55): CodeIgniter\CodeIgniter->run()
CRITICAL - 2023-01-08 19:01:13 --> unlink(assets/uploads/document/surat_masuk/): Is a directory
in APPPATH\Controllers\Administrasi.php on line 194.
 1 [internal function]: CodeIgniter\Debug\Exceptions->errorHandler(2, 'unlink(assets/uploads/document/surat_masuk/): Is a directory', 'APPPATH\\Controllers\\Administrasi.php', 194, [...])
 2 APPPATH\Controllers\Administrasi.php(194): unlink('FCPATH\\assets\\uploads\\document\\surat_masuk')
 3 SYSTEMPATH\CodeIgniter.php(907): App\Controllers\Administrasi->save_edit_surat()
 4 SYSTEMPATH\CodeIgniter.php(457): CodeIgniter\CodeIgniter->runController(Object(App\Controllers\Administrasi))
 5 SYSTEMPATH\CodeIgniter.php(340): CodeIgniter\CodeIgniter->handleRequest(null, Object(Config\Cache), false)
 6 FCPATH\index.php(55): CodeIgniter\CodeIgniter->run()
CRITICAL - 2023-01-08 19:11:35 --> Undefined variable: surat_masuk
in APPPATH\Views\administrasi\digilib.php on line 74.
 1 APPPATH\Views\administrasi\digilib.php(74): CodeIgniter\Debug\Exceptions->errorHandler(8, 'Undefined variable: surat_masuk', 'APPPATH\\Views\\administrasi\\digilib.php', 74, [...])
 2 SYSTEMPATH\View\View.php(213): include('APPPATH\\Views\\administrasi\\digilib.php')
 3 SYSTEMPATH\View\View.php(216): CodeIgniter\View\View->CodeIgniter\View\{closure}()
 4 SYSTEMPATH\Common.php(1142): CodeIgniter\View\View->render('administrasi/digilib', [], true)
 5 APPPATH\Controllers\Administrasi.php(254): view('administrasi/digilib', [...])
 6 SYSTEMPATH\CodeIgniter.php(907): App\Controllers\Administrasi->digilib()
 7 SYSTEMPATH\CodeIgniter.php(457): CodeIgniter\CodeIgniter->runController(Object(App\Controllers\Administrasi))
 8 SYSTEMPATH\CodeIgniter.php(340): CodeIgniter\CodeIgniter->handleRequest(null, Object(Config\Cache), false)
 9 FCPATH\index.php(55): CodeIgniter\CodeIgniter->run()
CRITICAL - 2023-01-08 19:44:33 --> Trying to get property 'id' of non-object
in APPPATH\Views\administrasi\edit_buku.php on line 21.
 1 APPPATH\Views\administrasi\edit_buku.php(21): CodeIgniter\Debug\Exceptions->errorHandler(8, 'Trying to get property \'id\' of non-object', 'APPPATH\\Views\\administrasi\\edit_buku.php', 21, [...])
 2 SYSTEMPATH\View\View.php(213): include('APPPATH\\Views\\administrasi\\edit_buku.php')
 3 SYSTEMPATH\View\View.php(216): CodeIgniter\View\View->CodeIgniter\View\{closure}()
 4 SYSTEMPATH\Common.php(1142): CodeIgniter\View\View->render('administrasi/edit_buku', [], true)
 5 APPPATH\Controllers\Administrasi.php(331): view('administrasi/edit_buku', [...])
 6 SYSTEMPATH\CodeIgniter.php(907): App\Controllers\Administrasi->edit_buku('1')
 7 SYSTEMPATH\CodeIgniter.php(457): CodeIgniter\CodeIgniter->runController(Object(App\Controllers\Administrasi))
 8 SYSTEMPATH\CodeIgniter.php(340): CodeIgniter\CodeIgniter->handleRequest(null, Object(Config\Cache), false)
 9 FCPATH\index.php(55): CodeIgniter\CodeIgniter->run()
CRITICAL - 2023-01-08 19:45:15 --> Trying to get property 'id' of non-object
in APPPATH\Views\administrasi\edit_buku.php on line 21.
 1 APPPATH\Views\administrasi\edit_buku.php(21): CodeIgniter\Debug\Exceptions->errorHandler(8, 'Trying to get property \'id\' of non-object', 'APPPATH\\Views\\administrasi\\edit_buku.php', 21, [...])
 2 SYSTEMPATH\View\View.php(213): include('APPPATH\\Views\\administrasi\\edit_buku.php')
 3 SYSTEMPATH\View\View.php(216): CodeIgniter\View\View->CodeIgniter\View\{closure}()
 4 SYSTEMPATH\Common.php(1142): CodeIgniter\View\View->render('administrasi/edit_buku', [], true)
 5 APPPATH\Controllers\Administrasi.php(331): view('administrasi/edit_buku', [...])
 6 SYSTEMPATH\CodeIgniter.php(907): App\Controllers\Administrasi->edit_buku('1')
 7 SYSTEMPATH\CodeIgniter.php(457): CodeIgniter\CodeIgniter->runController(Object(App\Controllers\Administrasi))
 8 SYSTEMPATH\CodeIgniter.php(340): CodeIgniter\CodeIgniter->handleRequest(null, Object(Config\Cache), false)
 9 FCPATH\index.php(55): CodeIgniter\CodeIgniter->run()
CRITICAL - 2023-01-08 19:45:41 --> Trying to access array offset on value of type null
in APPPATH\Views\administrasi\edit_buku.php on line 21.
 1 APPPATH\Views\administrasi\edit_buku.php(21): CodeIgniter\Debug\Exceptions->errorHandler(8, 'Trying to access array offset on value of type null', 'APPPATH\\Views\\administrasi\\edit_buku.php', 21, [...])
 2 SYSTEMPATH\View\View.php(213): include('APPPATH\\Views\\administrasi\\edit_buku.php')
 3 SYSTEMPATH\View\View.php(216): CodeIgniter\View\View->CodeIgniter\View\{closure}()
 4 SYSTEMPATH\Common.php(1142): CodeIgniter\View\View->render('administrasi/edit_buku', [], true)
 5 APPPATH\Controllers\Administrasi.php(331): view('administrasi/edit_buku', [...])
 6 SYSTEMPATH\CodeIgniter.php(907): App\Controllers\Administrasi->edit_buku('1')
 7 SYSTEMPATH\CodeIgniter.php(457): CodeIgniter\CodeIgniter->runController(Object(App\Controllers\Administrasi))
 8 SYSTEMPATH\CodeIgniter.php(340): CodeIgniter\CodeIgniter->handleRequest(null, Object(Config\Cache), false)
 9 FCPATH\index.php(55): CodeIgniter\CodeIgniter->run()
CRITICAL - 2023-01-08 19:45:58 --> Trying to get property 'id' of non-object
in APPPATH\Views\administrasi\edit_buku.php on line 21.
 1 APPPATH\Views\administrasi\edit_buku.php(21): CodeIgniter\Debug\Exceptions->errorHandler(8, 'Trying to get property \'id\' of non-object', 'APPPATH\\Views\\administrasi\\edit_buku.php', 21, [...])
 2 SYSTEMPATH\View\View.php(213): include('APPPATH\\Views\\administrasi\\edit_buku.php')
 3 SYSTEMPATH\View\View.php(216): CodeIgniter\View\View->CodeIgniter\View\{closure}()
 4 SYSTEMPATH\Common.php(1142): CodeIgniter\View\View->render('administrasi/edit_buku', [], true)
 5 APPPATH\Controllers\Administrasi.php(331): view('administrasi/edit_buku', [...])
 6 SYSTEMPATH\CodeIgniter.php(907): App\Controllers\Administrasi->edit_buku('1')
 7 SYSTEMPATH\CodeIgniter.php(457): CodeIgniter\CodeIgniter->runController(Object(App\Controllers\Administrasi))
 8 SYSTEMPATH\CodeIgniter.php(340): CodeIgniter\CodeIgniter->handleRequest(null, Object(Config\Cache), false)
 9 FCPATH\index.php(55): CodeIgniter\CodeIgniter->run()
CRITICAL - 2023-01-08 19:53:41 --> Trying to get property 'file' of non-object
in APPPATH\Views\administrasi\edit_buku.php on line 43.
 1 APPPATH\Views\administrasi\edit_buku.php(43): CodeIgniter\Debug\Exceptions->errorHandler(8, 'Trying to get property \'file\' of non-object', 'APPPATH\\Views\\administrasi\\edit_buku.php', 43, [...])
 2 SYSTEMPATH\View\View.php(213): include('APPPATH\\Views\\administrasi\\edit_buku.php')
 3 SYSTEMPATH\View\View.php(216): CodeIgniter\View\View->CodeIgniter\View\{closure}()
 4 SYSTEMPATH\Common.php(1142): CodeIgniter\View\View->render('administrasi/edit_buku', [], true)
 5 APPPATH\Controllers\Administrasi.php(332): view('administrasi/edit_buku', [...])
 6 SYSTEMPATH\CodeIgniter.php(907): App\Controllers\Administrasi->edit_buku()
 7 SYSTEMPATH\CodeIgniter.php(457): CodeIgniter\CodeIgniter->runController(Object(App\Controllers\Administrasi))
 8 SYSTEMPATH\CodeIgniter.php(340): CodeIgniter\CodeIgniter->handleRequest(null, Object(Config\Cache), false)
 9 FCPATH\index.php(55): CodeIgniter\CodeIgniter->run()
