ERROR - 2022-09-02 08:32:11 --> Error connecting to the database: No connection could be made because the target machine actively refused it.

CRITICAL - 2022-09-02 08:32:11 --> Unable to connect to the database.
Main connection [MySQLi]: No connection could be made because the target machine actively refused it.

in SYSTEMPATH\Database\BaseConnection.php on line 416.
 1 SYSTEMPATH\Database\BaseConnection.php(586): CodeIgniter\Database\BaseConnection->initialize()
 2 SYSTEMPATH\Database\BaseBuilder.php(1585): CodeIgniter\Database\BaseConnection->query('SELECT *
FROM `data_anggota`', [], false)
 3 SYSTEMPATH\Model.php(222): CodeIgniter\Database\BaseBuilder->get()
 4 SYSTEMPATH\BaseModel.php(584): CodeIgniter\Model->doFindAll(0, 0)
 5 APPPATH\Controllers\Dashboard.php(34): CodeIgniter\BaseModel->findAll()
 6 SYSTEMPATH\CodeIgniter.php(896): App\Controllers\Dashboard->index()
 7 SYSTEMPATH\CodeIgniter.php(466): CodeIgniter\CodeIgniter->runController(Object(App\Controllers\Dashboard))
 8 SYSTEMPATH\CodeIgniter.php(349): CodeIgniter\CodeIgniter->handleRequest(null, Object(Config\Cache), false)
 9 FCPATH\index.php(55): CodeIgniter\CodeIgniter->run()
10 SYSTEMPATH\Commands\Server\rewrite.php(43): require_once('FCPATH\\index.php')
CRITICAL - 2022-09-02 09:08:35 --> Call to a member function getReferal() on null
in APPPATH\Controllers\Dashboard.php on line 121.
 1 SYSTEMPATH\CodeIgniter.php(896): App\Controllers\Dashboard->kode_referal()
 2 SYSTEMPATH\CodeIgniter.php(466): CodeIgniter\CodeIgniter->runController(Object(App\Controllers\Dashboard))
 3 SYSTEMPATH\CodeIgniter.php(349): CodeIgniter\CodeIgniter->handleRequest(null, Object(Config\Cache), false)
 4 FCPATH\index.php(55): CodeIgniter\CodeIgniter->run()
 5 SYSTEMPATH\Commands\Server\rewrite.php(43): require_once('FCPATH\\index.php')
CRITICAL - 2022-09-02 09:08:56 --> Undefined variable: referal
in APPPATH\Views\dashboard\kode_referal.php on line 7.
 1 APPPATH\Views\dashboard\kode_referal.php(7): CodeIgniter\Debug\Exceptions->errorHandler(8, 'Undefined variable: referal', 'APPPATH\\Views\\dashboard\\kode_referal.php', 7, [])
 2 SYSTEMPATH\View\View.php(213): include('APPPATH\\Views\\dashboard\\kode_referal.php')
 3 SYSTEMPATH\View\View.php(216): CodeIgniter\View\View->CodeIgniter\View\{closure}()
 4 SYSTEMPATH\Common.php(1135): CodeIgniter\View\View->render('dashboard/kode_referal', [], true)
 5 APPPATH\Controllers\Dashboard.php(126): view('dashboard/kode_referal')
 6 SYSTEMPATH\CodeIgniter.php(896): App\Controllers\Dashboard->kode_referal()
 7 SYSTEMPATH\CodeIgniter.php(466): CodeIgniter\CodeIgniter->runController(Object(App\Controllers\Dashboard))
 8 SYSTEMPATH\CodeIgniter.php(349): CodeIgniter\CodeIgniter->handleRequest(null, Object(Config\Cache), false)
 9 FCPATH\index.php(55): CodeIgniter\CodeIgniter->run()
10 SYSTEMPATH\Commands\Server\rewrite.php(43): require_once('FCPATH\\index.php')
CRITICAL - 2022-09-02 09:09:17 --> Undefined variable: referal
in APPPATH\Views\dashboard\kode_referal.php on line 7.
 1 APPPATH\Views\dashboard\kode_referal.php(7): CodeIgniter\Debug\Exceptions->errorHandler(8, 'Undefined variable: referal', 'APPPATH\\Views\\dashboard\\kode_referal.php', 7, [])
 2 SYSTEMPATH\View\View.php(213): include('APPPATH\\Views\\dashboard\\kode_referal.php')
 3 SYSTEMPATH\View\View.php(216): CodeIgniter\View\View->CodeIgniter\View\{closure}()
 4 SYSTEMPATH\Common.php(1135): CodeIgniter\View\View->render('dashboard/kode_referal', [], true)
 5 APPPATH\Controllers\Dashboard.php(126): view('dashboard/kode_referal')
 6 SYSTEMPATH\CodeIgniter.php(896): App\Controllers\Dashboard->kode_referal()
 7 SYSTEMPATH\CodeIgniter.php(466): CodeIgniter\CodeIgniter->runController(Object(App\Controllers\Dashboard))
 8 SYSTEMPATH\CodeIgniter.php(349): CodeIgniter\CodeIgniter->handleRequest(null, Object(Config\Cache), false)
 9 FCPATH\index.php(55): CodeIgniter\CodeIgniter->run()
10 SYSTEMPATH\Commands\Server\rewrite.php(43): require_once('FCPATH\\index.php')
CRITICAL - 2022-09-02 09:10:10 --> Undefined variable: referal
in APPPATH\Views\dashboard\kode_referal.php on line 7.
 1 APPPATH\Views\dashboard\kode_referal.php(7): CodeIgniter\Debug\Exceptions->errorHandler(8, 'Undefined variable: referal', 'APPPATH\\Views\\dashboard\\kode_referal.php', 7, [])
 2 SYSTEMPATH\View\View.php(213): include('APPPATH\\Views\\dashboard\\kode_referal.php')
 3 SYSTEMPATH\View\View.php(216): CodeIgniter\View\View->CodeIgniter\View\{closure}()
 4 SYSTEMPATH\Common.php(1135): CodeIgniter\View\View->render('dashboard/kode_referal', [], true)
 5 APPPATH\Controllers\Dashboard.php(126): view('dashboard/kode_referal')
 6 SYSTEMPATH\CodeIgniter.php(896): App\Controllers\Dashboard->kode_referal()
 7 SYSTEMPATH\CodeIgniter.php(466): CodeIgniter\CodeIgniter->runController(Object(App\Controllers\Dashboard))
 8 SYSTEMPATH\CodeIgniter.php(349): CodeIgniter\CodeIgniter->handleRequest(null, Object(Config\Cache), false)
 9 FCPATH\index.php(55): CodeIgniter\CodeIgniter->run()
10 SYSTEMPATH\Commands\Server\rewrite.php(43): require_once('FCPATH\\index.php')
CRITICAL - 2022-09-02 09:11:25 --> Undefined variable: referal
in APPPATH\Views\dashboard\kode_referal.php on line 3.
 1 APPPATH\Views\dashboard\kode_referal.php(3): CodeIgniter\Debug\Exceptions->errorHandler(8, 'Undefined variable: referal', 'APPPATH\\Views\\dashboard\\kode_referal.php', 3, [])
 2 SYSTEMPATH\View\View.php(213): include('APPPATH\\Views\\dashboard\\kode_referal.php')
 3 SYSTEMPATH\View\View.php(216): CodeIgniter\View\View->CodeIgniter\View\{closure}()
 4 SYSTEMPATH\Common.php(1135): CodeIgniter\View\View->render('dashboard/kode_referal', [], true)
 5 APPPATH\Controllers\Dashboard.php(126): view('dashboard/kode_referal')
 6 SYSTEMPATH\CodeIgniter.php(896): App\Controllers\Dashboard->kode_referal()
 7 SYSTEMPATH\CodeIgniter.php(466): CodeIgniter\CodeIgniter->runController(Object(App\Controllers\Dashboard))
 8 SYSTEMPATH\CodeIgniter.php(349): CodeIgniter\CodeIgniter->handleRequest(null, Object(Config\Cache), false)
 9 FCPATH\index.php(55): CodeIgniter\CodeIgniter->run()
10 SYSTEMPATH\Commands\Server\rewrite.php(43): require_once('FCPATH\\index.php')
ERROR - 2022-09-02 09:29:24 --> Column 'kode_referal' in group statement is ambiguous
CRITICAL - 2022-09-02 09:29:24 --> Column 'kode_referal' in group statement is ambiguous
in SYSTEMPATH\Database\MySQLi\Connection.php on line 292.
 1 SYSTEMPATH\Database\MySQLi\Connection.php(292): mysqli->query('SELECT *
FROM `referal`
JOIN `data_anggota` ON `data_anggota`.`nomor_anggota`=`referal`.`nomor_anggota`
JOIN `calon_anggota` ON `calon_anggota`.`kode_referal`=`referal`.`kode_referal`
GROUP BY `kode_referal`', 0)
 2 SYSTEMPATH\Database\BaseConnection.php(695): CodeIgniter\Database\MySQLi\Connection->execute('SELECT *
FROM `referal`
JOIN `data_anggota` ON `data_anggota`.`nomor_anggota`=`referal`.`nomor_anggota`
JOIN `calon_anggota` ON `calon_anggota`.`kode_referal`=`referal`.`kode_referal`
GROUP BY `kode_referal`')
 3 SYSTEMPATH\Database\BaseConnection.php(609): CodeIgniter\Database\BaseConnection->simpleQuery('SELECT *
FROM `referal`
JOIN `data_anggota` ON `data_anggota`.`nomor_anggota`=`referal`.`nomor_anggota`
JOIN `calon_anggota` ON `calon_anggota`.`kode_referal`=`referal`.`kode_referal`
GROUP BY `kode_referal`')
 4 SYSTEMPATH\Database\BaseBuilder.php(1585): CodeIgniter\Database\BaseConnection->query('SELECT *
FROM `referal`
JOIN `data_anggota` ON `data_anggota`.`nomor_anggota`=`referal`.`nomor_anggota`
JOIN `calon_anggota` ON `calon_anggota`.`kode_referal`=`referal`.`kode_referal`
GROUP BY `kode_referal`', [], false)
 5 APPPATH\Models\ReferalModel.php(15): CodeIgniter\Database\BaseBuilder->get()
 6 APPPATH\Controllers\Dashboard.php(121): App\Models\ReferalModel->getReferal()
 7 SYSTEMPATH\CodeIgniter.php(896): App\Controllers\Dashboard->kode_referal()
 8 SYSTEMPATH\CodeIgniter.php(466): CodeIgniter\CodeIgniter->runController(Object(App\Controllers\Dashboard))
 9 SYSTEMPATH\CodeIgniter.php(349): CodeIgniter\CodeIgniter->handleRequest(null, Object(Config\Cache), false)
10 FCPATH\index.php(55): CodeIgniter\CodeIgniter->run()
11 SYSTEMPATH\Commands\Server\rewrite.php(43): require_once('FCPATH\\index.php')
CRITICAL - 2022-09-02 09:29:45 --> Call to a member function countAllResults() on array
in APPPATH\Controllers\Dashboard.php on line 123.
 1 SYSTEMPATH\CodeIgniter.php(896): App\Controllers\Dashboard->kode_referal()
 2 SYSTEMPATH\CodeIgniter.php(466): CodeIgniter\CodeIgniter->runController(Object(App\Controllers\Dashboard))
 3 SYSTEMPATH\CodeIgniter.php(349): CodeIgniter\CodeIgniter->handleRequest(null, Object(Config\Cache), false)
 4 FCPATH\index.php(55): CodeIgniter\CodeIgniter->run()
 5 SYSTEMPATH\Commands\Server\rewrite.php(43): require_once('FCPATH\\index.php')
CRITICAL - 2022-09-02 10:44:15 --> You must set the database table to be used with your query.
in SYSTEMPATH\Database\BaseConnection.php on line 874.
 1 SYSTEMPATH\Model.php(586): CodeIgniter\Database\BaseConnection->table(null)
 2 SYSTEMPATH\Model.php(215): CodeIgniter\Model->builder()
 3 SYSTEMPATH\BaseModel.php(584): CodeIgniter\Model->doFindAll(0, 0)
 4 APPPATH\Controllers\Dashboard.php(134): CodeIgniter\BaseModel->findAll()
 5 SYSTEMPATH\CodeIgniter.php(896): App\Controllers\Dashboard->pembayaran_simwa()
 6 SYSTEMPATH\CodeIgniter.php(466): CodeIgniter\CodeIgniter->runController(Object(App\Controllers\Dashboard))
 7 SYSTEMPATH\CodeIgniter.php(349): CodeIgniter\CodeIgniter->handleRequest(null, Object(Config\Cache), false)
 8 FCPATH\index.php(55): CodeIgniter\CodeIgniter->run()
 9 SYSTEMPATH\Commands\Server\rewrite.php(43): require_once('FCPATH\\index.php')
CRITICAL - 2022-09-02 10:45:20 --> You must set the database table to be used with your query.
in SYSTEMPATH\Database\BaseConnection.php on line 874.
 1 SYSTEMPATH\Model.php(586): CodeIgniter\Database\BaseConnection->table(null)
 2 SYSTEMPATH\Model.php(215): CodeIgniter\Model->builder()
 3 SYSTEMPATH\BaseModel.php(584): CodeIgniter\Model->doFindAll(0, 0)
 4 APPPATH\Controllers\Dashboard.php(134): CodeIgniter\BaseModel->findAll()
 5 SYSTEMPATH\CodeIgniter.php(896): App\Controllers\Dashboard->pembayaran_simwa()
 6 SYSTEMPATH\CodeIgniter.php(466): CodeIgniter\CodeIgniter->runController(Object(App\Controllers\Dashboard))
 7 SYSTEMPATH\CodeIgniter.php(349): CodeIgniter\CodeIgniter->handleRequest(null, Object(Config\Cache), false)
 8 FCPATH\index.php(55): CodeIgniter\CodeIgniter->run()
 9 SYSTEMPATH\Commands\Server\rewrite.php(43): require_once('FCPATH\\index.php')
CRITICAL - 2022-09-02 10:45:42 --> You must set the database table to be used with your query.
in SYSTEMPATH\Database\BaseConnection.php on line 874.
 1 SYSTEMPATH\Model.php(586): CodeIgniter\Database\BaseConnection->table(null)
 2 SYSTEMPATH\Model.php(215): CodeIgniter\Model->builder()
 3 SYSTEMPATH\BaseModel.php(584): CodeIgniter\Model->doFindAll(0, 0)
 4 APPPATH\Controllers\Dashboard.php(134): CodeIgniter\BaseModel->findAll()
 5 SYSTEMPATH\CodeIgniter.php(896): App\Controllers\Dashboard->pembayaran_simwa()
 6 SYSTEMPATH\CodeIgniter.php(466): CodeIgniter\CodeIgniter->runController(Object(App\Controllers\Dashboard))
 7 SYSTEMPATH\CodeIgniter.php(349): CodeIgniter\CodeIgniter->handleRequest(null, Object(Config\Cache), false)
 8 FCPATH\index.php(55): CodeIgniter\CodeIgniter->run()
 9 SYSTEMPATH\Commands\Server\rewrite.php(43): require_once('FCPATH\\index.php')
ERROR - 2022-09-02 10:46:13 --> Not unique table/alias: 'data_anggota'
CRITICAL - 2022-09-02 10:46:13 --> Not unique table/alias: 'data_anggota'
in SYSTEMPATH\Database\MySQLi\Connection.php on line 292.
 1 SYSTEMPATH\Database\MySQLi\Connection.php(292): mysqli->query('SELECT *
FROM `data_anggota`
JOIN `data_anggota` ON `data_anggota`.`nomor_anggota`=`pembayaran_simwa`.`nomor_anggota`', 0)
 2 SYSTEMPATH\Database\BaseConnection.php(695): CodeIgniter\Database\MySQLi\Connection->execute('SELECT *
FROM `data_anggota`
JOIN `data_anggota` ON `data_anggota`.`nomor_anggota`=`pembayaran_simwa`.`nomor_anggota`')
 3 SYSTEMPATH\Database\BaseConnection.php(609): CodeIgniter\Database\BaseConnection->simpleQuery('SELECT *
FROM `data_anggota`
JOIN `data_anggota` ON `data_anggota`.`nomor_anggota`=`pembayaran_simwa`.`nomor_anggota`')
 4 SYSTEMPATH\Database\BaseBuilder.php(1585): CodeIgniter\Database\BaseConnection->query('SELECT *
FROM `data_anggota`
JOIN `data_anggota` ON `data_anggota`.`nomor_anggota`=`pembayaran_simwa`.`nomor_anggota`', [], false)
 5 APPPATH\Models\PembayaranSimwa.php(13): CodeIgniter\Database\BaseBuilder->get()
 6 APPPATH\Controllers\Dashboard.php(134): App\Models\PembayaranSimwa->getPembayaran()
 7 SYSTEMPATH\CodeIgniter.php(896): App\Controllers\Dashboard->pembayaran_simwa()
 8 SYSTEMPATH\CodeIgniter.php(466): CodeIgniter\CodeIgniter->runController(Object(App\Controllers\Dashboard))
 9 SYSTEMPATH\CodeIgniter.php(349): CodeIgniter\CodeIgniter->handleRequest(null, Object(Config\Cache), false)
10 FCPATH\index.php(55): CodeIgniter\CodeIgniter->run()
11 SYSTEMPATH\Commands\Server\rewrite.php(43): require_once('FCPATH\\index.php')
CRITICAL - 2022-09-02 11:00:23 --> Undefined index: timestamps
in APPPATH\Views\dashboard\pembayaran_simwa.php on line 57.
 1 APPPATH\Views\dashboard\pembayaran_simwa.php(57): CodeIgniter\Debug\Exceptions->errorHandler(8, 'Undefined index: timestamps', 'APPPATH\\Views\\dashboard\\pembayaran_simwa.php', 57, [...])
 2 SYSTEMPATH\View\View.php(213): include('APPPATH\\Views\\dashboard\\pembayaran_simwa.php')
 3 SYSTEMPATH\View\View.php(216): CodeIgniter\View\View->CodeIgniter\View\{closure}()
 4 SYSTEMPATH\Common.php(1135): CodeIgniter\View\View->render('dashboard/pembayaran_simwa', [], true)
 5 APPPATH\Controllers\Dashboard.php(139): view('dashboard/pembayaran_simwa', [...])
 6 SYSTEMPATH\CodeIgniter.php(896): App\Controllers\Dashboard->pembayaran_simwa()
 7 SYSTEMPATH\CodeIgniter.php(466): CodeIgniter\CodeIgniter->runController(Object(App\Controllers\Dashboard))
 8 SYSTEMPATH\CodeIgniter.php(349): CodeIgniter\CodeIgniter->handleRequest(null, Object(Config\Cache), false)
 9 FCPATH\index.php(55): CodeIgniter\CodeIgniter->run()
10 SYSTEMPATH\Commands\Server\rewrite.php(43): require_once('FCPATH\\index.php')
CRITICAL - 2022-09-02 11:00:30 --> Undefined index: timestamp
in APPPATH\Views\dashboard\pembayaran_simwa.php on line 57.
 1 APPPATH\Views\dashboard\pembayaran_simwa.php(57): CodeIgniter\Debug\Exceptions->errorHandler(8, 'Undefined index: timestamp', 'APPPATH\\Views\\dashboard\\pembayaran_simwa.php', 57, [...])
 2 SYSTEMPATH\View\View.php(213): include('APPPATH\\Views\\dashboard\\pembayaran_simwa.php')
 3 SYSTEMPATH\View\View.php(216): CodeIgniter\View\View->CodeIgniter\View\{closure}()
 4 SYSTEMPATH\Common.php(1135): CodeIgniter\View\View->render('dashboard/pembayaran_simwa', [], true)
 5 APPPATH\Controllers\Dashboard.php(139): view('dashboard/pembayaran_simwa', [...])
 6 SYSTEMPATH\CodeIgniter.php(896): App\Controllers\Dashboard->pembayaran_simwa()
 7 SYSTEMPATH\CodeIgniter.php(466): CodeIgniter\CodeIgniter->runController(Object(App\Controllers\Dashboard))
 8 SYSTEMPATH\CodeIgniter.php(349): CodeIgniter\CodeIgniter->handleRequest(null, Object(Config\Cache), false)
 9 FCPATH\index.php(55): CodeIgniter\CodeIgniter->run()
10 SYSTEMPATH\Commands\Server\rewrite.php(43): require_once('FCPATH\\index.php')
