CRITICAL - 2022-09-22 12:26:00 --> Call to a member function links() on null
in APPPATH\Views\psda\calon_anggota.php on line 123.
 1 SYSTEMPATH\View\View.php(213): include()
 2 SYSTEMPATH\View\View.php(216): CodeIgniter\View\View->CodeIgniter\View\{closure}()
 3 SYSTEMPATH\Common.php(1135): CodeIgniter\View\View->render('psda/calon_anggota', [], true)
 4 APPPATH\Controllers\Psda.php(191): view('psda/calon_anggota', [...])
 5 SYSTEMPATH\CodeIgniter.php(896): App\Controllers\Psda->calon_anggota()
 6 SYSTEMPATH\CodeIgniter.php(466): CodeIgniter\CodeIgniter->runController(Object(App\Controllers\Psda))
 7 SYSTEMPATH\CodeIgniter.php(349): CodeIgniter\CodeIgniter->handleRequest(null, Object(Config\Cache), false)
 8 FCPATH\index.php(55): CodeIgniter\CodeIgniter->run()
 9 SYSTEMPATH\Commands\Server\rewrite.php(43): require_once('FCPATH\\index.php')
CRITICAL - 2022-09-22 12:30:43 --> Call to a member function links() on null
in APPPATH\Views\psda\calon_anggota.php on line 123.
 1 SYSTEMPATH\View\View.php(213): include()
 2 SYSTEMPATH\View\View.php(216): CodeIgniter\View\View->CodeIgniter\View\{closure}()
 3 SYSTEMPATH\Common.php(1135): CodeIgniter\View\View->render('psda/calon_anggota', [], true)
 4 APPPATH\Controllers\Psda.php(191): view('psda/calon_anggota', [...])
 5 SYSTEMPATH\CodeIgniter.php(896): App\Controllers\Psda->calon_anggota()
 6 SYSTEMPATH\CodeIgniter.php(466): CodeIgniter\CodeIgniter->runController(Object(App\Controllers\Psda))
 7 SYSTEMPATH\CodeIgniter.php(349): CodeIgniter\CodeIgniter->handleRequest(null, Object(Config\Cache), false)
 8 FCPATH\index.php(55): CodeIgniter\CodeIgniter->run()
 9 SYSTEMPATH\Commands\Server\rewrite.php(43): require_once('FCPATH\\index.php')
CRITICAL - 2022-09-22 12:36:25 --> Call to a member function links() on array
in APPPATH\Views\psda\calon_anggota.php on line 124.
 1 SYSTEMPATH\View\View.php(213): include()
 2 SYSTEMPATH\View\View.php(216): CodeIgniter\View\View->CodeIgniter\View\{closure}()
 3 SYSTEMPATH\Common.php(1135): CodeIgniter\View\View->render('psda/calon_anggota', [], true)
 4 APPPATH\Controllers\Psda.php(191): view('psda/calon_anggota', [...])
 5 SYSTEMPATH\CodeIgniter.php(896): App\Controllers\Psda->calon_anggota()
 6 SYSTEMPATH\CodeIgniter.php(466): CodeIgniter\CodeIgniter->runController(Object(App\Controllers\Psda))
 7 SYSTEMPATH\CodeIgniter.php(349): CodeIgniter\CodeIgniter->handleRequest(null, Object(Config\Cache), false)
 8 FCPATH\index.php(55): CodeIgniter\CodeIgniter->run()
 9 SYSTEMPATH\Commands\Server\rewrite.php(43): require_once('FCPATH\\index.php')
CRITICAL - 2022-09-22 12:38:03 --> Call to a member function links() on array
in APPPATH\Views\psda\calon_anggota.php on line 124.
 1 SYSTEMPATH\View\View.php(213): include()
 2 SYSTEMPATH\View\View.php(216): CodeIgniter\View\View->CodeIgniter\View\{closure}()
 3 SYSTEMPATH\Common.php(1135): CodeIgniter\View\View->render('psda/calon_anggota', [], true)
 4 APPPATH\Controllers\Psda.php(194): view('psda/calon_anggota', [...])
 5 SYSTEMPATH\CodeIgniter.php(896): App\Controllers\Psda->calon_anggota()
 6 SYSTEMPATH\CodeIgniter.php(466): CodeIgniter\CodeIgniter->runController(Object(App\Controllers\Psda))
 7 SYSTEMPATH\CodeIgniter.php(349): CodeIgniter\CodeIgniter->handleRequest(null, Object(Config\Cache), false)
 8 FCPATH\index.php(55): CodeIgniter\CodeIgniter->run()
 9 SYSTEMPATH\Commands\Server\rewrite.php(43): require_once('FCPATH\\index.php')
CRITICAL - 2022-09-22 12:39:02 --> Call to a member function links() on array
in APPPATH\Views\psda\calon_anggota.php on line 124.
 1 SYSTEMPATH\View\View.php(213): include()
 2 SYSTEMPATH\View\View.php(216): CodeIgniter\View\View->CodeIgniter\View\{closure}()
 3 SYSTEMPATH\Common.php(1135): CodeIgniter\View\View->render('psda/calon_anggota', [], true)
 4 APPPATH\Controllers\Psda.php(195): view('psda/calon_anggota', [...])
 5 SYSTEMPATH\CodeIgniter.php(896): App\Controllers\Psda->calon_anggota()
 6 SYSTEMPATH\CodeIgniter.php(466): CodeIgniter\CodeIgniter->runController(Object(App\Controllers\Psda))
 7 SYSTEMPATH\CodeIgniter.php(349): CodeIgniter\CodeIgniter->handleRequest(null, Object(Config\Cache), false)
 8 FCPATH\index.php(55): CodeIgniter\CodeIgniter->run()
 9 SYSTEMPATH\Commands\Server\rewrite.php(43): require_once('FCPATH\\index.php')
CRITICAL - 2022-09-22 12:39:18 --> Call to a member function links() on array
in APPPATH\Views\psda\calon_anggota.php on line 124.
 1 SYSTEMPATH\View\View.php(213): include()
 2 SYSTEMPATH\View\View.php(216): CodeIgniter\View\View->CodeIgniter\View\{closure}()
 3 SYSTEMPATH\Common.php(1135): CodeIgniter\View\View->render('psda/calon_anggota', [], true)
 4 APPPATH\Controllers\Psda.php(194): view('psda/calon_anggota', [...])
 5 SYSTEMPATH\CodeIgniter.php(896): App\Controllers\Psda->calon_anggota()
 6 SYSTEMPATH\CodeIgniter.php(466): CodeIgniter\CodeIgniter->runController(Object(App\Controllers\Psda))
 7 SYSTEMPATH\CodeIgniter.php(349): CodeIgniter\CodeIgniter->handleRequest(null, Object(Config\Cache), false)
 8 FCPATH\index.php(55): CodeIgniter\CodeIgniter->run()
 9 SYSTEMPATH\Commands\Server\rewrite.php(43): require_once('FCPATH\\index.php')
CRITICAL - 2022-09-22 20:00:19 --> syntax error, unexpected '}', expecting end of file
in APPPATH\Views\keuangan\data_simpanan.php on line 89.
 1 SYSTEMPATH\View\View.php(216): CodeIgniter\View\View->CodeIgniter\View\{closure}()
 2 SYSTEMPATH\Common.php(1135): CodeIgniter\View\View->render('keuangan/data_simpanan', [], true)
 3 APPPATH\Controllers\Keuangan.php(38): view('keuangan/data_simpanan', [...])
 4 SYSTEMPATH\CodeIgniter.php(896): App\Controllers\Keuangan->data_simpanan()
 5 SYSTEMPATH\CodeIgniter.php(466): CodeIgniter\CodeIgniter->runController(Object(App\Controllers\Keuangan))
 6 SYSTEMPATH\CodeIgniter.php(349): CodeIgniter\CodeIgniter->handleRequest(null, Object(Config\Cache), false)
 7 FCPATH\index.php(55): CodeIgniter\CodeIgniter->run()
 8 SYSTEMPATH\Commands\Server\rewrite.php(43): require_once('FCPATH\\index.php')
CRITICAL - 2022-09-22 20:00:28 --> Undefined variable: currentPage
in APPPATH\Views\keuangan\data_simpanan.php on line 73.
 1 APPPATH\Views\keuangan\data_simpanan.php(73): CodeIgniter\Debug\Exceptions->errorHandler(8, 'Undefined variable: currentPage', 'APPPATH\\Views\\keuangan\\data_simpanan.php', 73, [...])
 2 SYSTEMPATH\View\View.php(213): include('APPPATH\\Views\\keuangan\\data_simpanan.php')
 3 SYSTEMPATH\View\View.php(216): CodeIgniter\View\View->CodeIgniter\View\{closure}()
 4 SYSTEMPATH\Common.php(1135): CodeIgniter\View\View->render('keuangan/data_simpanan', [], true)
 5 APPPATH\Controllers\Keuangan.php(38): view('keuangan/data_simpanan', [...])
 6 SYSTEMPATH\CodeIgniter.php(896): App\Controllers\Keuangan->data_simpanan()
 7 SYSTEMPATH\CodeIgniter.php(466): CodeIgniter\CodeIgniter->runController(Object(App\Controllers\Keuangan))
 8 SYSTEMPATH\CodeIgniter.php(349): CodeIgniter\CodeIgniter->handleRequest(null, Object(Config\Cache), false)
 9 FCPATH\index.php(55): CodeIgniter\CodeIgniter->run()
10 SYSTEMPATH\Commands\Server\rewrite.php(43): require_once('FCPATH\\index.php')
CRITICAL - 2022-09-22 20:02:29 --> Undefined index: waktu
in APPPATH\Views\keuangan\pembayaran_simwa.php on line 58.
 1 APPPATH\Views\keuangan\pembayaran_simwa.php(58): CodeIgniter\Debug\Exceptions->errorHandler(8, 'Undefined index: waktu', 'APPPATH\\Views\\keuangan\\pembayaran_simwa.php', 58, [...])
 2 SYSTEMPATH\View\View.php(213): include('APPPATH\\Views\\keuangan\\pembayaran_simwa.php')
 3 SYSTEMPATH\View\View.php(216): CodeIgniter\View\View->CodeIgniter\View\{closure}()
 4 SYSTEMPATH\Common.php(1135): CodeIgniter\View\View->render('keuangan/pembayaran_simwa', [], true)
 5 APPPATH\Controllers\Keuangan.php(48): view('keuangan/pembayaran_simwa', [...])
 6 SYSTEMPATH\CodeIgniter.php(896): App\Controllers\Keuangan->pembayaran_simwa()
 7 SYSTEMPATH\CodeIgniter.php(466): CodeIgniter\CodeIgniter->runController(Object(App\Controllers\Keuangan))
 8 SYSTEMPATH\CodeIgniter.php(349): CodeIgniter\CodeIgniter->handleRequest(null, Object(Config\Cache), false)
 9 FCPATH\index.php(55): CodeIgniter\CodeIgniter->run()
10 SYSTEMPATH\Commands\Server\rewrite.php(43): require_once('FCPATH\\index.php')
CRITICAL - 2022-09-22 20:25:26 --> Trying to access array offset on value of type null
in APPPATH\Views\dashboard\presensi.php on line 6.
 1 APPPATH\Views\dashboard\presensi.php(6): CodeIgniter\Debug\Exceptions->errorHandler(8, 'Trying to access array offset on value of type null', 'APPPATH\\Views\\dashboard\\presensi.php', 6, [...])
 2 SYSTEMPATH\View\View.php(213): include('APPPATH\\Views\\dashboard\\presensi.php')
 3 SYSTEMPATH\View\View.php(216): CodeIgniter\View\View->CodeIgniter\View\{closure}()
 4 SYSTEMPATH\Common.php(1135): CodeIgniter\View\View->render('dashboard/presensi', [], true)
 5 APPPATH\Controllers\Dashboard.php(120): view('dashboard/presensi', [...])
 6 SYSTEMPATH\CodeIgniter.php(896): App\Controllers\Dashboard->presensi('FCPATH\\js', 'jsfunctions.js')
 7 SYSTEMPATH\CodeIgniter.php(466): CodeIgniter\CodeIgniter->runController(Object(App\Controllers\Dashboard))
 8 SYSTEMPATH\CodeIgniter.php(349): CodeIgniter\CodeIgniter->handleRequest(null, Object(Config\Cache), false)
 9 FCPATH\index.php(55): CodeIgniter\CodeIgniter->run()
10 SYSTEMPATH\Commands\Server\rewrite.php(43): require_once('FCPATH\\index.php')
CRITICAL - 2022-09-22 20:25:26 --> Trying to access array offset on value of type null
in APPPATH\Views\dashboard\presensi.php on line 6.
 1 APPPATH\Views\dashboard\presensi.php(6): CodeIgniter\Debug\Exceptions->errorHandler(8, 'Trying to access array offset on value of type null', 'APPPATH\\Views\\dashboard\\presensi.php', 6, [...])
 2 SYSTEMPATH\View\View.php(213): include('APPPATH\\Views\\dashboard\\presensi.php')
 3 SYSTEMPATH\View\View.php(216): CodeIgniter\View\View->CodeIgniter\View\{closure}()
 4 SYSTEMPATH\Common.php(1135): CodeIgniter\View\View->render('dashboard/presensi', [], true)
 5 APPPATH\Controllers\Dashboard.php(120): view('dashboard/presensi', [...])
 6 SYSTEMPATH\CodeIgniter.php(896): App\Controllers\Dashboard->presensi('FCPATH\\js', 'qrcode.js')
 7 SYSTEMPATH\CodeIgniter.php(466): CodeIgniter\CodeIgniter->runController(Object(App\Controllers\Dashboard))
 8 SYSTEMPATH\CodeIgniter.php(349): CodeIgniter\CodeIgniter->handleRequest(null, Object(Config\Cache), false)
 9 FCPATH\index.php(55): CodeIgniter\CodeIgniter->run()
10 SYSTEMPATH\Commands\Server\rewrite.php(43): require_once('FCPATH\\index.php')
CRITICAL - 2022-09-22 20:25:30 --> Trying to access array offset on value of type null
in APPPATH\Views\dashboard\presensi.php on line 6.
 1 APPPATH\Views\dashboard\presensi.php(6): CodeIgniter\Debug\Exceptions->errorHandler(8, 'Trying to access array offset on value of type null', 'APPPATH\\Views\\dashboard\\presensi.php', 6, [...])
 2 SYSTEMPATH\View\View.php(213): include('APPPATH\\Views\\dashboard\\presensi.php')
 3 SYSTEMPATH\View\View.php(216): CodeIgniter\View\View->CodeIgniter\View\{closure}()
 4 SYSTEMPATH\Common.php(1135): CodeIgniter\View\View->render('dashboard/presensi', [], true)
 5 APPPATH\Controllers\Dashboard.php(120): view('dashboard/presensi', [...])
 6 SYSTEMPATH\CodeIgniter.php(896): App\Controllers\Dashboard->presensi('FCPATH\\js', 'jsfunctions.js')
 7 SYSTEMPATH\CodeIgniter.php(466): CodeIgniter\CodeIgniter->runController(Object(App\Controllers\Dashboard))
 8 SYSTEMPATH\CodeIgniter.php(349): CodeIgniter\CodeIgniter->handleRequest(null, Object(Config\Cache), false)
 9 FCPATH\index.php(55): CodeIgniter\CodeIgniter->run()
10 SYSTEMPATH\Commands\Server\rewrite.php(43): require_once('FCPATH\\index.php')
CRITICAL - 2022-09-22 20:25:30 --> Trying to access array offset on value of type null
in APPPATH\Views\dashboard\presensi.php on line 6.
 1 APPPATH\Views\dashboard\presensi.php(6): CodeIgniter\Debug\Exceptions->errorHandler(8, 'Trying to access array offset on value of type null', 'APPPATH\\Views\\dashboard\\presensi.php', 6, [...])
 2 SYSTEMPATH\View\View.php(213): include('APPPATH\\Views\\dashboard\\presensi.php')
 3 SYSTEMPATH\View\View.php(216): CodeIgniter\View\View->CodeIgniter\View\{closure}()
 4 SYSTEMPATH\Common.php(1135): CodeIgniter\View\View->render('dashboard/presensi', [], true)
 5 APPPATH\Controllers\Dashboard.php(120): view('dashboard/presensi', [...])
 6 SYSTEMPATH\CodeIgniter.php(896): App\Controllers\Dashboard->presensi('FCPATH\\js', 'qrcode.js')
 7 SYSTEMPATH\CodeIgniter.php(466): CodeIgniter\CodeIgniter->runController(Object(App\Controllers\Dashboard))
 8 SYSTEMPATH\CodeIgniter.php(349): CodeIgniter\CodeIgniter->handleRequest(null, Object(Config\Cache), false)
 9 FCPATH\index.php(55): CodeIgniter\CodeIgniter->run()
10 SYSTEMPATH\Commands\Server\rewrite.php(43): require_once('FCPATH\\index.php')
CRITICAL - 2022-09-22 20:25:37 --> Trying to access array offset on value of type null
in APPPATH\Views\dashboard\presensi.php on line 6.
 1 APPPATH\Views\dashboard\presensi.php(6): CodeIgniter\Debug\Exceptions->errorHandler(8, 'Trying to access array offset on value of type null', 'APPPATH\\Views\\dashboard\\presensi.php', 6, [...])
 2 SYSTEMPATH\View\View.php(213): include('APPPATH\\Views\\dashboard\\presensi.php')
 3 SYSTEMPATH\View\View.php(216): CodeIgniter\View\View->CodeIgniter\View\{closure}()
 4 SYSTEMPATH\Common.php(1135): CodeIgniter\View\View->render('dashboard/presensi', [], true)
 5 APPPATH\Controllers\Dashboard.php(120): view('dashboard/presensi', [...])
 6 SYSTEMPATH\CodeIgniter.php(896): App\Controllers\Dashboard->presensi('FCPATH\\js', 'jsfunctions.js')
 7 SYSTEMPATH\CodeIgniter.php(466): CodeIgniter\CodeIgniter->runController(Object(App\Controllers\Dashboard))
 8 SYSTEMPATH\CodeIgniter.php(349): CodeIgniter\CodeIgniter->handleRequest(null, Object(Config\Cache), false)
 9 FCPATH\index.php(55): CodeIgniter\CodeIgniter->run()
10 SYSTEMPATH\Commands\Server\rewrite.php(43): require_once('FCPATH\\index.php')
CRITICAL - 2022-09-22 20:25:37 --> Trying to access array offset on value of type null
in APPPATH\Views\dashboard\presensi.php on line 6.
 1 APPPATH\Views\dashboard\presensi.php(6): CodeIgniter\Debug\Exceptions->errorHandler(8, 'Trying to access array offset on value of type null', 'APPPATH\\Views\\dashboard\\presensi.php', 6, [...])
 2 SYSTEMPATH\View\View.php(213): include('APPPATH\\Views\\dashboard\\presensi.php')
 3 SYSTEMPATH\View\View.php(216): CodeIgniter\View\View->CodeIgniter\View\{closure}()
 4 SYSTEMPATH\Common.php(1135): CodeIgniter\View\View->render('dashboard/presensi', [], true)
 5 APPPATH\Controllers\Dashboard.php(120): view('dashboard/presensi', [...])
 6 SYSTEMPATH\CodeIgniter.php(896): App\Controllers\Dashboard->presensi('FCPATH\\js', 'qrcode.js')
 7 SYSTEMPATH\CodeIgniter.php(466): CodeIgniter\CodeIgniter->runController(Object(App\Controllers\Dashboard))
 8 SYSTEMPATH\CodeIgniter.php(349): CodeIgniter\CodeIgniter->handleRequest(null, Object(Config\Cache), false)
 9 FCPATH\index.php(55): CodeIgniter\CodeIgniter->run()
10 SYSTEMPATH\Commands\Server\rewrite.php(43): require_once('FCPATH\\index.php')
CRITICAL - 2022-09-22 20:25:49 --> Trying to access array offset on value of type null
in APPPATH\Views\dashboard\presensi.php on line 6.
 1 APPPATH\Views\dashboard\presensi.php(6): CodeIgniter\Debug\Exceptions->errorHandler(8, 'Trying to access array offset on value of type null', 'APPPATH\\Views\\dashboard\\presensi.php', 6, [...])
 2 SYSTEMPATH\View\View.php(213): include('APPPATH\\Views\\dashboard\\presensi.php')
 3 SYSTEMPATH\View\View.php(216): CodeIgniter\View\View->CodeIgniter\View\{closure}()
 4 SYSTEMPATH\Common.php(1135): CodeIgniter\View\View->render('dashboard/presensi', [], true)
 5 APPPATH\Controllers\Dashboard.php(120): view('dashboard/presensi', [...])
 6 SYSTEMPATH\CodeIgniter.php(896): App\Controllers\Dashboard->presensi('FCPATH\\js', 'jsfunctions.js')
 7 SYSTEMPATH\CodeIgniter.php(466): CodeIgniter\CodeIgniter->runController(Object(App\Controllers\Dashboard))
 8 SYSTEMPATH\CodeIgniter.php(349): CodeIgniter\CodeIgniter->handleRequest(null, Object(Config\Cache), false)
 9 FCPATH\index.php(55): CodeIgniter\CodeIgniter->run()
10 SYSTEMPATH\Commands\Server\rewrite.php(43): require_once('FCPATH\\index.php')
CRITICAL - 2022-09-22 20:25:49 --> Trying to access array offset on value of type null
in APPPATH\Views\dashboard\presensi.php on line 6.
 1 APPPATH\Views\dashboard\presensi.php(6): CodeIgniter\Debug\Exceptions->errorHandler(8, 'Trying to access array offset on value of type null', 'APPPATH\\Views\\dashboard\\presensi.php', 6, [...])
 2 SYSTEMPATH\View\View.php(213): include('APPPATH\\Views\\dashboard\\presensi.php')
 3 SYSTEMPATH\View\View.php(216): CodeIgniter\View\View->CodeIgniter\View\{closure}()
 4 SYSTEMPATH\Common.php(1135): CodeIgniter\View\View->render('dashboard/presensi', [], true)
 5 APPPATH\Controllers\Dashboard.php(120): view('dashboard/presensi', [...])
 6 SYSTEMPATH\CodeIgniter.php(896): App\Controllers\Dashboard->presensi('FCPATH\\js', 'qrcode.js')
 7 SYSTEMPATH\CodeIgniter.php(466): CodeIgniter\CodeIgniter->runController(Object(App\Controllers\Dashboard))
 8 SYSTEMPATH\CodeIgniter.php(349): CodeIgniter\CodeIgniter->handleRequest(null, Object(Config\Cache), false)
 9 FCPATH\index.php(55): CodeIgniter\CodeIgniter->run()
10 SYSTEMPATH\Commands\Server\rewrite.php(43): require_once('FCPATH\\index.php')
ERROR - 2022-09-22 20:43:49 --> mysqli_sql_exception: Can't create table `anggota_kopma`.`auth_tokens` (errno: 150 "Foreign key constraint is incorrectly formed") in D:\Coding\XAMMP 7.4\htdocs\panelkopma\vendor\codeigniter4\framework\system\Database\MySQLi\Connection.php:292
Stack trace:
#0 D:\Coding\XAMMP 7.4\htdocs\panelkopma\vendor\codeigniter4\framework\system\Database\MySQLi\Connection.php(292): mysqli->query('CREATE TABLE `a...', 0)
#1 D:\Coding\XAMMP 7.4\htdocs\panelkopma\vendor\codeigniter4\framework\system\Database\BaseConnection.php(693): CodeIgniter\Database\MySQLi\Connection->execute('CREATE TABLE `a...')
#2 D:\Coding\XAMMP 7.4\htdocs\panelkopma\vendor\codeigniter4\framework\system\Database\BaseConnection.php(620): CodeIgniter\Database\BaseConnection->simpleQuery('CREATE TABLE `a...')
#3 D:\Coding\XAMMP 7.4\htdocs\panelkopma\vendor\codeigniter4\framework\system\Database\Forge.php(509): CodeIgniter\Database\BaseConnection->query('CREATE TABLE `a...')
#4 D:\Coding\XAMMP 7.4\htdocs\panelkopma\vendor\myth\auth\src\Database\Migrations\2017-11-20-223112_create_auth_tables.php(65): CodeIgniter\Database\Forge->createTable('auth_tokens', true)
#5 D:\Coding\XAMMP 7.4\htdocs\panelkopma\vendor\codeigniter4\framework\system\Database\MigrationRunner.php(868): Myth\Auth\Database\Migrations\CreateAuthTables->up()
#6 D:\Coding\XAMMP 7.4\htdocs\panelkopma\vendor\codeigniter4\framework\system\Database\MigrationRunner.php(187): CodeIgniter\Database\MigrationRunner->migrate('up', Object(stdClass))
#7 D:\Coding\XAMMP 7.4\htdocs\panelkopma\vendor\codeigniter4\framework\system\Commands\Database\Migrate.php(84): CodeIgniter\Database\MigrationRunner->latest(NULL)
#8 D:\Coding\XAMMP 7.4\htdocs\panelkopma\vendor\codeigniter4\framework\system\CLI\Commands.php(63): CodeIgniter\Commands\Database\Migrate->run(Array)
#9 D:\Coding\XAMMP 7.4\htdocs\panelkopma\vendor\codeigniter4\framework\system\CLI\CommandRunner.php(65): CodeIgniter\CLI\Commands->run('migrate', Array)
#10 D:\Coding\XAMMP 7.4\htdocs\panelkopma\vendor\codeigniter4\framework\system\CLI\CommandRunner.php(51): CodeIgniter\CLI\CommandRunner->index(Array)
#11 D:\Coding\XAMMP 7.4\htdocs\panelkopma\vendor\codeigniter4\framework\system\CodeIgniter.php(900): CodeIgniter\CLI\CommandRunner->_remap('index', Array)
#12 D:\Coding\XAMMP 7.4\htdocs\panelkopma\vendor\codeigniter4\framework\system\CodeIgniter.php(457): CodeIgniter\CodeIgniter->runController(Object(CodeIgniter\CLI\CommandRunner))
#13 D:\Coding\XAMMP 7.4\htdocs\panelkopma\vendor\codeigniter4\framework\system\CodeIgniter.php(336): CodeIgniter\CodeIgniter->handleRequest(NULL, Object(Config\Cache), false)
#14 D:\Coding\XAMMP 7.4\htdocs\panelkopma\vendor\codeigniter4\framework\system\CLI\Console.php(48): CodeIgniter\CodeIgniter->run()
#15 D:\Coding\XAMMP 7.4\htdocs\panelkopma\spark(86): CodeIgniter\CLI\Console->run()
#16 {main}
ERROR - 2022-09-22 20:50:38 --> mysqli_sql_exception: Can't create table `anggota_kopma`.`auth_tokens` (errno: 150 "Foreign key constraint is incorrectly formed") in D:\Coding\XAMMP 7.4\htdocs\panelkopma\vendor\codeigniter4\framework\system\Database\MySQLi\Connection.php:292
Stack trace:
#0 D:\Coding\XAMMP 7.4\htdocs\panelkopma\vendor\codeigniter4\framework\system\Database\MySQLi\Connection.php(292): mysqli->query('CREATE TABLE `a...', 0)
#1 D:\Coding\XAMMP 7.4\htdocs\panelkopma\vendor\codeigniter4\framework\system\Database\BaseConnection.php(693): CodeIgniter\Database\MySQLi\Connection->execute('CREATE TABLE `a...')
#2 D:\Coding\XAMMP 7.4\htdocs\panelkopma\vendor\codeigniter4\framework\system\Database\BaseConnection.php(620): CodeIgniter\Database\BaseConnection->simpleQuery('CREATE TABLE `a...')
#3 D:\Coding\XAMMP 7.4\htdocs\panelkopma\vendor\codeigniter4\framework\system\Database\Forge.php(509): CodeIgniter\Database\BaseConnection->query('CREATE TABLE `a...')
#4 D:\Coding\XAMMP 7.4\htdocs\panelkopma\vendor\myth\auth\src\Database\Migrations\2017-11-20-223112_create_auth_tables.php(65): CodeIgniter\Database\Forge->createTable('auth_tokens', true)
#5 D:\Coding\XAMMP 7.4\htdocs\panelkopma\vendor\codeigniter4\framework\system\Database\MigrationRunner.php(868): Myth\Auth\Database\Migrations\CreateAuthTables->up()
#6 D:\Coding\XAMMP 7.4\htdocs\panelkopma\vendor\codeigniter4\framework\system\Database\MigrationRunner.php(187): CodeIgniter\Database\MigrationRunner->migrate('up', Object(stdClass))
#7 D:\Coding\XAMMP 7.4\htdocs\panelkopma\vendor\codeigniter4\framework\system\Commands\Database\Migrate.php(84): CodeIgniter\Database\MigrationRunner->latest(NULL)
#8 D:\Coding\XAMMP 7.4\htdocs\panelkopma\vendor\codeigniter4\framework\system\CLI\Commands.php(63): CodeIgniter\Commands\Database\Migrate->run(Array)
#9 D:\Coding\XAMMP 7.4\htdocs\panelkopma\vendor\codeigniter4\framework\system\CLI\CommandRunner.php(65): CodeIgniter\CLI\Commands->run('migrate', Array)
#10 D:\Coding\XAMMP 7.4\htdocs\panelkopma\vendor\codeigniter4\framework\system\CLI\CommandRunner.php(51): CodeIgniter\CLI\CommandRunner->index(Array)
#11 D:\Coding\XAMMP 7.4\htdocs\panelkopma\vendor\codeigniter4\framework\system\CodeIgniter.php(900): CodeIgniter\CLI\CommandRunner->_remap('index', Array)
#12 D:\Coding\XAMMP 7.4\htdocs\panelkopma\vendor\codeigniter4\framework\system\CodeIgniter.php(457): CodeIgniter\CodeIgniter->runController(Object(CodeIgniter\CLI\CommandRunner))
#13 D:\Coding\XAMMP 7.4\htdocs\panelkopma\vendor\codeigniter4\framework\system\CodeIgniter.php(336): CodeIgniter\CodeIgniter->handleRequest(NULL, Object(Config\Cache), false)
#14 D:\Coding\XAMMP 7.4\htdocs\panelkopma\vendor\codeigniter4\framework\system\CLI\Console.php(48): CodeIgniter\CodeIgniter->run()
#15 D:\Coding\XAMMP 7.4\htdocs\panelkopma\spark(86): CodeIgniter\CLI\Console->run()
#16 {main}
ERROR - 2022-09-22 20:52:43 --> mysqli_sql_exception: Can't create table `anggota_kopma`.`auth_tokens` (errno: 150 "Foreign key constraint is incorrectly formed") in D:\Coding\XAMMP 7.4\htdocs\panelkopma\vendor\codeigniter4\framework\system\Database\MySQLi\Connection.php:292
Stack trace:
#0 D:\Coding\XAMMP 7.4\htdocs\panelkopma\vendor\codeigniter4\framework\system\Database\MySQLi\Connection.php(292): mysqli->query('CREATE TABLE `a...', 0)
#1 D:\Coding\XAMMP 7.4\htdocs\panelkopma\vendor\codeigniter4\framework\system\Database\BaseConnection.php(693): CodeIgniter\Database\MySQLi\Connection->execute('CREATE TABLE `a...')
#2 D:\Coding\XAMMP 7.4\htdocs\panelkopma\vendor\codeigniter4\framework\system\Database\BaseConnection.php(620): CodeIgniter\Database\BaseConnection->simpleQuery('CREATE TABLE `a...')
#3 D:\Coding\XAMMP 7.4\htdocs\panelkopma\vendor\codeigniter4\framework\system\Database\Forge.php(509): CodeIgniter\Database\BaseConnection->query('CREATE TABLE `a...')
#4 D:\Coding\XAMMP 7.4\htdocs\panelkopma\vendor\myth\auth\src\Database\Migrations\2017-11-20-223112_create_auth_tables.php(65): CodeIgniter\Database\Forge->createTable('auth_tokens', true)
#5 D:\Coding\XAMMP 7.4\htdocs\panelkopma\vendor\codeigniter4\framework\system\Database\MigrationRunner.php(868): Myth\Auth\Database\Migrations\CreateAuthTables->up()
#6 D:\Coding\XAMMP 7.4\htdocs\panelkopma\vendor\codeigniter4\framework\system\Database\MigrationRunner.php(187): CodeIgniter\Database\MigrationRunner->migrate('up', Object(stdClass))
#7 D:\Coding\XAMMP 7.4\htdocs\panelkopma\vendor\codeigniter4\framework\system\Commands\Database\Migrate.php(84): CodeIgniter\Database\MigrationRunner->latest(NULL)
#8 D:\Coding\XAMMP 7.4\htdocs\panelkopma\vendor\codeigniter4\framework\system\CLI\Commands.php(63): CodeIgniter\Commands\Database\Migrate->run(Array)
#9 D:\Coding\XAMMP 7.4\htdocs\panelkopma\vendor\codeigniter4\framework\system\CLI\CommandRunner.php(65): CodeIgniter\CLI\Commands->run('migrate', Array)
#10 D:\Coding\XAMMP 7.4\htdocs\panelkopma\vendor\codeigniter4\framework\system\CLI\CommandRunner.php(51): CodeIgniter\CLI\CommandRunner->index(Array)
#11 D:\Coding\XAMMP 7.4\htdocs\panelkopma\vendor\codeigniter4\framework\system\CodeIgniter.php(900): CodeIgniter\CLI\CommandRunner->_remap('index', Array)
#12 D:\Coding\XAMMP 7.4\htdocs\panelkopma\vendor\codeigniter4\framework\system\CodeIgniter.php(457): CodeIgniter\CodeIgniter->runController(Object(CodeIgniter\CLI\CommandRunner))
#13 D:\Coding\XAMMP 7.4\htdocs\panelkopma\vendor\codeigniter4\framework\system\CodeIgniter.php(336): CodeIgniter\CodeIgniter->handleRequest(NULL, Object(Config\Cache), false)
#14 D:\Coding\XAMMP 7.4\htdocs\panelkopma\vendor\codeigniter4\framework\system\CLI\Console.php(48): CodeIgniter\CodeIgniter->run()
#15 D:\Coding\XAMMP 7.4\htdocs\panelkopma\spark(86): CodeIgniter\CLI\Console->run()
#16 {main}
ERROR - 2022-09-22 20:57:39 --> mysqli_sql_exception: Can't create table `anggota_kopma`.`auth_tokens` (errno: 150 "Foreign key constraint is incorrectly formed") in D:\Coding\XAMMP 7.4\htdocs\panelkopma\vendor\codeigniter4\framework\system\Database\MySQLi\Connection.php:292
Stack trace:
#0 D:\Coding\XAMMP 7.4\htdocs\panelkopma\vendor\codeigniter4\framework\system\Database\MySQLi\Connection.php(292): mysqli->query('CREATE TABLE `a...', 0)
#1 D:\Coding\XAMMP 7.4\htdocs\panelkopma\vendor\codeigniter4\framework\system\Database\BaseConnection.php(693): CodeIgniter\Database\MySQLi\Connection->execute('CREATE TABLE `a...')
#2 D:\Coding\XAMMP 7.4\htdocs\panelkopma\vendor\codeigniter4\framework\system\Database\BaseConnection.php(620): CodeIgniter\Database\BaseConnection->simpleQuery('CREATE TABLE `a...')
#3 D:\Coding\XAMMP 7.4\htdocs\panelkopma\vendor\codeigniter4\framework\system\Database\Forge.php(509): CodeIgniter\Database\BaseConnection->query('CREATE TABLE `a...')
#4 D:\Coding\XAMMP 7.4\htdocs\panelkopma\vendor\myth\auth\src\Database\Migrations\2017-11-20-223112_create_auth_tables.php(65): CodeIgniter\Database\Forge->createTable('auth_tokens', true)
#5 D:\Coding\XAMMP 7.4\htdocs\panelkopma\vendor\codeigniter4\framework\system\Database\MigrationRunner.php(868): Myth\Auth\Database\Migrations\CreateAuthTables->up()
#6 D:\Coding\XAMMP 7.4\htdocs\panelkopma\vendor\codeigniter4\framework\system\Database\MigrationRunner.php(187): CodeIgniter\Database\MigrationRunner->migrate('up', Object(stdClass))
#7 D:\Coding\XAMMP 7.4\htdocs\panelkopma\vendor\codeigniter4\framework\system\Commands\Database\Migrate.php(84): CodeIgniter\Database\MigrationRunner->latest(NULL)
#8 D:\Coding\XAMMP 7.4\htdocs\panelkopma\vendor\codeigniter4\framework\system\CLI\Commands.php(63): CodeIgniter\Commands\Database\Migrate->run(Array)
#9 D:\Coding\XAMMP 7.4\htdocs\panelkopma\vendor\codeigniter4\framework\system\CLI\BaseCommand.php(112): CodeIgniter\CLI\Commands->run('migrate', Array)
#10 D:\Coding\XAMMP 7.4\htdocs\panelkopma\vendor\codeigniter4\framework\system\Commands\Database\MigrateRefresh.php(85): CodeIgniter\CLI\BaseCommand->call('migrate', Array)
#11 D:\Coding\XAMMP 7.4\htdocs\panelkopma\vendor\codeigniter4\framework\system\CLI\Commands.php(63): CodeIgniter\Commands\Database\MigrateRefresh->run(Array)
#12 D:\Coding\XAMMP 7.4\htdocs\panelkopma\vendor\codeigniter4\framework\system\CLI\CommandRunner.php(65): CodeIgniter\CLI\Commands->run('migrate:refresh', Array)
#13 D:\Coding\XAMMP 7.4\htdocs\panelkopma\vendor\codeigniter4\framework\system\CLI\CommandRunner.php(51): CodeIgniter\CLI\CommandRunner->index(Array)
#14 D:\Coding\XAMMP 7.4\htdocs\panelkopma\vendor\codeigniter4\framework\system\CodeIgniter.php(900): CodeIgniter\CLI\CommandRunner->_remap('index', Array)
#15 D:\Coding\XAMMP 7.4\htdocs\panelkopma\vendor\codeigniter4\framework\system\CodeIgniter.php(457): CodeIgniter\CodeIgniter->runController(Object(CodeIgniter\CLI\CommandRunner))
#16 D:\Coding\XAMMP 7.4\htdocs\panelkopma\vendor\codeigniter4\framework\system\CodeIgniter.php(336): CodeIgniter\CodeIgniter->handleRequest(NULL, Object(Config\Cache), false)
#17 D:\Coding\XAMMP 7.4\htdocs\panelkopma\vendor\codeigniter4\framework\system\CLI\Console.php(48): CodeIgniter\CodeIgniter->run()
#18 D:\Coding\XAMMP 7.4\htdocs\panelkopma\spark(86): CodeIgniter\CLI\Console->run()
#19 {main}
ERROR - 2022-09-22 20:58:29 --> mysqli_sql_exception: Can't create table `anggota_kopma`.`auth_tokens` (errno: 150 "Foreign key constraint is incorrectly formed") in D:\Coding\XAMMP 7.4\htdocs\panelkopma\vendor\codeigniter4\framework\system\Database\MySQLi\Connection.php:292
Stack trace:
#0 D:\Coding\XAMMP 7.4\htdocs\panelkopma\vendor\codeigniter4\framework\system\Database\MySQLi\Connection.php(292): mysqli->query('CREATE TABLE `a...', 0)
#1 D:\Coding\XAMMP 7.4\htdocs\panelkopma\vendor\codeigniter4\framework\system\Database\BaseConnection.php(693): CodeIgniter\Database\MySQLi\Connection->execute('CREATE TABLE `a...')
#2 D:\Coding\XAMMP 7.4\htdocs\panelkopma\vendor\codeigniter4\framework\system\Database\BaseConnection.php(620): CodeIgniter\Database\BaseConnection->simpleQuery('CREATE TABLE `a...')
#3 D:\Coding\XAMMP 7.4\htdocs\panelkopma\vendor\codeigniter4\framework\system\Database\Forge.php(509): CodeIgniter\Database\BaseConnection->query('CREATE TABLE `a...')
#4 D:\Coding\XAMMP 7.4\htdocs\panelkopma\vendor\myth\auth\src\Database\Migrations\2017-11-20-223112_create_auth_tables.php(65): CodeIgniter\Database\Forge->createTable('auth_tokens', true)
#5 D:\Coding\XAMMP 7.4\htdocs\panelkopma\vendor\codeigniter4\framework\system\Database\MigrationRunner.php(868): Myth\Auth\Database\Migrations\CreateAuthTables->up()
#6 D:\Coding\XAMMP 7.4\htdocs\panelkopma\vendor\codeigniter4\framework\system\Database\MigrationRunner.php(187): CodeIgniter\Database\MigrationRunner->migrate('up', Object(stdClass))
#7 D:\Coding\XAMMP 7.4\htdocs\panelkopma\vendor\codeigniter4\framework\system\Commands\Database\Migrate.php(84): CodeIgniter\Database\MigrationRunner->latest(NULL)
#8 D:\Coding\XAMMP 7.4\htdocs\panelkopma\vendor\codeigniter4\framework\system\CLI\Commands.php(63): CodeIgniter\Commands\Database\Migrate->run(Array)
#9 D:\Coding\XAMMP 7.4\htdocs\panelkopma\vendor\codeigniter4\framework\system\CLI\CommandRunner.php(65): CodeIgniter\CLI\Commands->run('migrate', Array)
#10 D:\Coding\XAMMP 7.4\htdocs\panelkopma\vendor\codeigniter4\framework\system\CLI\CommandRunner.php(51): CodeIgniter\CLI\CommandRunner->index(Array)
#11 D:\Coding\XAMMP 7.4\htdocs\panelkopma\vendor\codeigniter4\framework\system\CodeIgniter.php(900): CodeIgniter\CLI\CommandRunner->_remap('index', Array)
#12 D:\Coding\XAMMP 7.4\htdocs\panelkopma\vendor\codeigniter4\framework\system\CodeIgniter.php(457): CodeIgniter\CodeIgniter->runController(Object(CodeIgniter\CLI\CommandRunner))
#13 D:\Coding\XAMMP 7.4\htdocs\panelkopma\vendor\codeigniter4\framework\system\CodeIgniter.php(336): CodeIgniter\CodeIgniter->handleRequest(NULL, Object(Config\Cache), false)
#14 D:\Coding\XAMMP 7.4\htdocs\panelkopma\vendor\codeigniter4\framework\system\CLI\Console.php(48): CodeIgniter\CodeIgniter->run()
#15 D:\Coding\XAMMP 7.4\htdocs\panelkopma\spark(86): CodeIgniter\CLI\Console->run()
#16 {main}
CRITICAL - 2022-09-22 21:13:27 --> Undefined offset: 1
in VENDORPATH\myth\auth\src\Authentication\Passwords\NothingPersonalValidator.php on line 77.
 1 VENDORPATH\myth\auth\src\Authentication\Passwords\NothingPersonalValidator.php(77): CodeIgniter\Debug\Exceptions->errorHandler(8, 'Undefined offset: 1', 'VENDORPATH\\myth\\auth\\src\\Authentication\\Passwords\\NothingPersonalValidator.php', 77, [...])
 2 VENDORPATH\myth\auth\src\Authentication\Passwords\NothingPersonalValidator.php(26): Myth\Auth\Authentication\Passwords\NothingPersonalValidator->isNotPersonal('humas123', Object(Myth\Auth\Entities\User))
 3 VENDORPATH\myth\auth\src\Authentication\Passwords\PasswordValidator.php(46): Myth\Auth\Authentication\Passwords\NothingPersonalValidator->check('humas123', Object(Myth\Auth\Entities\User))
 4 VENDORPATH\myth\auth\src\Authentication\Passwords\ValidationRules.php(42): Myth\Auth\Authentication\Passwords\PasswordValidator->check('humas123', Object(Myth\Auth\Entities\User))
 5 SYSTEMPATH\Validation\Validation.php(314): Myth\Auth\Authentication\Passwords\ValidationRules->strong_password('humas123', null)
 6 SYSTEMPATH\Validation\Validation.php(175): CodeIgniter\Validation\Validation->processRules('password', 'password', 'humas123', [...], [...])
 7 SYSTEMPATH\Controller.php(140): CodeIgniter\Validation\Validation->run()
 8 VENDORPATH\myth\auth\src\Controllers\AuthController.php(164): CodeIgniter\Controller->validate([...])
 9 SYSTEMPATH\CodeIgniter.php(907): Myth\Auth\Controllers\AuthController->attemptRegister()
10 SYSTEMPATH\CodeIgniter.php(457): CodeIgniter\CodeIgniter->runController(Object(Myth\Auth\Controllers\AuthController))
11 SYSTEMPATH\CodeIgniter.php(340): CodeIgniter\CodeIgniter->handleRequest(null, Object(Config\Cache), false)
12 FCPATH\index.php(55): CodeIgniter\CodeIgniter->run()
13 SYSTEMPATH\Commands\Server\rewrite.php(43): require_once('FCPATH\\index.php')
CRITICAL - 2022-09-22 21:16:08 --> Class name must be a valid object or a string
in VENDORPATH\myth\auth\src\Config\Services.php on line 81.
 1 SYSTEMPATH\Config\BaseService.php(253): Myth\Auth\Config\Services::activator(Object(Myth\Auth\Config\Auth), false)
 2 SYSTEMPATH\Config\BaseService.php(194): CodeIgniter\Config\BaseService::__callStatic('activator', [...])
 3 VENDORPATH\myth\auth\src\Config\Services.php(74): CodeIgniter\Config\BaseService::getSharedInstance('activator', null)
 4 SYSTEMPATH\Config\BaseService.php(253): Myth\Auth\Config\Services::activator()
 5 SYSTEMPATH\Common.php(967): CodeIgniter\Config\BaseService::__callStatic('activator', [])
 6 VENDORPATH\myth\auth\src\Controllers\AuthController.php(184): service('activator')
 7 SYSTEMPATH\CodeIgniter.php(907): Myth\Auth\Controllers\AuthController->attemptRegister()
 8 SYSTEMPATH\CodeIgniter.php(457): CodeIgniter\CodeIgniter->runController(Object(Myth\Auth\Controllers\AuthController))
 9 SYSTEMPATH\CodeIgniter.php(340): CodeIgniter\CodeIgniter->handleRequest(null, Object(Config\Cache), false)
10 FCPATH\index.php(55): CodeIgniter\CodeIgniter->run()
11 SYSTEMPATH\Commands\Server\rewrite.php(43): require_once('FCPATH\\index.php')
CRITICAL - 2022-09-22 21:36:18 --> Invalid file: /dashboard/login.php
in SYSTEMPATH\Exceptions\FrameworkException.php on line 33.
 1 SYSTEMPATH\View\View.php(201): CodeIgniter\Exceptions\FrameworkException::forInvalidFile('/dashboard/login.php')
 2 SYSTEMPATH\Common.php(1142): CodeIgniter\View\View->render('/dashboard/login', [], true)
 3 APPPATH\Controllers\Dashboard.php(224): view('/dashboard/login')
 4 SYSTEMPATH\CodeIgniter.php(907): App\Controllers\Dashboard->login()
 5 SYSTEMPATH\CodeIgniter.php(457): CodeIgniter\CodeIgniter->runController(Object(App\Controllers\Dashboard))
 6 SYSTEMPATH\CodeIgniter.php(340): CodeIgniter\CodeIgniter->handleRequest(null, Object(Config\Cache), false)
 7 FCPATH\index.php(55): CodeIgniter\CodeIgniter->run()
 8 SYSTEMPATH\Commands\Server\rewrite.php(43): require_once('FCPATH\\index.php')
CRITICAL - 2022-09-22 21:36:31 --> Undefined variable: title
in APPPATH\Views\auth\login.php on line 8.
 1 APPPATH\Views\auth\login.php(8): CodeIgniter\Debug\Exceptions->errorHandler(8, 'Undefined variable: title', 'APPPATH\\Views\\auth\\login.php', 8, [])
 2 SYSTEMPATH\View\View.php(213): include('APPPATH\\Views\\auth\\login.php')
 3 SYSTEMPATH\View\View.php(216): CodeIgniter\View\View->CodeIgniter\View\{closure}()
 4 SYSTEMPATH\Common.php(1142): CodeIgniter\View\View->render('/auth/login', [], true)
 5 APPPATH\Controllers\Dashboard.php(224): view('/auth/login')
 6 SYSTEMPATH\CodeIgniter.php(907): App\Controllers\Dashboard->login()
 7 SYSTEMPATH\CodeIgniter.php(457): CodeIgniter\CodeIgniter->runController(Object(App\Controllers\Dashboard))
 8 SYSTEMPATH\CodeIgniter.php(340): CodeIgniter\CodeIgniter->handleRequest(null, Object(Config\Cache), false)
 9 FCPATH\index.php(55): CodeIgniter\CodeIgniter->run()
10 SYSTEMPATH\Commands\Server\rewrite.php(43): require_once('FCPATH\\index.php')
CRITICAL - 2022-09-22 21:36:44 --> Undefined variable: title
in APPPATH\Views\auth\login.php on line 8.
 1 APPPATH\Views\auth\login.php(8): CodeIgniter\Debug\Exceptions->errorHandler(8, 'Undefined variable: title', 'APPPATH\\Views\\auth\\login.php', 8, [])
 2 SYSTEMPATH\View\View.php(213): include('APPPATH\\Views\\auth\\login.php')
 3 SYSTEMPATH\View\View.php(216): CodeIgniter\View\View->CodeIgniter\View\{closure}()
 4 SYSTEMPATH\Common.php(1142): CodeIgniter\View\View->render('/auth/login', [], true)
 5 APPPATH\Controllers\Dashboard.php(228): view('/auth/login')
 6 SYSTEMPATH\CodeIgniter.php(907): App\Controllers\Dashboard->login()
 7 SYSTEMPATH\CodeIgniter.php(457): CodeIgniter\CodeIgniter->runController(Object(App\Controllers\Dashboard))
 8 SYSTEMPATH\CodeIgniter.php(340): CodeIgniter\CodeIgniter->handleRequest(null, Object(Config\Cache), false)
 9 FCPATH\index.php(55): CodeIgniter\CodeIgniter->run()
10 SYSTEMPATH\Commands\Server\rewrite.php(43): require_once('FCPATH\\index.php')
CRITICAL - 2022-09-22 22:48:14 --> Undefined variable: title
in APPPATH\Views\auth\login.php on line 8.
 1 APPPATH\Views\auth\login.php(8): CodeIgniter\Debug\Exceptions->errorHandler(8, 'Undefined variable: title', 'APPPATH\\Views\\auth\\login.php', 8, [...])
 2 SYSTEMPATH\View\View.php(213): include('APPPATH\\Views\\auth\\login.php')
 3 SYSTEMPATH\View\View.php(216): CodeIgniter\View\View->CodeIgniter\View\{closure}()
 4 SYSTEMPATH\Common.php(1142): CodeIgniter\View\View->render('App\\Views\\auth\\login', [], true)
 5 VENDORPATH\myth\auth\src\Controllers\AuthController.php(416): view('App\\Views\\auth\\login', [...])
 6 VENDORPATH\myth\auth\src\Controllers\AuthController.php(61): Myth\Auth\Controllers\AuthController->_render('App\\Views\\auth\\login', [...])
 7 SYSTEMPATH\CodeIgniter.php(907): Myth\Auth\Controllers\AuthController->login()
 8 SYSTEMPATH\CodeIgniter.php(457): CodeIgniter\CodeIgniter->runController(Object(Myth\Auth\Controllers\AuthController))
 9 SYSTEMPATH\CodeIgniter.php(340): CodeIgniter\CodeIgniter->handleRequest(null, Object(Config\Cache), false)
10 FCPATH\index.php(55): CodeIgniter\CodeIgniter->run()
11 SYSTEMPATH\Commands\Server\rewrite.php(43): require_once('FCPATH\\index.php')
CRITICAL - 2022-09-22 23:11:37 --> The "email" field cannot be used to validate credentials.
in VENDORPATH\myth\auth\src\Exceptions\AuthException.php on line 34.
 1 VENDORPATH\myth\auth\src\Authentication\LocalAuthenticator.php(136): Myth\Auth\Exceptions\AuthException::forInvalidFields('email')
 2 VENDORPATH\myth\auth\src\Authentication\LocalAuthenticator.php(19): Myth\Auth\Authentication\LocalAuthenticator->validate([...], true)
 3 VENDORPATH\myth\auth\src\Controllers\AuthController.php(91): Myth\Auth\Authentication\LocalAuthenticator->attempt([...], false)
 4 SYSTEMPATH\CodeIgniter.php(907): Myth\Auth\Controllers\AuthController->attemptLogin()
 5 SYSTEMPATH\CodeIgniter.php(457): CodeIgniter\CodeIgniter->runController(Object(Myth\Auth\Controllers\AuthController))
 6 SYSTEMPATH\CodeIgniter.php(340): CodeIgniter\CodeIgniter->handleRequest(null, Object(Config\Cache), false)
 7 FCPATH\index.php(55): CodeIgniter\CodeIgniter->run()
 8 SYSTEMPATH\Commands\Server\rewrite.php(43): require_once('FCPATH\\index.php')
CRITICAL - 2022-09-22 23:12:41 --> Cannot use object of type Myth\Auth\Entities\User as array
in APPPATH\Views\dashboard\data_user.php on line 60.
 1 SYSTEMPATH\View\View.php(213): include()
 2 SYSTEMPATH\View\View.php(216): CodeIgniter\View\View->CodeIgniter\View\{closure}()
 3 SYSTEMPATH\Common.php(1142): CodeIgniter\View\View->render('/dashboard/data_user', [], true)
 4 APPPATH\Controllers\Dashboard.php(242): view('/dashboard/data_user', [...])
 5 SYSTEMPATH\CodeIgniter.php(907): App\Controllers\Dashboard->data_user()
 6 SYSTEMPATH\CodeIgniter.php(457): CodeIgniter\CodeIgniter->runController(Object(App\Controllers\Dashboard))
 7 SYSTEMPATH\CodeIgniter.php(340): CodeIgniter\CodeIgniter->handleRequest(null, Object(Config\Cache), false)
 8 FCPATH\index.php(55): CodeIgniter\CodeIgniter->run()
 9 SYSTEMPATH\Commands\Server\rewrite.php(43): require_once('FCPATH\\index.php')
CRITICAL - 2022-09-22 23:12:58 --> Cannot use object of type Myth\Auth\Entities\User as array
in APPPATH\Views\dashboard\data_user.php on line 60.
 1 SYSTEMPATH\View\View.php(213): include()
 2 SYSTEMPATH\View\View.php(216): CodeIgniter\View\View->CodeIgniter\View\{closure}()
 3 SYSTEMPATH\Common.php(1142): CodeIgniter\View\View->render('/dashboard/data_user', [], true)
 4 APPPATH\Controllers\Dashboard.php(242): view('/dashboard/data_user', [...])
 5 SYSTEMPATH\CodeIgniter.php(907): App\Controllers\Dashboard->data_user()
 6 SYSTEMPATH\CodeIgniter.php(457): CodeIgniter\CodeIgniter->runController(Object(App\Controllers\Dashboard))
 7 SYSTEMPATH\CodeIgniter.php(340): CodeIgniter\CodeIgniter->handleRequest(null, Object(Config\Cache), false)
 8 FCPATH\index.php(55): CodeIgniter\CodeIgniter->run()
 9 SYSTEMPATH\Commands\Server\rewrite.php(43): require_once('FCPATH\\index.php')
CRITICAL - 2022-09-22 23:15:44 --> Invalid file: /auth/registrasi.php
in SYSTEMPATH\Exceptions\FrameworkException.php on line 33.
 1 SYSTEMPATH\View\View.php(201): CodeIgniter\Exceptions\FrameworkException::forInvalidFile('/auth/registrasi.php')
 2 SYSTEMPATH\Common.php(1142): CodeIgniter\View\View->render('/auth/registrasi', [], true)
 3 APPPATH\Controllers\Dashboard.php(252): view('/auth/registrasi', [...])
 4 SYSTEMPATH\CodeIgniter.php(907): App\Controllers\Dashboard->add_user()
 5 SYSTEMPATH\CodeIgniter.php(457): CodeIgniter\CodeIgniter->runController(Object(App\Controllers\Dashboard))
 6 SYSTEMPATH\CodeIgniter.php(340): CodeIgniter\CodeIgniter->handleRequest(null, Object(Config\Cache), false)
 7 FCPATH\index.php(55): CodeIgniter\CodeIgniter->run()
 8 SYSTEMPATH\Commands\Server\rewrite.php(43): require_once('FCPATH\\index.php')
CRITICAL - 2022-09-22 23:17:08 --> Undefined variable: config
in APPPATH\Views\auth\register.php on line 1.
 1 APPPATH\Views\auth\register.php(1): CodeIgniter\Debug\Exceptions->errorHandler(8, 'Undefined variable: config', 'APPPATH\\Views\\auth\\register.php', 1, [...])
 2 SYSTEMPATH\View\View.php(213): include('APPPATH\\Views\\auth\\register.php')
 3 SYSTEMPATH\View\View.php(216): CodeIgniter\View\View->CodeIgniter\View\{closure}()
 4 SYSTEMPATH\Common.php(1142): CodeIgniter\View\View->render('/auth/register', [], true)
 5 APPPATH\Controllers\Dashboard.php(252): view('/auth/register', [...])
 6 SYSTEMPATH\CodeIgniter.php(907): App\Controllers\Dashboard->add_user()
 7 SYSTEMPATH\CodeIgniter.php(457): CodeIgniter\CodeIgniter->runController(Object(App\Controllers\Dashboard))
 8 SYSTEMPATH\CodeIgniter.php(340): CodeIgniter\CodeIgniter->handleRequest(null, Object(Config\Cache), false)
 9 FCPATH\index.php(55): CodeIgniter\CodeIgniter->run()
10 SYSTEMPATH\Commands\Server\rewrite.php(43): require_once('FCPATH\\index.php')
