CRITICAL - 2023-09-15 09:01:33 --> fopen(/home/u0715251/panel_kopma/writable/session/ci_sessionf2cd8b53c572a11365eefb149f7e7614e22561e8): failed to open stream: No such file or directory
in SYSTEMPATH/Session/Handlers/FileHandler.php on line 129.
 1 [internal function]: CodeIgniter\Debug\Exceptions->errorHandler(2, 'fopen(/home/u0715251/panel_kopma/writable/session/ci_sessionf2cd8b53c572a11365eefb149f7e7614e22561e8): failed to open stream: No such file or directory', 'SYSTEMPATH/Session/Handlers/FileHandler.php', 129, [...])
 2 SYSTEMPATH/Session/Handlers/FileHandler.php(129): fopen('ROOTPATH/writable/session/ci_sessionf2cd8b53c572a11365eefb149f7e7614e22561e8', 'c+b')
 3 [internal function]: CodeIgniter\Session\Handlers\FileHandler->read('f2cd8b53c572a11365eefb149f7e7614e22561e8')
 4 SYSTEMPATH/Session/Session.php(920): session_start()
 5 SYSTEMPATH/Session/Session.php(242): CodeIgniter\Session\Session->startSession()
 6 SYSTEMPATH/Config/Services.php(665): CodeIgniter\Session\Session->start()
 7 SYSTEMPATH/Config/BaseService.php(253): CodeIgniter\Config\Services::session(Object(Config\App), false)
 8 SYSTEMPATH/Config/BaseService.php(194): CodeIgniter\Config\BaseService::__callStatic('session', [...])
 9 SYSTEMPATH/Config/Services.php(637): CodeIgniter\Config\BaseService::getSharedInstance('session', null)
10 SYSTEMPATH/Config/BaseService.php(253): CodeIgniter\Config\Services::session()
11 SYSTEMPATH/Common.php(939): CodeIgniter\Config\BaseService::__callStatic('session', [])
12 VENDORPATH/myth/auth/src/Authentication/AuthenticationBase.php(128): session('logged_in')
13 VENDORPATH/myth/auth/src/Authentication/LocalAuthenticator.php(67): Myth\Auth\Authentication\AuthenticationBase->isLoggedIn()
14 VENDORPATH/myth/auth/src/Filters/LoginFilter.php(31): Myth\Auth\Authentication\LocalAuthenticator->check()
15 SYSTEMPATH/Filters/Filters.php(173): Myth\Auth\Filters\LoginFilter->before(Object(CodeIgniter\HTTP\IncomingRequest), null)
16 SYSTEMPATH/CodeIgniter.php(431): CodeIgniter\Filters\Filters->run('/', 'before')
17 SYSTEMPATH/CodeIgniter.php(340): CodeIgniter\CodeIgniter->handleRequest(null, Object(Config\Cache), false)
18 FCPATH/index.php(55): CodeIgniter\CodeIgniter->run()
CRITICAL - 2023-09-15 09:04:02 --> fopen(/home/u0715251/panel_kopma/writable/session/ci_sessionfcc551340fb7ae66d9795b829c8733ed8802ab7e): failed to open stream: No such file or directory
in SYSTEMPATH/Session/Handlers/FileHandler.php on line 129.
 1 [internal function]: CodeIgniter\Debug\Exceptions->errorHandler(2, 'fopen(/home/u0715251/panel_kopma/writable/session/ci_sessionfcc551340fb7ae66d9795b829c8733ed8802ab7e): failed to open stream: No such file or directory', 'SYSTEMPATH/Session/Handlers/FileHandler.php', 129, [...])
 2 SYSTEMPATH/Session/Handlers/FileHandler.php(129): fopen('ROOTPATH/writable/session/ci_sessionfcc551340fb7ae66d9795b829c8733ed8802ab7e', 'c+b')
 3 [internal function]: CodeIgniter\Session\Handlers\FileHandler->read('fcc551340fb7ae66d9795b829c8733ed8802ab7e')
 4 SYSTEMPATH/Session/Session.php(920): session_start()
 5 SYSTEMPATH/Session/Session.php(242): CodeIgniter\Session\Session->startSession()
 6 SYSTEMPATH/Config/Services.php(665): CodeIgniter\Session\Session->start()
 7 SYSTEMPATH/Config/BaseService.php(253): CodeIgniter\Config\Services::session(Object(Config\App), false)
 8 SYSTEMPATH/Config/BaseService.php(194): CodeIgniter\Config\BaseService::__callStatic('session', [...])
 9 SYSTEMPATH/Config/Services.php(637): CodeIgniter\Config\BaseService::getSharedInstance('session', null)
10 SYSTEMPATH/Config/BaseService.php(253): CodeIgniter\Config\Services::session()
11 SYSTEMPATH/Common.php(939): CodeIgniter\Config\BaseService::__callStatic('session', [])
12 APPPATH/Controllers/BaseController.php(51): session()
13 SYSTEMPATH/CodeIgniter.php(870): App\Controllers\BaseController->initController(Object(CodeIgniter\HTTP\IncomingRequest), Object(CodeIgniter\HTTP\Response), Object(CodeIgniter\Log\Logger))
14 SYSTEMPATH/CodeIgniter.php(448): CodeIgniter\CodeIgniter->createController()
15 SYSTEMPATH/CodeIgniter.php(340): CodeIgniter\CodeIgniter->handleRequest(null, Object(Config\Cache), false)
16 FCPATH/index.php(55): CodeIgniter\CodeIgniter->run()
CRITICAL - 2023-09-15 09:04:18 --> fopen(/home/u0715251/panel_kopma/writable/session/ci_sessionfcc551340fb7ae66d9795b829c8733ed8802ab7e): failed to open stream: Success
in SYSTEMPATH/Session/Handlers/FileHandler.php on line 129.
 1 [internal function]: CodeIgniter\Debug\Exceptions->errorHandler(2, 'fopen(/home/u0715251/panel_kopma/writable/session/ci_sessionfcc551340fb7ae66d9795b829c8733ed8802ab7e): failed to open stream: Success', 'SYSTEMPATH/Session/Handlers/FileHandler.php', 129, [...])
 2 SYSTEMPATH/Session/Handlers/FileHandler.php(129): fopen('ROOTPATH/writable/session/ci_sessionfcc551340fb7ae66d9795b829c8733ed8802ab7e', 'c+b')
 3 [internal function]: CodeIgniter\Session\Handlers\FileHandler->read('fcc551340fb7ae66d9795b829c8733ed8802ab7e')
 4 SYSTEMPATH/Session/Session.php(920): session_start()
 5 SYSTEMPATH/Session/Session.php(242): CodeIgniter\Session\Session->startSession()
 6 SYSTEMPATH/Config/Services.php(665): CodeIgniter\Session\Session->start()
 7 SYSTEMPATH/Config/BaseService.php(253): CodeIgniter\Config\Services::session(Object(Config\App), false)
 8 SYSTEMPATH/Config/BaseService.php(194): CodeIgniter\Config\BaseService::__callStatic('session', [...])
 9 SYSTEMPATH/Config/Services.php(637): CodeIgniter\Config\BaseService::getSharedInstance('session', null)
10 SYSTEMPATH/Config/BaseService.php(253): CodeIgniter\Config\Services::session()
11 SYSTEMPATH/Common.php(939): CodeIgniter\Config\BaseService::__callStatic('session', [])
12 APPPATH/Controllers/BaseController.php(51): session()
13 SYSTEMPATH/CodeIgniter.php(870): App\Controllers\BaseController->initController(Object(CodeIgniter\HTTP\IncomingRequest), Object(CodeIgniter\HTTP\Response), Object(CodeIgniter\Log\Logger))
14 SYSTEMPATH/CodeIgniter.php(448): CodeIgniter\CodeIgniter->createController()
15 SYSTEMPATH/CodeIgniter.php(340): CodeIgniter\CodeIgniter->handleRequest(null, Object(Config\Cache), false)
16 FCPATH/index.php(55): CodeIgniter\CodeIgniter->run()
CRITICAL - 2023-09-15 09:06:25 --> fopen(/home/u0715251/panel_kopma/writable/session/ci_session51da6eef1ace16d62dcda97c4c9449ed1851c7af): failed to open stream: No such file or directory
in SYSTEMPATH/Session/Handlers/FileHandler.php on line 129.
 1 [internal function]: CodeIgniter\Debug\Exceptions->errorHandler(2, 'fopen(/home/u0715251/panel_kopma/writable/session/ci_session51da6eef1ace16d62dcda97c4c9449ed1851c7af): failed to open stream: No such file or directory', 'SYSTEMPATH/Session/Handlers/FileHandler.php', 129, [...])
 2 SYSTEMPATH/Session/Handlers/FileHandler.php(129): fopen('ROOTPATH/writable/session/ci_session51da6eef1ace16d62dcda97c4c9449ed1851c7af', 'c+b')
 3 [internal function]: CodeIgniter\Session\Handlers\FileHandler->read('51da6eef1ace16d62dcda97c4c9449ed1851c7af')
 4 SYSTEMPATH/Session/Session.php(920): session_start()
 5 SYSTEMPATH/Session/Session.php(242): CodeIgniter\Session\Session->startSession()
 6 SYSTEMPATH/Config/Services.php(665): CodeIgniter\Session\Session->start()
 7 SYSTEMPATH/Config/BaseService.php(253): CodeIgniter\Config\Services::session(Object(Config\App), false)
 8 SYSTEMPATH/Config/BaseService.php(194): CodeIgniter\Config\BaseService::__callStatic('session', [...])
 9 SYSTEMPATH/Config/Services.php(637): CodeIgniter\Config\BaseService::getSharedInstance('session', null)
10 SYSTEMPATH/Config/BaseService.php(253): CodeIgniter\Config\Services::session()
11 SYSTEMPATH/Common.php(939): CodeIgniter\Config\BaseService::__callStatic('session', [])
12 VENDORPATH/myth/auth/src/Authentication/AuthenticationBase.php(128): session('logged_in')
13 VENDORPATH/myth/auth/src/Authentication/LocalAuthenticator.php(67): Myth\Auth\Authentication\AuthenticationBase->isLoggedIn()
14 VENDORPATH/myth/auth/src/Filters/LoginFilter.php(31): Myth\Auth\Authentication\LocalAuthenticator->check()
15 SYSTEMPATH/Filters/Filters.php(173): Myth\Auth\Filters\LoginFilter->before(Object(CodeIgniter\HTTP\IncomingRequest), null)
16 SYSTEMPATH/CodeIgniter.php(431): CodeIgniter\Filters\Filters->run('/', 'before')
17 SYSTEMPATH/CodeIgniter.php(340): CodeIgniter\CodeIgniter->handleRequest(null, Object(Config\Cache), false)
18 FCPATH/index.php(55): CodeIgniter\CodeIgniter->run()
CRITICAL - 2023-09-15 09:10:22 --> fopen(/home/u0715251/panel_kopma/writable/session/ci_session1eb590e60b29ad9e02bdd754068c43f47574cdb4): failed to open stream: No such file or directory
in SYSTEMPATH/Session/Handlers/FileHandler.php on line 129.
 1 [internal function]: CodeIgniter\Debug\Exceptions->errorHandler(2, 'fopen(/home/u0715251/panel_kopma/writable/session/ci_session1eb590e60b29ad9e02bdd754068c43f47574cdb4): failed to open stream: No such file or directory', 'SYSTEMPATH/Session/Handlers/FileHandler.php', 129, [...])
 2 SYSTEMPATH/Session/Handlers/FileHandler.php(129): fopen('ROOTPATH/writable/session/ci_session1eb590e60b29ad9e02bdd754068c43f47574cdb4', 'c+b')
 3 [internal function]: CodeIgniter\Session\Handlers\FileHandler->read('1eb590e60b29ad9e02bdd754068c43f47574cdb4')
 4 SYSTEMPATH/Session/Session.php(920): session_start()
 5 SYSTEMPATH/Session/Session.php(242): CodeIgniter\Session\Session->startSession()
 6 SYSTEMPATH/Config/Services.php(665): CodeIgniter\Session\Session->start()
 7 SYSTEMPATH/Config/BaseService.php(253): CodeIgniter\Config\Services::session(Object(Config\App), false)
 8 SYSTEMPATH/Config/BaseService.php(194): CodeIgniter\Config\BaseService::__callStatic('session', [...])
 9 SYSTEMPATH/Config/Services.php(637): CodeIgniter\Config\BaseService::getSharedInstance('session', null)
10 SYSTEMPATH/Config/BaseService.php(253): CodeIgniter\Config\Services::session()
11 SYSTEMPATH/Common.php(939): CodeIgniter\Config\BaseService::__callStatic('session', [])
12 APPPATH/Controllers/BaseController.php(51): session()
13 SYSTEMPATH/CodeIgniter.php(870): App\Controllers\BaseController->initController(Object(CodeIgniter\HTTP\IncomingRequest), Object(CodeIgniter\HTTP\Response), Object(CodeIgniter\Log\Logger))
14 SYSTEMPATH/CodeIgniter.php(448): CodeIgniter\CodeIgniter->createController()
15 SYSTEMPATH/CodeIgniter.php(340): CodeIgniter\CodeIgniter->handleRequest(null, Object(Config\Cache), false)
16 FCPATH/index.php(55): CodeIgniter\CodeIgniter->run()
CRITICAL - 2023-09-15 09:49:57 --> Could not move file phpT3bTp1 to assets/uploads/document/regist/foto/ (Directive 'allow_url_include' is deprecated)
in SYSTEMPATH/HTTP/Files/UploadedFile.php on line 149.
 1 SYSTEMPATH/HTTP/Files/UploadedFile.php(149): CodeIgniter\HTTP\Exceptions\HTTPException::forMoveFailed('phpT3bTp1', 'FCPATH/assets/uploads/document/regist/foto', 'Directive \'allow_url_include\' is deprecated')
 2 APPPATH/Controllers/Pendaftaran.php(179): CodeIgniter\HTTP\Files\UploadedFile->move('FCPATH/assets/uploads/document/regist/foto', '1694746197_a7e51a1198a00dbc02b1.jpg')
 3 SYSTEMPATH/CodeIgniter.php(907): App\Controllers\Pendaftaran->daftar_calon()
 4 SYSTEMPATH/CodeIgniter.php(457): CodeIgniter\CodeIgniter->runController(Object(App\Controllers\Pendaftaran))
 5 SYSTEMPATH/CodeIgniter.php(340): CodeIgniter\CodeIgniter->handleRequest(null, Object(Config\Cache), false)
 6 FCPATH/index.php(55): CodeIgniter\CodeIgniter->run()
CRITICAL - 2023-09-15 09:50:15 --> Could not move file phpdaj7M8 to assets/uploads/document/regist/foto/ ()
in SYSTEMPATH/HTTP/Files/UploadedFile.php on line 149.
 1 SYSTEMPATH/HTTP/Files/UploadedFile.php(149): CodeIgniter\HTTP\Exceptions\HTTPException::forMoveFailed('phpdaj7M8', 'FCPATH/assets/uploads/document/regist/foto', '/home/u0715251/public_html/panel')
 2 APPPATH/Controllers/Pendaftaran.php(179): CodeIgniter\HTTP\Files\UploadedFile->move('FCPATH/assets/uploads/document/regist/foto', '1694746215_81aca938f4659f3da458.jpg')
 3 SYSTEMPATH/CodeIgniter.php(907): App\Controllers\Pendaftaran->daftar_calon()
 4 SYSTEMPATH/CodeIgniter.php(457): CodeIgniter\CodeIgniter->runController(Object(App\Controllers\Pendaftaran))
 5 SYSTEMPATH/CodeIgniter.php(340): CodeIgniter\CodeIgniter->handleRequest(null, Object(Config\Cache), false)
 6 FCPATH/index.php(55): CodeIgniter\CodeIgniter->run()
CRITICAL - 2023-09-15 09:52:40 --> Could not move file phpKhxvN3 to assets/uploads/document/regist/foto/ (Directive 'allow_url_include' is deprecated)
in SYSTEMPATH/HTTP/Files/UploadedFile.php on line 149.
 1 SYSTEMPATH/HTTP/Files/UploadedFile.php(149): CodeIgniter\HTTP\Exceptions\HTTPException::forMoveFailed('phpKhxvN3', 'FCPATH/assets/uploads/document/regist/foto', 'Directive \'allow_url_include\' is deprecated')
 2 APPPATH/Controllers/Pendaftaran.php(179): CodeIgniter\HTTP\Files\UploadedFile->move('FCPATH/assets/uploads/document/regist/foto', '1694746360_e8ad6d110c60046d9398.jpg')
 3 SYSTEMPATH/CodeIgniter.php(907): App\Controllers\Pendaftaran->daftar_calon()
 4 SYSTEMPATH/CodeIgniter.php(457): CodeIgniter\CodeIgniter->runController(Object(App\Controllers\Pendaftaran))
 5 SYSTEMPATH/CodeIgniter.php(340): CodeIgniter\CodeIgniter->handleRequest(null, Object(Config\Cache), false)
 6 FCPATH/index.php(55): CodeIgniter\CodeIgniter->run()
CRITICAL - 2023-09-15 09:56:45 --> Could not move file php1ymOdC to assets/uploads/document/regist/foto/ (Directive 'allow_url_include' is deprecated)
in SYSTEMPATH/HTTP/Files/UploadedFile.php on line 149.
 1 SYSTEMPATH/HTTP/Files/UploadedFile.php(149): CodeIgniter\HTTP\Exceptions\HTTPException::forMoveFailed('php1ymOdC', 'FCPATH/assets/uploads/document/regist/foto', 'Directive \'allow_url_include\' is deprecated')
 2 APPPATH/Controllers/Pendaftaran.php(179): CodeIgniter\HTTP\Files\UploadedFile->move('FCPATH/assets/uploads/document/regist/foto', '1694746605_f5d5f1d1a314a3dcff18.jpg')
 3 SYSTEMPATH/CodeIgniter.php(907): App\Controllers\Pendaftaran->daftar_calon()
 4 SYSTEMPATH/CodeIgniter.php(457): CodeIgniter\CodeIgniter->runController(Object(App\Controllers\Pendaftaran))
 5 SYSTEMPATH/CodeIgniter.php(340): CodeIgniter\CodeIgniter->handleRequest(null, Object(Config\Cache), false)
 6 FCPATH/index.php(55): CodeIgniter\CodeIgniter->run()
CRITICAL - 2023-09-15 11:03:46 --> Could not move file phpx5YHZV to assets/uploads/document/regist/foto/ ()
in SYSTEMPATH/HTTP/Files/UploadedFile.php on line 149.
 1 SYSTEMPATH/HTTP/Files/UploadedFile.php(149): CodeIgniter\HTTP\Exceptions\HTTPException::forMoveFailed('phpx5YHZV', 'FCPATH/assets/uploads/document/regist/foto', '/home/u0715251/public_html/panel')
 2 APPPATH/Controllers/Pendaftaran.php(179): CodeIgniter\HTTP\Files\UploadedFile->move('FCPATH/assets/uploads/document/regist/foto', '1694750626_d32ebc4aa5d95234babf.jpg')
 3 SYSTEMPATH/CodeIgniter.php(907): App\Controllers\Pendaftaran->daftar_calon()
 4 SYSTEMPATH/CodeIgniter.php(457): CodeIgniter\CodeIgniter->runController(Object(App\Controllers\Pendaftaran))
 5 SYSTEMPATH/CodeIgniter.php(340): CodeIgniter\CodeIgniter->handleRequest(null, Object(Config\Cache), false)
 6 FCPATH/index.php(55): CodeIgniter\CodeIgniter->run()
CRITICAL - 2023-09-15 11:04:18 --> Could not move file phpfqHAVh to assets/uploads/document/regist/foto/ ()
in SYSTEMPATH/HTTP/Files/UploadedFile.php on line 149.
 1 SYSTEMPATH/HTTP/Files/UploadedFile.php(149): CodeIgniter\HTTP\Exceptions\HTTPException::forMoveFailed('phpfqHAVh', 'FCPATH/assets/uploads/document/regist/foto', '/home/u0715251/public_html/panel')
 2 APPPATH/Controllers/Pendaftaran.php(179): CodeIgniter\HTTP\Files\UploadedFile->move('FCPATH/assets/uploads/document/regist/foto', '1694750658_59842ab3328e027ac2da.jpg')
 3 SYSTEMPATH/CodeIgniter.php(907): App\Controllers\Pendaftaran->daftar_calon()
 4 SYSTEMPATH/CodeIgniter.php(457): CodeIgniter\CodeIgniter->runController(Object(App\Controllers\Pendaftaran))
 5 SYSTEMPATH/CodeIgniter.php(340): CodeIgniter\CodeIgniter->handleRequest(null, Object(Config\Cache), false)
 6 FCPATH/index.php(55): CodeIgniter\CodeIgniter->run()
CRITICAL - 2023-09-15 11:04:35 --> Could not move file phpgDOB7Y to assets/uploads/document/regist/foto/ (Directive 'allow_url_include' is deprecated)
in SYSTEMPATH/HTTP/Files/UploadedFile.php on line 149.
 1 SYSTEMPATH/HTTP/Files/UploadedFile.php(149): CodeIgniter\HTTP\Exceptions\HTTPException::forMoveFailed('phpgDOB7Y', 'FCPATH/assets/uploads/document/regist/foto', 'Directive \'allow_url_include\' is deprecated')
 2 APPPATH/Controllers/Pendaftaran.php(179): CodeIgniter\HTTP\Files\UploadedFile->move('FCPATH/assets/uploads/document/regist/foto', '1694750675_d1db56825887058b5695.jpg')
 3 SYSTEMPATH/CodeIgniter.php(907): App\Controllers\Pendaftaran->daftar_calon()
 4 SYSTEMPATH/CodeIgniter.php(457): CodeIgniter\CodeIgniter->runController(Object(App\Controllers\Pendaftaran))
 5 SYSTEMPATH/CodeIgniter.php(340): CodeIgniter\CodeIgniter->handleRequest(null, Object(Config\Cache), false)
 6 FCPATH/index.php(55): CodeIgniter\CodeIgniter->run()
CRITICAL - 2023-09-15 11:16:06 --> Could not move file phpb3ZWEI to assets/uploads/document/regist/foto/ ()
in SYSTEMPATH/HTTP/Files/UploadedFile.php on line 149.
 1 SYSTEMPATH/HTTP/Files/UploadedFile.php(149): CodeIgniter\HTTP\Exceptions\HTTPException::forMoveFailed('phpb3ZWEI', 'FCPATH/assets/uploads/document/regist/foto', '/home/u0715251/public_html/panel')
 2 APPPATH/Controllers/Pendaftaran.php(179): CodeIgniter\HTTP\Files\UploadedFile->move('FCPATH/assets/uploads/document/regist/foto', '1694751366_9f5b434b619af5654792.jpg')
 3 SYSTEMPATH/CodeIgniter.php(907): App\Controllers\Pendaftaran->daftar_calon()
 4 SYSTEMPATH/CodeIgniter.php(457): CodeIgniter\CodeIgniter->runController(Object(App\Controllers\Pendaftaran))
 5 SYSTEMPATH/CodeIgniter.php(340): CodeIgniter\CodeIgniter->handleRequest(null, Object(Config\Cache), false)
 6 FCPATH/index.php(55): CodeIgniter\CodeIgniter->run()
CRITICAL - 2023-09-15 11:19:26 --> Could not move file phpXF8I16 to assets/uploads/document/regist/foto/ ()
in SYSTEMPATH/HTTP/Files/UploadedFile.php on line 149.
 1 SYSTEMPATH/HTTP/Files/UploadedFile.php(149): CodeIgniter\HTTP\Exceptions\HTTPException::forMoveFailed('phpXF8I16', 'FCPATH/assets/uploads/document/regist/foto', '/home/u0715251/public_html/panel')
 2 APPPATH/Controllers/Pendaftaran.php(179): CodeIgniter\HTTP\Files\UploadedFile->move('FCPATH/assets/uploads/document/regist/foto', '1694751566_211d58083117c6b589e3.jpg')
 3 SYSTEMPATH/CodeIgniter.php(907): App\Controllers\Pendaftaran->daftar_calon()
 4 SYSTEMPATH/CodeIgniter.php(457): CodeIgniter\CodeIgniter->runController(Object(App\Controllers\Pendaftaran))
 5 SYSTEMPATH/CodeIgniter.php(340): CodeIgniter\CodeIgniter->handleRequest(null, Object(Config\Cache), false)
 6 FCPATH/index.php(55): CodeIgniter\CodeIgniter->run()
CRITICAL - 2023-09-15 11:23:02 --> Could not move file phpmQ7LE4 to assets/uploads/document/regist/foto/ (Directive 'allow_url_include' is deprecated)
in SYSTEMPATH/HTTP/Files/UploadedFile.php on line 149.
 1 SYSTEMPATH/HTTP/Files/UploadedFile.php(149): CodeIgniter\HTTP\Exceptions\HTTPException::forMoveFailed('phpmQ7LE4', 'FCPATH/assets/uploads/document/regist/foto', 'Directive \'allow_url_include\' is deprecated')
 2 APPPATH/Controllers/Pendaftaran.php(179): CodeIgniter\HTTP\Files\UploadedFile->move('FCPATH/assets/uploads/document/regist/foto', '1694751782_20b7dec8f81258f8ccb2.jpg')
 3 SYSTEMPATH/CodeIgniter.php(907): App\Controllers\Pendaftaran->daftar_calon()
 4 SYSTEMPATH/CodeIgniter.php(457): CodeIgniter\CodeIgniter->runController(Object(App\Controllers\Pendaftaran))
 5 SYSTEMPATH/CodeIgniter.php(340): CodeIgniter\CodeIgniter->handleRequest(null, Object(Config\Cache), false)
 6 FCPATH/index.php(55): CodeIgniter\CodeIgniter->run()
CRITICAL - 2023-09-15 11:25:09 --> Could not move file phpjNpTUS to assets/uploads/document/regist/foto/ ()
in SYSTEMPATH/HTTP/Files/UploadedFile.php on line 149.
 1 SYSTEMPATH/HTTP/Files/UploadedFile.php(149): CodeIgniter\HTTP\Exceptions\HTTPException::forMoveFailed('phpjNpTUS', 'FCPATH/assets/uploads/document/regist/foto', '/home/u0715251/public_html/panel')
 2 APPPATH/Controllers/Pendaftaran.php(179): CodeIgniter\HTTP\Files\UploadedFile->move('FCPATH/assets/uploads/document/regist/foto', '1694751909_63c41c5404e99236496b.jpg')
 3 SYSTEMPATH/CodeIgniter.php(907): App\Controllers\Pendaftaran->daftar_calon()
 4 SYSTEMPATH/CodeIgniter.php(457): CodeIgniter\CodeIgniter->runController(Object(App\Controllers\Pendaftaran))
 5 SYSTEMPATH/CodeIgniter.php(340): CodeIgniter\CodeIgniter->handleRequest(null, Object(Config\Cache), false)
 6 FCPATH/index.php(55): CodeIgniter\CodeIgniter->run()
CRITICAL - 2023-09-15 11:31:29 --> Could not move file phpI0xp14 to assets/uploads/document/regist/foto/ ()
in SYSTEMPATH/HTTP/Files/UploadedFile.php on line 149.
 1 SYSTEMPATH/HTTP/Files/UploadedFile.php(149): CodeIgniter\HTTP\Exceptions\HTTPException::forMoveFailed('phpI0xp14', 'FCPATH/assets/uploads/document/regist/foto', '/home/u0715251/public_html/panel')
 2 APPPATH/Controllers/Pendaftaran.php(179): CodeIgniter\HTTP\Files\UploadedFile->move('FCPATH/assets/uploads/document/regist/foto', '1694752289_ce3148328e1ebe494ed4.jpg')
 3 SYSTEMPATH/CodeIgniter.php(907): App\Controllers\Pendaftaran->daftar_calon()
 4 SYSTEMPATH/CodeIgniter.php(457): CodeIgniter\CodeIgniter->runController(Object(App\Controllers\Pendaftaran))
 5 SYSTEMPATH/CodeIgniter.php(340): CodeIgniter\CodeIgniter->handleRequest(null, Object(Config\Cache), false)
 6 FCPATH/index.php(55): CodeIgniter\CodeIgniter->run()
CRITICAL - 2023-09-15 11:34:12 --> Could not move file phpCL1Dtj to assets/uploads/document/regist/foto/ ()
in SYSTEMPATH/HTTP/Files/UploadedFile.php on line 149.
 1 SYSTEMPATH/HTTP/Files/UploadedFile.php(149): CodeIgniter\HTTP\Exceptions\HTTPException::forMoveFailed('phpCL1Dtj', 'FCPATH/assets/uploads/document/regist/foto', '/home/u0715251/public_html/panel')
 2 APPPATH/Controllers/Pendaftaran.php(179): CodeIgniter\HTTP\Files\UploadedFile->move('FCPATH/assets/uploads/document/regist/foto', '1694752452_089268dc508e957b848e.jpg')
 3 SYSTEMPATH/CodeIgniter.php(907): App\Controllers\Pendaftaran->daftar_calon()
 4 SYSTEMPATH/CodeIgniter.php(457): CodeIgniter\CodeIgniter->runController(Object(App\Controllers\Pendaftaran))
 5 SYSTEMPATH/CodeIgniter.php(340): CodeIgniter\CodeIgniter->handleRequest(null, Object(Config\Cache), false)
 6 FCPATH/index.php(55): CodeIgniter\CodeIgniter->run()
CRITICAL - 2023-09-15 11:35:16 --> Could not move file phpNcPFz8 to assets/uploads/document/regist/foto/ ()
in SYSTEMPATH/HTTP/Files/UploadedFile.php on line 149.
 1 SYSTEMPATH/HTTP/Files/UploadedFile.php(149): CodeIgniter\HTTP\Exceptions\HTTPException::forMoveFailed('phpNcPFz8', 'FCPATH/assets/uploads/document/regist/foto', '/home/u0715251/public_html/panel')
 2 APPPATH/Controllers/Pendaftaran.php(179): CodeIgniter\HTTP\Files\UploadedFile->move('FCPATH/assets/uploads/document/regist/foto', '1694752516_3362dbce7dd2ca43f596.jpg')
 3 SYSTEMPATH/CodeIgniter.php(907): App\Controllers\Pendaftaran->daftar_calon()
 4 SYSTEMPATH/CodeIgniter.php(457): CodeIgniter\CodeIgniter->runController(Object(App\Controllers\Pendaftaran))
 5 SYSTEMPATH/CodeIgniter.php(340): CodeIgniter\CodeIgniter->handleRequest(null, Object(Config\Cache), false)
 6 FCPATH/index.php(55): CodeIgniter\CodeIgniter->run()
CRITICAL - 2023-09-15 11:35:25 --> Could not move file php789qJ9 to assets/uploads/document/regist/foto/ ()
in SYSTEMPATH/HTTP/Files/UploadedFile.php on line 149.
 1 SYSTEMPATH/HTTP/Files/UploadedFile.php(149): CodeIgniter\HTTP\Exceptions\HTTPException::forMoveFailed('php789qJ9', 'FCPATH/assets/uploads/document/regist/foto', '/home/u0715251/public_html/panel')
 2 APPPATH/Controllers/Pendaftaran.php(179): CodeIgniter\HTTP\Files\UploadedFile->move('FCPATH/assets/uploads/document/regist/foto', '1694752525_df5587e9ab0b60ee46a7.jpg')
 3 SYSTEMPATH/CodeIgniter.php(907): App\Controllers\Pendaftaran->daftar_calon()
 4 SYSTEMPATH/CodeIgniter.php(457): CodeIgniter\CodeIgniter->runController(Object(App\Controllers\Pendaftaran))
 5 SYSTEMPATH/CodeIgniter.php(340): CodeIgniter\CodeIgniter->handleRequest(null, Object(Config\Cache), false)
 6 FCPATH/index.php(55): CodeIgniter\CodeIgniter->run()
CRITICAL - 2023-09-15 11:35:34 --> Could not move file php1n55ad to assets/uploads/document/regist/foto/ ()
in SYSTEMPATH/HTTP/Files/UploadedFile.php on line 149.
 1 SYSTEMPATH/HTTP/Files/UploadedFile.php(149): CodeIgniter\HTTP\Exceptions\HTTPException::forMoveFailed('php1n55ad', 'FCPATH/assets/uploads/document/regist/foto', '/home/u0715251/public_html/panel')
 2 APPPATH/Controllers/Pendaftaran.php(179): CodeIgniter\HTTP\Files\UploadedFile->move('FCPATH/assets/uploads/document/regist/foto', '1694752534_bed3cda933e990b5913d.jpg')
 3 SYSTEMPATH/CodeIgniter.php(907): App\Controllers\Pendaftaran->daftar_calon()
 4 SYSTEMPATH/CodeIgniter.php(457): CodeIgniter\CodeIgniter->runController(Object(App\Controllers\Pendaftaran))
 5 SYSTEMPATH/CodeIgniter.php(340): CodeIgniter\CodeIgniter->handleRequest(null, Object(Config\Cache), false)
 6 FCPATH/index.php(55): CodeIgniter\CodeIgniter->run()
CRITICAL - 2023-09-15 11:39:11 --> Could not move file phpCWQJJY to assets/uploads/document/regist/foto/ (Directive 'allow_url_include' is deprecated)
in SYSTEMPATH/HTTP/Files/UploadedFile.php on line 149.
 1 SYSTEMPATH/HTTP/Files/UploadedFile.php(149): CodeIgniter\HTTP\Exceptions\HTTPException::forMoveFailed('phpCWQJJY', 'FCPATH/assets/uploads/document/regist/foto', 'Directive \'allow_url_include\' is deprecated')
 2 APPPATH/Controllers/Pendaftaran.php(179): CodeIgniter\HTTP\Files\UploadedFile->move('FCPATH/assets/uploads/document/regist/foto', '1694752751_7a2f91484b769d10c8dc.jpg')
 3 SYSTEMPATH/CodeIgniter.php(907): App\Controllers\Pendaftaran->daftar_calon()
 4 SYSTEMPATH/CodeIgniter.php(457): CodeIgniter\CodeIgniter->runController(Object(App\Controllers\Pendaftaran))
 5 SYSTEMPATH/CodeIgniter.php(340): CodeIgniter\CodeIgniter->handleRequest(null, Object(Config\Cache), false)
 6 FCPATH/index.php(55): CodeIgniter\CodeIgniter->run()
