CRITICAL - 2023-02-08 20:42:57 --> unlink(/home/u0715251/panel_kopma/writable/debugbar/debugbar_1675862543.898519.json): No such file or directory
in SYSTEMPATH/Debug/Toolbar/Collectors/History.php on line 76.
 1 [internal function]: CodeIgniter\Debug\Exceptions->errorHandler(2, 'unlink(/home/u0715251/panel_kopma/writable/debugbar/debugbar_1675862543.898519.json): No such file or directory', 'SYSTEMPATH/Debug/Toolbar/Collectors/History.php', 76, [...])
 2 SYSTEMPATH/Debug/Toolbar/Collectors/History.php(76): unlink('ROOTPATH/writable/debugbar/debugbar_1675862543.898519.json')
 3 SYSTEMPATH/Debug/Toolbar.php(501): CodeIgniter\Debug\Toolbar\Collectors\History->setFiles('1675863775.253579', 20)
 4 SYSTEMPATH/Debug/Toolbar.php(478): CodeIgniter\Debug\Toolbar->format([...], 'html')
 5 APPPATH/Config/Events.php(46): CodeIgniter\Debug\Toolbar->respond()
 6 SYSTEMPATH/Events/Events.php(149): CodeIgniter\Events\Events::Config\{closure}()
 7 SYSTEMPATH/CodeIgniter.php(317): CodeIgniter\Events\Events::trigger('pre_system')
 8 FCPATH/index.php(55): CodeIgniter\CodeIgniter->run()
CRITICAL - 2023-02-08 21:18:39 --> unlink(/home/u0715251/panel_kopma/writable/debugbar/debugbar_1675863140.846025.json): No such file or directory
in SYSTEMPATH/Debug/Toolbar/Collectors/History.php on line 76.
 1 [internal function]: CodeIgniter\Debug\Exceptions->errorHandler(2, 'unlink(/home/u0715251/panel_kopma/writable/debugbar/debugbar_1675863140.846025.json): No such file or directory', 'SYSTEMPATH/Debug/Toolbar/Collectors/History.php', 76, [...])
 2 SYSTEMPATH/Debug/Toolbar/Collectors/History.php(76): unlink('ROOTPATH/writable/debugbar/debugbar_1675863140.846025.json')
 3 SYSTEMPATH/Debug/Toolbar.php(501): CodeIgniter\Debug\Toolbar\Collectors\History->setFiles('1675865878.632179', 20)
 4 SYSTEMPATH/Debug/Toolbar.php(478): CodeIgniter\Debug\Toolbar->format([...], 'html')
 5 APPPATH/Config/Events.php(46): CodeIgniter\Debug\Toolbar->respond()
 6 SYSTEMPATH/Events/Events.php(149): CodeIgniter\Events\Events::Config\{closure}()
 7 SYSTEMPATH/CodeIgniter.php(317): CodeIgniter\Events\Events::trigger('pre_system')
 8 FCPATH/index.php(55): CodeIgniter\CodeIgniter->run()
CRITICAL - 2023-02-08 22:23:28 --> unlink(/home/u0715251/panel_kopma/writable/debugbar/debugbar_1675868691.904017.json): No such file or directory
in SYSTEMPATH/Debug/Toolbar/Collectors/History.php on line 76.
 1 [internal function]: CodeIgniter\Debug\Exceptions->errorHandler(2, 'unlink(/home/u0715251/panel_kopma/writable/debugbar/debugbar_1675868691.904017.json): No such file or directory', 'SYSTEMPATH/Debug/Toolbar/Collectors/History.php', 76, [...])
 2 SYSTEMPATH/Debug/Toolbar/Collectors/History.php(76): unlink('ROOTPATH/writable/debugbar/debugbar_1675868691.904017.json')
 3 SYSTEMPATH/Debug/Toolbar.php(501): CodeIgniter\Debug\Toolbar\Collectors\History->setFiles('1675869799.768473', 20)
 4 SYSTEMPATH/Debug/Toolbar.php(478): CodeIgniter\Debug\Toolbar->format([...], 'html')
 5 APPPATH/Config/Events.php(46): CodeIgniter\Debug\Toolbar->respond()
 6 SYSTEMPATH/Events/Events.php(149): CodeIgniter\Events\Events::Config\{closure}()
 7 SYSTEMPATH/CodeIgniter.php(317): CodeIgniter\Events\Events::trigger('pre_system')
 8 FCPATH/index.php(55): CodeIgniter\CodeIgniter->run()
