CRITICAL - 2023-02-02 10:55:26 --> Argument 2 passed to CodeIgniter\Database\BaseBuilder::like() must be of the type string, null given, called in /home/u0715251/panel_kopma/vendor/codeigniter4/framework/system/Model.php on line 772
in SYSTEMPATH/Database/BaseBuilder.php on line 954.
 1 SYSTEMPATH/Model.php(772): CodeIgniter\Database\BaseBuilder->like('nomor_anggota', null)
 2 APPPATH/Controllers/Api.php(449): CodeIgniter\Model->__call('like', [...])
 3 SYSTEMPATH/CodeIgniter.php(907): App\Controllers\Api->update_biodata()
 4 SYSTEMPATH/CodeIgniter.php(457): CodeIgniter\CodeIgniter->runController(Object(App\Controllers\Api))
 5 SYSTEMPATH/CodeIgniter.php(340): CodeIgniter\CodeIgniter->handleRequest(null, Object(Config\Cache), false)
 6 FCPATH/index.php(55): CodeIgniter\CodeIgniter->run()
CRITICAL - 2023-02-02 10:57:32 --> Argument 2 passed to CodeIgniter\Database\BaseBuilder::like() must be of the type string, null given, called in /home/u0715251/panel_kopma/vendor/codeigniter4/framework/system/Model.php on line 772
in SYSTEMPATH/Database/BaseBuilder.php on line 954.
 1 SYSTEMPATH/Model.php(772): CodeIgniter\Database\BaseBuilder->like('nomor_anggota', null)
 2 APPPATH/Controllers/Api.php(449): CodeIgniter\Model->__call('like', [...])
 3 SYSTEMPATH/CodeIgniter.php(907): App\Controllers\Api->update_biodata()
 4 SYSTEMPATH/CodeIgniter.php(457): CodeIgniter\CodeIgniter->runController(Object(App\Controllers\Api))
 5 SYSTEMPATH/CodeIgniter.php(340): CodeIgniter\CodeIgniter->handleRequest(null, Object(Config\Cache), false)
 6 FCPATH/index.php(55): CodeIgniter\CodeIgniter->run()
CRITICAL - 2023-02-02 10:57:32 --> Argument 2 passed to CodeIgniter\Database\BaseBuilder::like() must be of the type string, null given, called in /home/u0715251/panel_kopma/vendor/codeigniter4/framework/system/Model.php on line 772
in SYSTEMPATH/Database/BaseBuilder.php on line 954.
 1 SYSTEMPATH/Model.php(772): CodeIgniter\Database\BaseBuilder->like('nomor_anggota', null)
 2 APPPATH/Controllers/Api.php(449): CodeIgniter\Model->__call('like', [...])
 3 SYSTEMPATH/CodeIgniter.php(907): App\Controllers\Api->update_biodata()
 4 SYSTEMPATH/CodeIgniter.php(457): CodeIgniter\CodeIgniter->runController(Object(App\Controllers\Api))
 5 SYSTEMPATH/CodeIgniter.php(340): CodeIgniter\CodeIgniter->handleRequest(null, Object(Config\Cache), false)
 6 FCPATH/index.php(55): CodeIgniter\CodeIgniter->run()
CRITICAL - 2023-02-02 10:58:28 --> Object of class CodeIgniter\HTTP\IncomingRequest could not be converted to string
in APPPATH/Controllers/Api.php on line 452.
 1 SYSTEMPATH/CodeIgniter.php(907): App\Controllers\Api->update_biodata()
 2 SYSTEMPATH/CodeIgniter.php(457): CodeIgniter\CodeIgniter->runController(Object(App\Controllers\Api))
 3 SYSTEMPATH/CodeIgniter.php(340): CodeIgniter\CodeIgniter->handleRequest(null, Object(Config\Cache), false)
 4 FCPATH/index.php(55): CodeIgniter\CodeIgniter->run()
CRITICAL - 2023-02-02 10:59:49 --> Object of class CodeIgniter\HTTP\IncomingRequest could not be converted to string
in APPPATH/Controllers/Api.php on line 452.
 1 SYSTEMPATH/CodeIgniter.php(907): App\Controllers\Api->update_biodata()
 2 SYSTEMPATH/CodeIgniter.php(457): CodeIgniter\CodeIgniter->runController(Object(App\Controllers\Api))
 3 SYSTEMPATH/CodeIgniter.php(340): CodeIgniter\CodeIgniter->handleRequest(null, Object(Config\Cache), false)
 4 FCPATH/index.php(55): CodeIgniter\CodeIgniter->run()
CRITICAL - 2023-02-02 11:01:31 --> Object of class CodeIgniter\HTTP\IncomingRequest could not be converted to string
in APPPATH/Controllers/Api.php on line 452.
 1 SYSTEMPATH/CodeIgniter.php(907): App\Controllers\Api->update_biodata()
 2 SYSTEMPATH/CodeIgniter.php(457): CodeIgniter\CodeIgniter->runController(Object(App\Controllers\Api))
 3 SYSTEMPATH/CodeIgniter.php(340): CodeIgniter\CodeIgniter->handleRequest(null, Object(Config\Cache), false)
 4 FCPATH/index.php(55): CodeIgniter\CodeIgniter->run()
CRITICAL - 2023-02-02 13:20:23 --> syntax error, unexpected '->' (T_OBJECT_OPERATOR)
in APPPATH/Controllers/Api.php on line 452.
 1 SYSTEMPATH/Router/Router.php(499): CodeIgniter\Router\AutoRouter->getRoute('api/get_kegiatan')
 2 SYSTEMPATH/Router/Router.php(205): CodeIgniter\Router\Router->autoRoute('api/get_kegiatan')
 3 SYSTEMPATH/CodeIgniter.php(782): CodeIgniter\Router\Router->handle('api/get_kegiatan')
 4 SYSTEMPATH/CodeIgniter.php(406): CodeIgniter\CodeIgniter->tryToRouteIt(Object(CodeIgniter\Router\RouteCollection))
 5 SYSTEMPATH/CodeIgniter.php(340): CodeIgniter\CodeIgniter->handleRequest(null, Object(Config\Cache), false)
 6 FCPATH/index.php(55): CodeIgniter\CodeIgniter->run()
CRITICAL - 2023-02-02 13:20:57 --> syntax error, unexpected '->' (T_OBJECT_OPERATOR)
in APPPATH/Controllers/Api.php on line 452.
 1 SYSTEMPATH/Router/Router.php(499): CodeIgniter\Router\AutoRouter->getRoute('api/get_kegiatan')
 2 SYSTEMPATH/Router/Router.php(205): CodeIgniter\Router\Router->autoRoute('api/get_kegiatan')
 3 SYSTEMPATH/CodeIgniter.php(782): CodeIgniter\Router\Router->handle('api/get_kegiatan')
 4 SYSTEMPATH/CodeIgniter.php(406): CodeIgniter\CodeIgniter->tryToRouteIt(Object(CodeIgniter\Router\RouteCollection))
 5 SYSTEMPATH/CodeIgniter.php(340): CodeIgniter\CodeIgniter->handleRequest(null, Object(Config\Cache), false)
 6 FCPATH/index.php(55): CodeIgniter\CodeIgniter->run()
CRITICAL - 2023-02-02 13:21:40 --> syntax error, unexpected '->' (T_OBJECT_OPERATOR)
in APPPATH/Controllers/Api.php on line 452.
 1 SYSTEMPATH/Router/Router.php(499): CodeIgniter\Router\AutoRouter->getRoute('api/get_kegiatan')
 2 SYSTEMPATH/Router/Router.php(205): CodeIgniter\Router\Router->autoRoute('api/get_kegiatan')
 3 SYSTEMPATH/CodeIgniter.php(782): CodeIgniter\Router\Router->handle('api/get_kegiatan')
 4 SYSTEMPATH/CodeIgniter.php(406): CodeIgniter\CodeIgniter->tryToRouteIt(Object(CodeIgniter\Router\RouteCollection))
 5 SYSTEMPATH/CodeIgniter.php(340): CodeIgniter\CodeIgniter->handleRequest(null, Object(Config\Cache), false)
 6 FCPATH/index.php(55): CodeIgniter\CodeIgniter->run()
CRITICAL - 2023-02-02 13:24:30 --> syntax error, unexpected '->' (T_OBJECT_OPERATOR)
in APPPATH/Controllers/Api.php on line 452.
 1 SYSTEMPATH/Router/Router.php(499): CodeIgniter\Router\AutoRouter->getRoute('api/get_kegiatan')
 2 SYSTEMPATH/Router/Router.php(205): CodeIgniter\Router\Router->autoRoute('api/get_kegiatan')
 3 SYSTEMPATH/CodeIgniter.php(782): CodeIgniter\Router\Router->handle('api/get_kegiatan')
 4 SYSTEMPATH/CodeIgniter.php(406): CodeIgniter\CodeIgniter->tryToRouteIt(Object(CodeIgniter\Router\RouteCollection))
 5 SYSTEMPATH/CodeIgniter.php(340): CodeIgniter\CodeIgniter->handleRequest(null, Object(Config\Cache), false)
 6 FCPATH/index.php(55): CodeIgniter\CodeIgniter->run()
CRITICAL - 2023-02-02 18:54:17 --> unlink(assets/uploads/document/hasil_survey/1664243274_9be8fe20f1c32cdf190a.pdf): No such file or directory
in APPPATH/Controllers/Litbang.php on line 51.
 1 [internal function]: CodeIgniter\Debug\Exceptions->errorHandler(2, 'unlink(assets/uploads/document/hasil_survey/1664243274_9be8fe20f1c32cdf190a.pdf): No such file or directory', 'APPPATH/Controllers/Litbang.php', 51, [...])
 2 APPPATH/Controllers/Litbang.php(51): unlink('assets/uploads/document/hasil_survey/1664243274_9be8fe20f1c32cdf190a.pdf')
 3 SYSTEMPATH/CodeIgniter.php(907): App\Controllers\Litbang->delete_report('6332564a6645e')
 4 SYSTEMPATH/CodeIgniter.php(457): CodeIgniter\CodeIgniter->runController(Object(App\Controllers\Litbang))
 5 SYSTEMPATH/CodeIgniter.php(340): CodeIgniter\CodeIgniter->handleRequest(null, Object(Config\Cache), false)
 6 FCPATH/index.php(55): CodeIgniter\CodeIgniter->run()
