CRITICAL - 2022-08-01 09:45:56 --> include(../app/core/Database.php): failed to open stream: No such file or directory
in APPPATH\Views\dashboard\data_anggota.php on line 2.
 1 APPPATH\Views\dashboard\data_anggota.php(2): CodeIgniter\Debug\Exceptions->errorHandler(2, 'include(../app/core/Database.php): failed to open stream: No such file or directory', 'APPPATH\\Views\\dashboard\\data_anggota.php', 2, [])
 2 APPPATH\Views\dashboard\data_anggota.php(2): include()
 3 SYSTEMPATH\View\View.php(213): include('APPPATH\\Views\\dashboard\\data_anggota.php')
 4 SYSTEMPATH\View\View.php(216): CodeIgniter\View\View->CodeIgniter\View\{closure}()
 5 SYSTEMPATH\Common.php(1135): CodeIgniter\View\View->render('dashboard/data_anggota', [], true)
 6 APPPATH\Controllers\Dashboard.php(18): view('dashboard/data_anggota')
 7 SYSTEMPATH\CodeIgniter.php(896): App\Controllers\Dashboard->data_anggota()
 8 SYSTEMPATH\CodeIgniter.php(466): CodeIgniter\CodeIgniter->runController(Object(App\Controllers\Dashboard))
 9 SYSTEMPATH\CodeIgniter.php(349): CodeIgniter\CodeIgniter->handleRequest(null, Object(Config\Cache), false)
10 FCPATH\index.php(55): CodeIgniter\CodeIgniter->run()
11 SYSTEMPATH\Commands\Server\rewrite.php(43): require_once('FCPATH\\index.php')
CRITICAL - 2022-08-01 09:46:52 --> include(../app/core/Database.php): failed to open stream: No such file or directory
in APPPATH\Views\dashboard\data_anggota.php on line 2.
 1 APPPATH\Views\dashboard\data_anggota.php(2): CodeIgniter\Debug\Exceptions->errorHandler(2, 'include(../app/core/Database.php): failed to open stream: No such file or directory', 'APPPATH\\Views\\dashboard\\data_anggota.php', 2, [])
 2 APPPATH\Views\dashboard\data_anggota.php(2): include()
 3 SYSTEMPATH\View\View.php(213): include('APPPATH\\Views\\dashboard\\data_anggota.php')
 4 SYSTEMPATH\View\View.php(216): CodeIgniter\View\View->CodeIgniter\View\{closure}()
 5 SYSTEMPATH\Common.php(1135): CodeIgniter\View\View->render('dashboard/data_anggota', [], true)
 6 APPPATH\Controllers\Dashboard.php(18): view('dashboard/data_anggota')
 7 SYSTEMPATH\CodeIgniter.php(896): App\Controllers\Dashboard->data_anggota()
 8 SYSTEMPATH\CodeIgniter.php(466): CodeIgniter\CodeIgniter->runController(Object(App\Controllers\Dashboard))
 9 SYSTEMPATH\CodeIgniter.php(349): CodeIgniter\CodeIgniter->handleRequest(null, Object(Config\Cache), false)
10 FCPATH\index.php(55): CodeIgniter\CodeIgniter->run()
11 SYSTEMPATH\Commands\Server\rewrite.php(43): require_once('FCPATH\\index.php')
CRITICAL - 2022-08-01 09:46:53 --> include(../app/core/Database.php): failed to open stream: No such file or directory
in APPPATH\Views\dashboard\data_anggota.php on line 2.
 1 APPPATH\Views\dashboard\data_anggota.php(2): CodeIgniter\Debug\Exceptions->errorHandler(2, 'include(../app/core/Database.php): failed to open stream: No such file or directory', 'APPPATH\\Views\\dashboard\\data_anggota.php', 2, [])
 2 APPPATH\Views\dashboard\data_anggota.php(2): include()
 3 SYSTEMPATH\View\View.php(213): include('APPPATH\\Views\\dashboard\\data_anggota.php')
 4 SYSTEMPATH\View\View.php(216): CodeIgniter\View\View->CodeIgniter\View\{closure}()
 5 SYSTEMPATH\Common.php(1135): CodeIgniter\View\View->render('dashboard/data_anggota', [], true)
 6 APPPATH\Controllers\Dashboard.php(18): view('dashboard/data_anggota')
 7 SYSTEMPATH\CodeIgniter.php(896): App\Controllers\Dashboard->data_anggota()
 8 SYSTEMPATH\CodeIgniter.php(466): CodeIgniter\CodeIgniter->runController(Object(App\Controllers\Dashboard))
 9 SYSTEMPATH\CodeIgniter.php(349): CodeIgniter\CodeIgniter->handleRequest(null, Object(Config\Cache), false)
10 FCPATH\index.php(55): CodeIgniter\CodeIgniter->run()
11 SYSTEMPATH\Commands\Server\rewrite.php(43): require_once('FCPATH\\index.php')
CRITICAL - 2022-08-01 09:47:04 --> include(../app/core/Database.php): failed to open stream: No such file or directory
in APPPATH\Views\dashboard\data_anggota.php on line 2.
 1 APPPATH\Views\dashboard\data_anggota.php(2): CodeIgniter\Debug\Exceptions->errorHandler(2, 'include(../app/core/Database.php): failed to open stream: No such file or directory', 'APPPATH\\Views\\dashboard\\data_anggota.php', 2, [])
 2 APPPATH\Views\dashboard\data_anggota.php(2): include()
 3 SYSTEMPATH\View\View.php(213): include('APPPATH\\Views\\dashboard\\data_anggota.php')
 4 SYSTEMPATH\View\View.php(216): CodeIgniter\View\View->CodeIgniter\View\{closure}()
 5 SYSTEMPATH\Common.php(1135): CodeIgniter\View\View->render('dashboard/data_anggota', [], true)
 6 APPPATH\Controllers\Dashboard.php(18): view('dashboard/data_anggota')
 7 SYSTEMPATH\CodeIgniter.php(896): App\Controllers\Dashboard->data_anggota()
 8 SYSTEMPATH\CodeIgniter.php(466): CodeIgniter\CodeIgniter->runController(Object(App\Controllers\Dashboard))
 9 SYSTEMPATH\CodeIgniter.php(349): CodeIgniter\CodeIgniter->handleRequest(null, Object(Config\Cache), false)
10 FCPATH\index.php(55): CodeIgniter\CodeIgniter->run()
11 SYSTEMPATH\Commands\Server\rewrite.php(43): require_once('FCPATH\\index.php')
CRITICAL - 2022-08-01 09:47:38 --> Undefined variable: data
in APPPATH\Views\dashboard\data_anggota.php on line 52.
 1 APPPATH\Views\dashboard\data_anggota.php(52): CodeIgniter\Debug\Exceptions->errorHandler(8, 'Undefined variable: data', 'APPPATH\\Views\\dashboard\\data_anggota.php', 52, [...])
 2 SYSTEMPATH\View\View.php(213): include('APPPATH\\Views\\dashboard\\data_anggota.php')
 3 SYSTEMPATH\View\View.php(216): CodeIgniter\View\View->CodeIgniter\View\{closure}()
 4 SYSTEMPATH\Common.php(1135): CodeIgniter\View\View->render('dashboard/data_anggota', [], true)
 5 APPPATH\Controllers\Dashboard.php(18): view('dashboard/data_anggota')
 6 SYSTEMPATH\CodeIgniter.php(896): App\Controllers\Dashboard->data_anggota()
 7 SYSTEMPATH\CodeIgniter.php(466): CodeIgniter\CodeIgniter->runController(Object(App\Controllers\Dashboard))
 8 SYSTEMPATH\CodeIgniter.php(349): CodeIgniter\CodeIgniter->handleRequest(null, Object(Config\Cache), false)
 9 FCPATH\index.php(55): CodeIgniter\CodeIgniter->run()
10 SYSTEMPATH\Commands\Server\rewrite.php(43): require_once('FCPATH\\index.php')
CRITICAL - 2022-08-01 09:47:53 --> Undefined variable: data
in APPPATH\Views\dashboard\data_anggota.php on line 53.
 1 APPPATH\Views\dashboard\data_anggota.php(53): CodeIgniter\Debug\Exceptions->errorHandler(8, 'Undefined variable: data', 'APPPATH\\Views\\dashboard\\data_anggota.php', 53, [...])
 2 SYSTEMPATH\View\View.php(213): include('APPPATH\\Views\\dashboard\\data_anggota.php')
 3 SYSTEMPATH\View\View.php(216): CodeIgniter\View\View->CodeIgniter\View\{closure}()
 4 SYSTEMPATH\Common.php(1135): CodeIgniter\View\View->render('dashboard/data_anggota', [], true)
 5 APPPATH\Controllers\Dashboard.php(18): view('dashboard/data_anggota')
 6 SYSTEMPATH\CodeIgniter.php(896): App\Controllers\Dashboard->data_anggota()
 7 SYSTEMPATH\CodeIgniter.php(466): CodeIgniter\CodeIgniter->runController(Object(App\Controllers\Dashboard))
 8 SYSTEMPATH\CodeIgniter.php(349): CodeIgniter\CodeIgniter->handleRequest(null, Object(Config\Cache), false)
 9 FCPATH\index.php(55): CodeIgniter\CodeIgniter->run()
10 SYSTEMPATH\Commands\Server\rewrite.php(43): require_once('FCPATH\\index.php')
CRITICAL - 2022-08-01 10:00:39 --> Undefined variable: data
in APPPATH\Views\dashboard\data_simpanan.php on line 58.
 1 APPPATH\Views\dashboard\data_simpanan.php(58): CodeIgniter\Debug\Exceptions->errorHandler(8, 'Undefined variable: data', 'APPPATH\\Views\\dashboard\\data_simpanan.php', 58, [])
 2 SYSTEMPATH\View\View.php(213): include('APPPATH\\Views\\dashboard\\data_simpanan.php')
 3 SYSTEMPATH\View\View.php(216): CodeIgniter\View\View->CodeIgniter\View\{closure}()
 4 SYSTEMPATH\Common.php(1135): CodeIgniter\View\View->render('dashboard/data_simpanan', [], true)
 5 APPPATH\Controllers\Dashboard.php(33): view('dashboard/data_simpanan')
 6 SYSTEMPATH\CodeIgniter.php(896): App\Controllers\Dashboard->data_simpanan()
 7 SYSTEMPATH\CodeIgniter.php(466): CodeIgniter\CodeIgniter->runController(Object(App\Controllers\Dashboard))
 8 SYSTEMPATH\CodeIgniter.php(349): CodeIgniter\CodeIgniter->handleRequest(null, Object(Config\Cache), false)
 9 FCPATH\index.php(55): CodeIgniter\CodeIgniter->run()
10 SYSTEMPATH\Commands\Server\rewrite.php(43): require_once('FCPATH\\index.php')
CRITICAL - 2022-08-01 10:01:18 --> Undefined variable: data
in APPPATH\Views\dashboard\data_poin.php on line 41.
 1 APPPATH\Views\dashboard\data_poin.php(41): CodeIgniter\Debug\Exceptions->errorHandler(8, 'Undefined variable: data', 'APPPATH\\Views\\dashboard\\data_poin.php', 41, [])
 2 SYSTEMPATH\View\View.php(213): include('APPPATH\\Views\\dashboard\\data_poin.php')
 3 SYSTEMPATH\View\View.php(216): CodeIgniter\View\View->CodeIgniter\View\{closure}()
 4 SYSTEMPATH\Common.php(1135): CodeIgniter\View\View->render('dashboard/data_poin', [], true)
 5 APPPATH\Controllers\Dashboard.php(25): view('dashboard/data_poin')
 6 SYSTEMPATH\CodeIgniter.php(896): App\Controllers\Dashboard->data_poin()
 7 SYSTEMPATH\CodeIgniter.php(466): CodeIgniter\CodeIgniter->runController(Object(App\Controllers\Dashboard))
 8 SYSTEMPATH\CodeIgniter.php(349): CodeIgniter\CodeIgniter->handleRequest(null, Object(Config\Cache), false)
 9 FCPATH\index.php(55): CodeIgniter\CodeIgniter->run()
10 SYSTEMPATH\Commands\Server\rewrite.php(43): require_once('FCPATH\\index.php')
