ERROR - 2024-07-01 13:34:20 --> Error connecting to the database: mysqli_sql_exception: Host 'localhost' is not allowed to connect to this MariaDB server in /home/u0715251/panel_kopma/vendor/codeigniter4/framework/system/Database/MySQLi/Connection.php:171
Stack trace:
#0 /home/u0715251/panel_kopma/vendor/codeigniter4/framework/system/Database/MySQLi/Connection.php(171): mysqli->real_connect('127.0.0.1', 'u0715251_regfor...', 'SemangatPagi', 'u0715251_anggot...', 3306, '', 0)
#1 /home/u0715251/panel_kopma/vendor/codeigniter4/framework/system/Database/BaseConnection.php(382): CodeIgniter\Database\MySQLi\Connection->connect(false)
#2 /home/u0715251/panel_kopma/vendor/codeigniter4/framework/system/Database/BaseConnection.php(588): CodeIgniter\Database\BaseConnection->initialize()
#3 /home/u0715251/panel_kopma/vendor/codeigniter4/framework/system/Database/BaseBuilder.php(1585): CodeIgniter\Database\BaseConnection->query('SELECT *\nFROM `...', Array, false)
#4 /home/u0715251/panel_kopma/vendor/codeigniter4/framework/system/Model.php(250): CodeIgniter\Database\BaseBuilder->get()
#5 /home/u0715251/panel_kopma/vendor/codeigniter4/framework/system/BaseModel.php(622): CodeIgniter\Model->doFirst()
#6 /home/u0715251/panel_kopma/app/Controllers/Api.php(125): CodeIgniter\BaseModel->first()
#7 /home/u0715251/panel_kopma/vendor/codeigniter4/framework/system/CodeIgniter.php(907): App\Controllers\Api->get_simpanan_poin()
#8 /home/u0715251/panel_kopma/vendor/codeigniter4/framework/system/CodeIgniter.php(457): CodeIgniter\CodeIgniter->runController(Object(App\Controllers\Api))
#9 /home/u0715251/panel_kopma/vendor/codeigniter4/framework/system/CodeIgniter.php(340): CodeIgniter\CodeIgniter->handleRequest(NULL, Object(Config\Cache), false)
#10 /home/u0715251/public_html/panel/index.php(55): CodeIgniter\CodeIgniter->run()
#11 {main}

Next CodeIgniter\Database\Exceptions\DatabaseException: Host 'localhost' is not allowed to connect to this MariaDB server in /home/u0715251/panel_kopma/vendor/codeigniter4/framework/system/Database/MySQLi/Connection.php:215
Stack trace:
#0 /home/u0715251/panel_kopma/vendor/codeigniter4/framework/system/Database/BaseConnection.php(382): CodeIgniter\Database\MySQLi\Connection->connect(false)
#1 /home/u0715251/panel_kopma/vendor/codeigniter4/framework/system/Database/BaseConnection.php(588): CodeIgniter\Database\BaseConnection->initialize()
#2 /home/u0715251/panel_kopma/vendor/codeigniter4/framework/system/Database/BaseBuilder.php(1585): CodeIgniter\Database\BaseConnection->query('SELECT *\nFROM `...', Array, false)
#3 /home/u0715251/panel_kopma/vendor/codeigniter4/framework/system/Model.php(250): CodeIgniter\Database\BaseBuilder->get()
#4 /home/u0715251/panel_kopma/vendor/codeigniter4/framework/system/BaseModel.php(622): CodeIgniter\Model->doFirst()
#5 /home/u0715251/panel_kopma/app/Controllers/Api.php(125): CodeIgniter\BaseModel->first()
#6 /home/u0715251/panel_kopma/vendor/codeigniter4/framework/system/CodeIgniter.php(907): App\Controllers\Api->get_simpanan_poin()
#7 /home/u0715251/panel_kopma/vendor/codeigniter4/framework/system/CodeIgniter.php(457): CodeIgniter\CodeIgniter->runController(Object(App\Controllers\Api))
#8 /home/u0715251/panel_kopma/vendor/codeigniter4/framework/system/CodeIgniter.php(340): CodeIgniter\CodeIgniter->handleRequest(NULL, Object(Config\Cache), false)
#9 /home/u0715251/public_html/panel/index.php(55): CodeIgniter\CodeIgniter->run()
#10 {main}
CRITICAL - 2024-07-01 13:34:20 --> Unable to connect to the database.
Main connection [MySQLi]: Host 'localhost' is not allowed to connect to this MariaDB server
in SYSTEMPATH/Database/BaseConnection.php on line 418.
 1 SYSTEMPATH/Database/BaseConnection.php(588): CodeIgniter\Database\BaseConnection->initialize()
 2 SYSTEMPATH/Database/BaseBuilder.php(1585): CodeIgniter\Database\BaseConnection->query('SELECT *
FROM `data_simpanan`
WHERE `nomor_anggota` = :nomor_anggota:
 LIMIT 1', [...], false)
 3 SYSTEMPATH/Model.php(250): CodeIgniter\Database\BaseBuilder->get()
 4 SYSTEMPATH/BaseModel.php(622): CodeIgniter\Model->doFirst()
 5 APPPATH/Controllers/Api.php(125): CodeIgniter\BaseModel->first()
 6 SYSTEMPATH/CodeIgniter.php(907): App\Controllers\Api->get_simpanan_poin()
 7 SYSTEMPATH/CodeIgniter.php(457): CodeIgniter\CodeIgniter->runController(Object(App\Controllers\Api))
 8 SYSTEMPATH/CodeIgniter.php(340): CodeIgniter\CodeIgniter->handleRequest(null, Object(Config\Cache), false)
 9 FCPATH/index.php(55): CodeIgniter\CodeIgniter->run()
CRITICAL - 2024-07-01 15:10:29 --> unlink(assets/uploads/document/digilib/buku-ekonomi-koperasi-dan-UMKM-dikompresi.pdf): No such file or directory
in APPPATH/Controllers/Administrasi.php on line 630.
 1 [internal function]: CodeIgniter\Debug\Exceptions->errorHandler(2, 'unlink(assets/uploads/document/digilib/buku-ekonomi-koperasi-dan-UMKM-dikompresi.pdf): No such file or directory', 'APPPATH/Controllers/Administrasi.php', 630, [...])
 2 APPPATH/Controllers/Administrasi.php(630): unlink('assets/uploads/document/digilib/buku-ekonomi-koperasi-dan-UMKM-dikompresi.pdf')
 3 SYSTEMPATH/CodeIgniter.php(907): App\Controllers\Administrasi->delete_buku()
 4 SYSTEMPATH/CodeIgniter.php(457): CodeIgniter\CodeIgniter->runController(Object(App\Controllers\Administrasi))
 5 SYSTEMPATH/CodeIgniter.php(340): CodeIgniter\CodeIgniter->handleRequest(null, Object(Config\Cache), false)
 6 FCPATH/index.php(55): CodeIgniter\CodeIgniter->run()
CRITICAL - 2024-07-01 15:10:33 --> unlink(assets/uploads/document/digilib/buku-ekonomi-koperasi-dan-UMKM-dikompresi.pdf): No such file or directory
in APPPATH/Controllers/Administrasi.php on line 630.
 1 [internal function]: CodeIgniter\Debug\Exceptions->errorHandler(2, 'unlink(assets/uploads/document/digilib/buku-ekonomi-koperasi-dan-UMKM-dikompresi.pdf): No such file or directory', 'APPPATH/Controllers/Administrasi.php', 630, [...])
 2 APPPATH/Controllers/Administrasi.php(630): unlink('assets/uploads/document/digilib/buku-ekonomi-koperasi-dan-UMKM-dikompresi.pdf')
 3 SYSTEMPATH/CodeIgniter.php(907): App\Controllers\Administrasi->delete_buku()
 4 SYSTEMPATH/CodeIgniter.php(457): CodeIgniter\CodeIgniter->runController(Object(App\Controllers\Administrasi))
 5 SYSTEMPATH/CodeIgniter.php(340): CodeIgniter\CodeIgniter->handleRequest(null, Object(Config\Cache), false)
 6 FCPATH/index.php(55): CodeIgniter\CodeIgniter->run()
CRITICAL - 2024-07-01 15:10:45 --> unlink(assets/uploads/document/digilib/buku-ekonomi-koperasi-dan-UMKM-dikompresi.pdf): No such file or directory
in APPPATH/Controllers/Administrasi.php on line 630.
 1 [internal function]: CodeIgniter\Debug\Exceptions->errorHandler(2, 'unlink(assets/uploads/document/digilib/buku-ekonomi-koperasi-dan-UMKM-dikompresi.pdf): No such file or directory', 'APPPATH/Controllers/Administrasi.php', 630, [...])
 2 APPPATH/Controllers/Administrasi.php(630): unlink('assets/uploads/document/digilib/buku-ekonomi-koperasi-dan-UMKM-dikompresi.pdf')
 3 SYSTEMPATH/CodeIgniter.php(907): App\Controllers\Administrasi->delete_buku()
 4 SYSTEMPATH/CodeIgniter.php(457): CodeIgniter\CodeIgniter->runController(Object(App\Controllers\Administrasi))
 5 SYSTEMPATH/CodeIgniter.php(340): CodeIgniter\CodeIgniter->handleRequest(null, Object(Config\Cache), false)
 6 FCPATH/index.php(55): CodeIgniter\CodeIgniter->run()
CRITICAL - 2024-07-01 15:12:17 --> unlink(assets/uploads/document/digilib/buku-ekonomi-koperasi-dan-UMKM-dikompresi.pdf): No such file or directory
in APPPATH/Controllers/Administrasi.php on line 630.
 1 [internal function]: CodeIgniter\Debug\Exceptions->errorHandler(2, 'unlink(assets/uploads/document/digilib/buku-ekonomi-koperasi-dan-UMKM-dikompresi.pdf): No such file or directory', 'APPPATH/Controllers/Administrasi.php', 630, [...])
 2 APPPATH/Controllers/Administrasi.php(630): unlink('assets/uploads/document/digilib/buku-ekonomi-koperasi-dan-UMKM-dikompresi.pdf')
 3 SYSTEMPATH/CodeIgniter.php(907): App\Controllers\Administrasi->delete_buku()
 4 SYSTEMPATH/CodeIgniter.php(457): CodeIgniter\CodeIgniter->runController(Object(App\Controllers\Administrasi))
 5 SYSTEMPATH/CodeIgniter.php(340): CodeIgniter\CodeIgniter->handleRequest(null, Object(Config\Cache), false)
 6 FCPATH/index.php(55): CodeIgniter\CodeIgniter->run()
ERROR - 2024-07-01 15:22:19 --> Error connecting to the database: mysqli_sql_exception: Host 'localhost' is not allowed to connect to this MariaDB server in /home/u0715251/panel_kopma/vendor/codeigniter4/framework/system/Database/MySQLi/Connection.php:171
Stack trace:
#0 /home/u0715251/panel_kopma/vendor/codeigniter4/framework/system/Database/MySQLi/Connection.php(171): mysqli->real_connect('127.0.0.1', 'u0715251_regfor...', 'SemangatPagi', 'u0715251_anggot...', 3306, '', 0)
#1 /home/u0715251/panel_kopma/vendor/codeigniter4/framework/system/Database/BaseConnection.php(382): CodeIgniter\Database\MySQLi\Connection->connect(false)
#2 /home/u0715251/panel_kopma/vendor/codeigniter4/framework/system/Database/BaseConnection.php(588): CodeIgniter\Database\BaseConnection->initialize()
#3 /home/u0715251/panel_kopma/vendor/codeigniter4/framework/system/Database/BaseBuilder.php(1585): CodeIgniter\Database\BaseConnection->query('SELECT *\nFROM `...', Array, false)
#4 /home/u0715251/panel_kopma/vendor/codeigniter4/framework/system/Model.php(182): CodeIgniter\Database\BaseBuilder->get()
#5 /home/u0715251/panel_kopma/vendor/codeigniter4/framework/system/BaseModel.php(523): CodeIgniter\Model->doFind(true, '4')
#6 /home/u0715251/panel_kopma/vendor/myth/auth/src/Authentication/AuthenticationBase.php(130): CodeIgniter\BaseModel->find('4')
#7 /home/u0715251/panel_kopma/vendor/myth/auth/src/Authentication/LocalAuthenticator.php(67): Myth\Auth\Authentication\AuthenticationBase->isLoggedIn()
#8 /home/u0715251/panel_kopma/vendor/myth/auth/src/Filters/LoginFilter.php(31): Myth\Auth\Authentication\LocalAuthenticator->check()
#9 /home/u0715251/panel_kopma/vendor/codeigniter4/framework/system/Filters/Filters.php(173): Myth\Auth\Filters\LoginFilter->before(Object(CodeIgniter\HTTP\IncomingRequest), NULL)
#10 /home/u0715251/panel_kopma/vendor/codeigniter4/framework/system/CodeIgniter.php(431): CodeIgniter\Filters\Filters->run('dashboard/data_...', 'before')
#11 /home/u0715251/panel_kopma/vendor/codeigniter4/framework/system/CodeIgniter.php(340): CodeIgniter\CodeIgniter->handleRequest(NULL, Object(Config\Cache), false)
#12 /home/u0715251/public_html/panel/index.php(55): CodeIgniter\CodeIgniter->run()
#13 {main}

Next CodeIgniter\Database\Exceptions\DatabaseException: Host 'localhost' is not allowed to connect to this MariaDB server in /home/u0715251/panel_kopma/vendor/codeigniter4/framework/system/Database/MySQLi/Connection.php:215
Stack trace:
#0 /home/u0715251/panel_kopma/vendor/codeigniter4/framework/system/Database/BaseConnection.php(382): CodeIgniter\Database\MySQLi\Connection->connect(false)
#1 /home/u0715251/panel_kopma/vendor/codeigniter4/framework/system/Database/BaseConnection.php(588): CodeIgniter\Database\BaseConnection->initialize()
#2 /home/u0715251/panel_kopma/vendor/codeigniter4/framework/system/Database/BaseBuilder.php(1585): CodeIgniter\Database\BaseConnection->query('SELECT *\nFROM `...', Array, false)
#3 /home/u0715251/panel_kopma/vendor/codeigniter4/framework/system/Model.php(182): CodeIgniter\Database\BaseBuilder->get()
#4 /home/u0715251/panel_kopma/vendor/codeigniter4/framework/system/BaseModel.php(523): CodeIgniter\Model->doFind(true, '4')
#5 /home/u0715251/panel_kopma/vendor/myth/auth/src/Authentication/AuthenticationBase.php(130): CodeIgniter\BaseModel->find('4')
#6 /home/u0715251/panel_kopma/vendor/myth/auth/src/Authentication/LocalAuthenticator.php(67): Myth\Auth\Authentication\AuthenticationBase->isLoggedIn()
#7 /home/u0715251/panel_kopma/vendor/myth/auth/src/Filters/LoginFilter.php(31): Myth\Auth\Authentication\LocalAuthenticator->check()
#8 /home/u0715251/panel_kopma/vendor/codeigniter4/framework/system/Filters/Filters.php(173): Myth\Auth\Filters\LoginFilter->before(Object(CodeIgniter\HTTP\IncomingRequest), NULL)
#9 /home/u0715251/panel_kopma/vendor/codeigniter4/framework/system/CodeIgniter.php(431): CodeIgniter\Filters\Filters->run('dashboard/data_...', 'before')
#10 /home/u0715251/panel_kopma/vendor/codeigniter4/framework/system/CodeIgniter.php(340): CodeIgniter\CodeIgniter->handleRequest(NULL, Object(Config\Cache), false)
#11 /home/u0715251/public_html/panel/index.php(55): CodeIgniter\CodeIgniter->run()
#12 {main}
CRITICAL - 2024-07-01 15:22:19 --> Unable to connect to the database.
Main connection [MySQLi]: Host 'localhost' is not allowed to connect to this MariaDB server
in SYSTEMPATH/Database/BaseConnection.php on line 418.
 1 SYSTEMPATH/Database/BaseConnection.php(588): CodeIgniter\Database\BaseConnection->initialize()
 2 SYSTEMPATH/Database/BaseBuilder.php(1585): CodeIgniter\Database\BaseConnection->query('SELECT *
FROM `users`
WHERE `users`.`deleted_at` IS NULL
AND `users`.`id` = :users.id:', [...], false)
 3 SYSTEMPATH/Model.php(182): CodeIgniter\Database\BaseBuilder->get()
 4 SYSTEMPATH/BaseModel.php(523): CodeIgniter\Model->doFind(true, '4')
 5 VENDORPATH/myth/auth/src/Authentication/AuthenticationBase.php(130): CodeIgniter\BaseModel->find('4')
 6 VENDORPATH/myth/auth/src/Authentication/LocalAuthenticator.php(67): Myth\Auth\Authentication\AuthenticationBase->isLoggedIn()
 7 VENDORPATH/myth/auth/src/Filters/LoginFilter.php(31): Myth\Auth\Authentication\LocalAuthenticator->check()
 8 SYSTEMPATH/Filters/Filters.php(173): Myth\Auth\Filters\LoginFilter->before(Object(CodeIgniter\HTTP\IncomingRequest), null)
 9 SYSTEMPATH/CodeIgniter.php(431): CodeIgniter\Filters\Filters->run('dashboard/data_kegiatan', 'before')
10 SYSTEMPATH/CodeIgniter.php(340): CodeIgniter\CodeIgniter->handleRequest(null, Object(Config\Cache), false)
11 FCPATH/index.php(55): CodeIgniter\CodeIgniter->run()
