CRITICAL - 2023-01-13 19:03:59 --> syntax error, unexpected '$file' (T_VARIABLE)
in APPPATH\Controllers\Keuangan.php on line 352.
 1 SYSTEMPATH\Router\Router.php(499): CodeIgniter\Router\AutoRouter->getRoute('keuangan/save_laporan')
 2 SYSTEMPATH\Router\Router.php(205): CodeIgniter\Router\Router->autoRoute('keuangan/save_laporan')
 3 SYSTEMPATH\CodeIgniter.php(782): CodeIgniter\Router\Router->handle('keuangan/save_laporan')
 4 SYSTEMPATH\CodeIgniter.php(406): CodeIgniter\CodeIgniter->tryToRouteIt(Object(CodeIgniter\Router\RouteCollection))
 5 SYSTEMPATH\CodeIgniter.php(340): CodeIgniter\CodeIgniter->handleRequest(null, Object(Config\Cache), false)
 6 FCPATH\index.php(55): CodeIgniter\CodeIgniter->run()
CRITICAL - 2023-01-13 19:27:27 --> Call to undefined method App\Models\KegiatanModel::getKegiatan
in SYSTEMPATH\Model.php on line 774.
 1 APPPATH\Controllers\Dashboard.php(170): CodeIgniter\Model->__call('getKegiatan', [...])
 2 SYSTEMPATH\CodeIgniter.php(907): App\Controllers\Dashboard->presensi('5516')
 3 SYSTEMPATH\CodeIgniter.php(457): CodeIgniter\CodeIgniter->runController(Object(App\Controllers\Dashboard))
 4 SYSTEMPATH\CodeIgniter.php(340): CodeIgniter\CodeIgniter->handleRequest(null, Object(Config\Cache), false)
 5 FCPATH\index.php(55): CodeIgniter\CodeIgniter->run()
CRITICAL - 2023-01-13 19:27:40 --> Call to undefined method App\Models\KegiatanModel::getKegiatan
in SYSTEMPATH\Model.php on line 774.
 1 APPPATH\Controllers\Dashboard.php(170): CodeIgniter\Model->__call('getKegiatan', [...])
 2 SYSTEMPATH\CodeIgniter.php(907): App\Controllers\Dashboard->presensi('5516')
 3 SYSTEMPATH\CodeIgniter.php(457): CodeIgniter\CodeIgniter->runController(Object(App\Controllers\Dashboard))
 4 SYSTEMPATH\CodeIgniter.php(340): CodeIgniter\CodeIgniter->handleRequest(null, Object(Config\Cache), false)
 5 FCPATH\index.php(55): CodeIgniter\CodeIgniter->run()
ERROR - 2023-01-13 20:42:00 --> mysqli_sql_exception: Unknown column 'calon_anggota.id_jurusan' in 'on clause' in D:\Coding\laragon\www\panelkopma\vendor\codeigniter4\framework\system\Database\MySQLi\Connection.php:292
Stack trace:
#0 D:\Coding\laragon\www\panelkopma\vendor\codeigniter4\framework\system\Database\MySQLi\Connection.php(292): mysqli->query('SELECT *\nFROM `...', 0)
#1 D:\Coding\laragon\www\panelkopma\vendor\codeigniter4\framework\system\Database\BaseConnection.php(693): CodeIgniter\Database\MySQLi\Connection->execute('SELECT *\nFROM `...')
#2 D:\Coding\laragon\www\panelkopma\vendor\codeigniter4\framework\system\Database\BaseConnection.php(620): CodeIgniter\Database\BaseConnection->simpleQuery('SELECT *\nFROM `...')
#3 D:\Coding\laragon\www\panelkopma\vendor\codeigniter4\framework\system\Database\BaseBuilder.php(1585): CodeIgniter\Database\BaseConnection->query('SELECT *\nFROM `...', Array, false)
#4 D:\Coding\laragon\www\panelkopma\app\Models\CalonModel.php(27): CodeIgniter\Database\BaseBuilder->get()
#5 D:\Coding\laragon\www\panelkopma\app\Controllers\Psda.php(383): App\Models\CalonModel->getCalonAnggota()
#6 D:\Coding\laragon\www\panelkopma\vendor\codeigniter4\framework\system\CodeIgniter.php(907): App\Controllers\Psda->download_calon()
#7 D:\Coding\laragon\www\panelkopma\vendor\codeigniter4\framework\system\CodeIgniter.php(457): CodeIgniter\CodeIgniter->runController(Object(App\Controllers\Psda))
#8 D:\Coding\laragon\www\panelkopma\vendor\codeigniter4\framework\system\CodeIgniter.php(340): CodeIgniter\CodeIgniter->handleRequest(NULL, Object(Config\Cache), false)
#9 D:\Coding\laragon\www\panelkopma\public\index.php(55): CodeIgniter\CodeIgniter->run()
#10 {main}
CRITICAL - 2023-01-13 20:42:00 --> Unknown column 'calon_anggota.id_jurusan' in 'on clause'
in SYSTEMPATH\Database\MySQLi\Connection.php on line 292.
 1 SYSTEMPATH\Database\MySQLi\Connection.php(292): mysqli->query('SELECT *
FROM `calon_anggota`
JOIN `jurusan` ON `calon_anggota`.`id_jurusan`=`jurusan`.`id_jurusan`
JOIN `fakultas` ON `jurusan`.`id_fakultas`=`fakultas`.`id_fakultas`', 0)
 2 SYSTEMPATH\Database\BaseConnection.php(693): CodeIgniter\Database\MySQLi\Connection->execute('SELECT *
FROM `calon_anggota`
JOIN `jurusan` ON `calon_anggota`.`id_jurusan`=`jurusan`.`id_jurusan`
JOIN `fakultas` ON `jurusan`.`id_fakultas`=`fakultas`.`id_fakultas`')
 3 SYSTEMPATH\Database\BaseConnection.php(620): CodeIgniter\Database\BaseConnection->simpleQuery('SELECT *
FROM `calon_anggota`
JOIN `jurusan` ON `calon_anggota`.`id_jurusan`=`jurusan`.`id_jurusan`
JOIN `fakultas` ON `jurusan`.`id_fakultas`=`fakultas`.`id_fakultas`')
 4 SYSTEMPATH\Database\BaseBuilder.php(1585): CodeIgniter\Database\BaseConnection->query('SELECT *
FROM `calon_anggota`
JOIN `jurusan` ON `calon_anggota`.`id_jurusan`=`jurusan`.`id_jurusan`
JOIN `fakultas` ON `jurusan`.`id_fakultas`=`fakultas`.`id_fakultas`', [], false)
 5 APPPATH\Models\CalonModel.php(27): CodeIgniter\Database\BaseBuilder->get()
 6 APPPATH\Controllers\Psda.php(383): App\Models\CalonModel->getCalonAnggota()
 7 SYSTEMPATH\CodeIgniter.php(907): App\Controllers\Psda->download_calon()
 8 SYSTEMPATH\CodeIgniter.php(457): CodeIgniter\CodeIgniter->runController(Object(App\Controllers\Psda))
 9 SYSTEMPATH\CodeIgniter.php(340): CodeIgniter\CodeIgniter->handleRequest(null, Object(Config\Cache), false)
10 FCPATH\index.php(55): CodeIgniter\CodeIgniter->run()
CRITICAL - 2023-01-13 20:42:48 --> Undefined index: nama_jurusan
in APPPATH\Controllers\Psda.php on line 407.
 1 APPPATH\Controllers\Psda.php(407): CodeIgniter\Debug\Exceptions->errorHandler(8, 'Undefined index: nama_jurusan', 'APPPATH\\Controllers\\Psda.php', 407, [...])
 2 SYSTEMPATH\CodeIgniter.php(907): App\Controllers\Psda->download_calon()
 3 SYSTEMPATH\CodeIgniter.php(457): CodeIgniter\CodeIgniter->runController(Object(App\Controllers\Psda))
 4 SYSTEMPATH\CodeIgniter.php(340): CodeIgniter\CodeIgniter->handleRequest(null, Object(Config\Cache), false)
 5 FCPATH\index.php(55): CodeIgniter\CodeIgniter->run()
CRITICAL - 2023-01-13 21:12:07 --> Deletes are not allowed unless they contain a "where" or "like" clause.
in SYSTEMPATH\Database\BaseBuilder.php on line 2367.
 1 SYSTEMPATH\Model.php(401): CodeIgniter\Database\BaseBuilder->delete()
 2 SYSTEMPATH\BaseModel.php(963): CodeIgniter\Model->doDelete(null, false)
 3 APPPATH\Controllers\Psda.php(450): CodeIgniter\BaseModel->delete()
 4 SYSTEMPATH\CodeIgniter.php(907): App\Controllers\Psda->reset_calon()
 5 SYSTEMPATH\CodeIgniter.php(457): CodeIgniter\CodeIgniter->runController(Object(App\Controllers\Psda))
 6 SYSTEMPATH\CodeIgniter.php(340): CodeIgniter\CodeIgniter->handleRequest(null, Object(Config\Cache), false)
 7 FCPATH\index.php(55): CodeIgniter\CodeIgniter->run()
