CRITICAL - 2022-09-13 11:21:24 --> Trying to access array offset on value of type null
in APPPATH\Views\dashboard\add_simpanan.php on line 26.
 1 APPPATH\Views\dashboard\add_simpanan.php(26): CodeIgniter\Debug\Exceptions->errorHandler(8, 'Trying to access array offset on value of type null', 'APPPATH\\Views\\dashboard\\add_simpanan.php', 26, [...])
 2 SYSTEMPATH\View\View.php(213): include('APPPATH\\Views\\dashboard\\add_simpanan.php')
 3 SYSTEMPATH\View\View.php(216): CodeIgniter\View\View->CodeIgniter\View\{closure}()
 4 SYSTEMPATH\Common.php(1135): CodeIgniter\View\View->render('dashboard/add_simpanan', [], true)
 5 APPPATH\Controllers\Dashboard.php(273): view('dashboard/add_simpanan', [...])
 6 SYSTEMPATH\CodeIgniter.php(896): App\Controllers\Dashboard->add_simpanan('FCPATH\\js', 'jsfunctions.js')
 7 SYSTEMPATH\CodeIgniter.php(466): CodeIgniter\CodeIgniter->runController(Object(App\Controllers\Dashboard))
 8 SYSTEMPATH\CodeIgniter.php(349): CodeIgniter\CodeIgniter->handleRequest(null, Object(Config\Cache), false)
 9 FCPATH\index.php(55): CodeIgniter\CodeIgniter->run()
10 SYSTEMPATH\Commands\Server\rewrite.php(43): require_once('FCPATH\\index.php')
CRITICAL - 2022-09-13 11:21:24 --> Trying to access array offset on value of type null
in APPPATH\Views\dashboard\add_simpanan.php on line 26.
 1 APPPATH\Views\dashboard\add_simpanan.php(26): CodeIgniter\Debug\Exceptions->errorHandler(8, 'Trying to access array offset on value of type null', 'APPPATH\\Views\\dashboard\\add_simpanan.php', 26, [...])
 2 SYSTEMPATH\View\View.php(213): include('APPPATH\\Views\\dashboard\\add_simpanan.php')
 3 SYSTEMPATH\View\View.php(216): CodeIgniter\View\View->CodeIgniter\View\{closure}()
 4 SYSTEMPATH\Common.php(1135): CodeIgniter\View\View->render('dashboard/add_simpanan', [], true)
 5 APPPATH\Controllers\Dashboard.php(273): view('dashboard/add_simpanan', [...])
 6 SYSTEMPATH\CodeIgniter.php(896): App\Controllers\Dashboard->add_simpanan('FCPATH\\js', 'qrcode.js')
 7 SYSTEMPATH\CodeIgniter.php(466): CodeIgniter\CodeIgniter->runController(Object(App\Controllers\Dashboard))
 8 SYSTEMPATH\CodeIgniter.php(349): CodeIgniter\CodeIgniter->handleRequest(null, Object(Config\Cache), false)
 9 FCPATH\index.php(55): CodeIgniter\CodeIgniter->run()
10 SYSTEMPATH\Commands\Server\rewrite.php(43): require_once('FCPATH\\index.php')
CRITICAL - 2022-09-13 11:57:14 --> Trying to access array offset on value of type null
in APPPATH\Views\dashboard\add_simpanan.php on line 26.
 1 APPPATH\Views\dashboard\add_simpanan.php(26): CodeIgniter\Debug\Exceptions->errorHandler(8, 'Trying to access array offset on value of type null', 'APPPATH\\Views\\dashboard\\add_simpanan.php', 26, [...])
 2 SYSTEMPATH\View\View.php(213): include('APPPATH\\Views\\dashboard\\add_simpanan.php')
 3 SYSTEMPATH\View\View.php(216): CodeIgniter\View\View->CodeIgniter\View\{closure}()
 4 SYSTEMPATH\Common.php(1135): CodeIgniter\View\View->render('dashboard/add_simpanan', [], true)
 5 APPPATH\Controllers\Dashboard.php(273): view('dashboard/add_simpanan', [...])
 6 SYSTEMPATH\CodeIgniter.php(896): App\Controllers\Dashboard->add_simpanan('FCPATH\\js', 'jsfunctions.js')
 7 SYSTEMPATH\CodeIgniter.php(466): CodeIgniter\CodeIgniter->runController(Object(App\Controllers\Dashboard))
 8 SYSTEMPATH\CodeIgniter.php(349): CodeIgniter\CodeIgniter->handleRequest(null, Object(Config\Cache), false)
 9 FCPATH\index.php(55): CodeIgniter\CodeIgniter->run()
10 SYSTEMPATH\Commands\Server\rewrite.php(43): require_once('FCPATH\\index.php')
CRITICAL - 2022-09-13 11:57:14 --> Trying to access array offset on value of type null
in APPPATH\Views\dashboard\add_simpanan.php on line 26.
 1 APPPATH\Views\dashboard\add_simpanan.php(26): CodeIgniter\Debug\Exceptions->errorHandler(8, 'Trying to access array offset on value of type null', 'APPPATH\\Views\\dashboard\\add_simpanan.php', 26, [...])
 2 SYSTEMPATH\View\View.php(213): include('APPPATH\\Views\\dashboard\\add_simpanan.php')
 3 SYSTEMPATH\View\View.php(216): CodeIgniter\View\View->CodeIgniter\View\{closure}()
 4 SYSTEMPATH\Common.php(1135): CodeIgniter\View\View->render('dashboard/add_simpanan', [], true)
 5 APPPATH\Controllers\Dashboard.php(273): view('dashboard/add_simpanan', [...])
 6 SYSTEMPATH\CodeIgniter.php(896): App\Controllers\Dashboard->add_simpanan('FCPATH\\js', 'qrcode.js')
 7 SYSTEMPATH\CodeIgniter.php(466): CodeIgniter\CodeIgniter->runController(Object(App\Controllers\Dashboard))
 8 SYSTEMPATH\CodeIgniter.php(349): CodeIgniter\CodeIgniter->handleRequest(null, Object(Config\Cache), false)
 9 FCPATH\index.php(55): CodeIgniter\CodeIgniter->run()
10 SYSTEMPATH\Commands\Server\rewrite.php(43): require_once('FCPATH\\index.php')
CRITICAL - 2022-09-13 11:57:15 --> Trying to access array offset on value of type null
in APPPATH\Views\dashboard\add_simpanan.php on line 26.
 1 APPPATH\Views\dashboard\add_simpanan.php(26): CodeIgniter\Debug\Exceptions->errorHandler(8, 'Trying to access array offset on value of type null', 'APPPATH\\Views\\dashboard\\add_simpanan.php', 26, [...])
 2 SYSTEMPATH\View\View.php(213): include('APPPATH\\Views\\dashboard\\add_simpanan.php')
 3 SYSTEMPATH\View\View.php(216): CodeIgniter\View\View->CodeIgniter\View\{closure}()
 4 SYSTEMPATH\Common.php(1135): CodeIgniter\View\View->render('dashboard/add_simpanan', [], true)
 5 APPPATH\Controllers\Dashboard.php(273): view('dashboard/add_simpanan', [...])
 6 SYSTEMPATH\CodeIgniter.php(896): App\Controllers\Dashboard->add_simpanan('data_simpanan')
 7 SYSTEMPATH\CodeIgniter.php(466): CodeIgniter\CodeIgniter->runController(Object(App\Controllers\Dashboard))
 8 SYSTEMPATH\CodeIgniter.php(349): CodeIgniter\CodeIgniter->handleRequest(null, Object(Config\Cache), false)
 9 FCPATH\index.php(55): CodeIgniter\CodeIgniter->run()
10 SYSTEMPATH\Commands\Server\rewrite.php(43): require_once('FCPATH\\index.php')
CRITICAL - 2022-09-13 11:57:56 --> Trying to access array offset on value of type null
in APPPATH\Views\dashboard\add_simpanan.php on line 26.
 1 APPPATH\Views\dashboard\add_simpanan.php(26): CodeIgniter\Debug\Exceptions->errorHandler(8, 'Trying to access array offset on value of type null', 'APPPATH\\Views\\dashboard\\add_simpanan.php', 26, [...])
 2 SYSTEMPATH\View\View.php(213): include('APPPATH\\Views\\dashboard\\add_simpanan.php')
 3 SYSTEMPATH\View\View.php(216): CodeIgniter\View\View->CodeIgniter\View\{closure}()
 4 SYSTEMPATH\Common.php(1135): CodeIgniter\View\View->render('dashboard/add_simpanan', [], true)
 5 APPPATH\Controllers\Dashboard.php(273): view('dashboard/add_simpanan', [...])
 6 SYSTEMPATH\CodeIgniter.php(896): App\Controllers\Dashboard->add_simpanan('1795', 'Kopma_Ul', '19')
 7 SYSTEMPATH\CodeIgniter.php(466): CodeIgniter\CodeIgniter->runController(Object(App\Controllers\Dashboard))
 8 SYSTEMPATH\CodeIgniter.php(349): CodeIgniter\CodeIgniter->handleRequest(null, Object(Config\Cache), false)
 9 FCPATH\index.php(55): CodeIgniter\CodeIgniter->run()
10 SYSTEMPATH\Commands\Server\rewrite.php(43): require_once('FCPATH\\index.php')
CRITICAL - 2022-09-13 11:58:37 --> Trying to access array offset on value of type null
in APPPATH\Views\dashboard\add_simpanan.php on line 26.
 1 APPPATH\Views\dashboard\add_simpanan.php(26): CodeIgniter\Debug\Exceptions->errorHandler(8, 'Trying to access array offset on value of type null', 'APPPATH\\Views\\dashboard\\add_simpanan.php', 26, [...])
 2 SYSTEMPATH\View\View.php(213): include('APPPATH\\Views\\dashboard\\add_simpanan.php')
 3 SYSTEMPATH\View\View.php(216): CodeIgniter\View\View->CodeIgniter\View\{closure}()
 4 SYSTEMPATH\Common.php(1135): CodeIgniter\View\View->render('dashboard/add_simpanan', [], true)
 5 APPPATH\Controllers\Dashboard.php(273): view('dashboard/add_simpanan', [...])
 6 SYSTEMPATH\CodeIgniter.php(896): App\Controllers\Dashboard->add_simpanan('1795', 'Kopma_Ul', '19')
 7 SYSTEMPATH\CodeIgniter.php(466): CodeIgniter\CodeIgniter->runController(Object(App\Controllers\Dashboard))
 8 SYSTEMPATH\CodeIgniter.php(349): CodeIgniter\CodeIgniter->handleRequest(null, Object(Config\Cache), false)
 9 FCPATH\index.php(55): CodeIgniter\CodeIgniter->run()
10 SYSTEMPATH\Commands\Server\rewrite.php(43): require_once('FCPATH\\index.php')
CRITICAL - 2022-09-13 11:58:41 --> Trying to access array offset on value of type null
in APPPATH\Views\dashboard\add_simpanan.php on line 26.
 1 APPPATH\Views\dashboard\add_simpanan.php(26): CodeIgniter\Debug\Exceptions->errorHandler(8, 'Trying to access array offset on value of type null', 'APPPATH\\Views\\dashboard\\add_simpanan.php', 26, [...])
 2 SYSTEMPATH\View\View.php(213): include('APPPATH\\Views\\dashboard\\add_simpanan.php')
 3 SYSTEMPATH\View\View.php(216): CodeIgniter\View\View->CodeIgniter\View\{closure}()
 4 SYSTEMPATH\Common.php(1135): CodeIgniter\View\View->render('dashboard/add_simpanan', [], true)
 5 APPPATH\Controllers\Dashboard.php(273): view('dashboard/add_simpanan', [...])
 6 SYSTEMPATH\CodeIgniter.php(896): App\Controllers\Dashboard->add_simpanan('FCPATH\\js', 'jsfunctions.js')
 7 SYSTEMPATH\CodeIgniter.php(466): CodeIgniter\CodeIgniter->runController(Object(App\Controllers\Dashboard))
 8 SYSTEMPATH\CodeIgniter.php(349): CodeIgniter\CodeIgniter->handleRequest(null, Object(Config\Cache), false)
 9 FCPATH\index.php(55): CodeIgniter\CodeIgniter->run()
10 SYSTEMPATH\Commands\Server\rewrite.php(43): require_once('FCPATH\\index.php')
CRITICAL - 2022-09-13 11:58:41 --> Trying to access array offset on value of type null
in APPPATH\Views\dashboard\add_simpanan.php on line 26.
 1 APPPATH\Views\dashboard\add_simpanan.php(26): CodeIgniter\Debug\Exceptions->errorHandler(8, 'Trying to access array offset on value of type null', 'APPPATH\\Views\\dashboard\\add_simpanan.php', 26, [...])
 2 SYSTEMPATH\View\View.php(213): include('APPPATH\\Views\\dashboard\\add_simpanan.php')
 3 SYSTEMPATH\View\View.php(216): CodeIgniter\View\View->CodeIgniter\View\{closure}()
 4 SYSTEMPATH\Common.php(1135): CodeIgniter\View\View->render('dashboard/add_simpanan', [], true)
 5 APPPATH\Controllers\Dashboard.php(273): view('dashboard/add_simpanan', [...])
 6 SYSTEMPATH\CodeIgniter.php(896): App\Controllers\Dashboard->add_simpanan('FCPATH\\js', 'qrcode.js')
 7 SYSTEMPATH\CodeIgniter.php(466): CodeIgniter\CodeIgniter->runController(Object(App\Controllers\Dashboard))
 8 SYSTEMPATH\CodeIgniter.php(349): CodeIgniter\CodeIgniter->handleRequest(null, Object(Config\Cache), false)
 9 FCPATH\index.php(55): CodeIgniter\CodeIgniter->run()
10 SYSTEMPATH\Commands\Server\rewrite.php(43): require_once('FCPATH\\index.php')
CRITICAL - 2022-09-13 12:09:44 --> Trying to access array offset on value of type null
in APPPATH\Views\dashboard\add_simpanan.php on line 26.
 1 APPPATH\Views\dashboard\add_simpanan.php(26): CodeIgniter\Debug\Exceptions->errorHandler(8, 'Trying to access array offset on value of type null', 'APPPATH\\Views\\dashboard\\add_simpanan.php', 26, [...])
 2 SYSTEMPATH\View\View.php(213): include('APPPATH\\Views\\dashboard\\add_simpanan.php')
 3 SYSTEMPATH\View\View.php(216): CodeIgniter\View\View->CodeIgniter\View\{closure}()
 4 SYSTEMPATH\Common.php(1135): CodeIgniter\View\View->render('dashboard/add_simpanan', [], true)
 5 APPPATH\Controllers\Dashboard.php(274): view('dashboard/add_simpanan', [...])
 6 SYSTEMPATH\CodeIgniter.php(896): App\Controllers\Dashboard->add_simpanan('FCPATH\\js', 'jsfunctions.js')
 7 SYSTEMPATH\CodeIgniter.php(466): CodeIgniter\CodeIgniter->runController(Object(App\Controllers\Dashboard))
 8 SYSTEMPATH\CodeIgniter.php(349): CodeIgniter\CodeIgniter->handleRequest(null, Object(Config\Cache), false)
 9 FCPATH\index.php(55): CodeIgniter\CodeIgniter->run()
10 SYSTEMPATH\Commands\Server\rewrite.php(43): require_once('FCPATH\\index.php')
CRITICAL - 2022-09-13 12:09:44 --> Trying to access array offset on value of type null
in APPPATH\Views\dashboard\add_simpanan.php on line 26.
 1 APPPATH\Views\dashboard\add_simpanan.php(26): CodeIgniter\Debug\Exceptions->errorHandler(8, 'Trying to access array offset on value of type null', 'APPPATH\\Views\\dashboard\\add_simpanan.php', 26, [...])
 2 SYSTEMPATH\View\View.php(213): include('APPPATH\\Views\\dashboard\\add_simpanan.php')
 3 SYSTEMPATH\View\View.php(216): CodeIgniter\View\View->CodeIgniter\View\{closure}()
 4 SYSTEMPATH\Common.php(1135): CodeIgniter\View\View->render('dashboard/add_simpanan', [], true)
 5 APPPATH\Controllers\Dashboard.php(274): view('dashboard/add_simpanan', [...])
 6 SYSTEMPATH\CodeIgniter.php(896): App\Controllers\Dashboard->add_simpanan('FCPATH\\js', 'qrcode.js')
 7 SYSTEMPATH\CodeIgniter.php(466): CodeIgniter\CodeIgniter->runController(Object(App\Controllers\Dashboard))
 8 SYSTEMPATH\CodeIgniter.php(349): CodeIgniter\CodeIgniter->handleRequest(null, Object(Config\Cache), false)
 9 FCPATH\index.php(55): CodeIgniter\CodeIgniter->run()
10 SYSTEMPATH\Commands\Server\rewrite.php(43): require_once('FCPATH\\index.php')
CRITICAL - 2022-09-13 12:09:48 --> Trying to access array offset on value of type null
in APPPATH\Views\dashboard\add_simpanan.php on line 26.
 1 APPPATH\Views\dashboard\add_simpanan.php(26): CodeIgniter\Debug\Exceptions->errorHandler(8, 'Trying to access array offset on value of type null', 'APPPATH\\Views\\dashboard\\add_simpanan.php', 26, [...])
 2 SYSTEMPATH\View\View.php(213): include('APPPATH\\Views\\dashboard\\add_simpanan.php')
 3 SYSTEMPATH\View\View.php(216): CodeIgniter\View\View->CodeIgniter\View\{closure}()
 4 SYSTEMPATH\Common.php(1135): CodeIgniter\View\View->render('dashboard/add_simpanan', [], true)
 5 APPPATH\Controllers\Dashboard.php(274): view('dashboard/add_simpanan', [...])
 6 SYSTEMPATH\CodeIgniter.php(896): App\Controllers\Dashboard->add_simpanan('save_kegiatan')
 7 SYSTEMPATH\CodeIgniter.php(466): CodeIgniter\CodeIgniter->runController(Object(App\Controllers\Dashboard))
 8 SYSTEMPATH\CodeIgniter.php(349): CodeIgniter\CodeIgniter->handleRequest(null, Object(Config\Cache), false)
 9 FCPATH\index.php(55): CodeIgniter\CodeIgniter->run()
10 SYSTEMPATH\Commands\Server\rewrite.php(43): require_once('FCPATH\\index.php')
CRITICAL - 2022-09-13 12:10:37 --> Undefined variable: nama
in APPPATH\Views\dashboard\add_simpanan.php on line 26.
 1 APPPATH\Views\dashboard\add_simpanan.php(26): CodeIgniter\Debug\Exceptions->errorHandler(8, 'Undefined variable: nama', 'APPPATH\\Views\\dashboard\\add_simpanan.php', 26, [...])
 2 SYSTEMPATH\View\View.php(213): include('APPPATH\\Views\\dashboard\\add_simpanan.php')
 3 SYSTEMPATH\View\View.php(216): CodeIgniter\View\View->CodeIgniter\View\{closure}()
 4 SYSTEMPATH\Common.php(1135): CodeIgniter\View\View->render('dashboard/add_simpanan', [], true)
 5 APPPATH\Controllers\Dashboard.php(274): view('dashboard/add_simpanan', [...])
 6 SYSTEMPATH\CodeIgniter.php(896): App\Controllers\Dashboard->add_simpanan('save_kegiatan')
 7 SYSTEMPATH\CodeIgniter.php(466): CodeIgniter\CodeIgniter->runController(Object(App\Controllers\Dashboard))
 8 SYSTEMPATH\CodeIgniter.php(349): CodeIgniter\CodeIgniter->handleRequest(null, Object(Config\Cache), false)
 9 FCPATH\index.php(55): CodeIgniter\CodeIgniter->run()
10 SYSTEMPATH\Commands\Server\rewrite.php(43): require_once('FCPATH\\index.php')
ERROR - 2022-09-13 12:11:35 --> Column 'nama_kegiatan' cannot be null
CRITICAL - 2022-09-13 12:11:35 --> Column 'nama_kegiatan' cannot be null
in SYSTEMPATH\Database\MySQLi\Connection.php on line 292.
 1 SYSTEMPATH\Database\MySQLi\Connection.php(292): mysqli->query('INSERT INTO `data_kegiatan` (`id_kegiatan`, `nama_kegiatan`, `tanggal_kegiatan`, `tempat_kegiatan`) VALUES (5473, NULL, NULL, NULL)', 0)
 2 SYSTEMPATH\Database\BaseConnection.php(695): CodeIgniter\Database\MySQLi\Connection->execute('INSERT INTO `data_kegiatan` (`id_kegiatan`, `nama_kegiatan`, `tanggal_kegiatan`, `tempat_kegiatan`) VALUES (5473, NULL, NULL, NULL)')
 3 SYSTEMPATH\Database\BaseConnection.php(609): CodeIgniter\Database\BaseConnection->simpleQuery('INSERT INTO `data_kegiatan` (`id_kegiatan`, `nama_kegiatan`, `tanggal_kegiatan`, `tempat_kegiatan`) VALUES (5473, NULL, NULL, NULL)')
 4 SYSTEMPATH\Database\BaseBuilder.php(1904): CodeIgniter\Database\BaseConnection->query('INSERT INTO `data_kegiatan` (`id_kegiatan`, `nama_kegiatan`, `tanggal_kegiatan`, `tempat_kegiatan`) VALUES (:id_kegiatan.1:, :nama_kegiatan:, :tanggal_kegiatan:, :tempat_kegiatan:)', [...], false)
 5 SYSTEMPATH\Model.php(278): CodeIgniter\Database\BaseBuilder->insert()
 6 SYSTEMPATH\BaseModel.php(738): CodeIgniter\Model->doInsert([...])
 7 SYSTEMPATH\Model.php(666): CodeIgniter\BaseModel->insert([...], false)
 8 SYSTEMPATH\BaseModel.php(658): CodeIgniter\Model->insert([...], false)
 9 APPPATH\Controllers\Dashboard.php(161): CodeIgniter\BaseModel->save([...])
10 SYSTEMPATH\CodeIgniter.php(896): App\Controllers\Dashboard->save_kegiatan()
11 SYSTEMPATH\CodeIgniter.php(466): CodeIgniter\CodeIgniter->runController(Object(App\Controllers\Dashboard))
12 SYSTEMPATH\CodeIgniter.php(349): CodeIgniter\CodeIgniter->handleRequest(null, Object(Config\Cache), false)
13 FCPATH\index.php(55): CodeIgniter\CodeIgniter->run()
14 SYSTEMPATH\Commands\Server\rewrite.php(43): require_once('FCPATH\\index.php')
CRITICAL - 2022-09-13 12:11:43 --> Array to string conversion
in APPPATH\Views\dashboard\add_simpanan.php on line 26.
 1 APPPATH\Views\dashboard\add_simpanan.php(26): CodeIgniter\Debug\Exceptions->errorHandler(8, 'Array to string conversion', 'APPPATH\\Views\\dashboard\\add_simpanan.php', 26, [...])
 2 SYSTEMPATH\View\View.php(213): include('APPPATH\\Views\\dashboard\\add_simpanan.php')
 3 SYSTEMPATH\View\View.php(216): CodeIgniter\View\View->CodeIgniter\View\{closure}()
 4 SYSTEMPATH\Common.php(1135): CodeIgniter\View\View->render('dashboard/add_simpanan', [], true)
 5 APPPATH\Controllers\Dashboard.php(274): view('dashboard/add_simpanan', [...])
 6 SYSTEMPATH\CodeIgniter.php(896): App\Controllers\Dashboard->add_simpanan('1911031005')
 7 SYSTEMPATH\CodeIgniter.php(466): CodeIgniter\CodeIgniter->runController(Object(App\Controllers\Dashboard))
 8 SYSTEMPATH\CodeIgniter.php(349): CodeIgniter\CodeIgniter->handleRequest(null, Object(Config\Cache), false)
 9 FCPATH\index.php(55): CodeIgniter\CodeIgniter->run()
10 SYSTEMPATH\Commands\Server\rewrite.php(43): require_once('FCPATH\\index.php')
CRITICAL - 2022-09-13 12:11:52 --> Array to string conversion
in APPPATH\Views\dashboard\add_simpanan.php on line 26.
 1 APPPATH\Views\dashboard\add_simpanan.php(26): CodeIgniter\Debug\Exceptions->errorHandler(8, 'Array to string conversion', 'APPPATH\\Views\\dashboard\\add_simpanan.php', 26, [...])
 2 SYSTEMPATH\View\View.php(213): include('APPPATH\\Views\\dashboard\\add_simpanan.php')
 3 SYSTEMPATH\View\View.php(216): CodeIgniter\View\View->CodeIgniter\View\{closure}()
 4 SYSTEMPATH\Common.php(1135): CodeIgniter\View\View->render('dashboard/add_simpanan', [], true)
 5 APPPATH\Controllers\Dashboard.php(274): view('dashboard/add_simpanan', [...])
 6 SYSTEMPATH\CodeIgniter.php(896): App\Controllers\Dashboard->add_simpanan('1911031005')
 7 SYSTEMPATH\CodeIgniter.php(466): CodeIgniter\CodeIgniter->runController(Object(App\Controllers\Dashboard))
 8 SYSTEMPATH\CodeIgniter.php(349): CodeIgniter\CodeIgniter->handleRequest(null, Object(Config\Cache), false)
 9 FCPATH\index.php(55): CodeIgniter\CodeIgniter->run()
10 SYSTEMPATH\Commands\Server\rewrite.php(43): require_once('FCPATH\\index.php')
CRITICAL - 2022-09-13 12:12:11 --> Trying to access array offset on value of type null
in APPPATH\Views\dashboard\add_simpanan.php on line 26.
 1 APPPATH\Views\dashboard\add_simpanan.php(26): CodeIgniter\Debug\Exceptions->errorHandler(8, 'Trying to access array offset on value of type null', 'APPPATH\\Views\\dashboard\\add_simpanan.php', 26, [...])
 2 SYSTEMPATH\View\View.php(213): include('APPPATH\\Views\\dashboard\\add_simpanan.php')
 3 SYSTEMPATH\View\View.php(216): CodeIgniter\View\View->CodeIgniter\View\{closure}()
 4 SYSTEMPATH\Common.php(1135): CodeIgniter\View\View->render('dashboard/add_simpanan', [], true)
 5 APPPATH\Controllers\Dashboard.php(274): view('dashboard/add_simpanan', [...])
 6 SYSTEMPATH\CodeIgniter.php(896): App\Controllers\Dashboard->add_simpanan('FCPATH\\js', 'jsfunctions.js')
 7 SYSTEMPATH\CodeIgniter.php(466): CodeIgniter\CodeIgniter->runController(Object(App\Controllers\Dashboard))
 8 SYSTEMPATH\CodeIgniter.php(349): CodeIgniter\CodeIgniter->handleRequest(null, Object(Config\Cache), false)
 9 FCPATH\index.php(55): CodeIgniter\CodeIgniter->run()
10 SYSTEMPATH\Commands\Server\rewrite.php(43): require_once('FCPATH\\index.php')
CRITICAL - 2022-09-13 12:12:12 --> Trying to access array offset on value of type null
in APPPATH\Views\dashboard\add_simpanan.php on line 26.
 1 APPPATH\Views\dashboard\add_simpanan.php(26): CodeIgniter\Debug\Exceptions->errorHandler(8, 'Trying to access array offset on value of type null', 'APPPATH\\Views\\dashboard\\add_simpanan.php', 26, [...])
 2 SYSTEMPATH\View\View.php(213): include('APPPATH\\Views\\dashboard\\add_simpanan.php')
 3 SYSTEMPATH\View\View.php(216): CodeIgniter\View\View->CodeIgniter\View\{closure}()
 4 SYSTEMPATH\Common.php(1135): CodeIgniter\View\View->render('dashboard/add_simpanan', [], true)
 5 APPPATH\Controllers\Dashboard.php(274): view('dashboard/add_simpanan', [...])
 6 SYSTEMPATH\CodeIgniter.php(896): App\Controllers\Dashboard->add_simpanan('FCPATH\\js', 'qrcode.js')
 7 SYSTEMPATH\CodeIgniter.php(466): CodeIgniter\CodeIgniter->runController(Object(App\Controllers\Dashboard))
 8 SYSTEMPATH\CodeIgniter.php(349): CodeIgniter\CodeIgniter->handleRequest(null, Object(Config\Cache), false)
 9 FCPATH\index.php(55): CodeIgniter\CodeIgniter->run()
10 SYSTEMPATH\Commands\Server\rewrite.php(43): require_once('FCPATH\\index.php')
ERROR - 2022-09-13 12:12:17 --> Column 'nama_kegiatan' cannot be null
CRITICAL - 2022-09-13 12:12:17 --> Column 'nama_kegiatan' cannot be null
in SYSTEMPATH\Database\MySQLi\Connection.php on line 292.
 1 SYSTEMPATH\Database\MySQLi\Connection.php(292): mysqli->query('INSERT INTO `data_kegiatan` (`id_kegiatan`, `nama_kegiatan`, `tanggal_kegiatan`, `tempat_kegiatan`) VALUES (5178, NULL, NULL, NULL)', 0)
 2 SYSTEMPATH\Database\BaseConnection.php(695): CodeIgniter\Database\MySQLi\Connection->execute('INSERT INTO `data_kegiatan` (`id_kegiatan`, `nama_kegiatan`, `tanggal_kegiatan`, `tempat_kegiatan`) VALUES (5178, NULL, NULL, NULL)')
 3 SYSTEMPATH\Database\BaseConnection.php(609): CodeIgniter\Database\BaseConnection->simpleQuery('INSERT INTO `data_kegiatan` (`id_kegiatan`, `nama_kegiatan`, `tanggal_kegiatan`, `tempat_kegiatan`) VALUES (5178, NULL, NULL, NULL)')
 4 SYSTEMPATH\Database\BaseBuilder.php(1904): CodeIgniter\Database\BaseConnection->query('INSERT INTO `data_kegiatan` (`id_kegiatan`, `nama_kegiatan`, `tanggal_kegiatan`, `tempat_kegiatan`) VALUES (:id_kegiatan.1:, :nama_kegiatan:, :tanggal_kegiatan:, :tempat_kegiatan:)', [...], false)
 5 SYSTEMPATH\Model.php(278): CodeIgniter\Database\BaseBuilder->insert()
 6 SYSTEMPATH\BaseModel.php(738): CodeIgniter\Model->doInsert([...])
 7 SYSTEMPATH\Model.php(666): CodeIgniter\BaseModel->insert([...], false)
 8 SYSTEMPATH\BaseModel.php(658): CodeIgniter\Model->insert([...], false)
 9 APPPATH\Controllers\Dashboard.php(161): CodeIgniter\BaseModel->save([...])
10 SYSTEMPATH\CodeIgniter.php(896): App\Controllers\Dashboard->save_kegiatan()
11 SYSTEMPATH\CodeIgniter.php(466): CodeIgniter\CodeIgniter->runController(Object(App\Controllers\Dashboard))
12 SYSTEMPATH\CodeIgniter.php(349): CodeIgniter\CodeIgniter->handleRequest(null, Object(Config\Cache), false)
13 FCPATH\index.php(55): CodeIgniter\CodeIgniter->run()
14 SYSTEMPATH\Commands\Server\rewrite.php(43): require_once('FCPATH\\index.php')
ERROR - 2022-09-13 12:12:47 --> Column 'nama_kegiatan' cannot be null
CRITICAL - 2022-09-13 12:12:47 --> Column 'nama_kegiatan' cannot be null
in SYSTEMPATH\Database\MySQLi\Connection.php on line 292.
 1 SYSTEMPATH\Database\MySQLi\Connection.php(292): mysqli->query('INSERT INTO `data_kegiatan` (`id_kegiatan`, `nama_kegiatan`, `tanggal_kegiatan`, `tempat_kegiatan`) VALUES (3973, NULL, NULL, NULL)', 0)
 2 SYSTEMPATH\Database\BaseConnection.php(695): CodeIgniter\Database\MySQLi\Connection->execute('INSERT INTO `data_kegiatan` (`id_kegiatan`, `nama_kegiatan`, `tanggal_kegiatan`, `tempat_kegiatan`) VALUES (3973, NULL, NULL, NULL)')
 3 SYSTEMPATH\Database\BaseConnection.php(609): CodeIgniter\Database\BaseConnection->simpleQuery('INSERT INTO `data_kegiatan` (`id_kegiatan`, `nama_kegiatan`, `tanggal_kegiatan`, `tempat_kegiatan`) VALUES (3973, NULL, NULL, NULL)')
 4 SYSTEMPATH\Database\BaseBuilder.php(1904): CodeIgniter\Database\BaseConnection->query('INSERT INTO `data_kegiatan` (`id_kegiatan`, `nama_kegiatan`, `tanggal_kegiatan`, `tempat_kegiatan`) VALUES (:id_kegiatan.1:, :nama_kegiatan:, :tanggal_kegiatan:, :tempat_kegiatan:)', [...], false)
 5 SYSTEMPATH\Model.php(278): CodeIgniter\Database\BaseBuilder->insert()
 6 SYSTEMPATH\BaseModel.php(738): CodeIgniter\Model->doInsert([...])
 7 SYSTEMPATH\Model.php(666): CodeIgniter\BaseModel->insert([...], false)
 8 SYSTEMPATH\BaseModel.php(658): CodeIgniter\Model->insert([...], false)
 9 APPPATH\Controllers\Dashboard.php(161): CodeIgniter\BaseModel->save([...])
10 SYSTEMPATH\CodeIgniter.php(896): App\Controllers\Dashboard->save_kegiatan()
11 SYSTEMPATH\CodeIgniter.php(466): CodeIgniter\CodeIgniter->runController(Object(App\Controllers\Dashboard))
12 SYSTEMPATH\CodeIgniter.php(349): CodeIgniter\CodeIgniter->handleRequest(null, Object(Config\Cache), false)
13 FCPATH\index.php(55): CodeIgniter\CodeIgniter->run()
14 SYSTEMPATH\Commands\Server\rewrite.php(43): require_once('FCPATH\\index.php')
CRITICAL - 2022-09-13 12:12:51 --> Trying to access array offset on value of type null
in APPPATH\Views\dashboard\add_simpanan.php on line 26.
 1 APPPATH\Views\dashboard\add_simpanan.php(26): CodeIgniter\Debug\Exceptions->errorHandler(8, 'Trying to access array offset on value of type null', 'APPPATH\\Views\\dashboard\\add_simpanan.php', 26, [...])
 2 SYSTEMPATH\View\View.php(213): include('APPPATH\\Views\\dashboard\\add_simpanan.php')
 3 SYSTEMPATH\View\View.php(216): CodeIgniter\View\View->CodeIgniter\View\{closure}()
 4 SYSTEMPATH\Common.php(1135): CodeIgniter\View\View->render('dashboard/add_simpanan', [], true)
 5 APPPATH\Controllers\Dashboard.php(274): view('dashboard/add_simpanan', [...])
 6 SYSTEMPATH\CodeIgniter.php(896): App\Controllers\Dashboard->add_simpanan('FCPATH\\js', 'jsfunctions.js')
 7 SYSTEMPATH\CodeIgniter.php(466): CodeIgniter\CodeIgniter->runController(Object(App\Controllers\Dashboard))
 8 SYSTEMPATH\CodeIgniter.php(349): CodeIgniter\CodeIgniter->handleRequest(null, Object(Config\Cache), false)
 9 FCPATH\index.php(55): CodeIgniter\CodeIgniter->run()
10 SYSTEMPATH\Commands\Server\rewrite.php(43): require_once('FCPATH\\index.php')
CRITICAL - 2022-09-13 12:12:51 --> Trying to access array offset on value of type null
in APPPATH\Views\dashboard\add_simpanan.php on line 26.
 1 APPPATH\Views\dashboard\add_simpanan.php(26): CodeIgniter\Debug\Exceptions->errorHandler(8, 'Trying to access array offset on value of type null', 'APPPATH\\Views\\dashboard\\add_simpanan.php', 26, [...])
 2 SYSTEMPATH\View\View.php(213): include('APPPATH\\Views\\dashboard\\add_simpanan.php')
 3 SYSTEMPATH\View\View.php(216): CodeIgniter\View\View->CodeIgniter\View\{closure}()
 4 SYSTEMPATH\Common.php(1135): CodeIgniter\View\View->render('dashboard/add_simpanan', [], true)
 5 APPPATH\Controllers\Dashboard.php(274): view('dashboard/add_simpanan', [...])
 6 SYSTEMPATH\CodeIgniter.php(896): App\Controllers\Dashboard->add_simpanan('FCPATH\\js', 'qrcode.js')
 7 SYSTEMPATH\CodeIgniter.php(466): CodeIgniter\CodeIgniter->runController(Object(App\Controllers\Dashboard))
 8 SYSTEMPATH\CodeIgniter.php(349): CodeIgniter\CodeIgniter->handleRequest(null, Object(Config\Cache), false)
 9 FCPATH\index.php(55): CodeIgniter\CodeIgniter->run()
10 SYSTEMPATH\Commands\Server\rewrite.php(43): require_once('FCPATH\\index.php')
CRITICAL - 2022-09-13 12:12:54 --> Too few arguments to function App\Controllers\Dashboard::add_simpanan(), 0 passed in D:\Coding\XAMMP 7.4\htdocs\panelkopma\vendor\codeigniter4\framework\system\CodeIgniter.php on line 896 and exactly 1 expected
in APPPATH\Controllers\Dashboard.php on line 265.
 1 SYSTEMPATH\CodeIgniter.php(896): App\Controllers\Dashboard->add_simpanan()
 2 SYSTEMPATH\CodeIgniter.php(466): CodeIgniter\CodeIgniter->runController(Object(App\Controllers\Dashboard))
 3 SYSTEMPATH\CodeIgniter.php(349): CodeIgniter\CodeIgniter->handleRequest(null, Object(Config\Cache), false)
 4 FCPATH\index.php(55): CodeIgniter\CodeIgniter->run()
 5 SYSTEMPATH\Commands\Server\rewrite.php(43): require_once('FCPATH\\index.php')
CRITICAL - 2022-09-13 12:14:26 --> Too few arguments to function App\Controllers\Dashboard::add_simpanan(), 0 passed in D:\Coding\XAMMP 7.4\htdocs\panelkopma\vendor\codeigniter4\framework\system\CodeIgniter.php on line 896 and exactly 1 expected
in APPPATH\Controllers\Dashboard.php on line 265.
 1 SYSTEMPATH\CodeIgniter.php(896): App\Controllers\Dashboard->add_simpanan()
 2 SYSTEMPATH\CodeIgniter.php(466): CodeIgniter\CodeIgniter->runController(Object(App\Controllers\Dashboard))
 3 SYSTEMPATH\CodeIgniter.php(349): CodeIgniter\CodeIgniter->handleRequest(null, Object(Config\Cache), false)
 4 FCPATH\index.php(55): CodeIgniter\CodeIgniter->run()
 5 SYSTEMPATH\Commands\Server\rewrite.php(43): require_once('FCPATH\\index.php')
CRITICAL - 2022-09-13 12:14:42 --> Trying to access array offset on value of type null
in APPPATH\Views\dashboard\add_simpanan.php on line 26.
 1 APPPATH\Views\dashboard\add_simpanan.php(26): CodeIgniter\Debug\Exceptions->errorHandler(8, 'Trying to access array offset on value of type null', 'APPPATH\\Views\\dashboard\\add_simpanan.php', 26, [...])
 2 SYSTEMPATH\View\View.php(213): include('APPPATH\\Views\\dashboard\\add_simpanan.php')
 3 SYSTEMPATH\View\View.php(216): CodeIgniter\View\View->CodeIgniter\View\{closure}()
 4 SYSTEMPATH\Common.php(1135): CodeIgniter\View\View->render('dashboard/add_simpanan', [], true)
 5 APPPATH\Controllers\Dashboard.php(274): view('dashboard/add_simpanan', [...])
 6 SYSTEMPATH\CodeIgniter.php(896): App\Controllers\Dashboard->add_simpanan('FCPATH\\js', 'jsfunctions.js')
 7 SYSTEMPATH\CodeIgniter.php(466): CodeIgniter\CodeIgniter->runController(Object(App\Controllers\Dashboard))
 8 SYSTEMPATH\CodeIgniter.php(349): CodeIgniter\CodeIgniter->handleRequest(null, Object(Config\Cache), false)
 9 FCPATH\index.php(55): CodeIgniter\CodeIgniter->run()
10 SYSTEMPATH\Commands\Server\rewrite.php(43): require_once('FCPATH\\index.php')
CRITICAL - 2022-09-13 12:14:42 --> Trying to access array offset on value of type null
in APPPATH\Views\dashboard\add_simpanan.php on line 26.
 1 APPPATH\Views\dashboard\add_simpanan.php(26): CodeIgniter\Debug\Exceptions->errorHandler(8, 'Trying to access array offset on value of type null', 'APPPATH\\Views\\dashboard\\add_simpanan.php', 26, [...])
 2 SYSTEMPATH\View\View.php(213): include('APPPATH\\Views\\dashboard\\add_simpanan.php')
 3 SYSTEMPATH\View\View.php(216): CodeIgniter\View\View->CodeIgniter\View\{closure}()
 4 SYSTEMPATH\Common.php(1135): CodeIgniter\View\View->render('dashboard/add_simpanan', [], true)
 5 APPPATH\Controllers\Dashboard.php(274): view('dashboard/add_simpanan', [...])
 6 SYSTEMPATH\CodeIgniter.php(896): App\Controllers\Dashboard->add_simpanan('FCPATH\\js', 'qrcode.js')
 7 SYSTEMPATH\CodeIgniter.php(466): CodeIgniter\CodeIgniter->runController(Object(App\Controllers\Dashboard))
 8 SYSTEMPATH\CodeIgniter.php(349): CodeIgniter\CodeIgniter->handleRequest(null, Object(Config\Cache), false)
 9 FCPATH\index.php(55): CodeIgniter\CodeIgniter->run()
10 SYSTEMPATH\Commands\Server\rewrite.php(43): require_once('FCPATH\\index.php')
CRITICAL - 2022-09-13 12:15:29 --> Trying to access array offset on value of type null
in APPPATH\Views\dashboard\add_simpanan.php on line 26.
 1 APPPATH\Views\dashboard\add_simpanan.php(26): CodeIgniter\Debug\Exceptions->errorHandler(8, 'Trying to access array offset on value of type null', 'APPPATH\\Views\\dashboard\\add_simpanan.php', 26, [...])
 2 SYSTEMPATH\View\View.php(213): include('APPPATH\\Views\\dashboard\\add_simpanan.php')
 3 SYSTEMPATH\View\View.php(216): CodeIgniter\View\View->CodeIgniter\View\{closure}()
 4 SYSTEMPATH\Common.php(1135): CodeIgniter\View\View->render('dashboard/add_simpanan', [], true)
 5 APPPATH\Controllers\Dashboard.php(274): view('dashboard/add_simpanan', [...])
 6 SYSTEMPATH\CodeIgniter.php(896): App\Controllers\Dashboard->add_simpanan('FCPATH\\js', 'jsfunctions.js')
 7 SYSTEMPATH\CodeIgniter.php(466): CodeIgniter\CodeIgniter->runController(Object(App\Controllers\Dashboard))
 8 SYSTEMPATH\CodeIgniter.php(349): CodeIgniter\CodeIgniter->handleRequest(null, Object(Config\Cache), false)
 9 FCPATH\index.php(55): CodeIgniter\CodeIgniter->run()
10 SYSTEMPATH\Commands\Server\rewrite.php(43): require_once('FCPATH\\index.php')
CRITICAL - 2022-09-13 12:15:29 --> Trying to access array offset on value of type null
in APPPATH\Views\dashboard\add_simpanan.php on line 26.
 1 APPPATH\Views\dashboard\add_simpanan.php(26): CodeIgniter\Debug\Exceptions->errorHandler(8, 'Trying to access array offset on value of type null', 'APPPATH\\Views\\dashboard\\add_simpanan.php', 26, [...])
 2 SYSTEMPATH\View\View.php(213): include('APPPATH\\Views\\dashboard\\add_simpanan.php')
 3 SYSTEMPATH\View\View.php(216): CodeIgniter\View\View->CodeIgniter\View\{closure}()
 4 SYSTEMPATH\Common.php(1135): CodeIgniter\View\View->render('dashboard/add_simpanan', [], true)
 5 APPPATH\Controllers\Dashboard.php(274): view('dashboard/add_simpanan', [...])
 6 SYSTEMPATH\CodeIgniter.php(896): App\Controllers\Dashboard->add_simpanan('FCPATH\\js', 'qrcode.js')
 7 SYSTEMPATH\CodeIgniter.php(466): CodeIgniter\CodeIgniter->runController(Object(App\Controllers\Dashboard))
 8 SYSTEMPATH\CodeIgniter.php(349): CodeIgniter\CodeIgniter->handleRequest(null, Object(Config\Cache), false)
 9 FCPATH\index.php(55): CodeIgniter\CodeIgniter->run()
10 SYSTEMPATH\Commands\Server\rewrite.php(43): require_once('FCPATH\\index.php')
CRITICAL - 2022-09-13 12:15:35 --> Trying to access array offset on value of type null
in APPPATH\Views\dashboard\add_simpanan.php on line 26.
 1 APPPATH\Views\dashboard\add_simpanan.php(26): CodeIgniter\Debug\Exceptions->errorHandler(8, 'Trying to access array offset on value of type null', 'APPPATH\\Views\\dashboard\\add_simpanan.php', 26, [...])
 2 SYSTEMPATH\View\View.php(213): include('APPPATH\\Views\\dashboard\\add_simpanan.php')
 3 SYSTEMPATH\View\View.php(216): CodeIgniter\View\View->CodeIgniter\View\{closure}()
 4 SYSTEMPATH\Common.php(1135): CodeIgniter\View\View->render('dashboard/add_simpanan', [], true)
 5 APPPATH\Controllers\Dashboard.php(274): view('dashboard/add_simpanan', [...])
 6 SYSTEMPATH\CodeIgniter.php(896): App\Controllers\Dashboard->add_simpanan('FCPATH\\js', 'jsfunctions.js')
 7 SYSTEMPATH\CodeIgniter.php(466): CodeIgniter\CodeIgniter->runController(Object(App\Controllers\Dashboard))
 8 SYSTEMPATH\CodeIgniter.php(349): CodeIgniter\CodeIgniter->handleRequest(null, Object(Config\Cache), false)
 9 FCPATH\index.php(55): CodeIgniter\CodeIgniter->run()
10 SYSTEMPATH\Commands\Server\rewrite.php(43): require_once('FCPATH\\index.php')
CRITICAL - 2022-09-13 12:15:35 --> Trying to access array offset on value of type null
in APPPATH\Views\dashboard\add_simpanan.php on line 26.
 1 APPPATH\Views\dashboard\add_simpanan.php(26): CodeIgniter\Debug\Exceptions->errorHandler(8, 'Trying to access array offset on value of type null', 'APPPATH\\Views\\dashboard\\add_simpanan.php', 26, [...])
 2 SYSTEMPATH\View\View.php(213): include('APPPATH\\Views\\dashboard\\add_simpanan.php')
 3 SYSTEMPATH\View\View.php(216): CodeIgniter\View\View->CodeIgniter\View\{closure}()
 4 SYSTEMPATH\Common.php(1135): CodeIgniter\View\View->render('dashboard/add_simpanan', [], true)
 5 APPPATH\Controllers\Dashboard.php(274): view('dashboard/add_simpanan', [...])
 6 SYSTEMPATH\CodeIgniter.php(896): App\Controllers\Dashboard->add_simpanan('FCPATH\\js', 'qrcode.js')
 7 SYSTEMPATH\CodeIgniter.php(466): CodeIgniter\CodeIgniter->runController(Object(App\Controllers\Dashboard))
 8 SYSTEMPATH\CodeIgniter.php(349): CodeIgniter\CodeIgniter->handleRequest(null, Object(Config\Cache), false)
 9 FCPATH\index.php(55): CodeIgniter\CodeIgniter->run()
10 SYSTEMPATH\Commands\Server\rewrite.php(43): require_once('FCPATH\\index.php')
CRITICAL - 2022-09-13 12:15:48 --> Trying to access array offset on value of type null
in APPPATH\Views\dashboard\add_simpanan.php on line 26.
 1 APPPATH\Views\dashboard\add_simpanan.php(26): CodeIgniter\Debug\Exceptions->errorHandler(8, 'Trying to access array offset on value of type null', 'APPPATH\\Views\\dashboard\\add_simpanan.php', 26, [...])
 2 SYSTEMPATH\View\View.php(213): include('APPPATH\\Views\\dashboard\\add_simpanan.php')
 3 SYSTEMPATH\View\View.php(216): CodeIgniter\View\View->CodeIgniter\View\{closure}()
 4 SYSTEMPATH\Common.php(1135): CodeIgniter\View\View->render('dashboard/add_simpanan', [], true)
 5 APPPATH\Controllers\Dashboard.php(274): view('dashboard/add_simpanan', [...])
 6 SYSTEMPATH\CodeIgniter.php(896): App\Controllers\Dashboard->add_simpanan('FCPATH\\js', 'jsfunctions.js')
 7 SYSTEMPATH\CodeIgniter.php(466): CodeIgniter\CodeIgniter->runController(Object(App\Controllers\Dashboard))
 8 SYSTEMPATH\CodeIgniter.php(349): CodeIgniter\CodeIgniter->handleRequest(null, Object(Config\Cache), false)
 9 FCPATH\index.php(55): CodeIgniter\CodeIgniter->run()
10 SYSTEMPATH\Commands\Server\rewrite.php(43): require_once('FCPATH\\index.php')
CRITICAL - 2022-09-13 12:15:48 --> Trying to access array offset on value of type null
in APPPATH\Views\dashboard\add_simpanan.php on line 26.
 1 APPPATH\Views\dashboard\add_simpanan.php(26): CodeIgniter\Debug\Exceptions->errorHandler(8, 'Trying to access array offset on value of type null', 'APPPATH\\Views\\dashboard\\add_simpanan.php', 26, [...])
 2 SYSTEMPATH\View\View.php(213): include('APPPATH\\Views\\dashboard\\add_simpanan.php')
 3 SYSTEMPATH\View\View.php(216): CodeIgniter\View\View->CodeIgniter\View\{closure}()
 4 SYSTEMPATH\Common.php(1135): CodeIgniter\View\View->render('dashboard/add_simpanan', [], true)
 5 APPPATH\Controllers\Dashboard.php(274): view('dashboard/add_simpanan', [...])
 6 SYSTEMPATH\CodeIgniter.php(896): App\Controllers\Dashboard->add_simpanan('FCPATH\\js', 'qrcode.js')
 7 SYSTEMPATH\CodeIgniter.php(466): CodeIgniter\CodeIgniter->runController(Object(App\Controllers\Dashboard))
 8 SYSTEMPATH\CodeIgniter.php(349): CodeIgniter\CodeIgniter->handleRequest(null, Object(Config\Cache), false)
 9 FCPATH\index.php(55): CodeIgniter\CodeIgniter->run()
10 SYSTEMPATH\Commands\Server\rewrite.php(43): require_once('FCPATH\\index.php')
CRITICAL - 2022-09-13 12:15:50 --> Trying to access array offset on value of type null
in APPPATH\Views\dashboard\add_simpanan.php on line 26.
 1 APPPATH\Views\dashboard\add_simpanan.php(26): CodeIgniter\Debug\Exceptions->errorHandler(8, 'Trying to access array offset on value of type null', 'APPPATH\\Views\\dashboard\\add_simpanan.php', 26, [...])
 2 SYSTEMPATH\View\View.php(213): include('APPPATH\\Views\\dashboard\\add_simpanan.php')
 3 SYSTEMPATH\View\View.php(216): CodeIgniter\View\View->CodeIgniter\View\{closure}()
 4 SYSTEMPATH\Common.php(1135): CodeIgniter\View\View->render('dashboard/add_simpanan', [], true)
 5 APPPATH\Controllers\Dashboard.php(274): view('dashboard/add_simpanan', [...])
 6 SYSTEMPATH\CodeIgniter.php(896): App\Controllers\Dashboard->add_simpanan('FCPATH\\js', 'jsfunctions.js')
 7 SYSTEMPATH\CodeIgniter.php(466): CodeIgniter\CodeIgniter->runController(Object(App\Controllers\Dashboard))
 8 SYSTEMPATH\CodeIgniter.php(349): CodeIgniter\CodeIgniter->handleRequest(null, Object(Config\Cache), false)
 9 FCPATH\index.php(55): CodeIgniter\CodeIgniter->run()
10 SYSTEMPATH\Commands\Server\rewrite.php(43): require_once('FCPATH\\index.php')
CRITICAL - 2022-09-13 12:15:50 --> Trying to access array offset on value of type null
in APPPATH\Views\dashboard\add_simpanan.php on line 26.
 1 APPPATH\Views\dashboard\add_simpanan.php(26): CodeIgniter\Debug\Exceptions->errorHandler(8, 'Trying to access array offset on value of type null', 'APPPATH\\Views\\dashboard\\add_simpanan.php', 26, [...])
 2 SYSTEMPATH\View\View.php(213): include('APPPATH\\Views\\dashboard\\add_simpanan.php')
 3 SYSTEMPATH\View\View.php(216): CodeIgniter\View\View->CodeIgniter\View\{closure}()
 4 SYSTEMPATH\Common.php(1135): CodeIgniter\View\View->render('dashboard/add_simpanan', [], true)
 5 APPPATH\Controllers\Dashboard.php(274): view('dashboard/add_simpanan', [...])
 6 SYSTEMPATH\CodeIgniter.php(896): App\Controllers\Dashboard->add_simpanan('FCPATH\\js', 'qrcode.js')
 7 SYSTEMPATH\CodeIgniter.php(466): CodeIgniter\CodeIgniter->runController(Object(App\Controllers\Dashboard))
 8 SYSTEMPATH\CodeIgniter.php(349): CodeIgniter\CodeIgniter->handleRequest(null, Object(Config\Cache), false)
 9 FCPATH\index.php(55): CodeIgniter\CodeIgniter->run()
10 SYSTEMPATH\Commands\Server\rewrite.php(43): require_once('FCPATH\\index.php')
CRITICAL - 2022-09-13 12:15:54 --> Trying to access array offset on value of type null
in APPPATH\Views\dashboard\add_simpanan.php on line 26.
 1 APPPATH\Views\dashboard\add_simpanan.php(26): CodeIgniter\Debug\Exceptions->errorHandler(8, 'Trying to access array offset on value of type null', 'APPPATH\\Views\\dashboard\\add_simpanan.php', 26, [...])
 2 SYSTEMPATH\View\View.php(213): include('APPPATH\\Views\\dashboard\\add_simpanan.php')
 3 SYSTEMPATH\View\View.php(216): CodeIgniter\View\View->CodeIgniter\View\{closure}()
 4 SYSTEMPATH\Common.php(1135): CodeIgniter\View\View->render('dashboard/add_simpanan', [], true)
 5 APPPATH\Controllers\Dashboard.php(274): view('dashboard/add_simpanan', [...])
 6 SYSTEMPATH\CodeIgniter.php(896): App\Controllers\Dashboard->add_simpanan('FCPATH\\js', 'jsfunctions.js')
 7 SYSTEMPATH\CodeIgniter.php(466): CodeIgniter\CodeIgniter->runController(Object(App\Controllers\Dashboard))
 8 SYSTEMPATH\CodeIgniter.php(349): CodeIgniter\CodeIgniter->handleRequest(null, Object(Config\Cache), false)
 9 FCPATH\index.php(55): CodeIgniter\CodeIgniter->run()
10 SYSTEMPATH\Commands\Server\rewrite.php(43): require_once('FCPATH\\index.php')
CRITICAL - 2022-09-13 12:15:54 --> Trying to access array offset on value of type null
in APPPATH\Views\dashboard\add_simpanan.php on line 26.
 1 APPPATH\Views\dashboard\add_simpanan.php(26): CodeIgniter\Debug\Exceptions->errorHandler(8, 'Trying to access array offset on value of type null', 'APPPATH\\Views\\dashboard\\add_simpanan.php', 26, [...])
 2 SYSTEMPATH\View\View.php(213): include('APPPATH\\Views\\dashboard\\add_simpanan.php')
 3 SYSTEMPATH\View\View.php(216): CodeIgniter\View\View->CodeIgniter\View\{closure}()
 4 SYSTEMPATH\Common.php(1135): CodeIgniter\View\View->render('dashboard/add_simpanan', [], true)
 5 APPPATH\Controllers\Dashboard.php(274): view('dashboard/add_simpanan', [...])
 6 SYSTEMPATH\CodeIgniter.php(896): App\Controllers\Dashboard->add_simpanan('FCPATH\\js', 'qrcode.js')
 7 SYSTEMPATH\CodeIgniter.php(466): CodeIgniter\CodeIgniter->runController(Object(App\Controllers\Dashboard))
 8 SYSTEMPATH\CodeIgniter.php(349): CodeIgniter\CodeIgniter->handleRequest(null, Object(Config\Cache), false)
 9 FCPATH\index.php(55): CodeIgniter\CodeIgniter->run()
10 SYSTEMPATH\Commands\Server\rewrite.php(43): require_once('FCPATH\\index.php')
CRITICAL - 2022-09-13 12:16:34 --> Trying to access array offset on value of type null
in APPPATH\Views\dashboard\add_simpanan.php on line 26.
 1 APPPATH\Views\dashboard\add_simpanan.php(26): CodeIgniter\Debug\Exceptions->errorHandler(8, 'Trying to access array offset on value of type null', 'APPPATH\\Views\\dashboard\\add_simpanan.php', 26, [...])
 2 SYSTEMPATH\View\View.php(213): include('APPPATH\\Views\\dashboard\\add_simpanan.php')
 3 SYSTEMPATH\View\View.php(216): CodeIgniter\View\View->CodeIgniter\View\{closure}()
 4 SYSTEMPATH\Common.php(1135): CodeIgniter\View\View->render('dashboard/add_simpanan', [], true)
 5 APPPATH\Controllers\Dashboard.php(274): view('dashboard/add_simpanan', [...])
 6 SYSTEMPATH\CodeIgniter.php(896): App\Controllers\Dashboard->add_simpanan('FCPATH\\js', 'jsfunctions.js')
 7 SYSTEMPATH\CodeIgniter.php(466): CodeIgniter\CodeIgniter->runController(Object(App\Controllers\Dashboard))
 8 SYSTEMPATH\CodeIgniter.php(349): CodeIgniter\CodeIgniter->handleRequest(null, Object(Config\Cache), false)
 9 FCPATH\index.php(55): CodeIgniter\CodeIgniter->run()
10 SYSTEMPATH\Commands\Server\rewrite.php(43): require_once('FCPATH\\index.php')
CRITICAL - 2022-09-13 12:16:34 --> Trying to access array offset on value of type null
in APPPATH\Views\dashboard\add_simpanan.php on line 26.
 1 APPPATH\Views\dashboard\add_simpanan.php(26): CodeIgniter\Debug\Exceptions->errorHandler(8, 'Trying to access array offset on value of type null', 'APPPATH\\Views\\dashboard\\add_simpanan.php', 26, [...])
 2 SYSTEMPATH\View\View.php(213): include('APPPATH\\Views\\dashboard\\add_simpanan.php')
 3 SYSTEMPATH\View\View.php(216): CodeIgniter\View\View->CodeIgniter\View\{closure}()
 4 SYSTEMPATH\Common.php(1135): CodeIgniter\View\View->render('dashboard/add_simpanan', [], true)
 5 APPPATH\Controllers\Dashboard.php(274): view('dashboard/add_simpanan', [...])
 6 SYSTEMPATH\CodeIgniter.php(896): App\Controllers\Dashboard->add_simpanan('FCPATH\\js', 'qrcode.js')
 7 SYSTEMPATH\CodeIgniter.php(466): CodeIgniter\CodeIgniter->runController(Object(App\Controllers\Dashboard))
 8 SYSTEMPATH\CodeIgniter.php(349): CodeIgniter\CodeIgniter->handleRequest(null, Object(Config\Cache), false)
 9 FCPATH\index.php(55): CodeIgniter\CodeIgniter->run()
10 SYSTEMPATH\Commands\Server\rewrite.php(43): require_once('FCPATH\\index.php')
CRITICAL - 2022-09-13 12:18:52 --> Trying to access array offset on value of type null
in APPPATH\Views\dashboard\add_simpanan.php on line 26.
 1 APPPATH\Views\dashboard\add_simpanan.php(26): CodeIgniter\Debug\Exceptions->errorHandler(8, 'Trying to access array offset on value of type null', 'APPPATH\\Views\\dashboard\\add_simpanan.php', 26, [...])
 2 SYSTEMPATH\View\View.php(213): include('APPPATH\\Views\\dashboard\\add_simpanan.php')
 3 SYSTEMPATH\View\View.php(216): CodeIgniter\View\View->CodeIgniter\View\{closure}()
 4 SYSTEMPATH\Common.php(1135): CodeIgniter\View\View->render('dashboard/add_simpanan', [], true)
 5 APPPATH\Controllers\Dashboard.php(274): view('dashboard/add_simpanan', [...])
 6 SYSTEMPATH\CodeIgniter.php(896): App\Controllers\Dashboard->add_simpanan('FCPATH\\js', 'jsfunctions.js')
 7 SYSTEMPATH\CodeIgniter.php(466): CodeIgniter\CodeIgniter->runController(Object(App\Controllers\Dashboard))
 8 SYSTEMPATH\CodeIgniter.php(349): CodeIgniter\CodeIgniter->handleRequest(null, Object(Config\Cache), false)
 9 FCPATH\index.php(55): CodeIgniter\CodeIgniter->run()
10 SYSTEMPATH\Commands\Server\rewrite.php(43): require_once('FCPATH\\index.php')
CRITICAL - 2022-09-13 12:18:53 --> Trying to access array offset on value of type null
in APPPATH\Views\dashboard\add_simpanan.php on line 26.
 1 APPPATH\Views\dashboard\add_simpanan.php(26): CodeIgniter\Debug\Exceptions->errorHandler(8, 'Trying to access array offset on value of type null', 'APPPATH\\Views\\dashboard\\add_simpanan.php', 26, [...])
 2 SYSTEMPATH\View\View.php(213): include('APPPATH\\Views\\dashboard\\add_simpanan.php')
 3 SYSTEMPATH\View\View.php(216): CodeIgniter\View\View->CodeIgniter\View\{closure}()
 4 SYSTEMPATH\Common.php(1135): CodeIgniter\View\View->render('dashboard/add_simpanan', [], true)
 5 APPPATH\Controllers\Dashboard.php(274): view('dashboard/add_simpanan', [...])
 6 SYSTEMPATH\CodeIgniter.php(896): App\Controllers\Dashboard->add_simpanan('FCPATH\\js', 'qrcode.js')
 7 SYSTEMPATH\CodeIgniter.php(466): CodeIgniter\CodeIgniter->runController(Object(App\Controllers\Dashboard))
 8 SYSTEMPATH\CodeIgniter.php(349): CodeIgniter\CodeIgniter->handleRequest(null, Object(Config\Cache), false)
 9 FCPATH\index.php(55): CodeIgniter\CodeIgniter->run()
10 SYSTEMPATH\Commands\Server\rewrite.php(43): require_once('FCPATH\\index.php')
CRITICAL - 2022-09-13 12:18:56 --> Trying to access array offset on value of type null
in APPPATH\Views\dashboard\add_simpanan.php on line 26.
 1 APPPATH\Views\dashboard\add_simpanan.php(26): CodeIgniter\Debug\Exceptions->errorHandler(8, 'Trying to access array offset on value of type null', 'APPPATH\\Views\\dashboard\\add_simpanan.php', 26, [...])
 2 SYSTEMPATH\View\View.php(213): include('APPPATH\\Views\\dashboard\\add_simpanan.php')
 3 SYSTEMPATH\View\View.php(216): CodeIgniter\View\View->CodeIgniter\View\{closure}()
 4 SYSTEMPATH\Common.php(1135): CodeIgniter\View\View->render('dashboard/add_simpanan', [], true)
 5 APPPATH\Controllers\Dashboard.php(274): view('dashboard/add_simpanan', [...])
 6 SYSTEMPATH\CodeIgniter.php(896): App\Controllers\Dashboard->add_simpanan('FCPATH\\js', 'jsfunctions.js')
 7 SYSTEMPATH\CodeIgniter.php(466): CodeIgniter\CodeIgniter->runController(Object(App\Controllers\Dashboard))
 8 SYSTEMPATH\CodeIgniter.php(349): CodeIgniter\CodeIgniter->handleRequest(null, Object(Config\Cache), false)
 9 FCPATH\index.php(55): CodeIgniter\CodeIgniter->run()
10 SYSTEMPATH\Commands\Server\rewrite.php(43): require_once('FCPATH\\index.php')
CRITICAL - 2022-09-13 12:18:57 --> Trying to access array offset on value of type null
in APPPATH\Views\dashboard\add_simpanan.php on line 26.
 1 APPPATH\Views\dashboard\add_simpanan.php(26): CodeIgniter\Debug\Exceptions->errorHandler(8, 'Trying to access array offset on value of type null', 'APPPATH\\Views\\dashboard\\add_simpanan.php', 26, [...])
 2 SYSTEMPATH\View\View.php(213): include('APPPATH\\Views\\dashboard\\add_simpanan.php')
 3 SYSTEMPATH\View\View.php(216): CodeIgniter\View\View->CodeIgniter\View\{closure}()
 4 SYSTEMPATH\Common.php(1135): CodeIgniter\View\View->render('dashboard/add_simpanan', [], true)
 5 APPPATH\Controllers\Dashboard.php(274): view('dashboard/add_simpanan', [...])
 6 SYSTEMPATH\CodeIgniter.php(896): App\Controllers\Dashboard->add_simpanan('FCPATH\\js', 'qrcode.js')
 7 SYSTEMPATH\CodeIgniter.php(466): CodeIgniter\CodeIgniter->runController(Object(App\Controllers\Dashboard))
 8 SYSTEMPATH\CodeIgniter.php(349): CodeIgniter\CodeIgniter->handleRequest(null, Object(Config\Cache), false)
 9 FCPATH\index.php(55): CodeIgniter\CodeIgniter->run()
10 SYSTEMPATH\Commands\Server\rewrite.php(43): require_once('FCPATH\\index.php')
CRITICAL - 2022-09-13 12:21:22 --> Trying to access array offset on value of type null
in APPPATH\Views\dashboard\add_simpanan.php on line 26.
 1 APPPATH\Views\dashboard\add_simpanan.php(26): CodeIgniter\Debug\Exceptions->errorHandler(8, 'Trying to access array offset on value of type null', 'APPPATH\\Views\\dashboard\\add_simpanan.php', 26, [...])
 2 SYSTEMPATH\View\View.php(213): include('APPPATH\\Views\\dashboard\\add_simpanan.php')
 3 SYSTEMPATH\View\View.php(216): CodeIgniter\View\View->CodeIgniter\View\{closure}()
 4 SYSTEMPATH\Common.php(1135): CodeIgniter\View\View->render('dashboard/add_simpanan', [], true)
 5 APPPATH\Controllers\Dashboard.php(274): view('dashboard/add_simpanan', [...])
 6 SYSTEMPATH\CodeIgniter.php(896): App\Controllers\Dashboard->add_simpanan('FCPATH\\js', 'qrcode.js')
 7 SYSTEMPATH\CodeIgniter.php(466): CodeIgniter\CodeIgniter->runController(Object(App\Controllers\Dashboard))
 8 SYSTEMPATH\CodeIgniter.php(349): CodeIgniter\CodeIgniter->handleRequest(null, Object(Config\Cache), false)
 9 FCPATH\index.php(55): CodeIgniter\CodeIgniter->run()
10 SYSTEMPATH\Commands\Server\rewrite.php(43): require_once('FCPATH\\index.php')
CRITICAL - 2022-09-13 12:21:22 --> Trying to access array offset on value of type null
in APPPATH\Views\dashboard\add_simpanan.php on line 26.
 1 APPPATH\Views\dashboard\add_simpanan.php(26): CodeIgniter\Debug\Exceptions->errorHandler(8, 'Trying to access array offset on value of type null', 'APPPATH\\Views\\dashboard\\add_simpanan.php', 26, [...])
 2 SYSTEMPATH\View\View.php(213): include('APPPATH\\Views\\dashboard\\add_simpanan.php')
 3 SYSTEMPATH\View\View.php(216): CodeIgniter\View\View->CodeIgniter\View\{closure}()
 4 SYSTEMPATH\Common.php(1135): CodeIgniter\View\View->render('dashboard/add_simpanan', [], true)
 5 APPPATH\Controllers\Dashboard.php(274): view('dashboard/add_simpanan', [...])
 6 SYSTEMPATH\CodeIgniter.php(896): App\Controllers\Dashboard->add_simpanan('FCPATH\\js', 'jsfunctions.js')
 7 SYSTEMPATH\CodeIgniter.php(466): CodeIgniter\CodeIgniter->runController(Object(App\Controllers\Dashboard))
 8 SYSTEMPATH\CodeIgniter.php(349): CodeIgniter\CodeIgniter->handleRequest(null, Object(Config\Cache), false)
 9 FCPATH\index.php(55): CodeIgniter\CodeIgniter->run()
10 SYSTEMPATH\Commands\Server\rewrite.php(43): require_once('FCPATH\\index.php')
CRITICAL - 2022-09-13 12:30:02 --> Trying to access array offset on value of type null
in APPPATH\Views\dashboard\add_simpanan.php on line 26.
 1 APPPATH\Views\dashboard\add_simpanan.php(26): CodeIgniter\Debug\Exceptions->errorHandler(8, 'Trying to access array offset on value of type null', 'APPPATH\\Views\\dashboard\\add_simpanan.php', 26, [...])
 2 SYSTEMPATH\View\View.php(213): include('APPPATH\\Views\\dashboard\\add_simpanan.php')
 3 SYSTEMPATH\View\View.php(216): CodeIgniter\View\View->CodeIgniter\View\{closure}()
 4 SYSTEMPATH\Common.php(1135): CodeIgniter\View\View->render('dashboard/add_simpanan', [], true)
 5 APPPATH\Controllers\Dashboard.php(274): view('dashboard/add_simpanan', [...])
 6 SYSTEMPATH\CodeIgniter.php(896): App\Controllers\Dashboard->add_simpanan('FCPATH\\js', 'jsfunctions.js')
 7 SYSTEMPATH\CodeIgniter.php(466): CodeIgniter\CodeIgniter->runController(Object(App\Controllers\Dashboard))
 8 SYSTEMPATH\CodeIgniter.php(349): CodeIgniter\CodeIgniter->handleRequest(null, Object(Config\Cache), false)
 9 FCPATH\index.php(55): CodeIgniter\CodeIgniter->run()
10 SYSTEMPATH\Commands\Server\rewrite.php(43): require_once('FCPATH\\index.php')
CRITICAL - 2022-09-13 12:30:03 --> Trying to access array offset on value of type null
in APPPATH\Views\dashboard\add_simpanan.php on line 26.
 1 APPPATH\Views\dashboard\add_simpanan.php(26): CodeIgniter\Debug\Exceptions->errorHandler(8, 'Trying to access array offset on value of type null', 'APPPATH\\Views\\dashboard\\add_simpanan.php', 26, [...])
 2 SYSTEMPATH\View\View.php(213): include('APPPATH\\Views\\dashboard\\add_simpanan.php')
 3 SYSTEMPATH\View\View.php(216): CodeIgniter\View\View->CodeIgniter\View\{closure}()
 4 SYSTEMPATH\Common.php(1135): CodeIgniter\View\View->render('dashboard/add_simpanan', [], true)
 5 APPPATH\Controllers\Dashboard.php(274): view('dashboard/add_simpanan', [...])
 6 SYSTEMPATH\CodeIgniter.php(896): App\Controllers\Dashboard->add_simpanan('FCPATH\\js', 'qrcode.js')
 7 SYSTEMPATH\CodeIgniter.php(466): CodeIgniter\CodeIgniter->runController(Object(App\Controllers\Dashboard))
 8 SYSTEMPATH\CodeIgniter.php(349): CodeIgniter\CodeIgniter->handleRequest(null, Object(Config\Cache), false)
 9 FCPATH\index.php(55): CodeIgniter\CodeIgniter->run()
10 SYSTEMPATH\Commands\Server\rewrite.php(43): require_once('FCPATH\\index.php')
CRITICAL - 2022-09-13 12:31:24 --> Trying to access array offset on value of type null
in APPPATH\Views\dashboard\add_simpanan.php on line 26.
 1 APPPATH\Views\dashboard\add_simpanan.php(26): CodeIgniter\Debug\Exceptions->errorHandler(8, 'Trying to access array offset on value of type null', 'APPPATH\\Views\\dashboard\\add_simpanan.php', 26, [...])
 2 SYSTEMPATH\View\View.php(213): include('APPPATH\\Views\\dashboard\\add_simpanan.php')
 3 SYSTEMPATH\View\View.php(216): CodeIgniter\View\View->CodeIgniter\View\{closure}()
 4 SYSTEMPATH\Common.php(1135): CodeIgniter\View\View->render('dashboard/add_simpanan', [], true)
 5 APPPATH\Controllers\Dashboard.php(274): view('dashboard/add_simpanan', [...])
 6 SYSTEMPATH\CodeIgniter.php(896): App\Controllers\Dashboard->add_simpanan('FCPATH\\js', 'jsfunctions.js')
 7 SYSTEMPATH\CodeIgniter.php(466): CodeIgniter\CodeIgniter->runController(Object(App\Controllers\Dashboard))
 8 SYSTEMPATH\CodeIgniter.php(349): CodeIgniter\CodeIgniter->handleRequest(null, Object(Config\Cache), false)
 9 FCPATH\index.php(55): CodeIgniter\CodeIgniter->run()
10 SYSTEMPATH\Commands\Server\rewrite.php(43): require_once('FCPATH\\index.php')
CRITICAL - 2022-09-13 12:31:24 --> Trying to access array offset on value of type null
in APPPATH\Views\dashboard\add_simpanan.php on line 26.
 1 APPPATH\Views\dashboard\add_simpanan.php(26): CodeIgniter\Debug\Exceptions->errorHandler(8, 'Trying to access array offset on value of type null', 'APPPATH\\Views\\dashboard\\add_simpanan.php', 26, [...])
 2 SYSTEMPATH\View\View.php(213): include('APPPATH\\Views\\dashboard\\add_simpanan.php')
 3 SYSTEMPATH\View\View.php(216): CodeIgniter\View\View->CodeIgniter\View\{closure}()
 4 SYSTEMPATH\Common.php(1135): CodeIgniter\View\View->render('dashboard/add_simpanan', [], true)
 5 APPPATH\Controllers\Dashboard.php(274): view('dashboard/add_simpanan', [...])
 6 SYSTEMPATH\CodeIgniter.php(896): App\Controllers\Dashboard->add_simpanan('FCPATH\\js', 'qrcode.js')
 7 SYSTEMPATH\CodeIgniter.php(466): CodeIgniter\CodeIgniter->runController(Object(App\Controllers\Dashboard))
 8 SYSTEMPATH\CodeIgniter.php(349): CodeIgniter\CodeIgniter->handleRequest(null, Object(Config\Cache), false)
 9 FCPATH\index.php(55): CodeIgniter\CodeIgniter->run()
10 SYSTEMPATH\Commands\Server\rewrite.php(43): require_once('FCPATH\\index.php')
CRITICAL - 2022-09-13 12:32:48 --> Trying to access array offset on value of type null
in APPPATH\Views\dashboard\add_simpanan.php on line 26.
 1 APPPATH\Views\dashboard\add_simpanan.php(26): CodeIgniter\Debug\Exceptions->errorHandler(8, 'Trying to access array offset on value of type null', 'APPPATH\\Views\\dashboard\\add_simpanan.php', 26, [...])
 2 SYSTEMPATH\View\View.php(213): include('APPPATH\\Views\\dashboard\\add_simpanan.php')
 3 SYSTEMPATH\View\View.php(216): CodeIgniter\View\View->CodeIgniter\View\{closure}()
 4 SYSTEMPATH\Common.php(1135): CodeIgniter\View\View->render('dashboard/add_simpanan', [], true)
 5 APPPATH\Controllers\Dashboard.php(274): view('dashboard/add_simpanan', [...])
 6 SYSTEMPATH\CodeIgniter.php(896): App\Controllers\Dashboard->add_simpanan('FCPATH\\js', 'jsfunctions.js')
 7 SYSTEMPATH\CodeIgniter.php(466): CodeIgniter\CodeIgniter->runController(Object(App\Controllers\Dashboard))
 8 SYSTEMPATH\CodeIgniter.php(349): CodeIgniter\CodeIgniter->handleRequest(null, Object(Config\Cache), false)
 9 FCPATH\index.php(55): CodeIgniter\CodeIgniter->run()
10 SYSTEMPATH\Commands\Server\rewrite.php(43): require_once('FCPATH\\index.php')
CRITICAL - 2022-09-13 12:32:48 --> Trying to access array offset on value of type null
in APPPATH\Views\dashboard\add_simpanan.php on line 26.
 1 APPPATH\Views\dashboard\add_simpanan.php(26): CodeIgniter\Debug\Exceptions->errorHandler(8, 'Trying to access array offset on value of type null', 'APPPATH\\Views\\dashboard\\add_simpanan.php', 26, [...])
 2 SYSTEMPATH\View\View.php(213): include('APPPATH\\Views\\dashboard\\add_simpanan.php')
 3 SYSTEMPATH\View\View.php(216): CodeIgniter\View\View->CodeIgniter\View\{closure}()
 4 SYSTEMPATH\Common.php(1135): CodeIgniter\View\View->render('dashboard/add_simpanan', [], true)
 5 APPPATH\Controllers\Dashboard.php(274): view('dashboard/add_simpanan', [...])
 6 SYSTEMPATH\CodeIgniter.php(896): App\Controllers\Dashboard->add_simpanan('FCPATH\\js', 'qrcode.js')
 7 SYSTEMPATH\CodeIgniter.php(466): CodeIgniter\CodeIgniter->runController(Object(App\Controllers\Dashboard))
 8 SYSTEMPATH\CodeIgniter.php(349): CodeIgniter\CodeIgniter->handleRequest(null, Object(Config\Cache), false)
 9 FCPATH\index.php(55): CodeIgniter\CodeIgniter->run()
10 SYSTEMPATH\Commands\Server\rewrite.php(43): require_once('FCPATH\\index.php')
CRITICAL - 2022-09-13 12:34:15 --> Trying to access array offset on value of type null
in APPPATH\Views\dashboard\add_simpanan.php on line 26.
 1 APPPATH\Views\dashboard\add_simpanan.php(26): CodeIgniter\Debug\Exceptions->errorHandler(8, 'Trying to access array offset on value of type null', 'APPPATH\\Views\\dashboard\\add_simpanan.php', 26, [...])
 2 SYSTEMPATH\View\View.php(213): include('APPPATH\\Views\\dashboard\\add_simpanan.php')
 3 SYSTEMPATH\View\View.php(216): CodeIgniter\View\View->CodeIgniter\View\{closure}()
 4 SYSTEMPATH\Common.php(1135): CodeIgniter\View\View->render('dashboard/add_simpanan', [], true)
 5 APPPATH\Controllers\Dashboard.php(274): view('dashboard/add_simpanan', [...])
 6 SYSTEMPATH\CodeIgniter.php(896): App\Controllers\Dashboard->add_simpanan('FCPATH\\js', 'jsfunctions.js')
 7 SYSTEMPATH\CodeIgniter.php(466): CodeIgniter\CodeIgniter->runController(Object(App\Controllers\Dashboard))
 8 SYSTEMPATH\CodeIgniter.php(349): CodeIgniter\CodeIgniter->handleRequest(null, Object(Config\Cache), false)
 9 FCPATH\index.php(55): CodeIgniter\CodeIgniter->run()
10 SYSTEMPATH\Commands\Server\rewrite.php(43): require_once('FCPATH\\index.php')
CRITICAL - 2022-09-13 12:34:15 --> Trying to access array offset on value of type null
in APPPATH\Views\dashboard\add_simpanan.php on line 26.
 1 APPPATH\Views\dashboard\add_simpanan.php(26): CodeIgniter\Debug\Exceptions->errorHandler(8, 'Trying to access array offset on value of type null', 'APPPATH\\Views\\dashboard\\add_simpanan.php', 26, [...])
 2 SYSTEMPATH\View\View.php(213): include('APPPATH\\Views\\dashboard\\add_simpanan.php')
 3 SYSTEMPATH\View\View.php(216): CodeIgniter\View\View->CodeIgniter\View\{closure}()
 4 SYSTEMPATH\Common.php(1135): CodeIgniter\View\View->render('dashboard/add_simpanan', [], true)
 5 APPPATH\Controllers\Dashboard.php(274): view('dashboard/add_simpanan', [...])
 6 SYSTEMPATH\CodeIgniter.php(896): App\Controllers\Dashboard->add_simpanan('FCPATH\\js', 'qrcode.js')
 7 SYSTEMPATH\CodeIgniter.php(466): CodeIgniter\CodeIgniter->runController(Object(App\Controllers\Dashboard))
 8 SYSTEMPATH\CodeIgniter.php(349): CodeIgniter\CodeIgniter->handleRequest(null, Object(Config\Cache), false)
 9 FCPATH\index.php(55): CodeIgniter\CodeIgniter->run()
10 SYSTEMPATH\Commands\Server\rewrite.php(43): require_once('FCPATH\\index.php')
CRITICAL - 2022-09-13 12:34:20 --> Trying to access array offset on value of type null
in APPPATH\Views\dashboard\add_simpanan.php on line 26.
 1 APPPATH\Views\dashboard\add_simpanan.php(26): CodeIgniter\Debug\Exceptions->errorHandler(8, 'Trying to access array offset on value of type null', 'APPPATH\\Views\\dashboard\\add_simpanan.php', 26, [...])
 2 SYSTEMPATH\View\View.php(213): include('APPPATH\\Views\\dashboard\\add_simpanan.php')
 3 SYSTEMPATH\View\View.php(216): CodeIgniter\View\View->CodeIgniter\View\{closure}()
 4 SYSTEMPATH\Common.php(1135): CodeIgniter\View\View->render('dashboard/add_simpanan', [], true)
 5 APPPATH\Controllers\Dashboard.php(274): view('dashboard/add_simpanan', [...])
 6 SYSTEMPATH\CodeIgniter.php(896): App\Controllers\Dashboard->add_simpanan('FCPATH\\js', 'jsfunctions.js')
 7 SYSTEMPATH\CodeIgniter.php(466): CodeIgniter\CodeIgniter->runController(Object(App\Controllers\Dashboard))
 8 SYSTEMPATH\CodeIgniter.php(349): CodeIgniter\CodeIgniter->handleRequest(null, Object(Config\Cache), false)
 9 FCPATH\index.php(55): CodeIgniter\CodeIgniter->run()
10 SYSTEMPATH\Commands\Server\rewrite.php(43): require_once('FCPATH\\index.php')
CRITICAL - 2022-09-13 12:34:20 --> Trying to access array offset on value of type null
in APPPATH\Views\dashboard\add_simpanan.php on line 26.
 1 APPPATH\Views\dashboard\add_simpanan.php(26): CodeIgniter\Debug\Exceptions->errorHandler(8, 'Trying to access array offset on value of type null', 'APPPATH\\Views\\dashboard\\add_simpanan.php', 26, [...])
 2 SYSTEMPATH\View\View.php(213): include('APPPATH\\Views\\dashboard\\add_simpanan.php')
 3 SYSTEMPATH\View\View.php(216): CodeIgniter\View\View->CodeIgniter\View\{closure}()
 4 SYSTEMPATH\Common.php(1135): CodeIgniter\View\View->render('dashboard/add_simpanan', [], true)
 5 APPPATH\Controllers\Dashboard.php(274): view('dashboard/add_simpanan', [...])
 6 SYSTEMPATH\CodeIgniter.php(896): App\Controllers\Dashboard->add_simpanan('FCPATH\\js', 'qrcode.js')
 7 SYSTEMPATH\CodeIgniter.php(466): CodeIgniter\CodeIgniter->runController(Object(App\Controllers\Dashboard))
 8 SYSTEMPATH\CodeIgniter.php(349): CodeIgniter\CodeIgniter->handleRequest(null, Object(Config\Cache), false)
 9 FCPATH\index.php(55): CodeIgniter\CodeIgniter->run()
10 SYSTEMPATH\Commands\Server\rewrite.php(43): require_once('FCPATH\\index.php')
CRITICAL - 2022-09-13 12:35:02 --> Trying to access array offset on value of type null
in APPPATH\Views\dashboard\add_simpanan.php on line 26.
 1 APPPATH\Views\dashboard\add_simpanan.php(26): CodeIgniter\Debug\Exceptions->errorHandler(8, 'Trying to access array offset on value of type null', 'APPPATH\\Views\\dashboard\\add_simpanan.php', 26, [...])
 2 SYSTEMPATH\View\View.php(213): include('APPPATH\\Views\\dashboard\\add_simpanan.php')
 3 SYSTEMPATH\View\View.php(216): CodeIgniter\View\View->CodeIgniter\View\{closure}()
 4 SYSTEMPATH\Common.php(1135): CodeIgniter\View\View->render('dashboard/add_simpanan', [], true)
 5 APPPATH\Controllers\Dashboard.php(274): view('dashboard/add_simpanan', [...])
 6 SYSTEMPATH\CodeIgniter.php(896): App\Controllers\Dashboard->add_simpanan('FCPATH\\js', 'jsfunctions.js')
 7 SYSTEMPATH\CodeIgniter.php(466): CodeIgniter\CodeIgniter->runController(Object(App\Controllers\Dashboard))
 8 SYSTEMPATH\CodeIgniter.php(349): CodeIgniter\CodeIgniter->handleRequest(null, Object(Config\Cache), false)
 9 FCPATH\index.php(55): CodeIgniter\CodeIgniter->run()
10 SYSTEMPATH\Commands\Server\rewrite.php(43): require_once('FCPATH\\index.php')
CRITICAL - 2022-09-13 12:35:03 --> Trying to access array offset on value of type null
in APPPATH\Views\dashboard\add_simpanan.php on line 26.
 1 APPPATH\Views\dashboard\add_simpanan.php(26): CodeIgniter\Debug\Exceptions->errorHandler(8, 'Trying to access array offset on value of type null', 'APPPATH\\Views\\dashboard\\add_simpanan.php', 26, [...])
 2 SYSTEMPATH\View\View.php(213): include('APPPATH\\Views\\dashboard\\add_simpanan.php')
 3 SYSTEMPATH\View\View.php(216): CodeIgniter\View\View->CodeIgniter\View\{closure}()
 4 SYSTEMPATH\Common.php(1135): CodeIgniter\View\View->render('dashboard/add_simpanan', [], true)
 5 APPPATH\Controllers\Dashboard.php(274): view('dashboard/add_simpanan', [...])
 6 SYSTEMPATH\CodeIgniter.php(896): App\Controllers\Dashboard->add_simpanan('FCPATH\\js', 'qrcode.js')
 7 SYSTEMPATH\CodeIgniter.php(466): CodeIgniter\CodeIgniter->runController(Object(App\Controllers\Dashboard))
 8 SYSTEMPATH\CodeIgniter.php(349): CodeIgniter\CodeIgniter->handleRequest(null, Object(Config\Cache), false)
 9 FCPATH\index.php(55): CodeIgniter\CodeIgniter->run()
10 SYSTEMPATH\Commands\Server\rewrite.php(43): require_once('FCPATH\\index.php')
CRITICAL - 2022-09-13 12:35:06 --> Trying to access array offset on value of type null
in APPPATH\Views\dashboard\add_simpanan.php on line 26.
 1 APPPATH\Views\dashboard\add_simpanan.php(26): CodeIgniter\Debug\Exceptions->errorHandler(8, 'Trying to access array offset on value of type null', 'APPPATH\\Views\\dashboard\\add_simpanan.php', 26, [...])
 2 SYSTEMPATH\View\View.php(213): include('APPPATH\\Views\\dashboard\\add_simpanan.php')
 3 SYSTEMPATH\View\View.php(216): CodeIgniter\View\View->CodeIgniter\View\{closure}()
 4 SYSTEMPATH\Common.php(1135): CodeIgniter\View\View->render('dashboard/add_simpanan', [], true)
 5 APPPATH\Controllers\Dashboard.php(274): view('dashboard/add_simpanan', [...])
 6 SYSTEMPATH\CodeIgniter.php(896): App\Controllers\Dashboard->add_simpanan('FCPATH\\js', 'qrcode.js')
 7 SYSTEMPATH\CodeIgniter.php(466): CodeIgniter\CodeIgniter->runController(Object(App\Controllers\Dashboard))
 8 SYSTEMPATH\CodeIgniter.php(349): CodeIgniter\CodeIgniter->handleRequest(null, Object(Config\Cache), false)
 9 FCPATH\index.php(55): CodeIgniter\CodeIgniter->run()
10 SYSTEMPATH\Commands\Server\rewrite.php(43): require_once('FCPATH\\index.php')
CRITICAL - 2022-09-13 12:35:07 --> Trying to access array offset on value of type null
in APPPATH\Views\dashboard\add_simpanan.php on line 26.
 1 APPPATH\Views\dashboard\add_simpanan.php(26): CodeIgniter\Debug\Exceptions->errorHandler(8, 'Trying to access array offset on value of type null', 'APPPATH\\Views\\dashboard\\add_simpanan.php', 26, [...])
 2 SYSTEMPATH\View\View.php(213): include('APPPATH\\Views\\dashboard\\add_simpanan.php')
 3 SYSTEMPATH\View\View.php(216): CodeIgniter\View\View->CodeIgniter\View\{closure}()
 4 SYSTEMPATH\Common.php(1135): CodeIgniter\View\View->render('dashboard/add_simpanan', [], true)
 5 APPPATH\Controllers\Dashboard.php(274): view('dashboard/add_simpanan', [...])
 6 SYSTEMPATH\CodeIgniter.php(896): App\Controllers\Dashboard->add_simpanan('FCPATH\\js', 'jsfunctions.js')
 7 SYSTEMPATH\CodeIgniter.php(466): CodeIgniter\CodeIgniter->runController(Object(App\Controllers\Dashboard))
 8 SYSTEMPATH\CodeIgniter.php(349): CodeIgniter\CodeIgniter->handleRequest(null, Object(Config\Cache), false)
 9 FCPATH\index.php(55): CodeIgniter\CodeIgniter->run()
10 SYSTEMPATH\Commands\Server\rewrite.php(43): require_once('FCPATH\\index.php')
CRITICAL - 2022-09-13 12:35:32 --> Trying to access array offset on value of type null
in APPPATH\Views\dashboard\add_simpanan.php on line 26.
 1 APPPATH\Views\dashboard\add_simpanan.php(26): CodeIgniter\Debug\Exceptions->errorHandler(8, 'Trying to access array offset on value of type null', 'APPPATH\\Views\\dashboard\\add_simpanan.php', 26, [...])
 2 SYSTEMPATH\View\View.php(213): include('APPPATH\\Views\\dashboard\\add_simpanan.php')
 3 SYSTEMPATH\View\View.php(216): CodeIgniter\View\View->CodeIgniter\View\{closure}()
 4 SYSTEMPATH\Common.php(1135): CodeIgniter\View\View->render('dashboard/add_simpanan', [], true)
 5 APPPATH\Controllers\Dashboard.php(274): view('dashboard/add_simpanan', [...])
 6 SYSTEMPATH\CodeIgniter.php(896): App\Controllers\Dashboard->add_simpanan('FCPATH\\js', 'jsfunctions.js')
 7 SYSTEMPATH\CodeIgniter.php(466): CodeIgniter\CodeIgniter->runController(Object(App\Controllers\Dashboard))
 8 SYSTEMPATH\CodeIgniter.php(349): CodeIgniter\CodeIgniter->handleRequest(null, Object(Config\Cache), false)
 9 FCPATH\index.php(55): CodeIgniter\CodeIgniter->run()
10 SYSTEMPATH\Commands\Server\rewrite.php(43): require_once('FCPATH\\index.php')
CRITICAL - 2022-09-13 12:35:32 --> Trying to access array offset on value of type null
in APPPATH\Views\dashboard\add_simpanan.php on line 26.
 1 APPPATH\Views\dashboard\add_simpanan.php(26): CodeIgniter\Debug\Exceptions->errorHandler(8, 'Trying to access array offset on value of type null', 'APPPATH\\Views\\dashboard\\add_simpanan.php', 26, [...])
 2 SYSTEMPATH\View\View.php(213): include('APPPATH\\Views\\dashboard\\add_simpanan.php')
 3 SYSTEMPATH\View\View.php(216): CodeIgniter\View\View->CodeIgniter\View\{closure}()
 4 SYSTEMPATH\Common.php(1135): CodeIgniter\View\View->render('dashboard/add_simpanan', [], true)
 5 APPPATH\Controllers\Dashboard.php(274): view('dashboard/add_simpanan', [...])
 6 SYSTEMPATH\CodeIgniter.php(896): App\Controllers\Dashboard->add_simpanan('FCPATH\\js', 'qrcode.js')
 7 SYSTEMPATH\CodeIgniter.php(466): CodeIgniter\CodeIgniter->runController(Object(App\Controllers\Dashboard))
 8 SYSTEMPATH\CodeIgniter.php(349): CodeIgniter\CodeIgniter->handleRequest(null, Object(Config\Cache), false)
 9 FCPATH\index.php(55): CodeIgniter\CodeIgniter->run()
10 SYSTEMPATH\Commands\Server\rewrite.php(43): require_once('FCPATH\\index.php')
CRITICAL - 2022-09-13 12:35:37 --> Trying to access array offset on value of type null
in APPPATH\Views\dashboard\add_simpanan.php on line 26.
 1 APPPATH\Views\dashboard\add_simpanan.php(26): CodeIgniter\Debug\Exceptions->errorHandler(8, 'Trying to access array offset on value of type null', 'APPPATH\\Views\\dashboard\\add_simpanan.php', 26, [...])
 2 SYSTEMPATH\View\View.php(213): include('APPPATH\\Views\\dashboard\\add_simpanan.php')
 3 SYSTEMPATH\View\View.php(216): CodeIgniter\View\View->CodeIgniter\View\{closure}()
 4 SYSTEMPATH\Common.php(1135): CodeIgniter\View\View->render('dashboard/add_simpanan', [], true)
 5 APPPATH\Controllers\Dashboard.php(274): view('dashboard/add_simpanan', [...])
 6 SYSTEMPATH\CodeIgniter.php(896): App\Controllers\Dashboard->add_simpanan('FCPATH\\js', 'jsfunctions.js')
 7 SYSTEMPATH\CodeIgniter.php(466): CodeIgniter\CodeIgniter->runController(Object(App\Controllers\Dashboard))
 8 SYSTEMPATH\CodeIgniter.php(349): CodeIgniter\CodeIgniter->handleRequest(null, Object(Config\Cache), false)
 9 FCPATH\index.php(55): CodeIgniter\CodeIgniter->run()
10 SYSTEMPATH\Commands\Server\rewrite.php(43): require_once('FCPATH\\index.php')
CRITICAL - 2022-09-13 12:35:37 --> Trying to access array offset on value of type null
in APPPATH\Views\dashboard\add_simpanan.php on line 26.
 1 APPPATH\Views\dashboard\add_simpanan.php(26): CodeIgniter\Debug\Exceptions->errorHandler(8, 'Trying to access array offset on value of type null', 'APPPATH\\Views\\dashboard\\add_simpanan.php', 26, [...])
 2 SYSTEMPATH\View\View.php(213): include('APPPATH\\Views\\dashboard\\add_simpanan.php')
 3 SYSTEMPATH\View\View.php(216): CodeIgniter\View\View->CodeIgniter\View\{closure}()
 4 SYSTEMPATH\Common.php(1135): CodeIgniter\View\View->render('dashboard/add_simpanan', [], true)
 5 APPPATH\Controllers\Dashboard.php(274): view('dashboard/add_simpanan', [...])
 6 SYSTEMPATH\CodeIgniter.php(896): App\Controllers\Dashboard->add_simpanan('FCPATH\\js', 'qrcode.js')
 7 SYSTEMPATH\CodeIgniter.php(466): CodeIgniter\CodeIgniter->runController(Object(App\Controllers\Dashboard))
 8 SYSTEMPATH\CodeIgniter.php(349): CodeIgniter\CodeIgniter->handleRequest(null, Object(Config\Cache), false)
 9 FCPATH\index.php(55): CodeIgniter\CodeIgniter->run()
10 SYSTEMPATH\Commands\Server\rewrite.php(43): require_once('FCPATH\\index.php')
CRITICAL - 2022-09-13 12:37:24 --> Trying to access array offset on value of type null
in APPPATH\Views\dashboard\add_simpanan.php on line 26.
 1 APPPATH\Views\dashboard\add_simpanan.php(26): CodeIgniter\Debug\Exceptions->errorHandler(8, 'Trying to access array offset on value of type null', 'APPPATH\\Views\\dashboard\\add_simpanan.php', 26, [...])
 2 SYSTEMPATH\View\View.php(213): include('APPPATH\\Views\\dashboard\\add_simpanan.php')
 3 SYSTEMPATH\View\View.php(216): CodeIgniter\View\View->CodeIgniter\View\{closure}()
 4 SYSTEMPATH\Common.php(1135): CodeIgniter\View\View->render('dashboard/add_simpanan', [], true)
 5 APPPATH\Controllers\Dashboard.php(274): view('dashboard/add_simpanan', [...])
 6 SYSTEMPATH\CodeIgniter.php(896): App\Controllers\Dashboard->add_simpanan('FCPATH\\js', 'jsfunctions.js')
 7 SYSTEMPATH\CodeIgniter.php(466): CodeIgniter\CodeIgniter->runController(Object(App\Controllers\Dashboard))
 8 SYSTEMPATH\CodeIgniter.php(349): CodeIgniter\CodeIgniter->handleRequest(null, Object(Config\Cache), false)
 9 FCPATH\index.php(55): CodeIgniter\CodeIgniter->run()
10 SYSTEMPATH\Commands\Server\rewrite.php(43): require_once('FCPATH\\index.php')
CRITICAL - 2022-09-13 12:37:24 --> Trying to access array offset on value of type null
in APPPATH\Views\dashboard\add_simpanan.php on line 26.
 1 APPPATH\Views\dashboard\add_simpanan.php(26): CodeIgniter\Debug\Exceptions->errorHandler(8, 'Trying to access array offset on value of type null', 'APPPATH\\Views\\dashboard\\add_simpanan.php', 26, [...])
 2 SYSTEMPATH\View\View.php(213): include('APPPATH\\Views\\dashboard\\add_simpanan.php')
 3 SYSTEMPATH\View\View.php(216): CodeIgniter\View\View->CodeIgniter\View\{closure}()
 4 SYSTEMPATH\Common.php(1135): CodeIgniter\View\View->render('dashboard/add_simpanan', [], true)
 5 APPPATH\Controllers\Dashboard.php(274): view('dashboard/add_simpanan', [...])
 6 SYSTEMPATH\CodeIgniter.php(896): App\Controllers\Dashboard->add_simpanan('FCPATH\\js', 'qrcode.js')
 7 SYSTEMPATH\CodeIgniter.php(466): CodeIgniter\CodeIgniter->runController(Object(App\Controllers\Dashboard))
 8 SYSTEMPATH\CodeIgniter.php(349): CodeIgniter\CodeIgniter->handleRequest(null, Object(Config\Cache), false)
 9 FCPATH\index.php(55): CodeIgniter\CodeIgniter->run()
10 SYSTEMPATH\Commands\Server\rewrite.php(43): require_once('FCPATH\\index.php')
CRITICAL - 2022-09-13 12:37:38 --> Trying to access array offset on value of type null
in APPPATH\Views\dashboard\add_simpanan.php on line 26.
 1 APPPATH\Views\dashboard\add_simpanan.php(26): CodeIgniter\Debug\Exceptions->errorHandler(8, 'Trying to access array offset on value of type null', 'APPPATH\\Views\\dashboard\\add_simpanan.php', 26, [...])
 2 SYSTEMPATH\View\View.php(213): include('APPPATH\\Views\\dashboard\\add_simpanan.php')
 3 SYSTEMPATH\View\View.php(216): CodeIgniter\View\View->CodeIgniter\View\{closure}()
 4 SYSTEMPATH\Common.php(1135): CodeIgniter\View\View->render('dashboard/add_simpanan', [], true)
 5 APPPATH\Controllers\Dashboard.php(274): view('dashboard/add_simpanan', [...])
 6 SYSTEMPATH\CodeIgniter.php(896): App\Controllers\Dashboard->add_simpanan('FCPATH\\js', 'jsfunctions.js')
 7 SYSTEMPATH\CodeIgniter.php(466): CodeIgniter\CodeIgniter->runController(Object(App\Controllers\Dashboard))
 8 SYSTEMPATH\CodeIgniter.php(349): CodeIgniter\CodeIgniter->handleRequest(null, Object(Config\Cache), false)
 9 FCPATH\index.php(55): CodeIgniter\CodeIgniter->run()
10 SYSTEMPATH\Commands\Server\rewrite.php(43): require_once('FCPATH\\index.php')
CRITICAL - 2022-09-13 12:37:38 --> Trying to access array offset on value of type null
in APPPATH\Views\dashboard\add_simpanan.php on line 26.
 1 APPPATH\Views\dashboard\add_simpanan.php(26): CodeIgniter\Debug\Exceptions->errorHandler(8, 'Trying to access array offset on value of type null', 'APPPATH\\Views\\dashboard\\add_simpanan.php', 26, [...])
 2 SYSTEMPATH\View\View.php(213): include('APPPATH\\Views\\dashboard\\add_simpanan.php')
 3 SYSTEMPATH\View\View.php(216): CodeIgniter\View\View->CodeIgniter\View\{closure}()
 4 SYSTEMPATH\Common.php(1135): CodeIgniter\View\View->render('dashboard/add_simpanan', [], true)
 5 APPPATH\Controllers\Dashboard.php(274): view('dashboard/add_simpanan', [...])
 6 SYSTEMPATH\CodeIgniter.php(896): App\Controllers\Dashboard->add_simpanan('FCPATH\\js', 'qrcode.js')
 7 SYSTEMPATH\CodeIgniter.php(466): CodeIgniter\CodeIgniter->runController(Object(App\Controllers\Dashboard))
 8 SYSTEMPATH\CodeIgniter.php(349): CodeIgniter\CodeIgniter->handleRequest(null, Object(Config\Cache), false)
 9 FCPATH\index.php(55): CodeIgniter\CodeIgniter->run()
10 SYSTEMPATH\Commands\Server\rewrite.php(43): require_once('FCPATH\\index.php')
