CRITICAL - 2022-08-06 09:09:15 --> Call to undefined method CodeIgniter\View\View::enSection()
in APPPATH\Views\dashboard\data_anggota.php on line 79.
 1 SYSTEMPATH\View\View.php(213): include()
 2 SYSTEMPATH\View\View.php(216): CodeIgniter\View\View->CodeIgniter\View\{closure}()
 3 SYSTEMPATH\Common.php(1135): CodeIgniter\View\View->render('dashboard/data_anggota', [], true)
 4 APPPATH\Controllers\Dashboard.php(11): view('dashboard/data_anggota')
 5 SYSTEMPATH\CodeIgniter.php(896): App\Controllers\Dashboard->index()
 6 SYSTEMPATH\CodeIgniter.php(466): CodeIgniter\CodeIgniter->runController(Object(App\Controllers\Dashboard))
 7 SYSTEMPATH\CodeIgniter.php(349): CodeIgniter\CodeIgniter->handleRequest(null, Object(Config\Cache), false)
 8 FCPATH\index.php(55): CodeIgniter\CodeIgniter->run()
 9 SYSTEMPATH\Commands\Server\rewrite.php(43): require_once('FCPATH\\index.php')
CRITICAL - 2022-08-06 09:23:10 --> Invalid file: dashboard/layout.php
in SYSTEMPATH\Exceptions\FrameworkException.php on line 33.
 1 SYSTEMPATH\View\View.php(201): CodeIgniter\Exceptions\FrameworkException::forInvalidFile('dashboard/layout.php')
 2 SYSTEMPATH\View\View.php(229): CodeIgniter\View\View->render('dashboard/layout', [], true)
 3 SYSTEMPATH\Common.php(1135): CodeIgniter\View\View->render('dashboard/data_poin', [], true)
 4 APPPATH\Controllers\Dashboard.php(17): view('dashboard/data_poin')
 5 SYSTEMPATH\CodeIgniter.php(896): App\Controllers\Dashboard->data_poin()
 6 SYSTEMPATH\CodeIgniter.php(466): CodeIgniter\CodeIgniter->runController(Object(App\Controllers\Dashboard))
 7 SYSTEMPATH\CodeIgniter.php(349): CodeIgniter\CodeIgniter->handleRequest(null, Object(Config\Cache), false)
 8 FCPATH\index.php(55): CodeIgniter\CodeIgniter->run()
 9 SYSTEMPATH\Commands\Server\rewrite.php(43): require_once('FCPATH\\index.php')
CRITICAL - 2022-08-06 09:29:22 --> Undefined variable: data
in APPPATH\Views\dashboard\data_kegiatan.php on line 63.
 1 APPPATH\Views\dashboard\data_kegiatan.php(63): CodeIgniter\Debug\Exceptions->errorHandler(8, 'Undefined variable: data', 'APPPATH\\Views\\dashboard\\data_kegiatan.php', 63, [])
 2 SYSTEMPATH\View\View.php(213): include('APPPATH\\Views\\dashboard\\data_kegiatan.php')
 3 SYSTEMPATH\View\View.php(216): CodeIgniter\View\View->CodeIgniter\View\{closure}()
 4 SYSTEMPATH\Common.php(1135): CodeIgniter\View\View->render('dashboard/data_kegiatan', [], true)
 5 APPPATH\Controllers\Dashboard.php(27): view('dashboard/data_kegiatan')
 6 SYSTEMPATH\CodeIgniter.php(896): App\Controllers\Dashboard->data_kegiatan()
 7 SYSTEMPATH\CodeIgniter.php(466): CodeIgniter\CodeIgniter->runController(Object(App\Controllers\Dashboard))
 8 SYSTEMPATH\CodeIgniter.php(349): CodeIgniter\CodeIgniter->handleRequest(null, Object(Config\Cache), false)
 9 FCPATH\index.php(55): CodeIgniter\CodeIgniter->run()
10 SYSTEMPATH\Commands\Server\rewrite.php(43): require_once('FCPATH\\index.php')
