CRITICAL - 2022-09-20 10:01:05 --> Call to undefined method App\Models\HasilSurveyModel::getLaporan
in SYSTEMPATH\Model.php on line 773.
 1 APPPATH\Controllers\Litbang.php(23): CodeIgniter\Model->__call('getLaporan', [])
 2 SYSTEMPATH\CodeIgniter.php(896): App\Controllers\Litbang->hasil_survey()
 3 SYSTEMPATH\CodeIgniter.php(466): CodeIgniter\CodeIgniter->runController(Object(App\Controllers\Litbang))
 4 SYSTEMPATH\CodeIgniter.php(349): CodeIgniter\CodeIgniter->handleRequest(null, Object(Config\Cache), false)
 5 FCPATH\index.php(55): CodeIgniter\CodeIgniter->run()
 6 SYSTEMPATH\Commands\Server\rewrite.php(43): require_once('FCPATH\\index.php')
CRITICAL - 2022-09-20 10:30:48 --> Call to undefined method App\Models\HasilSurveyModel::getLaporan
in SYSTEMPATH\Model.php on line 773.
 1 APPPATH\Controllers\Litbang.php(23): CodeIgniter\Model->__call('getLaporan', [])
 2 SYSTEMPATH\CodeIgniter.php(896): App\Controllers\Litbang->hasil_survey()
 3 SYSTEMPATH\CodeIgniter.php(466): CodeIgniter\CodeIgniter->runController(Object(App\Controllers\Litbang))
 4 SYSTEMPATH\CodeIgniter.php(349): CodeIgniter\CodeIgniter->handleRequest(null, Object(Config\Cache), false)
 5 FCPATH\index.php(55): CodeIgniter\CodeIgniter->run()
 6 SYSTEMPATH\Commands\Server\rewrite.php(43): require_once('FCPATH\\index.php')
CRITICAL - 2022-09-20 11:31:22 --> Undefined variable: validation
in APPPATH\Views\litbang\add_report.php on line 21.
 1 APPPATH\Views\litbang\add_report.php(21): CodeIgniter\Debug\Exceptions->errorHandler(8, 'Undefined variable: validation', 'APPPATH\\Views\\litbang\\add_report.php', 21, [...])
 2 SYSTEMPATH\View\View.php(213): include('APPPATH\\Views\\litbang\\add_report.php')
 3 SYSTEMPATH\View\View.php(216): CodeIgniter\View\View->CodeIgniter\View\{closure}()
 4 SYSTEMPATH\Common.php(1135): CodeIgniter\View\View->render('litbang/add_report', [], true)
 5 APPPATH\Controllers\Litbang.php(37): view('litbang/add_report', [...])
 6 SYSTEMPATH\CodeIgniter.php(896): App\Controllers\Litbang->add_report()
 7 SYSTEMPATH\CodeIgniter.php(466): CodeIgniter\CodeIgniter->runController(Object(App\Controllers\Litbang))
 8 SYSTEMPATH\CodeIgniter.php(349): CodeIgniter\CodeIgniter->handleRequest(null, Object(Config\Cache), false)
 9 FCPATH\index.php(55): CodeIgniter\CodeIgniter->run()
10 SYSTEMPATH\Commands\Server\rewrite.php(43): require_once('FCPATH\\index.php')
CRITICAL - 2022-09-20 11:31:37 --> Undefined variable: validation
in APPPATH\Views\litbang\add_report.php on line 21.
 1 APPPATH\Views\litbang\add_report.php(21): CodeIgniter\Debug\Exceptions->errorHandler(8, 'Undefined variable: validation', 'APPPATH\\Views\\litbang\\add_report.php', 21, [...])
 2 SYSTEMPATH\View\View.php(213): include('APPPATH\\Views\\litbang\\add_report.php')
 3 SYSTEMPATH\View\View.php(216): CodeIgniter\View\View->CodeIgniter\View\{closure}()
 4 SYSTEMPATH\Common.php(1135): CodeIgniter\View\View->render('litbang/add_report', [], true)
 5 APPPATH\Controllers\Litbang.php(37): view('litbang/add_report', [...])
 6 SYSTEMPATH\CodeIgniter.php(896): App\Controllers\Litbang->add_report()
 7 SYSTEMPATH\CodeIgniter.php(466): CodeIgniter\CodeIgniter->runController(Object(App\Controllers\Litbang))
 8 SYSTEMPATH\CodeIgniter.php(349): CodeIgniter\CodeIgniter->handleRequest(null, Object(Config\Cache), false)
 9 FCPATH\index.php(55): CodeIgniter\CodeIgniter->run()
10 SYSTEMPATH\Commands\Server\rewrite.php(43): require_once('FCPATH\\index.php')
CRITICAL - 2022-09-20 11:32:55 --> Undefined variable: validation
in APPPATH\Views\litbang\add_report.php on line 8.
 1 APPPATH\Views\litbang\add_report.php(8): CodeIgniter\Debug\Exceptions->errorHandler(8, 'Undefined variable: validation', 'APPPATH\\Views\\litbang\\add_report.php', 8, [...])
 2 SYSTEMPATH\View\View.php(213): include('APPPATH\\Views\\litbang\\add_report.php')
 3 SYSTEMPATH\View\View.php(216): CodeIgniter\View\View->CodeIgniter\View\{closure}()
 4 SYSTEMPATH\Common.php(1135): CodeIgniter\View\View->render('litbang/add_report', [], true)
 5 APPPATH\Controllers\Litbang.php(37): view('litbang/add_report', [...])
 6 SYSTEMPATH\CodeIgniter.php(896): App\Controllers\Litbang->add_report()
 7 SYSTEMPATH\CodeIgniter.php(466): CodeIgniter\CodeIgniter->runController(Object(App\Controllers\Litbang))
 8 SYSTEMPATH\CodeIgniter.php(349): CodeIgniter\CodeIgniter->handleRequest(null, Object(Config\Cache), false)
 9 FCPATH\index.php(55): CodeIgniter\CodeIgniter->run()
10 SYSTEMPATH\Commands\Server\rewrite.php(43): require_once('FCPATH\\index.php')
CRITICAL - 2022-09-20 11:33:04 --> Undefined variable: errors
in APPPATH\Views\litbang\add_report.php on line 8.
 1 APPPATH\Views\litbang\add_report.php(8): CodeIgniter\Debug\Exceptions->errorHandler(8, 'Undefined variable: errors', 'APPPATH\\Views\\litbang\\add_report.php', 8, [...])
 2 SYSTEMPATH\View\View.php(213): include('APPPATH\\Views\\litbang\\add_report.php')
 3 SYSTEMPATH\View\View.php(216): CodeIgniter\View\View->CodeIgniter\View\{closure}()
 4 SYSTEMPATH\Common.php(1135): CodeIgniter\View\View->render('litbang/add_report', [], true)
 5 APPPATH\Controllers\Litbang.php(37): view('litbang/add_report', [...])
 6 SYSTEMPATH\CodeIgniter.php(896): App\Controllers\Litbang->add_report()
 7 SYSTEMPATH\CodeIgniter.php(466): CodeIgniter\CodeIgniter->runController(Object(App\Controllers\Litbang))
 8 SYSTEMPATH\CodeIgniter.php(349): CodeIgniter\CodeIgniter->handleRequest(null, Object(Config\Cache), false)
 9 FCPATH\index.php(55): CodeIgniter\CodeIgniter->run()
10 SYSTEMPATH\Commands\Server\rewrite.php(43): require_once('FCPATH\\index.php')
CRITICAL - 2022-09-20 11:33:08 --> Undefined variable: validation
in APPPATH\Views\litbang\add_report.php on line 25.
 1 APPPATH\Views\litbang\add_report.php(25): CodeIgniter\Debug\Exceptions->errorHandler(8, 'Undefined variable: validation', 'APPPATH\\Views\\litbang\\add_report.php', 25, [...])
 2 SYSTEMPATH\View\View.php(213): include('APPPATH\\Views\\litbang\\add_report.php')
 3 SYSTEMPATH\View\View.php(216): CodeIgniter\View\View->CodeIgniter\View\{closure}()
 4 SYSTEMPATH\Common.php(1135): CodeIgniter\View\View->render('litbang/add_report', [], true)
 5 APPPATH\Controllers\Litbang.php(37): view('litbang/add_report', [...])
 6 SYSTEMPATH\CodeIgniter.php(896): App\Controllers\Litbang->add_report()
 7 SYSTEMPATH\CodeIgniter.php(466): CodeIgniter\CodeIgniter->runController(Object(App\Controllers\Litbang))
 8 SYSTEMPATH\CodeIgniter.php(349): CodeIgniter\CodeIgniter->handleRequest(null, Object(Config\Cache), false)
 9 FCPATH\index.php(55): CodeIgniter\CodeIgniter->run()
10 SYSTEMPATH\Commands\Server\rewrite.php(43): require_once('FCPATH\\index.php')
CRITICAL - 2022-09-20 11:49:27 --> Allowed fields must be specified for model: App\Models\HasilSurveyModel
in SYSTEMPATH\BaseModel.php on line 1138.
 1 SYSTEMPATH\BaseModel.php(1138): CodeIgniter\Database\Exceptions\DataException::forInvalidAllowedFields('App\\Models\\HasilSurveyModel')
 2 SYSTEMPATH\BaseModel.php(713): CodeIgniter\BaseModel->doProtectFields([...])
 3 SYSTEMPATH\Model.php(666): CodeIgniter\BaseModel->insert([...], true)
 4 APPPATH\Controllers\Litbang.php(93): CodeIgniter\Model->insert([...])
 5 SYSTEMPATH\CodeIgniter.php(896): App\Controllers\Litbang->save_report()
 6 SYSTEMPATH\CodeIgniter.php(466): CodeIgniter\CodeIgniter->runController(Object(App\Controllers\Litbang))
 7 SYSTEMPATH\CodeIgniter.php(349): CodeIgniter\CodeIgniter->handleRequest(null, Object(Config\Cache), false)
 8 FCPATH\index.php(55): CodeIgniter\CodeIgniter->run()
 9 SYSTEMPATH\Commands\Server\rewrite.php(43): require_once('FCPATH\\index.php')
ERROR - 2022-09-20 11:54:17 --> Unknown column 'nama_survey' in 'field list'
CRITICAL - 2022-09-20 11:54:17 --> Unknown column 'nama_survey' in 'field list'
in SYSTEMPATH\Database\MySQLi\Connection.php on line 292.
 1 SYSTEMPATH\Database\MySQLi\Connection.php(292): mysqli->query('INSERT INTO `hasil_survey` (`id_laporan`, `nama_survey`, `deskripsi`, `tanggal_mulai`, `tanggal_selesai`, `file`, `created_at`, `updated_at`) VALUES (\'632947790fddf\', \'tes\', \'teas\', \'2022-09-20\', \'2022-09-20\', \'1663649657_62f5f903e832b6f03692.pdf\', \'2022-09-20 11:54:17\', \'2022-09-20 11:54:17\')', 0)
 2 SYSTEMPATH\Database\BaseConnection.php(695): CodeIgniter\Database\MySQLi\Connection->execute('INSERT INTO `hasil_survey` (`id_laporan`, `nama_survey`, `deskripsi`, `tanggal_mulai`, `tanggal_selesai`, `file`, `created_at`, `updated_at`) VALUES (\'632947790fddf\', \'tes\', \'teas\', \'2022-09-20\', \'2022-09-20\', \'1663649657_62f5f903e832b6f03692.pdf\', \'2022-09-20 11:54:17\', \'2022-09-20 11:54:17\')')
 3 SYSTEMPATH\Database\BaseConnection.php(609): CodeIgniter\Database\BaseConnection->simpleQuery('INSERT INTO `hasil_survey` (`id_laporan`, `nama_survey`, `deskripsi`, `tanggal_mulai`, `tanggal_selesai`, `file`, `created_at`, `updated_at`) VALUES (\'632947790fddf\', \'tes\', \'teas\', \'2022-09-20\', \'2022-09-20\', \'1663649657_62f5f903e832b6f03692.pdf\', \'2022-09-20 11:54:17\', \'2022-09-20 11:54:17\')')
 4 SYSTEMPATH\Database\BaseBuilder.php(1904): CodeIgniter\Database\BaseConnection->query('INSERT INTO `hasil_survey` (`id_laporan`, `nama_survey`, `deskripsi`, `tanggal_mulai`, `tanggal_selesai`, `file`, `created_at`, `updated_at`) VALUES (:id_laporan:, :nama_survey:, :deskripsi:, :tanggal_mulai:, :tanggal_selesai:, :file:, :created_at:, :updated_at:)', [...], false)
 5 SYSTEMPATH\Model.php(278): CodeIgniter\Database\BaseBuilder->insert()
 6 SYSTEMPATH\BaseModel.php(738): CodeIgniter\Model->doInsert([...])
 7 SYSTEMPATH\Model.php(666): CodeIgniter\BaseModel->insert([...], true)
 8 APPPATH\Controllers\Litbang.php(93): CodeIgniter\Model->insert([...])
 9 SYSTEMPATH\CodeIgniter.php(896): App\Controllers\Litbang->save_report()
10 SYSTEMPATH\CodeIgniter.php(466): CodeIgniter\CodeIgniter->runController(Object(App\Controllers\Litbang))
11 SYSTEMPATH\CodeIgniter.php(349): CodeIgniter\CodeIgniter->handleRequest(null, Object(Config\Cache), false)
12 FCPATH\index.php(55): CodeIgniter\CodeIgniter->run()
13 SYSTEMPATH\Commands\Server\rewrite.php(43): require_once('FCPATH\\index.php')
CRITICAL - 2022-09-20 11:56:05 --> Undefined index: npm
in APPPATH\Views\litbang\hasil_survey.php on line 64.
 1 APPPATH\Views\litbang\hasil_survey.php(64): CodeIgniter\Debug\Exceptions->errorHandler(8, 'Undefined index: npm', 'APPPATH\\Views\\litbang\\hasil_survey.php', 64, [...])
 2 SYSTEMPATH\View\View.php(213): include('APPPATH\\Views\\litbang\\hasil_survey.php')
 3 SYSTEMPATH\View\View.php(216): CodeIgniter\View\View->CodeIgniter\View\{closure}()
 4 SYSTEMPATH\Common.php(1135): CodeIgniter\View\View->render('litbang/hasil_survey', [], true)
 5 APPPATH\Controllers\Litbang.php(29): view('litbang/hasil_survey', [...])
 6 SYSTEMPATH\CodeIgniter.php(896): App\Controllers\Litbang->hasil_survey()
 7 SYSTEMPATH\CodeIgniter.php(466): CodeIgniter\CodeIgniter->runController(Object(App\Controllers\Litbang))
 8 SYSTEMPATH\CodeIgniter.php(349): CodeIgniter\CodeIgniter->handleRequest(null, Object(Config\Cache), false)
 9 FCPATH\index.php(55): CodeIgniter\CodeIgniter->run()
10 SYSTEMPATH\Commands\Server\rewrite.php(43): require_once('FCPATH\\index.php')
CRITICAL - 2022-09-20 11:56:05 --> Undefined index: npm
in APPPATH\Views\litbang\hasil_survey.php on line 64.
 1 APPPATH\Views\litbang\hasil_survey.php(64): CodeIgniter\Debug\Exceptions->errorHandler(8, 'Undefined index: npm', 'APPPATH\\Views\\litbang\\hasil_survey.php', 64, [...])
 2 SYSTEMPATH\View\View.php(213): include('APPPATH\\Views\\litbang\\hasil_survey.php')
 3 SYSTEMPATH\View\View.php(216): CodeIgniter\View\View->CodeIgniter\View\{closure}()
 4 SYSTEMPATH\Common.php(1135): CodeIgniter\View\View->render('litbang/hasil_survey', [], true)
 5 APPPATH\Controllers\Litbang.php(29): view('litbang/hasil_survey', [...])
 6 SYSTEMPATH\CodeIgniter.php(896): App\Controllers\Litbang->hasil_survey()
 7 SYSTEMPATH\CodeIgniter.php(466): CodeIgniter\CodeIgniter->runController(Object(App\Controllers\Litbang))
 8 SYSTEMPATH\CodeIgniter.php(349): CodeIgniter\CodeIgniter->handleRequest(null, Object(Config\Cache), false)
 9 FCPATH\index.php(55): CodeIgniter\CodeIgniter->run()
10 SYSTEMPATH\Commands\Server\rewrite.php(43): require_once('FCPATH\\index.php')
CRITICAL - 2022-09-20 14:35:01 --> Class 'App\Controllers\BooksModel' not found
in APPPATH\Controllers\Litbang.php on line 101.
 1 SYSTEMPATH\CodeIgniter.php(896): App\Controllers\Litbang->view_report('1663650235_9fb29bebce6b51bc5e3e.pdf')
 2 SYSTEMPATH\CodeIgniter.php(466): CodeIgniter\CodeIgniter->runController(Object(App\Controllers\Litbang))
 3 SYSTEMPATH\CodeIgniter.php(349): CodeIgniter\CodeIgniter->handleRequest(null, Object(Config\Cache), false)
 4 FCPATH\index.php(55): CodeIgniter\CodeIgniter->run()
 5 SYSTEMPATH\Commands\Server\rewrite.php(43): require_once('FCPATH\\index.php')
CRITICAL - 2022-09-20 14:35:01 --> Class 'App\Controllers\BooksModel' not found
in APPPATH\Controllers\Litbang.php on line 101.
 1 SYSTEMPATH\CodeIgniter.php(896): App\Controllers\Litbang->view_report('1663650235_9fb29bebce6b51bc5e3e.pdf')
 2 SYSTEMPATH\CodeIgniter.php(466): CodeIgniter\CodeIgniter->runController(Object(App\Controllers\Litbang))
 3 SYSTEMPATH\CodeIgniter.php(349): CodeIgniter\CodeIgniter->handleRequest(null, Object(Config\Cache), false)
 4 FCPATH\index.php(55): CodeIgniter\CodeIgniter->run()
 5 SYSTEMPATH\Commands\Server\rewrite.php(43): require_once('FCPATH\\index.php')
CRITICAL - 2022-09-20 14:35:01 --> Class 'App\Controllers\BooksModel' not found
in APPPATH\Controllers\Litbang.php on line 101.
 1 SYSTEMPATH\CodeIgniter.php(896): App\Controllers\Litbang->view_report('1663650235_9fb29bebce6b51bc5e3e.pdf')
 2 SYSTEMPATH\CodeIgniter.php(466): CodeIgniter\CodeIgniter->runController(Object(App\Controllers\Litbang))
 3 SYSTEMPATH\CodeIgniter.php(349): CodeIgniter\CodeIgniter->handleRequest(null, Object(Config\Cache), false)
 4 FCPATH\index.php(55): CodeIgniter\CodeIgniter->run()
 5 SYSTEMPATH\Commands\Server\rewrite.php(43): require_once('FCPATH\\index.php')
CRITICAL - 2022-09-20 14:35:02 --> Class 'App\Controllers\BooksModel' not found
in APPPATH\Controllers\Litbang.php on line 101.
 1 SYSTEMPATH\CodeIgniter.php(896): App\Controllers\Litbang->view_report('1663650235_9fb29bebce6b51bc5e3e.pdf')
 2 SYSTEMPATH\CodeIgniter.php(466): CodeIgniter\CodeIgniter->runController(Object(App\Controllers\Litbang))
 3 SYSTEMPATH\CodeIgniter.php(349): CodeIgniter\CodeIgniter->handleRequest(null, Object(Config\Cache), false)
 4 FCPATH\index.php(55): CodeIgniter\CodeIgniter->run()
 5 SYSTEMPATH\Commands\Server\rewrite.php(43): require_once('FCPATH\\index.php')
CRITICAL - 2022-09-20 14:35:02 --> Class 'App\Controllers\BooksModel' not found
in APPPATH\Controllers\Litbang.php on line 101.
 1 SYSTEMPATH\CodeIgniter.php(896): App\Controllers\Litbang->view_report('1663650235_9fb29bebce6b51bc5e3e.pdf')
 2 SYSTEMPATH\CodeIgniter.php(466): CodeIgniter\CodeIgniter->runController(Object(App\Controllers\Litbang))
 3 SYSTEMPATH\CodeIgniter.php(349): CodeIgniter\CodeIgniter->handleRequest(null, Object(Config\Cache), false)
 4 FCPATH\index.php(55): CodeIgniter\CodeIgniter->run()
 5 SYSTEMPATH\Commands\Server\rewrite.php(43): require_once('FCPATH\\index.php')
