CRITICAL - 2023-01-06 14:21:25 --> Trying to get property 'id' of non-object
in APPPATH\Views\litbang\edit_survey.php on line 43.
 1 APPPATH\Views\litbang\edit_survey.php(43): CodeIgniter\Debug\Exceptions->errorHandler(8, 'Trying to get property \'id\' of non-object', 'APPPATH\\Views\\litbang\\edit_survey.php', 43, [...])
 2 SYSTEMPATH\View\View.php(213): include('APPPATH\\Views\\litbang\\edit_survey.php')
 3 SYSTEMPATH\View\View.php(216): CodeIgniter\View\View->CodeIgniter\View\{closure}()
 4 SYSTEMPATH\Common.php(1142): CodeIgniter\View\View->render('litbang/edit_survey', [], true)
 5 APPPATH\Controllers\Litbang.php(295): view('litbang/edit_survey', [...])
 6 SYSTEMPATH\CodeIgniter.php(907): App\Controllers\Litbang->edit_survey()
 7 SYSTEMPATH\CodeIgniter.php(457): CodeIgniter\CodeIgniter->runController(Object(App\Controllers\Litbang))
 8 SYSTEMPATH\CodeIgniter.php(340): CodeIgniter\CodeIgniter->handleRequest(null, Object(Config\Cache), false)
 9 FCPATH\index.php(55): CodeIgniter\CodeIgniter->run()
CRITICAL - 2023-01-06 14:21:33 --> Trying to get property 'id' of non-object
in APPPATH\Views\litbang\edit_survey.php on line 43.
 1 APPPATH\Views\litbang\edit_survey.php(43): CodeIgniter\Debug\Exceptions->errorHandler(8, 'Trying to get property \'id\' of non-object', 'APPPATH\\Views\\litbang\\edit_survey.php', 43, [...])
 2 SYSTEMPATH\View\View.php(213): include('APPPATH\\Views\\litbang\\edit_survey.php')
 3 SYSTEMPATH\View\View.php(216): CodeIgniter\View\View->CodeIgniter\View\{closure}()
 4 SYSTEMPATH\Common.php(1142): CodeIgniter\View\View->render('litbang/edit_survey', [], true)
 5 APPPATH\Controllers\Litbang.php(295): view('litbang/edit_survey', [...])
 6 SYSTEMPATH\CodeIgniter.php(907): App\Controllers\Litbang->edit_survey()
 7 SYSTEMPATH\CodeIgniter.php(457): CodeIgniter\CodeIgniter->runController(Object(App\Controllers\Litbang))
 8 SYSTEMPATH\CodeIgniter.php(340): CodeIgniter\CodeIgniter->handleRequest(null, Object(Config\Cache), false)
 9 FCPATH\index.php(55): CodeIgniter\CodeIgniter->run()
ERROR - 2023-01-06 14:46:56 --> mysqli_sql_exception: Unknown column 'tanggal_kegiatan' in 'field list' in D:\Coding\laragon\www\panelkopma\vendor\codeigniter4\framework\system\Database\MySQLi\Connection.php:292
Stack trace:
#0 D:\Coding\laragon\www\panelkopma\vendor\codeigniter4\framework\system\Database\MySQLi\Connection.php(292): mysqli->query('INSERT INTO `da...', 0)
#1 D:\Coding\laragon\www\panelkopma\vendor\codeigniter4\framework\system\Database\BaseConnection.php(693): CodeIgniter\Database\MySQLi\Connection->execute('INSERT INTO `da...')
#2 D:\Coding\laragon\www\panelkopma\vendor\codeigniter4\framework\system\Database\BaseConnection.php(620): CodeIgniter\Database\BaseConnection->simpleQuery('INSERT INTO `da...')
#3 D:\Coding\laragon\www\panelkopma\vendor\codeigniter4\framework\system\Database\BaseBuilder.php(1916): CodeIgniter\Database\BaseConnection->query('INSERT INTO `da...', Array, false)
#4 D:\Coding\laragon\www\panelkopma\vendor\codeigniter4\framework\system\Model.php(279): CodeIgniter\Database\BaseBuilder->insert()
#5 D:\Coding\laragon\www\panelkopma\vendor\codeigniter4\framework\system\BaseModel.php(738): CodeIgniter\Model->doInsert(Array)
#6 D:\Coding\laragon\www\panelkopma\vendor\codeigniter4\framework\system\Model.php(667): CodeIgniter\BaseModel->insert(Array, false)
#7 D:\Coding\laragon\www\panelkopma\vendor\codeigniter4\framework\system\BaseModel.php(658): CodeIgniter\Model->insert(Array, false)
#8 D:\Coding\laragon\www\panelkopma\app\Controllers\Dashboard.php(94): CodeIgniter\BaseModel->save(Array)
#9 D:\Coding\laragon\www\panelkopma\vendor\codeigniter4\framework\system\CodeIgniter.php(907): App\Controllers\Dashboard->save_kegiatan()
#10 D:\Coding\laragon\www\panelkopma\vendor\codeigniter4\framework\system\CodeIgniter.php(457): CodeIgniter\CodeIgniter->runController(Object(App\Controllers\Dashboard))
#11 D:\Coding\laragon\www\panelkopma\vendor\codeigniter4\framework\system\CodeIgniter.php(340): CodeIgniter\CodeIgniter->handleRequest(NULL, Object(Config\Cache), false)
#12 D:\Coding\laragon\www\panelkopma\public\index.php(55): CodeIgniter\CodeIgniter->run()
#13 {main}
CRITICAL - 2023-01-06 14:46:56 --> Unknown column 'tanggal_kegiatan' in 'field list'
in SYSTEMPATH\Database\MySQLi\Connection.php on line 292.
 1 SYSTEMPATH\Database\MySQLi\Connection.php(292): mysqli->query('INSERT INTO `data_kegiatan` (`id_kegiatan`, `nama_kegiatan`, `tanggal_kegiatan`, `tempat_kegiatan`) VALUES (3659, \'Aniversary\', \'2023-01-21\', \'Balrek\')', 0)
 2 SYSTEMPATH\Database\BaseConnection.php(693): CodeIgniter\Database\MySQLi\Connection->execute('INSERT INTO `data_kegiatan` (`id_kegiatan`, `nama_kegiatan`, `tanggal_kegiatan`, `tempat_kegiatan`) VALUES (3659, \'Aniversary\', \'2023-01-21\', \'Balrek\')')
 3 SYSTEMPATH\Database\BaseConnection.php(620): CodeIgniter\Database\BaseConnection->simpleQuery('INSERT INTO `data_kegiatan` (`id_kegiatan`, `nama_kegiatan`, `tanggal_kegiatan`, `tempat_kegiatan`) VALUES (3659, \'Aniversary\', \'2023-01-21\', \'Balrek\')')
 4 SYSTEMPATH\Database\BaseBuilder.php(1916): CodeIgniter\Database\BaseConnection->query('INSERT INTO `data_kegiatan` (`id_kegiatan`, `nama_kegiatan`, `tanggal_kegiatan`, `tempat_kegiatan`) VALUES (:id_kegiatan.1:, :nama_kegiatan:, :tanggal_kegiatan:, :tempat_kegiatan:)', [...], false)
 5 SYSTEMPATH\Model.php(279): CodeIgniter\Database\BaseBuilder->insert()
 6 SYSTEMPATH\BaseModel.php(738): CodeIgniter\Model->doInsert([...])
 7 SYSTEMPATH\Model.php(667): CodeIgniter\BaseModel->insert([...], false)
 8 SYSTEMPATH\BaseModel.php(658): CodeIgniter\Model->insert([...], false)
 9 APPPATH\Controllers\Dashboard.php(94): CodeIgniter\BaseModel->save([...])
10 SYSTEMPATH\CodeIgniter.php(907): App\Controllers\Dashboard->save_kegiatan()
11 SYSTEMPATH\CodeIgniter.php(457): CodeIgniter\CodeIgniter->runController(Object(App\Controllers\Dashboard))
12 SYSTEMPATH\CodeIgniter.php(340): CodeIgniter\CodeIgniter->handleRequest(null, Object(Config\Cache), false)
13 FCPATH\index.php(55): CodeIgniter\CodeIgniter->run()
CRITICAL - 2023-01-06 15:14:12 --> Trying to get property 'id' of non-object
in APPPATH\Views\dashboard\edit_progja.php on line 21.
 1 APPPATH\Views\dashboard\edit_progja.php(21): CodeIgniter\Debug\Exceptions->errorHandler(8, 'Trying to get property \'id\' of non-object', 'APPPATH\\Views\\dashboard\\edit_progja.php', 21, [...])
 2 SYSTEMPATH\View\View.php(213): include('APPPATH\\Views\\dashboard\\edit_progja.php')
 3 SYSTEMPATH\View\View.php(216): CodeIgniter\View\View->CodeIgniter\View\{closure}()
 4 SYSTEMPATH\Common.php(1142): CodeIgniter\View\View->render('/dashboard/edit_progja', [], true)
 5 APPPATH\Controllers\Dashboard.php(390): view('/dashboard/edit_progja', [...])
 6 SYSTEMPATH\CodeIgniter.php(907): App\Controllers\Dashboard->edit_progja()
 7 SYSTEMPATH\CodeIgniter.php(457): CodeIgniter\CodeIgniter->runController(Object(App\Controllers\Dashboard))
 8 SYSTEMPATH\CodeIgniter.php(340): CodeIgniter\CodeIgniter->handleRequest(null, Object(Config\Cache), false)
 9 FCPATH\index.php(55): CodeIgniter\CodeIgniter->run()
CRITICAL - 2023-01-06 15:14:16 --> Trying to get property 'id' of non-object
in APPPATH\Views\dashboard\edit_progja.php on line 21.
 1 APPPATH\Views\dashboard\edit_progja.php(21): CodeIgniter\Debug\Exceptions->errorHandler(8, 'Trying to get property \'id\' of non-object', 'APPPATH\\Views\\dashboard\\edit_progja.php', 21, [...])
 2 SYSTEMPATH\View\View.php(213): include('APPPATH\\Views\\dashboard\\edit_progja.php')
 3 SYSTEMPATH\View\View.php(216): CodeIgniter\View\View->CodeIgniter\View\{closure}()
 4 SYSTEMPATH\Common.php(1142): CodeIgniter\View\View->render('/dashboard/edit_progja', [], true)
 5 APPPATH\Controllers\Dashboard.php(390): view('/dashboard/edit_progja', [...])
 6 SYSTEMPATH\CodeIgniter.php(907): App\Controllers\Dashboard->edit_progja()
 7 SYSTEMPATH\CodeIgniter.php(457): CodeIgniter\CodeIgniter->runController(Object(App\Controllers\Dashboard))
 8 SYSTEMPATH\CodeIgniter.php(340): CodeIgniter\CodeIgniter->handleRequest(null, Object(Config\Cache), false)
 9 FCPATH\index.php(55): CodeIgniter\CodeIgniter->run()
CRITICAL - 2023-01-06 15:14:23 --> Undefined index: status
in APPPATH\Controllers\Dashboard.php on line 358.
 1 APPPATH\Controllers\Dashboard.php(358): CodeIgniter\Debug\Exceptions->errorHandler(8, 'Undefined index: status', 'APPPATH\\Controllers\\Dashboard.php', 358, [...])
 2 SYSTEMPATH\CodeIgniter.php(907): App\Controllers\Dashboard->save_progja()
 3 SYSTEMPATH\CodeIgniter.php(457): CodeIgniter\CodeIgniter->runController(Object(App\Controllers\Dashboard))
 4 SYSTEMPATH\CodeIgniter.php(340): CodeIgniter\CodeIgniter->handleRequest(null, Object(Config\Cache), false)
 5 FCPATH\index.php(55): CodeIgniter\CodeIgniter->run()
CRITICAL - 2023-01-06 18:17:20 --> unlink(): http does not allow unlinking
in APPPATH\Controllers\Dashboard.php on line 404.
 1 [internal function]: CodeIgniter\Debug\Exceptions->errorHandler(2, 'unlink(): http does not allow unlinking', 'APPPATH\\Controllers\\Dashboard.php', 404, [...])
 2 APPPATH\Controllers\Dashboard.php(404): unlink('https://panelkopma.test/assets/uploads/document/lpj/Jamkopnas_2023.pdf')
 3 SYSTEMPATH\CodeIgniter.php(907): App\Controllers\Dashboard->delete_progja()
 4 SYSTEMPATH\CodeIgniter.php(457): CodeIgniter\CodeIgniter->runController(Object(App\Controllers\Dashboard))
 5 SYSTEMPATH\CodeIgniter.php(340): CodeIgniter\CodeIgniter->handleRequest(null, Object(Config\Cache), false)
 6 FCPATH\index.php(55): CodeIgniter\CodeIgniter->run()
CRITICAL - 2023-01-06 18:18:11 --> Trying to get property 'lpj' of non-object
in APPPATH\Controllers\Dashboard.php on line 404.
 1 APPPATH\Controllers\Dashboard.php(404): CodeIgniter\Debug\Exceptions->errorHandler(8, 'Trying to get property \'lpj\' of non-object', 'APPPATH\\Controllers\\Dashboard.php', 404, [...])
 2 SYSTEMPATH\CodeIgniter.php(907): App\Controllers\Dashboard->delete_progja()
 3 SYSTEMPATH\CodeIgniter.php(457): CodeIgniter\CodeIgniter->runController(Object(App\Controllers\Dashboard))
 4 SYSTEMPATH\CodeIgniter.php(340): CodeIgniter\CodeIgniter->handleRequest(null, Object(Config\Cache), false)
 5 FCPATH\index.php(55): CodeIgniter\CodeIgniter->run()
CRITICAL - 2023-01-06 18:19:01 --> unlink(/assets/uploads/document/lpj/Tes_2023.pdf): No such file or directory
in APPPATH\Controllers\Dashboard.php on line 404.
 1 [internal function]: CodeIgniter\Debug\Exceptions->errorHandler(2, 'unlink(/assets/uploads/document/lpj/Tes_2023.pdf): No such file or directory', 'APPPATH\\Controllers\\Dashboard.php', 404, [...])
 2 APPPATH\Controllers\Dashboard.php(404): unlink('/assets/uploads/document/lpj/Tes_2023.pdf')
 3 SYSTEMPATH\CodeIgniter.php(907): App\Controllers\Dashboard->delete_progja()
 4 SYSTEMPATH\CodeIgniter.php(457): CodeIgniter\CodeIgniter->runController(Object(App\Controllers\Dashboard))
 5 SYSTEMPATH\CodeIgniter.php(340): CodeIgniter\CodeIgniter->handleRequest(null, Object(Config\Cache), false)
 6 FCPATH\index.php(55): CodeIgniter\CodeIgniter->run()
CRITICAL - 2023-01-06 18:21:11 --> Trying to get property 'id' of non-object
in APPPATH\Views\litbang\edit_survey.php on line 43.
 1 APPPATH\Views\litbang\edit_survey.php(43): CodeIgniter\Debug\Exceptions->errorHandler(8, 'Trying to get property \'id\' of non-object', 'APPPATH\\Views\\litbang\\edit_survey.php', 43, [...])
 2 SYSTEMPATH\View\View.php(213): include('APPPATH\\Views\\litbang\\edit_survey.php')
 3 SYSTEMPATH\View\View.php(216): CodeIgniter\View\View->CodeIgniter\View\{closure}()
 4 SYSTEMPATH\Common.php(1142): CodeIgniter\View\View->render('litbang/edit_survey', [], true)
 5 APPPATH\Controllers\Litbang.php(295): view('litbang/edit_survey', [...])
 6 SYSTEMPATH\CodeIgniter.php(907): App\Controllers\Litbang->edit_survey()
 7 SYSTEMPATH\CodeIgniter.php(457): CodeIgniter\CodeIgniter->runController(Object(App\Controllers\Litbang))
 8 SYSTEMPATH\CodeIgniter.php(340): CodeIgniter\CodeIgniter->handleRequest(null, Object(Config\Cache), false)
 9 FCPATH\index.php(55): CodeIgniter\CodeIgniter->run()
CRITICAL - 2023-01-06 18:21:35 --> Trying to get property 'id' of non-object
in APPPATH\Views\litbang\edit_survey.php on line 43.
 1 APPPATH\Views\litbang\edit_survey.php(43): CodeIgniter\Debug\Exceptions->errorHandler(8, 'Trying to get property \'id\' of non-object', 'APPPATH\\Views\\litbang\\edit_survey.php', 43, [...])
 2 SYSTEMPATH\View\View.php(213): include('APPPATH\\Views\\litbang\\edit_survey.php')
 3 SYSTEMPATH\View\View.php(216): CodeIgniter\View\View->CodeIgniter\View\{closure}()
 4 SYSTEMPATH\Common.php(1142): CodeIgniter\View\View->render('litbang/edit_survey', [], true)
 5 APPPATH\Controllers\Litbang.php(295): view('litbang/edit_survey', [...])
 6 SYSTEMPATH\CodeIgniter.php(907): App\Controllers\Litbang->edit_survey()
 7 SYSTEMPATH\CodeIgniter.php(457): CodeIgniter\CodeIgniter->runController(Object(App\Controllers\Litbang))
 8 SYSTEMPATH\CodeIgniter.php(340): CodeIgniter\CodeIgniter->handleRequest(null, Object(Config\Cache), false)
 9 FCPATH\index.php(55): CodeIgniter\CodeIgniter->run()
