CRITICAL - 2023-01-04 14:18:16 --> Trying to get property 'id' of non-object
in APPPATH\Views\auth\reset_password.php on line 29.
 1 APPPATH\Views\auth\reset_password.php(29): CodeIgniter\Debug\Exceptions->errorHandler(8, 'Trying to get property \'id\' of non-object', 'APPPATH\\Views\\auth\\reset_password.php', 29, [...])
 2 SYSTEMPATH\View\View.php(213): include('APPPATH\\Views\\auth\\reset_password.php')
 3 SYSTEMPATH\View\View.php(216): CodeIgniter\View\View->CodeIgniter\View\{closure}()
 4 SYSTEMPATH\Common.php(1142): CodeIgniter\View\View->render('/auth/reset_password', [], true)
 5 APPPATH\Controllers\Admin.php(63): view('/auth/reset_password', [...])
 6 SYSTEMPATH\CodeIgniter.php(907): App\Controllers\Admin->reset_password()
 7 SYSTEMPATH\CodeIgniter.php(457): CodeIgniter\CodeIgniter->runController(Object(App\Controllers\Admin))
 8 SYSTEMPATH\CodeIgniter.php(340): CodeIgniter\CodeIgniter->handleRequest(null, Object(Config\Cache), false)
 9 FCPATH\index.php(55): CodeIgniter\CodeIgniter->run()
10 SYSTEMPATH\Commands\Server\rewrite.php(43): require_once('FCPATH\\index.php')
CRITICAL - 2023-01-04 14:19:00 --> Trying to get property 'email' of non-object
in APPPATH\Views\auth\reset_password.php on line 32.
 1 APPPATH\Views\auth\reset_password.php(32): CodeIgniter\Debug\Exceptions->errorHandler(8, 'Trying to get property \'email\' of non-object', 'APPPATH\\Views\\auth\\reset_password.php', 32, [...])
 2 SYSTEMPATH\View\View.php(213): include('APPPATH\\Views\\auth\\reset_password.php')
 3 SYSTEMPATH\View\View.php(216): CodeIgniter\View\View->CodeIgniter\View\{closure}()
 4 SYSTEMPATH\Common.php(1142): CodeIgniter\View\View->render('/auth/reset_password', [], true)
 5 APPPATH\Controllers\Admin.php(63): view('/auth/reset_password', [...])
 6 SYSTEMPATH\CodeIgniter.php(907): App\Controllers\Admin->reset_password()
 7 SYSTEMPATH\CodeIgniter.php(457): CodeIgniter\CodeIgniter->runController(Object(App\Controllers\Admin))
 8 SYSTEMPATH\CodeIgniter.php(340): CodeIgniter\CodeIgniter->handleRequest(null, Object(Config\Cache), false)
 9 FCPATH\index.php(55): CodeIgniter\CodeIgniter->run()
10 SYSTEMPATH\Commands\Server\rewrite.php(43): require_once('FCPATH\\index.php')
CRITICAL - 2023-01-04 14:22:16 --> Trying to get property 'id' of non-object
in APPPATH\Views\auth\reset_password.php on line 29.
 1 APPPATH\Views\auth\reset_password.php(29): CodeIgniter\Debug\Exceptions->errorHandler(8, 'Trying to get property \'id\' of non-object', 'APPPATH\\Views\\auth\\reset_password.php', 29, [...])
 2 SYSTEMPATH\View\View.php(213): include('APPPATH\\Views\\auth\\reset_password.php')
 3 SYSTEMPATH\View\View.php(216): CodeIgniter\View\View->CodeIgniter\View\{closure}()
 4 SYSTEMPATH\Common.php(1142): CodeIgniter\View\View->render('/auth/reset_password', [], true)
 5 APPPATH\Controllers\Admin.php(63): view('/auth/reset_password', [...])
 6 SYSTEMPATH\CodeIgniter.php(907): App\Controllers\Admin->reset_password()
 7 SYSTEMPATH\CodeIgniter.php(457): CodeIgniter\CodeIgniter->runController(Object(App\Controllers\Admin))
 8 SYSTEMPATH\CodeIgniter.php(340): CodeIgniter\CodeIgniter->handleRequest(null, Object(Config\Cache), false)
 9 FCPATH\index.php(55): CodeIgniter\CodeIgniter->run()
10 SYSTEMPATH\Commands\Server\rewrite.php(43): require_once('FCPATH\\index.php')
CRITICAL - 2023-01-04 14:22:47 --> Trying to access array offset on value of type null
in APPPATH\Views\auth\reset_password.php on line 29.
 1 APPPATH\Views\auth\reset_password.php(29): CodeIgniter\Debug\Exceptions->errorHandler(8, 'Trying to access array offset on value of type null', 'APPPATH\\Views\\auth\\reset_password.php', 29, [...])
 2 SYSTEMPATH\View\View.php(213): include('APPPATH\\Views\\auth\\reset_password.php')
 3 SYSTEMPATH\View\View.php(216): CodeIgniter\View\View->CodeIgniter\View\{closure}()
 4 SYSTEMPATH\Common.php(1142): CodeIgniter\View\View->render('/auth/reset_password', [], true)
 5 APPPATH\Controllers\Admin.php(63): view('/auth/reset_password', [...])
 6 SYSTEMPATH\CodeIgniter.php(907): App\Controllers\Admin->reset_password()
 7 SYSTEMPATH\CodeIgniter.php(457): CodeIgniter\CodeIgniter->runController(Object(App\Controllers\Admin))
 8 SYSTEMPATH\CodeIgniter.php(340): CodeIgniter\CodeIgniter->handleRequest(null, Object(Config\Cache), false)
 9 FCPATH\index.php(55): CodeIgniter\CodeIgniter->run()
10 SYSTEMPATH\Commands\Server\rewrite.php(43): require_once('FCPATH\\index.php')
CRITICAL - 2023-01-04 14:22:58 --> Trying to get property 'id' of non-object
in APPPATH\Views\auth\reset_password.php on line 29.
 1 APPPATH\Views\auth\reset_password.php(29): CodeIgniter\Debug\Exceptions->errorHandler(8, 'Trying to get property \'id\' of non-object', 'APPPATH\\Views\\auth\\reset_password.php', 29, [...])
 2 SYSTEMPATH\View\View.php(213): include('APPPATH\\Views\\auth\\reset_password.php')
 3 SYSTEMPATH\View\View.php(216): CodeIgniter\View\View->CodeIgniter\View\{closure}()
 4 SYSTEMPATH\Common.php(1142): CodeIgniter\View\View->render('/auth/reset_password', [], true)
 5 APPPATH\Controllers\Admin.php(63): view('/auth/reset_password', [...])
 6 SYSTEMPATH\CodeIgniter.php(907): App\Controllers\Admin->reset_password()
 7 SYSTEMPATH\CodeIgniter.php(457): CodeIgniter\CodeIgniter->runController(Object(App\Controllers\Admin))
 8 SYSTEMPATH\CodeIgniter.php(340): CodeIgniter\CodeIgniter->handleRequest(null, Object(Config\Cache), false)
 9 FCPATH\index.php(55): CodeIgniter\CodeIgniter->run()
10 SYSTEMPATH\Commands\Server\rewrite.php(43): require_once('FCPATH\\index.php')
CRITICAL - 2023-01-04 14:25:15 --> Trying to access array offset on value of type null
in APPPATH\Views\auth\reset_password.php on line 31.
 1 APPPATH\Views\auth\reset_password.php(31): CodeIgniter\Debug\Exceptions->errorHandler(8, 'Trying to access array offset on value of type null', 'APPPATH\\Views\\auth\\reset_password.php', 31, [...])
 2 SYSTEMPATH\View\View.php(213): include('APPPATH\\Views\\auth\\reset_password.php')
 3 SYSTEMPATH\View\View.php(216): CodeIgniter\View\View->CodeIgniter\View\{closure}()
 4 SYSTEMPATH\Common.php(1142): CodeIgniter\View\View->render('/auth/reset_password', [], true)
 5 APPPATH\Controllers\Admin.php(63): view('/auth/reset_password', [...])
 6 SYSTEMPATH\CodeIgniter.php(907): App\Controllers\Admin->reset_password()
 7 SYSTEMPATH\CodeIgniter.php(457): CodeIgniter\CodeIgniter->runController(Object(App\Controllers\Admin))
 8 SYSTEMPATH\CodeIgniter.php(340): CodeIgniter\CodeIgniter->handleRequest(null, Object(Config\Cache), false)
 9 FCPATH\index.php(55): CodeIgniter\CodeIgniter->run()
10 SYSTEMPATH\Commands\Server\rewrite.php(43): require_once('FCPATH\\index.php')
CRITICAL - 2023-01-04 14:26:33 --> Trying to get property 'id' of non-object
in APPPATH\Views\auth\reset_password.php on line 31.
 1 APPPATH\Views\auth\reset_password.php(31): CodeIgniter\Debug\Exceptions->errorHandler(8, 'Trying to get property \'id\' of non-object', 'APPPATH\\Views\\auth\\reset_password.php', 31, [...])
 2 SYSTEMPATH\View\View.php(213): include('APPPATH\\Views\\auth\\reset_password.php')
 3 SYSTEMPATH\View\View.php(216): CodeIgniter\View\View->CodeIgniter\View\{closure}()
 4 SYSTEMPATH\Common.php(1142): CodeIgniter\View\View->render('/auth/reset_password', [], true)
 5 APPPATH\Controllers\Admin.php(63): view('/auth/reset_password', [...])
 6 SYSTEMPATH\CodeIgniter.php(907): App\Controllers\Admin->reset_password()
 7 SYSTEMPATH\CodeIgniter.php(457): CodeIgniter\CodeIgniter->runController(Object(App\Controllers\Admin))
 8 SYSTEMPATH\CodeIgniter.php(340): CodeIgniter\CodeIgniter->handleRequest(null, Object(Config\Cache), false)
 9 FCPATH\index.php(55): CodeIgniter\CodeIgniter->run()
10 SYSTEMPATH\Commands\Server\rewrite.php(43): require_once('FCPATH\\index.php')
CRITICAL - 2023-01-04 14:26:56 --> Trying to access array offset on value of type null
in APPPATH\Views\auth\reset_password.php on line 31.
 1 APPPATH\Views\auth\reset_password.php(31): CodeIgniter\Debug\Exceptions->errorHandler(8, 'Trying to access array offset on value of type null', 'APPPATH\\Views\\auth\\reset_password.php', 31, [...])
 2 SYSTEMPATH\View\View.php(213): include('APPPATH\\Views\\auth\\reset_password.php')
 3 SYSTEMPATH\View\View.php(216): CodeIgniter\View\View->CodeIgniter\View\{closure}()
 4 SYSTEMPATH\Common.php(1142): CodeIgniter\View\View->render('/auth/reset_password', [], true)
 5 APPPATH\Controllers\Admin.php(63): view('/auth/reset_password', [...])
 6 SYSTEMPATH\CodeIgniter.php(907): App\Controllers\Admin->reset_password()
 7 SYSTEMPATH\CodeIgniter.php(457): CodeIgniter\CodeIgniter->runController(Object(App\Controllers\Admin))
 8 SYSTEMPATH\CodeIgniter.php(340): CodeIgniter\CodeIgniter->handleRequest(null, Object(Config\Cache), false)
 9 FCPATH\index.php(55): CodeIgniter\CodeIgniter->run()
10 SYSTEMPATH\Commands\Server\rewrite.php(43): require_once('FCPATH\\index.php')
CRITICAL - 2023-01-04 14:27:03 --> Cannot use object of type Myth\Auth\Entities\User as array
in APPPATH\Views\auth\reset_password.php on line 31.
 1 SYSTEMPATH\View\View.php(213): include()
 2 SYSTEMPATH\View\View.php(216): CodeIgniter\View\View->CodeIgniter\View\{closure}()
 3 SYSTEMPATH\Common.php(1142): CodeIgniter\View\View->render('/auth/reset_password', [], true)
 4 APPPATH\Controllers\Admin.php(63): view('/auth/reset_password', [...])
 5 SYSTEMPATH\CodeIgniter.php(907): App\Controllers\Admin->reset_password()
 6 SYSTEMPATH\CodeIgniter.php(457): CodeIgniter\CodeIgniter->runController(Object(App\Controllers\Admin))
 7 SYSTEMPATH\CodeIgniter.php(340): CodeIgniter\CodeIgniter->handleRequest(null, Object(Config\Cache), false)
 8 FCPATH\index.php(55): CodeIgniter\CodeIgniter->run()
 9 SYSTEMPATH\Commands\Server\rewrite.php(43): require_once('FCPATH\\index.php')
CRITICAL - 2023-01-04 14:27:07 --> Cannot use object of type Myth\Auth\Entities\User as array
in APPPATH\Views\auth\reset_password.php on line 31.
 1 SYSTEMPATH\View\View.php(213): include()
 2 SYSTEMPATH\View\View.php(216): CodeIgniter\View\View->CodeIgniter\View\{closure}()
 3 SYSTEMPATH\Common.php(1142): CodeIgniter\View\View->render('/auth/reset_password', [], true)
 4 APPPATH\Controllers\Admin.php(63): view('/auth/reset_password', [...])
 5 SYSTEMPATH\CodeIgniter.php(907): App\Controllers\Admin->reset_password()
 6 SYSTEMPATH\CodeIgniter.php(457): CodeIgniter\CodeIgniter->runController(Object(App\Controllers\Admin))
 7 SYSTEMPATH\CodeIgniter.php(340): CodeIgniter\CodeIgniter->handleRequest(null, Object(Config\Cache), false)
 8 FCPATH\index.php(55): CodeIgniter\CodeIgniter->run()
 9 SYSTEMPATH\Commands\Server\rewrite.php(43): require_once('FCPATH\\index.php')
CRITICAL - 2023-01-04 14:31:57 --> Trying to get property 'id' of non-object
in APPPATH\Views\auth\reset_password.php on line 31.
 1 APPPATH\Views\auth\reset_password.php(31): CodeIgniter\Debug\Exceptions->errorHandler(8, 'Trying to get property \'id\' of non-object', 'APPPATH\\Views\\auth\\reset_password.php', 31, [...])
 2 SYSTEMPATH\View\View.php(213): include('APPPATH\\Views\\auth\\reset_password.php')
 3 SYSTEMPATH\View\View.php(216): CodeIgniter\View\View->CodeIgniter\View\{closure}()
 4 SYSTEMPATH\Common.php(1142): CodeIgniter\View\View->render('/auth/reset_password', [], true)
 5 APPPATH\Controllers\Admin.php(63): view('/auth/reset_password', [...])
 6 SYSTEMPATH\CodeIgniter.php(907): App\Controllers\Admin->reset_password()
 7 SYSTEMPATH\CodeIgniter.php(457): CodeIgniter\CodeIgniter->runController(Object(App\Controllers\Admin))
 8 SYSTEMPATH\CodeIgniter.php(340): CodeIgniter\CodeIgniter->handleRequest(null, Object(Config\Cache), false)
 9 FCPATH\index.php(55): CodeIgniter\CodeIgniter->run()
10 SYSTEMPATH\Commands\Server\rewrite.php(43): require_once('FCPATH\\index.php')
CRITICAL - 2023-01-04 14:36:43 --> Trying to get property 'email' of non-object
in APPPATH\Views\auth\reset_password.php on line 34.
 1 APPPATH\Views\auth\reset_password.php(34): CodeIgniter\Debug\Exceptions->errorHandler(8, 'Trying to get property \'email\' of non-object', 'APPPATH\\Views\\auth\\reset_password.php', 34, [...])
 2 SYSTEMPATH\View\View.php(213): include('APPPATH\\Views\\auth\\reset_password.php')
 3 SYSTEMPATH\View\View.php(216): CodeIgniter\View\View->CodeIgniter\View\{closure}()
 4 SYSTEMPATH\Common.php(1142): CodeIgniter\View\View->render('/auth/reset_password', [], true)
 5 APPPATH\Controllers\Admin.php(63): view('/auth/reset_password', [...])
 6 SYSTEMPATH\CodeIgniter.php(907): App\Controllers\Admin->reset_password()
 7 SYSTEMPATH\CodeIgniter.php(457): CodeIgniter\CodeIgniter->runController(Object(App\Controllers\Admin))
 8 SYSTEMPATH\CodeIgniter.php(340): CodeIgniter\CodeIgniter->handleRequest(null, Object(Config\Cache), false)
 9 FCPATH\index.php(55): CodeIgniter\CodeIgniter->run()
10 SYSTEMPATH\Commands\Server\rewrite.php(43): require_once('FCPATH\\index.php')
CRITICAL - 2023-01-04 14:37:31 --> Trying to get property 'email' of non-object
in APPPATH\Views\auth\reset_password.php on line 34.
 1 APPPATH\Views\auth\reset_password.php(34): CodeIgniter\Debug\Exceptions->errorHandler(8, 'Trying to get property \'email\' of non-object', 'APPPATH\\Views\\auth\\reset_password.php', 34, [...])
 2 SYSTEMPATH\View\View.php(213): include('APPPATH\\Views\\auth\\reset_password.php')
 3 SYSTEMPATH\View\View.php(216): CodeIgniter\View\View->CodeIgniter\View\{closure}()
 4 SYSTEMPATH\Common.php(1142): CodeIgniter\View\View->render('/auth/reset_password', [], true)
 5 APPPATH\Controllers\Admin.php(63): view('/auth/reset_password', [...])
 6 SYSTEMPATH\CodeIgniter.php(907): App\Controllers\Admin->reset_password()
 7 SYSTEMPATH\CodeIgniter.php(457): CodeIgniter\CodeIgniter->runController(Object(App\Controllers\Admin))
 8 SYSTEMPATH\CodeIgniter.php(340): CodeIgniter\CodeIgniter->handleRequest(null, Object(Config\Cache), false)
 9 FCPATH\index.php(55): CodeIgniter\CodeIgniter->run()
10 SYSTEMPATH\Commands\Server\rewrite.php(43): require_once('FCPATH\\index.php')
CRITICAL - 2023-01-04 14:40:02 --> Trying to get property 'email' of non-object
in APPPATH\Views\auth\reset_password.php on line 34.
 1 APPPATH\Views\auth\reset_password.php(34): CodeIgniter\Debug\Exceptions->errorHandler(8, 'Trying to get property \'email\' of non-object', 'APPPATH\\Views\\auth\\reset_password.php', 34, [...])
 2 SYSTEMPATH\View\View.php(213): include('APPPATH\\Views\\auth\\reset_password.php')
 3 SYSTEMPATH\View\View.php(216): CodeIgniter\View\View->CodeIgniter\View\{closure}()
 4 SYSTEMPATH\Common.php(1142): CodeIgniter\View\View->render('/auth/reset_password', [], true)
 5 APPPATH\Controllers\Admin.php(63): view('/auth/reset_password', [...])
 6 SYSTEMPATH\CodeIgniter.php(907): App\Controllers\Admin->reset_password()
 7 SYSTEMPATH\CodeIgniter.php(457): CodeIgniter\CodeIgniter->runController(Object(App\Controllers\Admin))
 8 SYSTEMPATH\CodeIgniter.php(340): CodeIgniter\CodeIgniter->handleRequest(null, Object(Config\Cache), false)
 9 FCPATH\index.php(55): CodeIgniter\CodeIgniter->run()
10 SYSTEMPATH\Commands\Server\rewrite.php(43): require_once('FCPATH\\index.php')
CRITICAL - 2023-01-04 14:40:34 --> Trying to get property 'email' of non-object
in APPPATH\Views\auth\reset_password.php on line 34.
 1 APPPATH\Views\auth\reset_password.php(34): CodeIgniter\Debug\Exceptions->errorHandler(8, 'Trying to get property \'email\' of non-object', 'APPPATH\\Views\\auth\\reset_password.php', 34, [...])
 2 SYSTEMPATH\View\View.php(213): include('APPPATH\\Views\\auth\\reset_password.php')
 3 SYSTEMPATH\View\View.php(216): CodeIgniter\View\View->CodeIgniter\View\{closure}()
 4 SYSTEMPATH\Common.php(1142): CodeIgniter\View\View->render('/auth/reset_password', [], true)
 5 APPPATH\Controllers\Admin.php(63): view('/auth/reset_password', [...])
 6 SYSTEMPATH\CodeIgniter.php(907): App\Controllers\Admin->reset_password()
 7 SYSTEMPATH\CodeIgniter.php(457): CodeIgniter\CodeIgniter->runController(Object(App\Controllers\Admin))
 8 SYSTEMPATH\CodeIgniter.php(340): CodeIgniter\CodeIgniter->handleRequest(null, Object(Config\Cache), false)
 9 FCPATH\index.php(55): CodeIgniter\CodeIgniter->run()
10 SYSTEMPATH\Commands\Server\rewrite.php(43): require_once('FCPATH\\index.php')
CRITICAL - 2023-01-04 14:45:45 --> Trying to get property 'email' of non-object
in APPPATH\Views\auth\reset_password.php on line 34.
 1 APPPATH\Views\auth\reset_password.php(34): CodeIgniter\Debug\Exceptions->errorHandler(8, 'Trying to get property \'email\' of non-object', 'APPPATH\\Views\\auth\\reset_password.php', 34, [...])
 2 SYSTEMPATH\View\View.php(213): include('APPPATH\\Views\\auth\\reset_password.php')
 3 SYSTEMPATH\View\View.php(216): CodeIgniter\View\View->CodeIgniter\View\{closure}()
 4 SYSTEMPATH\Common.php(1142): CodeIgniter\View\View->render('/auth/reset_password', [], true)
 5 APPPATH\Controllers\Admin.php(63): view('/auth/reset_password', [...])
 6 SYSTEMPATH\CodeIgniter.php(907): App\Controllers\Admin->reset_password()
 7 SYSTEMPATH\CodeIgniter.php(457): CodeIgniter\CodeIgniter->runController(Object(App\Controllers\Admin))
 8 SYSTEMPATH\CodeIgniter.php(340): CodeIgniter\CodeIgniter->handleRequest(null, Object(Config\Cache), false)
 9 FCPATH\index.php(55): CodeIgniter\CodeIgniter->run()
10 SYSTEMPATH\Commands\Server\rewrite.php(43): require_once('FCPATH\\index.php')
CRITICAL - 2023-01-04 14:47:44 --> Trying to get property 'email' of non-object
in APPPATH\Views\auth\reset_password.php on line 34.
 1 APPPATH\Views\auth\reset_password.php(34): CodeIgniter\Debug\Exceptions->errorHandler(8, 'Trying to get property \'email\' of non-object', 'APPPATH\\Views\\auth\\reset_password.php', 34, [...])
 2 SYSTEMPATH\View\View.php(213): include('APPPATH\\Views\\auth\\reset_password.php')
 3 SYSTEMPATH\View\View.php(216): CodeIgniter\View\View->CodeIgniter\View\{closure}()
 4 SYSTEMPATH\Common.php(1142): CodeIgniter\View\View->render('/auth/reset_password', [], true)
 5 APPPATH\Controllers\Admin.php(63): view('/auth/reset_password', [...])
 6 SYSTEMPATH\CodeIgniter.php(907): App\Controllers\Admin->reset_password()
 7 SYSTEMPATH\CodeIgniter.php(457): CodeIgniter\CodeIgniter->runController(Object(App\Controllers\Admin))
 8 SYSTEMPATH\CodeIgniter.php(340): CodeIgniter\CodeIgniter->handleRequest(null, Object(Config\Cache), false)
 9 FCPATH\index.php(55): CodeIgniter\CodeIgniter->run()
10 SYSTEMPATH\Commands\Server\rewrite.php(43): require_once('FCPATH\\index.php')
CRITICAL - 2023-01-04 14:49:42 --> Trying to get property 'email' of non-object
in APPPATH\Views\auth\reset_password.php on line 34.
 1 APPPATH\Views\auth\reset_password.php(34): CodeIgniter\Debug\Exceptions->errorHandler(8, 'Trying to get property \'email\' of non-object', 'APPPATH\\Views\\auth\\reset_password.php', 34, [...])
 2 SYSTEMPATH\View\View.php(213): include('APPPATH\\Views\\auth\\reset_password.php')
 3 SYSTEMPATH\View\View.php(216): CodeIgniter\View\View->CodeIgniter\View\{closure}()
 4 SYSTEMPATH\Common.php(1142): CodeIgniter\View\View->render('/auth/reset_password', [], true)
 5 APPPATH\Controllers\Admin.php(63): view('/auth/reset_password', [...])
 6 SYSTEMPATH\CodeIgniter.php(907): App\Controllers\Admin->reset_password()
 7 SYSTEMPATH\CodeIgniter.php(457): CodeIgniter\CodeIgniter->runController(Object(App\Controllers\Admin))
 8 SYSTEMPATH\CodeIgniter.php(340): CodeIgniter\CodeIgniter->handleRequest(null, Object(Config\Cache), false)
 9 FCPATH\index.php(55): CodeIgniter\CodeIgniter->run()
10 SYSTEMPATH\Commands\Server\rewrite.php(43): require_once('FCPATH\\index.php')
CRITICAL - 2023-01-04 14:51:14 --> Trying to get property 'email' of non-object
in APPPATH\Views\auth\reset_password.php on line 34.
 1 APPPATH\Views\auth\reset_password.php(34): CodeIgniter\Debug\Exceptions->errorHandler(8, 'Trying to get property \'email\' of non-object', 'APPPATH\\Views\\auth\\reset_password.php', 34, [...])
 2 SYSTEMPATH\View\View.php(213): include('APPPATH\\Views\\auth\\reset_password.php')
 3 SYSTEMPATH\View\View.php(216): CodeIgniter\View\View->CodeIgniter\View\{closure}()
 4 SYSTEMPATH\Common.php(1142): CodeIgniter\View\View->render('/auth/reset_password', [], true)
 5 APPPATH\Controllers\Admin.php(63): view('/auth/reset_password', [...])
 6 SYSTEMPATH\CodeIgniter.php(907): App\Controllers\Admin->reset_password()
 7 SYSTEMPATH\CodeIgniter.php(457): CodeIgniter\CodeIgniter->runController(Object(App\Controllers\Admin))
 8 SYSTEMPATH\CodeIgniter.php(340): CodeIgniter\CodeIgniter->handleRequest(null, Object(Config\Cache), false)
 9 FCPATH\index.php(55): CodeIgniter\CodeIgniter->run()
10 SYSTEMPATH\Commands\Server\rewrite.php(43): require_once('FCPATH\\index.php')
CRITICAL - 2023-01-04 14:52:40 --> Trying to get property 'email' of non-object
in APPPATH\Views\auth\reset_password.php on line 34.
 1 APPPATH\Views\auth\reset_password.php(34): CodeIgniter\Debug\Exceptions->errorHandler(8, 'Trying to get property \'email\' of non-object', 'APPPATH\\Views\\auth\\reset_password.php', 34, [...])
 2 SYSTEMPATH\View\View.php(213): include('APPPATH\\Views\\auth\\reset_password.php')
 3 SYSTEMPATH\View\View.php(216): CodeIgniter\View\View->CodeIgniter\View\{closure}()
 4 SYSTEMPATH\Common.php(1142): CodeIgniter\View\View->render('/auth/reset_password', [], true)
 5 APPPATH\Controllers\Admin.php(63): view('/auth/reset_password', [...])
 6 SYSTEMPATH\CodeIgniter.php(907): App\Controllers\Admin->reset_password()
 7 SYSTEMPATH\CodeIgniter.php(457): CodeIgniter\CodeIgniter->runController(Object(App\Controllers\Admin))
 8 SYSTEMPATH\CodeIgniter.php(340): CodeIgniter\CodeIgniter->handleRequest(null, Object(Config\Cache), false)
 9 FCPATH\index.php(55): CodeIgniter\CodeIgniter->run()
10 SYSTEMPATH\Commands\Server\rewrite.php(43): require_once('FCPATH\\index.php')
CRITICAL - 2023-01-04 14:55:14 --> Undefined variable: title
in APPPATH\Views\auth\reset_password.php on line 15.
 1 APPPATH\Views\auth\reset_password.php(15): CodeIgniter\Debug\Exceptions->errorHandler(8, 'Undefined variable: title', 'APPPATH\\Views\\auth\\reset_password.php', 15, [...])
 2 SYSTEMPATH\View\View.php(213): include('APPPATH\\Views\\auth\\reset_password.php')
 3 SYSTEMPATH\View\View.php(216): CodeIgniter\View\View->CodeIgniter\View\{closure}()
 4 SYSTEMPATH\Common.php(1142): CodeIgniter\View\View->render('/auth/reset_password', [], true)
 5 APPPATH\Controllers\Admin.php(91): view('/auth/reset_password', [...])
 6 SYSTEMPATH\CodeIgniter.php(907): App\Controllers\Admin->attempt_reset()
 7 SYSTEMPATH\CodeIgniter.php(457): CodeIgniter\CodeIgniter->runController(Object(App\Controllers\Admin))
 8 SYSTEMPATH\CodeIgniter.php(340): CodeIgniter\CodeIgniter->handleRequest(null, Object(Config\Cache), false)
 9 FCPATH\index.php(55): CodeIgniter\CodeIgniter->run()
10 SYSTEMPATH\Commands\Server\rewrite.php(43): require_once('FCPATH\\index.php')
CRITICAL - 2023-01-04 14:55:27 --> Trying to get property 'email' of non-object
in APPPATH\Views\auth\reset_password.php on line 34.
 1 APPPATH\Views\auth\reset_password.php(34): CodeIgniter\Debug\Exceptions->errorHandler(8, 'Trying to get property \'email\' of non-object', 'APPPATH\\Views\\auth\\reset_password.php', 34, [...])
 2 SYSTEMPATH\View\View.php(213): include('APPPATH\\Views\\auth\\reset_password.php')
 3 SYSTEMPATH\View\View.php(216): CodeIgniter\View\View->CodeIgniter\View\{closure}()
 4 SYSTEMPATH\Common.php(1142): CodeIgniter\View\View->render('/auth/reset_password', [], true)
 5 APPPATH\Controllers\Admin.php(92): view('/auth/reset_password', [...])
 6 SYSTEMPATH\CodeIgniter.php(907): App\Controllers\Admin->attempt_reset()
 7 SYSTEMPATH\CodeIgniter.php(457): CodeIgniter\CodeIgniter->runController(Object(App\Controllers\Admin))
 8 SYSTEMPATH\CodeIgniter.php(340): CodeIgniter\CodeIgniter->handleRequest(null, Object(Config\Cache), false)
 9 FCPATH\index.php(55): CodeIgniter\CodeIgniter->run()
10 SYSTEMPATH\Commands\Server\rewrite.php(43): require_once('FCPATH\\index.php')
CRITICAL - 2023-01-04 14:56:21 --> Undefined index: id
in APPPATH\Controllers\Admin.php on line 94.
 1 APPPATH\Controllers\Admin.php(94): CodeIgniter\Debug\Exceptions->errorHandler(8, 'Undefined index: id', 'APPPATH\\Controllers\\Admin.php', 94, [...])
 2 SYSTEMPATH\CodeIgniter.php(907): App\Controllers\Admin->attempt_reset()
 3 SYSTEMPATH\CodeIgniter.php(457): CodeIgniter\CodeIgniter->runController(Object(App\Controllers\Admin))
 4 SYSTEMPATH\CodeIgniter.php(340): CodeIgniter\CodeIgniter->handleRequest(null, Object(Config\Cache), false)
 5 FCPATH\index.php(55): CodeIgniter\CodeIgniter->run()
 6 SYSTEMPATH\Commands\Server\rewrite.php(43): require_once('FCPATH\\index.php')
CRITICAL - 2023-01-04 14:59:34 --> Undefined index: id
in APPPATH\Controllers\Admin.php on line 94.
 1 APPPATH\Controllers\Admin.php(94): CodeIgniter\Debug\Exceptions->errorHandler(8, 'Undefined index: id', 'APPPATH\\Controllers\\Admin.php', 94, [...])
 2 SYSTEMPATH\CodeIgniter.php(907): App\Controllers\Admin->attempt_reset()
 3 SYSTEMPATH\CodeIgniter.php(457): CodeIgniter\CodeIgniter->runController(Object(App\Controllers\Admin))
 4 SYSTEMPATH\CodeIgniter.php(340): CodeIgniter\CodeIgniter->handleRequest(null, Object(Config\Cache), false)
 5 FCPATH\index.php(55): CodeIgniter\CodeIgniter->run()
 6 SYSTEMPATH\Commands\Server\rewrite.php(43): require_once('FCPATH\\index.php')
ERROR - 2023-01-04 16:09:16 --> mysqli_sql_exception: Can't create table `anggota_kopma`.`program_kerja` (errno: 150 "Foreign key constraint is incorrectly formed") in D:\Coding\XAMMP 7.4\htdocs\panelkopma\vendor\codeigniter4\framework\system\Database\MySQLi\Connection.php:292
Stack trace:
#0 D:\Coding\XAMMP 7.4\htdocs\panelkopma\vendor\codeigniter4\framework\system\Database\MySQLi\Connection.php(292): mysqli->query('CREATE TABLE `p...', 0)
#1 D:\Coding\XAMMP 7.4\htdocs\panelkopma\vendor\codeigniter4\framework\system\Database\BaseConnection.php(693): CodeIgniter\Database\MySQLi\Connection->execute('CREATE TABLE `p...')
#2 D:\Coding\XAMMP 7.4\htdocs\panelkopma\vendor\codeigniter4\framework\system\Database\BaseConnection.php(620): CodeIgniter\Database\BaseConnection->simpleQuery('CREATE TABLE `p...')
#3 D:\Coding\XAMMP 7.4\htdocs\panelkopma\vendor\codeigniter4\framework\system\Database\Forge.php(509): CodeIgniter\Database\BaseConnection->query('CREATE TABLE `p...')
#4 D:\Coding\XAMMP 7.4\htdocs\panelkopma\app\Database\Migrations\2023-01-02-170311_Survey.php(96): CodeIgniter\Database\Forge->createTable('program_kerja')
#5 D:\Coding\XAMMP 7.4\htdocs\panelkopma\vendor\codeigniter4\framework\system\Database\MigrationRunner.php(868): App\Database\Migrations\Survey->up()
#6 D:\Coding\XAMMP 7.4\htdocs\panelkopma\vendor\codeigniter4\framework\system\Database\MigrationRunner.php(187): CodeIgniter\Database\MigrationRunner->migrate('up', Object(stdClass))
#7 D:\Coding\XAMMP 7.4\htdocs\panelkopma\vendor\codeigniter4\framework\system\Commands\Database\Migrate.php(84): CodeIgniter\Database\MigrationRunner->latest(NULL)
#8 D:\Coding\XAMMP 7.4\htdocs\panelkopma\vendor\codeigniter4\framework\system\CLI\Commands.php(63): CodeIgniter\Commands\Database\Migrate->run(Array)
#9 D:\Coding\XAMMP 7.4\htdocs\panelkopma\vendor\codeigniter4\framework\system\CLI\CommandRunner.php(65): CodeIgniter\CLI\Commands->run('migrate', Array)
#10 D:\Coding\XAMMP 7.4\htdocs\panelkopma\vendor\codeigniter4\framework\system\CLI\CommandRunner.php(51): CodeIgniter\CLI\CommandRunner->index(Array)
#11 D:\Coding\XAMMP 7.4\htdocs\panelkopma\vendor\codeigniter4\framework\system\CodeIgniter.php(900): CodeIgniter\CLI\CommandRunner->_remap('index', Array)
#12 D:\Coding\XAMMP 7.4\htdocs\panelkopma\vendor\codeigniter4\framework\system\CodeIgniter.php(457): CodeIgniter\CodeIgniter->runController(Object(CodeIgniter\CLI\CommandRunner))
#13 D:\Coding\XAMMP 7.4\htdocs\panelkopma\vendor\codeigniter4\framework\system\CodeIgniter.php(336): CodeIgniter\CodeIgniter->handleRequest(NULL, Object(Config\Cache), false)
#14 D:\Coding\XAMMP 7.4\htdocs\panelkopma\vendor\codeigniter4\framework\system\CLI\Console.php(48): CodeIgniter\CodeIgniter->run()
#15 D:\Coding\XAMMP 7.4\htdocs\panelkopma\spark(86): CodeIgniter\CLI\Console->run()
#16 {main}
ERROR - 2023-01-04 16:09:37 --> mysqli_sql_exception: Table 'survey_berjalan' already exists in D:\Coding\XAMMP 7.4\htdocs\panelkopma\vendor\codeigniter4\framework\system\Database\MySQLi\Connection.php:292
Stack trace:
#0 D:\Coding\XAMMP 7.4\htdocs\panelkopma\vendor\codeigniter4\framework\system\Database\MySQLi\Connection.php(292): mysqli->query('CREATE TABLE `s...', 0)
#1 D:\Coding\XAMMP 7.4\htdocs\panelkopma\vendor\codeigniter4\framework\system\Database\BaseConnection.php(693): CodeIgniter\Database\MySQLi\Connection->execute('CREATE TABLE `s...')
#2 D:\Coding\XAMMP 7.4\htdocs\panelkopma\vendor\codeigniter4\framework\system\Database\BaseConnection.php(620): CodeIgniter\Database\BaseConnection->simpleQuery('CREATE TABLE `s...')
#3 D:\Coding\XAMMP 7.4\htdocs\panelkopma\vendor\codeigniter4\framework\system\Database\Forge.php(509): CodeIgniter\Database\BaseConnection->query('CREATE TABLE `s...')
#4 D:\Coding\XAMMP 7.4\htdocs\panelkopma\app\Database\Migrations\2023-01-02-170311_Survey.php(49): CodeIgniter\Database\Forge->createTable('survey_berjalan')
#5 D:\Coding\XAMMP 7.4\htdocs\panelkopma\vendor\codeigniter4\framework\system\Database\MigrationRunner.php(868): App\Database\Migrations\Survey->up()
#6 D:\Coding\XAMMP 7.4\htdocs\panelkopma\vendor\codeigniter4\framework\system\Database\MigrationRunner.php(187): CodeIgniter\Database\MigrationRunner->migrate('up', Object(stdClass))
#7 D:\Coding\XAMMP 7.4\htdocs\panelkopma\vendor\codeigniter4\framework\system\Commands\Database\Migrate.php(84): CodeIgniter\Database\MigrationRunner->latest(NULL)
#8 D:\Coding\XAMMP 7.4\htdocs\panelkopma\vendor\codeigniter4\framework\system\CLI\Commands.php(63): CodeIgniter\Commands\Database\Migrate->run(Array)
#9 D:\Coding\XAMMP 7.4\htdocs\panelkopma\vendor\codeigniter4\framework\system\CLI\CommandRunner.php(65): CodeIgniter\CLI\Commands->run('migrate', Array)
#10 D:\Coding\XAMMP 7.4\htdocs\panelkopma\vendor\codeigniter4\framework\system\CLI\CommandRunner.php(51): CodeIgniter\CLI\CommandRunner->index(Array)
#11 D:\Coding\XAMMP 7.4\htdocs\panelkopma\vendor\codeigniter4\framework\system\CodeIgniter.php(900): CodeIgniter\CLI\CommandRunner->_remap('index', Array)
#12 D:\Coding\XAMMP 7.4\htdocs\panelkopma\vendor\codeigniter4\framework\system\CodeIgniter.php(457): CodeIgniter\CodeIgniter->runController(Object(CodeIgniter\CLI\CommandRunner))
#13 D:\Coding\XAMMP 7.4\htdocs\panelkopma\vendor\codeigniter4\framework\system\CodeIgniter.php(336): CodeIgniter\CodeIgniter->handleRequest(NULL, Object(Config\Cache), false)
#14 D:\Coding\XAMMP 7.4\htdocs\panelkopma\vendor\codeigniter4\framework\system\CLI\Console.php(48): CodeIgniter\CodeIgniter->run()
#15 D:\Coding\XAMMP 7.4\htdocs\panelkopma\spark(86): CodeIgniter\CLI\Console->run()
#16 {main}
ERROR - 2023-01-04 16:10:10 --> mysqli_sql_exception: Table 'survey_berjalan' already exists in D:\Coding\XAMMP 7.4\htdocs\panelkopma\vendor\codeigniter4\framework\system\Database\MySQLi\Connection.php:292
Stack trace:
#0 D:\Coding\XAMMP 7.4\htdocs\panelkopma\vendor\codeigniter4\framework\system\Database\MySQLi\Connection.php(292): mysqli->query('CREATE TABLE `s...', 0)
#1 D:\Coding\XAMMP 7.4\htdocs\panelkopma\vendor\codeigniter4\framework\system\Database\BaseConnection.php(693): CodeIgniter\Database\MySQLi\Connection->execute('CREATE TABLE `s...')
#2 D:\Coding\XAMMP 7.4\htdocs\panelkopma\vendor\codeigniter4\framework\system\Database\BaseConnection.php(620): CodeIgniter\Database\BaseConnection->simpleQuery('CREATE TABLE `s...')
#3 D:\Coding\XAMMP 7.4\htdocs\panelkopma\vendor\codeigniter4\framework\system\Database\Forge.php(509): CodeIgniter\Database\BaseConnection->query('CREATE TABLE `s...')
#4 D:\Coding\XAMMP 7.4\htdocs\panelkopma\app\Database\Migrations\2023-01-02-170311_Survey.php(49): CodeIgniter\Database\Forge->createTable('survey_berjalan')
#5 D:\Coding\XAMMP 7.4\htdocs\panelkopma\vendor\codeigniter4\framework\system\Database\MigrationRunner.php(868): App\Database\Migrations\Survey->up()
#6 D:\Coding\XAMMP 7.4\htdocs\panelkopma\vendor\codeigniter4\framework\system\Database\MigrationRunner.php(187): CodeIgniter\Database\MigrationRunner->migrate('up', Object(stdClass))
#7 D:\Coding\XAMMP 7.4\htdocs\panelkopma\vendor\codeigniter4\framework\system\Commands\Database\Migrate.php(84): CodeIgniter\Database\MigrationRunner->latest(NULL)
#8 D:\Coding\XAMMP 7.4\htdocs\panelkopma\vendor\codeigniter4\framework\system\CLI\Commands.php(63): CodeIgniter\Commands\Database\Migrate->run(Array)
#9 D:\Coding\XAMMP 7.4\htdocs\panelkopma\vendor\codeigniter4\framework\system\CLI\CommandRunner.php(65): CodeIgniter\CLI\Commands->run('migrate', Array)
#10 D:\Coding\XAMMP 7.4\htdocs\panelkopma\vendor\codeigniter4\framework\system\CLI\CommandRunner.php(51): CodeIgniter\CLI\CommandRunner->index(Array)
#11 D:\Coding\XAMMP 7.4\htdocs\panelkopma\vendor\codeigniter4\framework\system\CodeIgniter.php(900): CodeIgniter\CLI\CommandRunner->_remap('index', Array)
#12 D:\Coding\XAMMP 7.4\htdocs\panelkopma\vendor\codeigniter4\framework\system\CodeIgniter.php(457): CodeIgniter\CodeIgniter->runController(Object(CodeIgniter\CLI\CommandRunner))
#13 D:\Coding\XAMMP 7.4\htdocs\panelkopma\vendor\codeigniter4\framework\system\CodeIgniter.php(336): CodeIgniter\CodeIgniter->handleRequest(NULL, Object(Config\Cache), false)
#14 D:\Coding\XAMMP 7.4\htdocs\panelkopma\vendor\codeigniter4\framework\system\CLI\Console.php(48): CodeIgniter\CodeIgniter->run()
#15 D:\Coding\XAMMP 7.4\htdocs\panelkopma\spark(86): CodeIgniter\CLI\Console->run()
#16 {main}
CRITICAL - 2023-01-04 19:36:21 --> Trying to get property 'nomor_anggota' of non-object
in APPPATH\Views\psda\data_anggota.php on line 80.
 1 APPPATH\Views\psda\data_anggota.php(80): CodeIgniter\Debug\Exceptions->errorHandler(8, 'Trying to get property \'nomor_anggota\' of non-object', 'APPPATH\\Views\\psda\\data_anggota.php', 80, [...])
 2 SYSTEMPATH\View\View.php(213): include('APPPATH\\Views\\psda\\data_anggota.php')
 3 SYSTEMPATH\View\View.php(216): CodeIgniter\View\View->CodeIgniter\View\{closure}()
 4 SYSTEMPATH\Common.php(1142): CodeIgniter\View\View->render('psda/data_anggota', [], true)
 5 APPPATH\Controllers\Psda.php(82): view('psda/data_anggota', [...])
 6 SYSTEMPATH\CodeIgniter.php(907): App\Controllers\Psda->data_anggota()
 7 SYSTEMPATH\CodeIgniter.php(457): CodeIgniter\CodeIgniter->runController(Object(App\Controllers\Psda))
 8 SYSTEMPATH\CodeIgniter.php(340): CodeIgniter\CodeIgniter->handleRequest(null, Object(Config\Cache), false)
 9 FCPATH\index.php(55): CodeIgniter\CodeIgniter->run()
10 SYSTEMPATH\Commands\Server\rewrite.php(43): require_once('FCPATH\\index.php')
CRITICAL - 2023-01-04 22:43:48 --> Trying to get property 'nomor_anggota' of non-object
in APPPATH\Views\psda\data_anggota.php on line 80.
 1 APPPATH\Views\psda\data_anggota.php(80): CodeIgniter\Debug\Exceptions->errorHandler(8, 'Trying to get property \'nomor_anggota\' of non-object', 'APPPATH\\Views\\psda\\data_anggota.php', 80, [...])
 2 SYSTEMPATH\View\View.php(213): include('APPPATH\\Views\\psda\\data_anggota.php')
 3 SYSTEMPATH\View\View.php(216): CodeIgniter\View\View->CodeIgniter\View\{closure}()
 4 SYSTEMPATH\Common.php(1142): CodeIgniter\View\View->render('psda/data_anggota', [], true)
 5 APPPATH\Controllers\Psda.php(82): view('psda/data_anggota', [...])
 6 SYSTEMPATH\CodeIgniter.php(907): App\Controllers\Psda->data_anggota()
 7 SYSTEMPATH\CodeIgniter.php(457): CodeIgniter\CodeIgniter->runController(Object(App\Controllers\Psda))
 8 SYSTEMPATH\CodeIgniter.php(340): CodeIgniter\CodeIgniter->handleRequest(null, Object(Config\Cache), false)
 9 FCPATH\index.php(55): CodeIgniter\CodeIgniter->run()
CRITICAL - 2023-01-04 22:44:02 --> Trying to get property 'nomor_anggota' of non-object
in APPPATH\Views\psda\data_anggota.php on line 80.
 1 APPPATH\Views\psda\data_anggota.php(80): CodeIgniter\Debug\Exceptions->errorHandler(8, 'Trying to get property \'nomor_anggota\' of non-object', 'APPPATH\\Views\\psda\\data_anggota.php', 80, [...])
 2 SYSTEMPATH\View\View.php(213): include('APPPATH\\Views\\psda\\data_anggota.php')
 3 SYSTEMPATH\View\View.php(216): CodeIgniter\View\View->CodeIgniter\View\{closure}()
 4 SYSTEMPATH\Common.php(1142): CodeIgniter\View\View->render('psda/data_anggota', [], true)
 5 APPPATH\Controllers\Psda.php(82): view('psda/data_anggota', [...])
 6 SYSTEMPATH\CodeIgniter.php(907): App\Controllers\Psda->data_anggota()
 7 SYSTEMPATH\CodeIgniter.php(457): CodeIgniter\CodeIgniter->runController(Object(App\Controllers\Psda))
 8 SYSTEMPATH\CodeIgniter.php(340): CodeIgniter\CodeIgniter->handleRequest(null, Object(Config\Cache), false)
 9 FCPATH\index.php(55): CodeIgniter\CodeIgniter->run()
CRITICAL - 2023-01-04 23:39:10 --> Undefined variable: validation
in APPPATH\Views\dashboard\add_progja.php on line 24.
 1 APPPATH\Views\dashboard\add_progja.php(24): CodeIgniter\Debug\Exceptions->errorHandler(8, 'Undefined variable: validation', 'APPPATH\\Views\\dashboard\\add_progja.php', 24, [...])
 2 SYSTEMPATH\View\View.php(213): include('APPPATH\\Views\\dashboard\\add_progja.php')
 3 SYSTEMPATH\View\View.php(216): CodeIgniter\View\View->CodeIgniter\View\{closure}()
 4 SYSTEMPATH\Common.php(1142): CodeIgniter\View\View->render('/dashboard/add_progja', [], true)
 5 APPPATH\Controllers\Dashboard.php(303): view('/dashboard/add_progja', [...])
 6 SYSTEMPATH\CodeIgniter.php(907): App\Controllers\Dashboard->add_progja()
 7 SYSTEMPATH\CodeIgniter.php(457): CodeIgniter\CodeIgniter->runController(Object(App\Controllers\Dashboard))
 8 SYSTEMPATH\CodeIgniter.php(340): CodeIgniter\CodeIgniter->handleRequest(null, Object(Config\Cache), false)
 9 FCPATH\index.php(55): CodeIgniter\CodeIgniter->run()
CRITICAL - 2023-01-04 23:40:06 --> Undefined variable: validation
in APPPATH\Views\dashboard\add_progja.php on line 24.
 1 APPPATH\Views\dashboard\add_progja.php(24): CodeIgniter\Debug\Exceptions->errorHandler(8, 'Undefined variable: validation', 'APPPATH\\Views\\dashboard\\add_progja.php', 24, [...])
 2 SYSTEMPATH\View\View.php(213): include('APPPATH\\Views\\dashboard\\add_progja.php')
 3 SYSTEMPATH\View\View.php(216): CodeIgniter\View\View->CodeIgniter\View\{closure}()
 4 SYSTEMPATH\Common.php(1142): CodeIgniter\View\View->render('/dashboard/add_progja', [], true)
 5 APPPATH\Controllers\Dashboard.php(303): view('/dashboard/add_progja', [...])
 6 SYSTEMPATH\CodeIgniter.php(907): App\Controllers\Dashboard->add_progja()
 7 SYSTEMPATH\CodeIgniter.php(457): CodeIgniter\CodeIgniter->runController(Object(App\Controllers\Dashboard))
 8 SYSTEMPATH\CodeIgniter.php(340): CodeIgniter\CodeIgniter->handleRequest(null, Object(Config\Cache), false)
 9 FCPATH\index.php(55): CodeIgniter\CodeIgniter->run()
ERROR - 2023-01-04 23:41:12 --> mysqli_sql_exception: Cannot add or update a child row: a foreign key constraint fails (`anggota_kopma`.`program_kerja`, CONSTRAINT `program_kerja_user_foreign` FOREIGN KEY (`user`) REFERENCES `users` (`id`) ON DELETE CASCADE ON UPDATE CASCADE) in D:\Coding\laragon\www\panelkopma\vendor\codeigniter4\framework\system\Database\MySQLi\Connection.php:292
Stack trace:
#0 D:\Coding\laragon\www\panelkopma\vendor\codeigniter4\framework\system\Database\MySQLi\Connection.php(292): mysqli->query('INSERT INTO `pr...', 0)
#1 D:\Coding\laragon\www\panelkopma\vendor\codeigniter4\framework\system\Database\BaseConnection.php(693): CodeIgniter\Database\MySQLi\Connection->execute('INSERT INTO `pr...')
#2 D:\Coding\laragon\www\panelkopma\vendor\codeigniter4\framework\system\Database\BaseConnection.php(620): CodeIgniter\Database\BaseConnection->simpleQuery('INSERT INTO `pr...')
#3 D:\Coding\laragon\www\panelkopma\vendor\codeigniter4\framework\system\Database\BaseBuilder.php(1916): CodeIgniter\Database\BaseConnection->query('INSERT INTO `pr...', Array, false)
#4 D:\Coding\laragon\www\panelkopma\vendor\codeigniter4\framework\system\Model.php(279): CodeIgniter\Database\BaseBuilder->insert()
#5 D:\Coding\laragon\www\panelkopma\vendor\codeigniter4\framework\system\BaseModel.php(738): CodeIgniter\Model->doInsert(Array)
#6 D:\Coding\laragon\www\panelkopma\vendor\codeigniter4\framework\system\Model.php(667): CodeIgniter\BaseModel->insert(Array, false)
#7 D:\Coding\laragon\www\panelkopma\vendor\codeigniter4\framework\system\BaseModel.php(658): CodeIgniter\Model->insert(Array, false)
#8 D:\Coding\laragon\www\panelkopma\app\Controllers\Dashboard.php(351): CodeIgniter\BaseModel->save(Array)
#9 D:\Coding\laragon\www\panelkopma\vendor\codeigniter4\framework\system\CodeIgniter.php(907): App\Controllers\Dashboard->save_progja()
#10 D:\Coding\laragon\www\panelkopma\vendor\codeigniter4\framework\system\CodeIgniter.php(457): CodeIgniter\CodeIgniter->runController(Object(App\Controllers\Dashboard))
#11 D:\Coding\laragon\www\panelkopma\vendor\codeigniter4\framework\system\CodeIgniter.php(340): CodeIgniter\CodeIgniter->handleRequest(NULL, Object(Config\Cache), false)
#12 D:\Coding\laragon\www\panelkopma\public\index.php(55): CodeIgniter\CodeIgniter->run()
#13 {main}
CRITICAL - 2023-01-04 23:41:12 --> Cannot add or update a child row: a foreign key constraint fails (`anggota_kopma`.`program_kerja`, CONSTRAINT `program_kerja_user_foreign` FOREIGN KEY (`user`) REFERENCES `users` (`id`) ON DELETE CASCADE ON UPDATE CASCADE)
in SYSTEMPATH\Database\MySQLi\Connection.php on line 292.
 1 SYSTEMPATH\Database\MySQLi\Connection.php(292): mysqli->query('INSERT INTO `program_kerja` (`nama_program`, `deskripsi`, `rencana_pelaksanaan`, `user`, `tahun`, `status`, `created_at`, `updated_at`) VALUES (\'Tes progja\', \'ngetes\', \'2023-01-19\', \'Admin\', \'2023\', \'Belum Terlaksana\', \'2023-01-04 23:41:12\', \'2023-01-04 23:41:12\')', 0)
 2 SYSTEMPATH\Database\BaseConnection.php(693): CodeIgniter\Database\MySQLi\Connection->execute('INSERT INTO `program_kerja` (`nama_program`, `deskripsi`, `rencana_pelaksanaan`, `user`, `tahun`, `status`, `created_at`, `updated_at`) VALUES (\'Tes progja\', \'ngetes\', \'2023-01-19\', \'Admin\', \'2023\', \'Belum Terlaksana\', \'2023-01-04 23:41:12\', \'2023-01-04 23:41:12\')')
 3 SYSTEMPATH\Database\BaseConnection.php(620): CodeIgniter\Database\BaseConnection->simpleQuery('INSERT INTO `program_kerja` (`nama_program`, `deskripsi`, `rencana_pelaksanaan`, `user`, `tahun`, `status`, `created_at`, `updated_at`) VALUES (\'Tes progja\', \'ngetes\', \'2023-01-19\', \'Admin\', \'2023\', \'Belum Terlaksana\', \'2023-01-04 23:41:12\', \'2023-01-04 23:41:12\')')
 4 SYSTEMPATH\Database\BaseBuilder.php(1916): CodeIgniter\Database\BaseConnection->query('INSERT INTO `program_kerja` (`nama_program`, `deskripsi`, `rencana_pelaksanaan`, `user`, `tahun`, `status`, `created_at`, `updated_at`) VALUES (:nama_program:, :deskripsi:, :rencana_pelaksanaan:, :user:, :tahun:, :status:, :created_at:, :updated_at:)', [...], false)
 5 SYSTEMPATH\Model.php(279): CodeIgniter\Database\BaseBuilder->insert()
 6 SYSTEMPATH\BaseModel.php(738): CodeIgniter\Model->doInsert([...])
 7 SYSTEMPATH\Model.php(667): CodeIgniter\BaseModel->insert([...], false)
 8 SYSTEMPATH\BaseModel.php(658): CodeIgniter\Model->insert([...], false)
 9 APPPATH\Controllers\Dashboard.php(351): CodeIgniter\BaseModel->save([...])
10 SYSTEMPATH\CodeIgniter.php(907): App\Controllers\Dashboard->save_progja()
11 SYSTEMPATH\CodeIgniter.php(457): CodeIgniter\CodeIgniter->runController(Object(App\Controllers\Dashboard))
12 SYSTEMPATH\CodeIgniter.php(340): CodeIgniter\CodeIgniter->handleRequest(null, Object(Config\Cache), false)
13 FCPATH\index.php(55): CodeIgniter\CodeIgniter->run()
CRITICAL - 2023-01-04 23:50:38 --> Unparenthesized `a ? b : c ? d : e` is deprecated. Use either `(a ? b : c) ? d : e` or `a ? b : (c ? d : e)`
in APPPATH\Views\dashboard\program_kerja.php on line 80.
 1 SYSTEMPATH\View\View.php(213): CodeIgniter\Debug\Exceptions->errorHandler(8192, 'Unparenthesized `a ? b : c ? d : e` is deprecated. Use either `(a ? b : c) ? d : e` or `a ? b : (c ? d : e)`', 'APPPATH\\Views\\dashboard\\program_kerja.php', 80, [...])
 2 SYSTEMPATH\View\View.php(213): include()
 3 SYSTEMPATH\View\View.php(216): CodeIgniter\View\View->CodeIgniter\View\{closure}()
 4 SYSTEMPATH\Common.php(1142): CodeIgniter\View\View->render('/dashboard/program_kerja', [], true)
 5 APPPATH\Controllers\Dashboard.php(296): view('/dashboard/program_kerja', [...])
 6 SYSTEMPATH\CodeIgniter.php(907): App\Controllers\Dashboard->program_kerja()
 7 SYSTEMPATH\CodeIgniter.php(457): CodeIgniter\CodeIgniter->runController(Object(App\Controllers\Dashboard))
 8 SYSTEMPATH\CodeIgniter.php(340): CodeIgniter\CodeIgniter->handleRequest(null, Object(Config\Cache), false)
 9 FCPATH\index.php(55): CodeIgniter\CodeIgniter->run()
