ERROR - 2023-05-20 15:12:13 --> mysqli_sql_exception: Column 'nomor_anggota' cannot be null in /home/u0715251/panel_kopma/vendor/codeigniter4/framework/system/Database/MySQLi/Connection.php:292
Stack trace:
#0 /home/u0715251/panel_kopma/vendor/codeigniter4/framework/system/Database/MySQLi/Connection.php(292): mysqli->query('INSERT INTO `da...', 0)
#1 /home/u0715251/panel_kopma/vendor/codeigniter4/framework/system/Database/BaseConnection.php(693): CodeIgniter\Database\MySQLi\Connection->execute('INSERT INTO `da...')
#2 /home/u0715251/panel_kopma/vendor/codeigniter4/framework/system/Database/BaseConnection.php(620): CodeIgniter\Database\BaseConnection->simpleQuery('INSERT INTO `da...')
#3 /home/u0715251/panel_kopma/vendor/codeigniter4/framework/system/Database/BaseBuilder.php(1916): CodeIgniter\Database\BaseConnection->query('INSERT INTO `da...', Array, false)
#4 /home/u0715251/panel_kopma/vendor/codeigniter4/framework/system/Model.php(279): CodeIgniter\Database\BaseBuilder->insert()
#5 /home/u0715251/panel_kopma/vendor/codeigniter4/framework/system/BaseModel.php(738): CodeIgniter\Model->doInsert(Array)
#6 /home/u0715251/panel_kopma/vendor/codeigniter4/framework/system/Model.php(667): CodeIgniter\BaseModel->insert(Array, false)
#7 /home/u0715251/panel_kopma/vendor/codeigniter4/framework/system/BaseModel.php(658): CodeIgniter\Model->insert(Array, false)
#8 /home/u0715251/panel_kopma/app/Controllers/Psda.php(643): CodeIgniter\BaseModel->save(Array)
#9 /home/u0715251/panel_kopma/vendor/codeigniter4/framework/system/CodeIgniter.php(907): App\Controllers\Psda->upload_poin()
#10 /home/u0715251/panel_kopma/vendor/codeigniter4/framework/system/CodeIgniter.php(457): CodeIgniter\CodeIgniter->runController(Object(App\Controllers\Psda))
#11 /home/u0715251/panel_kopma/vendor/codeigniter4/framework/system/CodeIgniter.php(340): CodeIgniter\CodeIgniter->handleRequest(NULL, Object(Config\Cache), false)
#12 /home/u0715251/public_html/panel/index.php(55): CodeIgniter\CodeIgniter->run()
#13 {main}
ERROR - 2023-05-20 15:37:45 --> mysqli_sql_exception: Column 'nomor_anggota' cannot be null in /home/u0715251/panel_kopma/vendor/codeigniter4/framework/system/Database/MySQLi/Connection.php:292
Stack trace:
#0 /home/u0715251/panel_kopma/vendor/codeigniter4/framework/system/Database/MySQLi/Connection.php(292): mysqli->query('INSERT INTO `da...', 0)
#1 /home/u0715251/panel_kopma/vendor/codeigniter4/framework/system/Database/BaseConnection.php(693): CodeIgniter\Database\MySQLi\Connection->execute('INSERT INTO `da...')
#2 /home/u0715251/panel_kopma/vendor/codeigniter4/framework/system/Database/BaseConnection.php(620): CodeIgniter\Database\BaseConnection->simpleQuery('INSERT INTO `da...')
#3 /home/u0715251/panel_kopma/vendor/codeigniter4/framework/system/Database/BaseBuilder.php(1916): CodeIgniter\Database\BaseConnection->query('INSERT INTO `da...', Array, false)
#4 /home/u0715251/panel_kopma/vendor/codeigniter4/framework/system/Model.php(279): CodeIgniter\Database\BaseBuilder->insert()
#5 /home/u0715251/panel_kopma/vendor/codeigniter4/framework/system/BaseModel.php(738): CodeIgniter\Model->doInsert(Array)
#6 /home/u0715251/panel_kopma/vendor/codeigniter4/framework/system/Model.php(667): CodeIgniter\BaseModel->insert(Array, false)
#7 /home/u0715251/panel_kopma/vendor/codeigniter4/framework/system/BaseModel.php(658): CodeIgniter\Model->insert(Array, false)
#8 /home/u0715251/panel_kopma/app/Controllers/Psda.php(643): CodeIgniter\BaseModel->save(Array)
#9 /home/u0715251/panel_kopma/vendor/codeigniter4/framework/system/CodeIgniter.php(907): App\Controllers\Psda->upload_poin()
#10 /home/u0715251/panel_kopma/vendor/codeigniter4/framework/system/CodeIgniter.php(457): CodeIgniter\CodeIgniter->runController(Object(App\Controllers\Psda))
#11 /home/u0715251/panel_kopma/vendor/codeigniter4/framework/system/CodeIgniter.php(340): CodeIgniter\CodeIgniter->handleRequest(NULL, Object(Config\Cache), false)
#12 /home/u0715251/public_html/panel/index.php(55): CodeIgniter\CodeIgniter->run()
#13 {main}
