CRITICAL - 2023-01-20 12:07:52 --> key must be a string when using hmac
in VENDORPATH/firebase/php-jwt/src/JWT.php on line 232.
 1 VENDORPATH/firebase/php-jwt/src/JWT.php(202): Firebase\JWT\JWT::sign('eyJ0eXAiOiJKV1QiLCJhbGciOiJIUzI1NiJ9.eyJub21vcl9hbmdnb3RhIjoiMjA4My9Lb3BtYV9VbC8yMCIsInVzZXJuYW1lIjoiMjA4MzIwIiwiaWF0IjoxNjc0MTkxMjcyfQ', false, 'HS256')
 2 APPPATH/Helpers/jwt_helper.php(44): Firebase\JWT\JWT::encode([...], false, 'HS256')
 3 APPPATH/Controllers/AuthApi.php(125): createJWT('208320')
 4 SYSTEMPATH/CodeIgniter.php(907): App\Controllers\AuthApi->login()
 5 SYSTEMPATH/CodeIgniter.php(457): CodeIgniter\CodeIgniter->runController(Object(App\Controllers\AuthApi))
 6 SYSTEMPATH/CodeIgniter.php(340): CodeIgniter\CodeIgniter->handleRequest(null, Object(Config\Cache), false)
 7 FCPATH/index.php(55): CodeIgniter\CodeIgniter->run()
CRITICAL - 2023-01-20 12:08:42 --> key must be a string when using hmac
in VENDORPATH/firebase/php-jwt/src/JWT.php on line 232.
 1 VENDORPATH/firebase/php-jwt/src/JWT.php(202): Firebase\JWT\JWT::sign('eyJ0eXAiOiJKV1QiLCJhbGciOiJIUzI1NiJ9.eyJub21vcl9hbmdnb3RhIjoiMjA4My9Lb3BtYV9VbC8yMCIsInVzZXJuYW1lIjoiMjA4MzIwIiwiaWF0IjoxNjc0MTkxMzIyfQ', false, 'HS256')
 2 APPPATH/Helpers/jwt_helper.php(44): Firebase\JWT\JWT::encode([...], false, 'HS256')
 3 APPPATH/Controllers/AuthApi.php(125): createJWT('208320')
 4 SYSTEMPATH/CodeIgniter.php(907): App\Controllers\AuthApi->login()
 5 SYSTEMPATH/CodeIgniter.php(457): CodeIgniter\CodeIgniter->runController(Object(App\Controllers\AuthApi))
 6 SYSTEMPATH/CodeIgniter.php(340): CodeIgniter\CodeIgniter->handleRequest(null, Object(Config\Cache), false)
 7 FCPATH/index.php(55): CodeIgniter\CodeIgniter->run()
CRITICAL - 2023-01-20 12:10:07 --> key must be a string when using hmac
in VENDORPATH/firebase/php-jwt/src/JWT.php on line 232.
 1 VENDORPATH/firebase/php-jwt/src/JWT.php(202): Firebase\JWT\JWT::sign('eyJ0eXAiOiJKV1QiLCJhbGciOiJIUzI1NiJ9.eyJub21vcl9hbmdnb3RhIjoiMjA4My9Lb3BtYV9VbC8yMCIsInVzZXJuYW1lIjoiMjA4MzIwIiwiaWF0IjoxNjc0MTkxNDA3fQ', false, 'HS256')
 2 APPPATH/Helpers/jwt_helper.php(44): Firebase\JWT\JWT::encode([...], false, 'HS256')
 3 APPPATH/Controllers/AuthApi.php(125): createJWT('208320')
 4 SYSTEMPATH/CodeIgniter.php(907): App\Controllers\AuthApi->login()
 5 SYSTEMPATH/CodeIgniter.php(457): CodeIgniter\CodeIgniter->runController(Object(App\Controllers\AuthApi))
 6 SYSTEMPATH/CodeIgniter.php(340): CodeIgniter\CodeIgniter->handleRequest(null, Object(Config\Cache), false)
 7 FCPATH/index.php(55): CodeIgniter\CodeIgniter->run()
CRITICAL - 2023-01-20 19:23:36 --> Undefined variable: data
in APPPATH/Controllers/AuthApi.php on line 125.
 1 APPPATH/Controllers/AuthApi.php(125): CodeIgniter\Debug\Exceptions->errorHandler(8, 'Undefined variable: data', 'APPPATH/Controllers/AuthApi.php', 125, [...])
 2 SYSTEMPATH/CodeIgniter.php(907): App\Controllers\AuthApi->login()
 3 SYSTEMPATH/CodeIgniter.php(457): CodeIgniter\CodeIgniter->runController(Object(App\Controllers\AuthApi))
 4 SYSTEMPATH/CodeIgniter.php(340): CodeIgniter\CodeIgniter->handleRequest(null, Object(Config\Cache), false)
 5 FCPATH/index.php(55): CodeIgniter\CodeIgniter->run()
CRITICAL - 2023-01-20 21:02:16 --> Undefined index: peserta
in APPPATH/Views/dashboard/index.php on line 109.
 1 APPPATH/Views/dashboard/index.php(109): CodeIgniter\Debug\Exceptions->errorHandler(8, 'Undefined index: peserta', 'APPPATH/Views/dashboard/index.php', 109, [...])
 2 SYSTEMPATH/View/View.php(213): include('APPPATH/Views/dashboard/index.php')
 3 SYSTEMPATH/View/View.php(216): CodeIgniter\View\View->CodeIgniter\View\{closure}()
 4 SYSTEMPATH/Common.php(1142): CodeIgniter\View\View->render('dashboard/index', [], true)
 5 APPPATH/Controllers/Dashboard.php(82): view('dashboard/index', [...])
 6 SYSTEMPATH/CodeIgniter.php(907): App\Controllers\Dashboard->index()
 7 SYSTEMPATH/CodeIgniter.php(457): CodeIgniter\CodeIgniter->runController(Object(App\Controllers\Dashboard))
 8 SYSTEMPATH/CodeIgniter.php(340): CodeIgniter\CodeIgniter->handleRequest(null, Object(Config\Cache), false)
 9 FCPATH/index.php(55): CodeIgniter\CodeIgniter->run()
CRITICAL - 2023-01-20 21:40:07 --> unlink(/home/u0715251/panel_kopma/writable/debugbar/debugbar_1674225301.645758.json): No such file or directory
in SYSTEMPATH/Debug/Toolbar/Collectors/History.php on line 76.
 1 [internal function]: CodeIgniter\Debug\Exceptions->errorHandler(2, 'unlink(/home/u0715251/panel_kopma/writable/debugbar/debugbar_1674225301.645758.json): No such file or directory', 'SYSTEMPATH/Debug/Toolbar/Collectors/History.php', 76, [...])
 2 SYSTEMPATH/Debug/Toolbar/Collectors/History.php(76): unlink('ROOTPATH/writable/debugbar/debugbar_1674225301.645758.json')
 3 SYSTEMPATH/Debug/Toolbar.php(501): CodeIgniter\Debug\Toolbar\Collectors\History->setFiles('1674225605.930062', 20)
 4 SYSTEMPATH/Debug/Toolbar.php(478): CodeIgniter\Debug\Toolbar->format([...], 'html')
 5 APPPATH/Config/Events.php(46): CodeIgniter\Debug\Toolbar->respond()
 6 SYSTEMPATH/Events/Events.php(149): CodeIgniter\Events\Events::Config\{closure}()
 7 SYSTEMPATH/CodeIgniter.php(317): CodeIgniter\Events\Events::trigger('pre_system')
 8 FCPATH/index.php(55): CodeIgniter\CodeIgniter->run()
