CRITICAL - 2023-02-12 22:24:47 --> Trying to access array offset on value of type null
in APPPATH/Controllers/Psda.php on line 554.
 1 APPPATH/Controllers/Psda.php(554): CodeIgniter\Debug\Exceptions->errorHandler(8, 'Trying to access array offset on value of type null', 'APPPATH/Controllers/Psda.php', 554, [...])
 2 SYSTEMPATH/CodeIgniter.php(907): App\Controllers\Psda->upload_poin()
 3 SYSTEMPATH/CodeIgniter.php(457): CodeIgniter\CodeIgniter->runController(Object(App\Controllers\Psda))
 4 SYSTEMPATH/CodeIgniter.php(340): CodeIgniter\CodeIgniter->handleRequest(null, Object(Config\Cache), false)
 5 FCPATH/index.php(55): CodeIgniter\CodeIgniter->run()
CRITICAL - 2023-02-12 22:24:49 --> Allowed memory size of 536870912 bytes exhausted (tried to allocate 400560128 bytes)
in APPPATH/Views/errors/html/error_exception.php on line 96.
 1 [internal function]: CodeIgniter\Debug\Exceptions->shutdownHandler()
CRITICAL - 2023-02-12 22:27:06 --> Trying to access array offset on value of type null
in APPPATH/Controllers/Psda.php on line 554.
 1 APPPATH/Controllers/Psda.php(554): CodeIgniter\Debug\Exceptions->errorHandler(8, 'Trying to access array offset on value of type null', 'APPPATH/Controllers/Psda.php', 554, [...])
 2 SYSTEMPATH/CodeIgniter.php(907): App\Controllers\Psda->upload_poin()
 3 SYSTEMPATH/CodeIgniter.php(457): CodeIgniter\CodeIgniter->runController(Object(App\Controllers\Psda))
 4 SYSTEMPATH/CodeIgniter.php(340): CodeIgniter\CodeIgniter->handleRequest(null, Object(Config\Cache), false)
 5 FCPATH/index.php(55): CodeIgniter\CodeIgniter->run()
CRITICAL - 2023-02-12 22:27:07 --> Allowed memory size of 536870912 bytes exhausted (tried to allocate 400560128 bytes)
in APPPATH/Views/errors/html/error_exception.php on line 96.
 1 [internal function]: CodeIgniter\Debug\Exceptions->shutdownHandler()
CRITICAL - 2023-02-12 23:49:00 --> Trying to access array offset on value of type null
in APPPATH/Controllers/Psda.php on line 554.
 1 APPPATH/Controllers/Psda.php(554): CodeIgniter\Debug\Exceptions->errorHandler(8, 'Trying to access array offset on value of type null', 'APPPATH/Controllers/Psda.php', 554, [...])
 2 SYSTEMPATH/CodeIgniter.php(907): App\Controllers\Psda->upload_poin()
 3 SYSTEMPATH/CodeIgniter.php(457): CodeIgniter\CodeIgniter->runController(Object(App\Controllers\Psda))
 4 SYSTEMPATH/CodeIgniter.php(340): CodeIgniter\CodeIgniter->handleRequest(null, Object(Config\Cache), false)
 5 FCPATH/index.php(55): CodeIgniter\CodeIgniter->run()
CRITICAL - 2023-02-12 23:49:01 --> Allowed memory size of 536870912 bytes exhausted (tried to allocate 734354144 bytes)
in SYSTEMPATH/ThirdParty/Escaper/Escaper.php on line 183.
 1 [internal function]: CodeIgniter\Debug\Exceptions->shutdownHandler()
CRITICAL - 2023-02-12 23:49:51 --> Trying to access array offset on value of type null
in APPPATH/Controllers/Psda.php on line 554.
 1 APPPATH/Controllers/Psda.php(554): CodeIgniter\Debug\Exceptions->errorHandler(8, 'Trying to access array offset on value of type null', 'APPPATH/Controllers/Psda.php', 554, [...])
 2 SYSTEMPATH/CodeIgniter.php(907): App\Controllers\Psda->upload_poin()
 3 SYSTEMPATH/CodeIgniter.php(457): CodeIgniter\CodeIgniter->runController(Object(App\Controllers\Psda))
 4 SYSTEMPATH/CodeIgniter.php(340): CodeIgniter\CodeIgniter->handleRequest(null, Object(Config\Cache), false)
 5 FCPATH/index.php(55): CodeIgniter\CodeIgniter->run()
CRITICAL - 2023-02-12 23:49:53 --> Allowed memory size of 536870912 bytes exhausted (tried to allocate 734354144 bytes)
in SYSTEMPATH/ThirdParty/Escaper/Escaper.php on line 183.
 1 [internal function]: CodeIgniter\Debug\Exceptions->shutdownHandler()
CRITICAL - 2023-02-12 23:51:24 --> Trying to access array offset on value of type null
in APPPATH/Controllers/Psda.php on line 554.
 1 APPPATH/Controllers/Psda.php(554): CodeIgniter\Debug\Exceptions->errorHandler(8, 'Trying to access array offset on value of type null', 'APPPATH/Controllers/Psda.php', 554, [...])
 2 SYSTEMPATH/CodeIgniter.php(907): App\Controllers\Psda->upload_poin()
 3 SYSTEMPATH/CodeIgniter.php(457): CodeIgniter\CodeIgniter->runController(Object(App\Controllers\Psda))
 4 SYSTEMPATH/CodeIgniter.php(340): CodeIgniter\CodeIgniter->handleRequest(null, Object(Config\Cache), false)
 5 FCPATH/index.php(55): CodeIgniter\CodeIgniter->run()
CRITICAL - 2023-02-12 23:51:25 --> Allowed memory size of 536870912 bytes exhausted (tried to allocate 734354144 bytes)
in SYSTEMPATH/ThirdParty/Escaper/Escaper.php on line 183.
 1 [internal function]: CodeIgniter\Debug\Exceptions->shutdownHandler()
