ERROR - 2023-01-03 00:01:53 --> mysqli_sql_exception: Table 'anggota_kopma.survey_berjalan' doesn't exist in D:\Coding\XAMMP 7.4\htdocs\panelkopma\vendor\codeigniter4\framework\system\Database\MySQLi\Connection.php:292
Stack trace:
#0 D:\Coding\XAMMP 7.4\htdocs\panelkopma\vendor\codeigniter4\framework\system\Database\MySQLi\Connection.php(292): mysqli->query('SELECT *\nFROM `...', 0)
#1 D:\Coding\XAMMP 7.4\htdocs\panelkopma\vendor\codeigniter4\framework\system\Database\BaseConnection.php(693): CodeIgniter\Database\MySQLi\Connection->execute('SELECT *\nFROM `...')
#2 D:\Coding\XAMMP 7.4\htdocs\panelkopma\vendor\codeigniter4\framework\system\Database\BaseConnection.php(620): CodeIgniter\Database\BaseConnection->simpleQuery('SELECT *\nFROM `...')
#3 D:\Coding\XAMMP 7.4\htdocs\panelkopma\vendor\codeigniter4\framework\system\Database\BaseBuilder.php(1585): CodeIgniter\Database\BaseConnection->query('SELECT *\nFROM `...', Array, false)
#4 D:\Coding\XAMMP 7.4\htdocs\panelkopma\vendor\codeigniter4\framework\system\Model.php(223): CodeIgniter\Database\BaseBuilder->get()
#5 D:\Coding\XAMMP 7.4\htdocs\panelkopma\vendor\codeigniter4\framework\system\BaseModel.php(584): CodeIgniter\Model->doFindAll(0, 0)
#6 D:\Coding\XAMMP 7.4\htdocs\panelkopma\app\Controllers\Litbang.php(212): CodeIgniter\BaseModel->findAll()
#7 D:\Coding\XAMMP 7.4\htdocs\panelkopma\vendor\codeigniter4\framework\system\CodeIgniter.php(907): App\Controllers\Litbang->survey_berjalan()
#8 D:\Coding\XAMMP 7.4\htdocs\panelkopma\vendor\codeigniter4\framework\system\CodeIgniter.php(457): CodeIgniter\CodeIgniter->runController(Object(App\Controllers\Litbang))
#9 D:\Coding\XAMMP 7.4\htdocs\panelkopma\vendor\codeigniter4\framework\system\CodeIgniter.php(340): CodeIgniter\CodeIgniter->handleRequest(NULL, Object(Config\Cache), false)
#10 D:\Coding\XAMMP 7.4\htdocs\panelkopma\public\index.php(55): CodeIgniter\CodeIgniter->run()
#11 D:\Coding\XAMMP 7.4\htdocs\panelkopma\vendor\codeigniter4\framework\system\Commands\Server\rewrite.php(43): require_once('D:\\Coding\\XAMMP...')
#12 {main}
CRITICAL - 2023-01-03 00:01:53 --> Table 'anggota_kopma.survey_berjalan' doesn't exist
in SYSTEMPATH\Database\MySQLi\Connection.php on line 292.
 1 SYSTEMPATH\Database\MySQLi\Connection.php(292): mysqli->query('SELECT *
FROM `survey_berjalan`', 0)
 2 SYSTEMPATH\Database\BaseConnection.php(693): CodeIgniter\Database\MySQLi\Connection->execute('SELECT *
FROM `survey_berjalan`')
 3 SYSTEMPATH\Database\BaseConnection.php(620): CodeIgniter\Database\BaseConnection->simpleQuery('SELECT *
FROM `survey_berjalan`')
 4 SYSTEMPATH\Database\BaseBuilder.php(1585): CodeIgniter\Database\BaseConnection->query('SELECT *
FROM `survey_berjalan`', [], false)
 5 SYSTEMPATH\Model.php(223): CodeIgniter\Database\BaseBuilder->get()
 6 SYSTEMPATH\BaseModel.php(584): CodeIgniter\Model->doFindAll(0, 0)
 7 APPPATH\Controllers\Litbang.php(212): CodeIgniter\BaseModel->findAll()
 8 SYSTEMPATH\CodeIgniter.php(907): App\Controllers\Litbang->survey_berjalan()
 9 SYSTEMPATH\CodeIgniter.php(457): CodeIgniter\CodeIgniter->runController(Object(App\Controllers\Litbang))
10 SYSTEMPATH\CodeIgniter.php(340): CodeIgniter\CodeIgniter->handleRequest(null, Object(Config\Cache), false)
11 FCPATH\index.php(55): CodeIgniter\CodeIgniter->run()
12 SYSTEMPATH\Commands\Server\rewrite.php(43): require_once('FCPATH\\index.php')
