CRITICAL - 2022-12-31 13:33:45 --> Deletes are not allowed unless they contain a "where" or "like" clause.
in SYSTEMPATH\Database\BaseBuilder.php on line 2367.
 1 SYSTEMPATH\Model.php(401): CodeIgniter\Database\BaseBuilder->delete()
 2 SYSTEMPATH\BaseModel.php(963): CodeIgniter\Model->doDelete(null, false)
 3 APPPATH\Controllers\Litbang.php(319): CodeIgniter\BaseModel->delete(null)
 4 SYSTEMPATH\CodeIgniter.php(907): App\Controllers\Litbang->delete_survey('1')
 5 SYSTEMPATH\CodeIgniter.php(457): CodeIgniter\CodeIgniter->runController(Object(App\Controllers\Litbang))
 6 SYSTEMPATH\CodeIgniter.php(340): CodeIgniter\CodeIgniter->handleRequest(null, Object(Config\Cache), false)
 7 FCPATH\index.php(55): CodeIgniter\CodeIgniter->run()
 8 SYSTEMPATH\Commands\Server\rewrite.php(43): require_once('FCPATH\\index.php')
CRITICAL - 2022-12-31 13:43:11 --> Call to a member function date_diff() on string
in APPPATH\Views\litbang\survey_berjalan.php on line 94.
 1 SYSTEMPATH\View\View.php(213): include()
 2 SYSTEMPATH\View\View.php(216): CodeIgniter\View\View->CodeIgniter\View\{closure}()
 3 SYSTEMPATH\Common.php(1142): CodeIgniter\View\View->render('litbang/survey_berjalan', [], true)
 4 APPPATH\Controllers\Litbang.php(218): view('litbang/survey_berjalan', [...])
 5 SYSTEMPATH\CodeIgniter.php(907): App\Controllers\Litbang->survey_berjalan()
 6 SYSTEMPATH\CodeIgniter.php(457): CodeIgniter\CodeIgniter->runController(Object(App\Controllers\Litbang))
 7 SYSTEMPATH\CodeIgniter.php(340): CodeIgniter\CodeIgniter->handleRequest(null, Object(Config\Cache), false)
 8 FCPATH\index.php(55): CodeIgniter\CodeIgniter->run()
 9 SYSTEMPATH\Commands\Server\rewrite.php(43): require_once('FCPATH\\index.php')
CRITICAL - 2022-12-31 13:55:56 --> date_format() expects parameter 1 to be DateTimeInterface, string given
in APPPATH\Views\litbang\survey_berjalan.php on line 89.
 1 [internal function]: CodeIgniter\Debug\Exceptions->errorHandler(2, 'date_format() expects parameter 1 to be DateTimeInterface, string given', 'APPPATH\\Views\\litbang\\survey_berjalan.php', 89, [...])
 2 APPPATH\Views\litbang\survey_berjalan.php(89): date_format('2022-12-29', 'd-m-Y')
 3 SYSTEMPATH\View\View.php(213): include('APPPATH\\Views\\litbang\\survey_berjalan.php')
 4 SYSTEMPATH\View\View.php(216): CodeIgniter\View\View->CodeIgniter\View\{closure}()
 5 SYSTEMPATH\Common.php(1142): CodeIgniter\View\View->render('litbang/survey_berjalan', [], true)
 6 APPPATH\Controllers\Litbang.php(218): view('litbang/survey_berjalan', [...])
 7 SYSTEMPATH\CodeIgniter.php(907): App\Controllers\Litbang->survey_berjalan()
 8 SYSTEMPATH\CodeIgniter.php(457): CodeIgniter\CodeIgniter->runController(Object(App\Controllers\Litbang))
 9 SYSTEMPATH\CodeIgniter.php(340): CodeIgniter\CodeIgniter->handleRequest(null, Object(Config\Cache), false)
10 FCPATH\index.php(55): CodeIgniter\CodeIgniter->run()
11 SYSTEMPATH\Commands\Server\rewrite.php(43): require_once('FCPATH\\index.php')
CRITICAL - 2022-12-31 13:58:16 --> date_format() expects parameter 1 to be DateTimeInterface, string given
in APPPATH\Views\litbang\survey_berjalan.php on line 89.
 1 [internal function]: CodeIgniter\Debug\Exceptions->errorHandler(2, 'date_format() expects parameter 1 to be DateTimeInterface, string given', 'APPPATH\\Views\\litbang\\survey_berjalan.php', 89, [...])
 2 APPPATH\Views\litbang\survey_berjalan.php(89): date_format('29-12-2022', 'd-m-Y')
 3 SYSTEMPATH\View\View.php(213): include('APPPATH\\Views\\litbang\\survey_berjalan.php')
 4 SYSTEMPATH\View\View.php(216): CodeIgniter\View\View->CodeIgniter\View\{closure}()
 5 SYSTEMPATH\Common.php(1142): CodeIgniter\View\View->render('litbang/survey_berjalan', [], true)
 6 APPPATH\Controllers\Litbang.php(218): view('litbang/survey_berjalan', [...])
 7 SYSTEMPATH\CodeIgniter.php(907): App\Controllers\Litbang->survey_berjalan()
 8 SYSTEMPATH\CodeIgniter.php(457): CodeIgniter\CodeIgniter->runController(Object(App\Controllers\Litbang))
 9 SYSTEMPATH\CodeIgniter.php(340): CodeIgniter\CodeIgniter->handleRequest(null, Object(Config\Cache), false)
10 FCPATH\index.php(55): CodeIgniter\CodeIgniter->run()
11 SYSTEMPATH\Commands\Server\rewrite.php(43): require_once('FCPATH\\index.php')
CRITICAL - 2022-12-31 14:03:51 --> Undefined variable: s
in APPPATH\Views\litbang\survey_berjalan.php on line 80.
 1 APPPATH\Views\litbang\survey_berjalan.php(80): CodeIgniter\Debug\Exceptions->errorHandler(8, 'Undefined variable: s', 'APPPATH\\Views\\litbang\\survey_berjalan.php', 80, [...])
 2 SYSTEMPATH\View\View.php(213): include('APPPATH\\Views\\litbang\\survey_berjalan.php')
 3 SYSTEMPATH\View\View.php(216): CodeIgniter\View\View->CodeIgniter\View\{closure}()
 4 SYSTEMPATH\Common.php(1142): CodeIgniter\View\View->render('litbang/survey_berjalan', [], true)
 5 APPPATH\Controllers\Litbang.php(218): view('litbang/survey_berjalan', [...])
 6 SYSTEMPATH\CodeIgniter.php(907): App\Controllers\Litbang->survey_berjalan()
 7 SYSTEMPATH\CodeIgniter.php(457): CodeIgniter\CodeIgniter->runController(Object(App\Controllers\Litbang))
 8 SYSTEMPATH\CodeIgniter.php(340): CodeIgniter\CodeIgniter->handleRequest(null, Object(Config\Cache), false)
 9 FCPATH\index.php(55): CodeIgniter\CodeIgniter->run()
10 SYSTEMPATH\Commands\Server\rewrite.php(43): require_once('FCPATH\\index.php')
CRITICAL - 2022-12-31 15:44:34 --> syntax error, unexpected ','
in APPPATH\Controllers\Litbang.php on line 338.
 1 SYSTEMPATH\Router\Router.php(499): CodeIgniter\Router\AutoRouter->getRoute('litbang/finish_survey')
 2 SYSTEMPATH\Router\Router.php(205): CodeIgniter\Router\Router->autoRoute('litbang/finish_survey')
 3 SYSTEMPATH\CodeIgniter.php(782): CodeIgniter\Router\Router->handle('litbang/finish_survey')
 4 SYSTEMPATH\CodeIgniter.php(406): CodeIgniter\CodeIgniter->tryToRouteIt(Object(CodeIgniter\Router\RouteCollection))
 5 SYSTEMPATH\CodeIgniter.php(340): CodeIgniter\CodeIgniter->handleRequest(null, Object(Config\Cache), false)
 6 FCPATH\index.php(55): CodeIgniter\CodeIgniter->run()
 7 SYSTEMPATH\Commands\Server\rewrite.php(43): require_once('FCPATH\\index.php')
CRITICAL - 2022-12-31 15:55:48 --> Too few arguments to function CodeIgniter\I18n\Time::createFromFormat(), 1 passed in D:\Coding\XAMMP 7.4\htdocs\panelkopma\app\Controllers\Litbang.php on line 334 and at least 2 expected
in SYSTEMPATH\I18n\Time.php on line 239.
 1 APPPATH\Controllers\Litbang.php(334): CodeIgniter\I18n\Time::createFromFormat('d M Y')
 2 SYSTEMPATH\CodeIgniter.php(907): App\Controllers\Litbang->finish_survey()
 3 SYSTEMPATH\CodeIgniter.php(457): CodeIgniter\CodeIgniter->runController(Object(App\Controllers\Litbang))
 4 SYSTEMPATH\CodeIgniter.php(340): CodeIgniter\CodeIgniter->handleRequest(null, Object(Config\Cache), false)
 5 FCPATH\index.php(55): CodeIgniter\CodeIgniter->run()
 6 SYSTEMPATH\Commands\Server\rewrite.php(43): require_once('FCPATH\\index.php')
CRITICAL - 2022-12-31 15:56:27 --> "d M Y" is not a valid datetime format
in SYSTEMPATH\I18n\Time.php on line 242.
 1 SYSTEMPATH\I18n\Time.php(242): CodeIgniter\I18n\Exceptions\I18nException::forInvalidFormat('d M Y')
 2 APPPATH\Controllers\Litbang.php(334): CodeIgniter\I18n\Time::createFromFormat('d M Y', Object(CodeIgniter\I18n\Time))
 3 SYSTEMPATH\CodeIgniter.php(907): App\Controllers\Litbang->finish_survey()
 4 SYSTEMPATH\CodeIgniter.php(457): CodeIgniter\CodeIgniter->runController(Object(App\Controllers\Litbang))
 5 SYSTEMPATH\CodeIgniter.php(340): CodeIgniter\CodeIgniter->handleRequest(null, Object(Config\Cache), false)
 6 FCPATH\index.php(55): CodeIgniter\CodeIgniter->run()
 7 SYSTEMPATH\Commands\Server\rewrite.php(43): require_once('FCPATH\\index.php')
CRITICAL - 2022-12-31 15:56:41 --> "d-m-Y" is not a valid datetime format
in SYSTEMPATH\I18n\Time.php on line 242.
 1 SYSTEMPATH\I18n\Time.php(242): CodeIgniter\I18n\Exceptions\I18nException::forInvalidFormat('d-m-Y')
 2 APPPATH\Controllers\Litbang.php(334): CodeIgniter\I18n\Time::createFromFormat('d-m-Y', Object(CodeIgniter\I18n\Time))
 3 SYSTEMPATH\CodeIgniter.php(907): App\Controllers\Litbang->finish_survey()
 4 SYSTEMPATH\CodeIgniter.php(457): CodeIgniter\CodeIgniter->runController(Object(App\Controllers\Litbang))
 5 SYSTEMPATH\CodeIgniter.php(340): CodeIgniter\CodeIgniter->handleRequest(null, Object(Config\Cache), false)
 6 FCPATH\index.php(55): CodeIgniter\CodeIgniter->run()
 7 SYSTEMPATH\Commands\Server\rewrite.php(43): require_once('FCPATH\\index.php')
CRITICAL - 2022-12-31 15:59:00 --> "dd-MM-YYYY" is not a valid datetime format
in SYSTEMPATH\I18n\Time.php on line 242.
 1 SYSTEMPATH\I18n\Time.php(242): CodeIgniter\I18n\Exceptions\I18nException::forInvalidFormat('dd-MM-YYYY')
 2 APPPATH\Controllers\Litbang.php(335): CodeIgniter\I18n\Time::createFromFormat('dd-MM-YYYY', Object(CodeIgniter\I18n\Time))
 3 SYSTEMPATH\CodeIgniter.php(907): App\Controllers\Litbang->finish_survey()
 4 SYSTEMPATH\CodeIgniter.php(457): CodeIgniter\CodeIgniter->runController(Object(App\Controllers\Litbang))
 5 SYSTEMPATH\CodeIgniter.php(340): CodeIgniter\CodeIgniter->handleRequest(null, Object(Config\Cache), false)
 6 FCPATH\index.php(55): CodeIgniter\CodeIgniter->run()
 7 SYSTEMPATH\Commands\Server\rewrite.php(43): require_once('FCPATH\\index.php')
CRITICAL - 2022-12-31 15:59:26 --> "dd-MM-yyyy" is not a valid datetime format
in SYSTEMPATH\I18n\Time.php on line 242.
 1 SYSTEMPATH\I18n\Time.php(242): CodeIgniter\I18n\Exceptions\I18nException::forInvalidFormat('dd-MM-yyyy')
 2 APPPATH\Controllers\Litbang.php(335): CodeIgniter\I18n\Time::createFromFormat('dd-MM-yyyy', Object(CodeIgniter\I18n\Time))
 3 SYSTEMPATH\CodeIgniter.php(907): App\Controllers\Litbang->finish_survey()
 4 SYSTEMPATH\CodeIgniter.php(457): CodeIgniter\CodeIgniter->runController(Object(App\Controllers\Litbang))
 5 SYSTEMPATH\CodeIgniter.php(340): CodeIgniter\CodeIgniter->handleRequest(null, Object(Config\Cache), false)
 6 FCPATH\index.php(55): CodeIgniter\CodeIgniter->run()
 7 SYSTEMPATH\Commands\Server\rewrite.php(43): require_once('FCPATH\\index.php')
CRITICAL - 2022-12-31 16:02:57 --> "j-M-Y" is not a valid datetime format
in SYSTEMPATH\I18n\Time.php on line 242.
 1 SYSTEMPATH\I18n\Time.php(242): CodeIgniter\I18n\Exceptions\I18nException::forInvalidFormat('j-M-Y')
 2 APPPATH\Controllers\Litbang.php(335): CodeIgniter\I18n\Time::createFromFormat('j-M-Y', Object(CodeIgniter\I18n\Time))
 3 SYSTEMPATH\CodeIgniter.php(907): App\Controllers\Litbang->finish_survey()
 4 SYSTEMPATH\CodeIgniter.php(457): CodeIgniter\CodeIgniter->runController(Object(App\Controllers\Litbang))
 5 SYSTEMPATH\CodeIgniter.php(340): CodeIgniter\CodeIgniter->handleRequest(null, Object(Config\Cache), false)
 6 FCPATH\index.php(55): CodeIgniter\CodeIgniter->run()
 7 SYSTEMPATH\Commands\Server\rewrite.php(43): require_once('FCPATH\\index.php')
CRITICAL - 2022-12-31 16:04:06 --> "j-M-Y" is not a valid datetime format
in SYSTEMPATH\I18n\Time.php on line 242.
 1 SYSTEMPATH\I18n\Time.php(242): CodeIgniter\I18n\Exceptions\I18nException::forInvalidFormat('j-M-Y')
 2 APPPATH\Controllers\Litbang.php(335): CodeIgniter\I18n\Time::createFromFormat('j-M-Y', '31-12-2022', 'Asia/Jakarta')
 3 SYSTEMPATH\CodeIgniter.php(907): App\Controllers\Litbang->finish_survey()
 4 SYSTEMPATH\CodeIgniter.php(457): CodeIgniter\CodeIgniter->runController(Object(App\Controllers\Litbang))
 5 SYSTEMPATH\CodeIgniter.php(340): CodeIgniter\CodeIgniter->handleRequest(null, Object(Config\Cache), false)
 6 FCPATH\index.php(55): CodeIgniter\CodeIgniter->run()
 7 SYSTEMPATH\Commands\Server\rewrite.php(43): require_once('FCPATH\\index.php')
