CRITICAL - 2025-09-05 00:09:30 --> number_format(): Passing null to parameter #1 ($num) of type float is deprecated
in APPPATH\Views\keuangan\data_simpanan.php on line 211.
 1 [internal function]: CodeIgniter\Debug\Exceptions->errorHandler()
 2 APPPATH\Views\keuangan\data_simpanan.php(211): number_format()
 3 SYSTEMPATH\View\View.php(213): include('APPPATH\\Views\\keuangan\\data_simpanan.php')
 4 SYSTEMPATH\View\View.php(216): CodeIgniter\View\View->CodeIgniter\View\{closure}()
 5 SYSTEMPATH\Common.php(1142): CodeIgniter\View\View->render()
 6 APPPATH\Controllers\Keuangan.php(55): view()
 7 SYSTEMPATH\CodeIgniter.php(907): App\Controllers\Keuangan->data_simpanan()
 8 SYSTEMPATH\CodeIgniter.php(457): CodeIgniter\CodeIgniter->runController()
 9 SYSTEMPATH\CodeIgniter.php(340): CodeIgniter\CodeIgniter->handleRequest()
10 FCPATH\index.php(55): CodeIgniter\CodeIgniter->run()
11 SYSTEMPATH\Commands\Server\rewrite.php(43): require_once('FCPATH\\index.php')
CRITICAL - 2025-09-05 00:09:37 --> Creation of dynamic property App\Models\AlumniModel::$id_alumni is deprecated
in SYSTEMPATH\Database\MySQLi\Result.php on line 148.
 1 [internal function]: CodeIgniter\Debug\Exceptions->errorHandler()
 2 SYSTEMPATH\Database\MySQLi\Result.php(148): mysqli_result->fetch_object()
 3 SYSTEMPATH\Database\BaseResult.php(149): CodeIgniter\Database\MySQLi\Result->fetchObject()
 4 SYSTEMPATH\Database\BaseResult.php(106): CodeIgniter\Database\BaseResult->getCustomResultObject()
 5 SYSTEMPATH\Model.php(224): CodeIgniter\Database\BaseResult->getResult()
 6 SYSTEMPATH\BaseModel.php(584): CodeIgniter\Model->doFindAll()
 7 SYSTEMPATH\BaseModel.php(1089): CodeIgniter\BaseModel->findAll()
 8 APPPATH\Controllers\Humas.php(24): CodeIgniter\BaseModel->paginate()
 9 SYSTEMPATH\CodeIgniter.php(907): App\Controllers\Humas->alumni()
10 SYSTEMPATH\CodeIgniter.php(457): CodeIgniter\CodeIgniter->runController()
11 SYSTEMPATH\CodeIgniter.php(340): CodeIgniter\CodeIgniter->handleRequest()
12 FCPATH\index.php(55): CodeIgniter\CodeIgniter->run()
13 SYSTEMPATH\Commands\Server\rewrite.php(43): require_once('FCPATH\\index.php')
CRITICAL - 2025-09-05 00:09:46 --> Creation of dynamic property App\Models\AlumniModel::$id_alumni is deprecated
in SYSTEMPATH\Database\MySQLi\Result.php on line 148.
 1 [internal function]: CodeIgniter\Debug\Exceptions->errorHandler()
 2 SYSTEMPATH\Database\MySQLi\Result.php(148): mysqli_result->fetch_object()
 3 SYSTEMPATH\Database\BaseResult.php(149): CodeIgniter\Database\MySQLi\Result->fetchObject()
 4 SYSTEMPATH\Database\BaseResult.php(106): CodeIgniter\Database\BaseResult->getCustomResultObject()
 5 SYSTEMPATH\Model.php(224): CodeIgniter\Database\BaseResult->getResult()
 6 SYSTEMPATH\BaseModel.php(584): CodeIgniter\Model->doFindAll()
 7 SYSTEMPATH\BaseModel.php(1089): CodeIgniter\BaseModel->findAll()
 8 APPPATH\Controllers\Humas.php(24): CodeIgniter\BaseModel->paginate()
 9 SYSTEMPATH\CodeIgniter.php(907): App\Controllers\Humas->alumni()
10 SYSTEMPATH\CodeIgniter.php(457): CodeIgniter\CodeIgniter->runController()
11 SYSTEMPATH\CodeIgniter.php(340): CodeIgniter\CodeIgniter->handleRequest()
12 FCPATH\index.php(55): CodeIgniter\CodeIgniter->run()
13 SYSTEMPATH\Commands\Server\rewrite.php(43): require_once('FCPATH\\index.php')
CRITICAL - 2025-09-05 01:18:18 --> Creation of dynamic property App\Models\SiJukoAccount::$nama_lengkap is deprecated
in SYSTEMPATH\Database\MySQLi\Result.php on line 148.
 1 [internal function]: CodeIgniter\Debug\Exceptions->errorHandler()
 2 SYSTEMPATH\Database\MySQLi\Result.php(148): mysqli_result->fetch_object()
 3 SYSTEMPATH\Database\BaseResult.php(149): CodeIgniter\Database\MySQLi\Result->fetchObject()
 4 SYSTEMPATH\Database\BaseResult.php(106): CodeIgniter\Database\BaseResult->getCustomResultObject()
 5 SYSTEMPATH\Model.php(224): CodeIgniter\Database\BaseResult->getResult()
 6 SYSTEMPATH\BaseModel.php(584): CodeIgniter\Model->doFindAll()
 7 APPPATH\Controllers\Admin.php(205): CodeIgniter\BaseModel->findAll()
 8 SYSTEMPATH\CodeIgniter.php(907): App\Controllers\Admin->akun_juko()
 9 SYSTEMPATH\CodeIgniter.php(457): CodeIgniter\CodeIgniter->runController()
10 SYSTEMPATH\CodeIgniter.php(340): CodeIgniter\CodeIgniter->handleRequest()
11 FCPATH\index.php(55): CodeIgniter\CodeIgniter->run()
12 SYSTEMPATH\Commands\Server\rewrite.php(43): require_once('FCPATH\\index.php')
CRITICAL - 2025-09-05 01:18:27 --> Creation of dynamic property App\Models\SiJukoAccount::$nama_lengkap is deprecated
in SYSTEMPATH\Database\MySQLi\Result.php on line 148.
 1 [internal function]: CodeIgniter\Debug\Exceptions->errorHandler()
 2 SYSTEMPATH\Database\MySQLi\Result.php(148): mysqli_result->fetch_object()
 3 SYSTEMPATH\Database\BaseResult.php(149): CodeIgniter\Database\MySQLi\Result->fetchObject()
 4 SYSTEMPATH\Database\BaseResult.php(106): CodeIgniter\Database\BaseResult->getCustomResultObject()
 5 SYSTEMPATH\Model.php(224): CodeIgniter\Database\BaseResult->getResult()
 6 SYSTEMPATH\BaseModel.php(584): CodeIgniter\Model->doFindAll()
 7 APPPATH\Controllers\Admin.php(205): CodeIgniter\BaseModel->findAll()
 8 SYSTEMPATH\CodeIgniter.php(907): App\Controllers\Admin->akun_juko()
 9 SYSTEMPATH\CodeIgniter.php(457): CodeIgniter\CodeIgniter->runController()
10 SYSTEMPATH\CodeIgniter.php(340): CodeIgniter\CodeIgniter->handleRequest()
11 FCPATH\index.php(55): CodeIgniter\CodeIgniter->run()
12 SYSTEMPATH\Commands\Server\rewrite.php(43): require_once('FCPATH\\index.php')
CRITICAL - 2025-09-05 01:18:51 --> Creation of dynamic property App\Models\SiJukoAccount::$nama_lengkap is deprecated
in SYSTEMPATH\Database\MySQLi\Result.php on line 148.
 1 [internal function]: CodeIgniter\Debug\Exceptions->errorHandler()
 2 SYSTEMPATH\Database\MySQLi\Result.php(148): mysqli_result->fetch_object()
 3 SYSTEMPATH\Database\BaseResult.php(149): CodeIgniter\Database\MySQLi\Result->fetchObject()
 4 SYSTEMPATH\Database\BaseResult.php(106): CodeIgniter\Database\BaseResult->getCustomResultObject()
 5 SYSTEMPATH\Model.php(224): CodeIgniter\Database\BaseResult->getResult()
 6 SYSTEMPATH\BaseModel.php(584): CodeIgniter\Model->doFindAll()
 7 APPPATH\Controllers\Admin.php(205): CodeIgniter\BaseModel->findAll()
 8 SYSTEMPATH\CodeIgniter.php(907): App\Controllers\Admin->akun_juko()
 9 SYSTEMPATH\CodeIgniter.php(457): CodeIgniter\CodeIgniter->runController()
10 SYSTEMPATH\CodeIgniter.php(340): CodeIgniter\CodeIgniter->handleRequest()
11 FCPATH\index.php(55): CodeIgniter\CodeIgniter->run()
12 SYSTEMPATH\Commands\Server\rewrite.php(43): require_once('FCPATH\\index.php')
CRITICAL - 2025-09-05 01:18:55 --> Creation of dynamic property App\Models\SiJukoAccount::$nama_lengkap is deprecated
in SYSTEMPATH\Database\MySQLi\Result.php on line 148.
 1 [internal function]: CodeIgniter\Debug\Exceptions->errorHandler()
 2 SYSTEMPATH\Database\MySQLi\Result.php(148): mysqli_result->fetch_object()
 3 SYSTEMPATH\Database\BaseResult.php(149): CodeIgniter\Database\MySQLi\Result->fetchObject()
 4 SYSTEMPATH\Database\BaseResult.php(106): CodeIgniter\Database\BaseResult->getCustomResultObject()
 5 SYSTEMPATH\Model.php(224): CodeIgniter\Database\BaseResult->getResult()
 6 SYSTEMPATH\BaseModel.php(584): CodeIgniter\Model->doFindAll()
 7 APPPATH\Controllers\Admin.php(205): CodeIgniter\BaseModel->findAll()
 8 SYSTEMPATH\CodeIgniter.php(907): App\Controllers\Admin->akun_juko()
 9 SYSTEMPATH\CodeIgniter.php(457): CodeIgniter\CodeIgniter->runController()
10 SYSTEMPATH\CodeIgniter.php(340): CodeIgniter\CodeIgniter->handleRequest()
11 FCPATH\index.php(55): CodeIgniter\CodeIgniter->run()
12 SYSTEMPATH\Commands\Server\rewrite.php(43): require_once('FCPATH\\index.php')
CRITICAL - 2025-09-05 01:20:13 --> Creation of dynamic property App\Models\ProgramKerja::$id is deprecated
in SYSTEMPATH\Database\MySQLi\Result.php on line 148.
 1 [internal function]: CodeIgniter\Debug\Exceptions->errorHandler()
 2 SYSTEMPATH\Database\MySQLi\Result.php(148): mysqli_result->fetch_object()
 3 SYSTEMPATH\Database\BaseResult.php(149): CodeIgniter\Database\MySQLi\Result->fetchObject()
 4 SYSTEMPATH\Database\BaseResult.php(106): CodeIgniter\Database\BaseResult->getCustomResultObject()
 5 SYSTEMPATH\Model.php(224): CodeIgniter\Database\BaseResult->getResult()
 6 SYSTEMPATH\BaseModel.php(584): CodeIgniter\Model->doFindAll()
 7 APPPATH\Controllers\Dashboard.php(749): CodeIgniter\BaseModel->findAll()
 8 SYSTEMPATH\CodeIgniter.php(907): App\Controllers\Dashboard->program_kerja()
 9 SYSTEMPATH\CodeIgniter.php(457): CodeIgniter\CodeIgniter->runController()
10 SYSTEMPATH\CodeIgniter.php(340): CodeIgniter\CodeIgniter->handleRequest()
11 FCPATH\index.php(55): CodeIgniter\CodeIgniter->run()
12 SYSTEMPATH\Commands\Server\rewrite.php(43): require_once('FCPATH\\index.php')
CRITICAL - 2025-09-05 01:20:17 --> Creation of dynamic property App\Models\AlumniModel::$id_alumni is deprecated
in SYSTEMPATH\Database\MySQLi\Result.php on line 148.
 1 [internal function]: CodeIgniter\Debug\Exceptions->errorHandler()
 2 SYSTEMPATH\Database\MySQLi\Result.php(148): mysqli_result->fetch_object()
 3 SYSTEMPATH\Database\BaseResult.php(149): CodeIgniter\Database\MySQLi\Result->fetchObject()
 4 SYSTEMPATH\Database\BaseResult.php(106): CodeIgniter\Database\BaseResult->getCustomResultObject()
 5 SYSTEMPATH\Model.php(224): CodeIgniter\Database\BaseResult->getResult()
 6 SYSTEMPATH\BaseModel.php(584): CodeIgniter\Model->doFindAll()
 7 SYSTEMPATH\BaseModel.php(1089): CodeIgniter\BaseModel->findAll()
 8 APPPATH\Controllers\Humas.php(24): CodeIgniter\BaseModel->paginate()
 9 SYSTEMPATH\CodeIgniter.php(907): App\Controllers\Humas->alumni()
10 SYSTEMPATH\CodeIgniter.php(457): CodeIgniter\CodeIgniter->runController()
11 SYSTEMPATH\CodeIgniter.php(340): CodeIgniter\CodeIgniter->handleRequest()
12 FCPATH\index.php(55): CodeIgniter\CodeIgniter->run()
13 SYSTEMPATH\Commands\Server\rewrite.php(43): require_once('FCPATH\\index.php')
CRITICAL - 2025-09-05 01:20:21 --> Creation of dynamic property App\Models\SuratMasukModel::$id_surat is deprecated
in SYSTEMPATH\Database\MySQLi\Result.php on line 148.
 1 [internal function]: CodeIgniter\Debug\Exceptions->errorHandler()
 2 SYSTEMPATH\Database\MySQLi\Result.php(148): mysqli_result->fetch_object()
 3 SYSTEMPATH\Database\BaseResult.php(149): CodeIgniter\Database\MySQLi\Result->fetchObject()
 4 SYSTEMPATH\Database\BaseResult.php(106): CodeIgniter\Database\BaseResult->getCustomResultObject()
 5 SYSTEMPATH\Model.php(224): CodeIgniter\Database\BaseResult->getResult()
 6 SYSTEMPATH\BaseModel.php(584): CodeIgniter\Model->doFindAll()
 7 APPPATH\Controllers\Administrasi.php(30): CodeIgniter\BaseModel->findAll()
 8 SYSTEMPATH\CodeIgniter.php(907): App\Controllers\Administrasi->surat_masuk()
 9 SYSTEMPATH\CodeIgniter.php(457): CodeIgniter\CodeIgniter->runController()
10 SYSTEMPATH\CodeIgniter.php(340): CodeIgniter\CodeIgniter->handleRequest()
11 FCPATH\index.php(55): CodeIgniter\CodeIgniter->run()
12 SYSTEMPATH\Commands\Server\rewrite.php(43): require_once('FCPATH\\index.php')
CRITICAL - 2025-09-05 01:20:24 --> Creation of dynamic property App\Models\SuratMasukModel::$id_surat is deprecated
in SYSTEMPATH\Database\MySQLi\Result.php on line 148.
 1 [internal function]: CodeIgniter\Debug\Exceptions->errorHandler()
 2 SYSTEMPATH\Database\MySQLi\Result.php(148): mysqli_result->fetch_object()
 3 SYSTEMPATH\Database\BaseResult.php(149): CodeIgniter\Database\MySQLi\Result->fetchObject()
 4 SYSTEMPATH\Database\BaseResult.php(106): CodeIgniter\Database\BaseResult->getCustomResultObject()
 5 SYSTEMPATH\Model.php(224): CodeIgniter\Database\BaseResult->getResult()
 6 SYSTEMPATH\BaseModel.php(584): CodeIgniter\Model->doFindAll()
 7 APPPATH\Controllers\Administrasi.php(263): CodeIgniter\BaseModel->findAll()
 8 SYSTEMPATH\CodeIgniter.php(907): App\Controllers\Administrasi->surat_keluar()
 9 SYSTEMPATH\CodeIgniter.php(457): CodeIgniter\CodeIgniter->runController()
10 SYSTEMPATH\CodeIgniter.php(340): CodeIgniter\CodeIgniter->handleRequest()
11 FCPATH\index.php(55): CodeIgniter\CodeIgniter->run()
12 SYSTEMPATH\Commands\Server\rewrite.php(43): require_once('FCPATH\\index.php')
CRITICAL - 2025-09-05 01:20:27 --> Creation of dynamic property App\Models\DigilibModel::$id is deprecated
in SYSTEMPATH\Database\MySQLi\Result.php on line 148.
 1 [internal function]: CodeIgniter\Debug\Exceptions->errorHandler()
 2 SYSTEMPATH\Database\MySQLi\Result.php(148): mysqli_result->fetch_object()
 3 SYSTEMPATH\Database\BaseResult.php(149): CodeIgniter\Database\MySQLi\Result->fetchObject()
 4 SYSTEMPATH\Database\BaseResult.php(106): CodeIgniter\Database\BaseResult->getCustomResultObject()
 5 SYSTEMPATH\Model.php(224): CodeIgniter\Database\BaseResult->getResult()
 6 SYSTEMPATH\BaseModel.php(584): CodeIgniter\Model->doFindAll()
 7 APPPATH\Controllers\Administrasi.php(483): CodeIgniter\BaseModel->findAll()
 8 SYSTEMPATH\CodeIgniter.php(907): App\Controllers\Administrasi->digilib()
 9 SYSTEMPATH\CodeIgniter.php(457): CodeIgniter\CodeIgniter->runController()
10 SYSTEMPATH\CodeIgniter.php(340): CodeIgniter\CodeIgniter->handleRequest()
11 FCPATH\index.php(55): CodeIgniter\CodeIgniter->run()
12 SYSTEMPATH\Commands\Server\rewrite.php(43): require_once('FCPATH\\index.php')
CRITICAL - 2025-09-05 01:20:46 --> Creation of dynamic property App\Models\ProdukModel::$id_produk is deprecated
in SYSTEMPATH\Database\MySQLi\Result.php on line 148.
 1 [internal function]: CodeIgniter\Debug\Exceptions->errorHandler()
 2 SYSTEMPATH\Database\MySQLi\Result.php(148): mysqli_result->fetch_object()
 3 SYSTEMPATH\Database\BaseResult.php(149): CodeIgniter\Database\MySQLi\Result->fetchObject()
 4 SYSTEMPATH\Database\BaseResult.php(106): CodeIgniter\Database\BaseResult->getCustomResultObject()
 5 SYSTEMPATH\Model.php(224): CodeIgniter\Database\BaseResult->getResult()
 6 SYSTEMPATH\BaseModel.php(584): CodeIgniter\Model->doFindAll()
 7 APPPATH\Controllers\Usaha.php(24): CodeIgniter\BaseModel->findAll()
 8 SYSTEMPATH\CodeIgniter.php(907): App\Controllers\Usaha->produk()
 9 SYSTEMPATH\CodeIgniter.php(457): CodeIgniter\CodeIgniter->runController()
10 SYSTEMPATH\CodeIgniter.php(340): CodeIgniter\CodeIgniter->handleRequest()
11 FCPATH\index.php(55): CodeIgniter\CodeIgniter->run()
12 SYSTEMPATH\Commands\Server\rewrite.php(43): require_once('FCPATH\\index.php')
CRITICAL - 2025-09-05 01:21:30 --> Creation of dynamic property App\Models\LaporanKeuangan::$id is deprecated
in SYSTEMPATH\Database\MySQLi\Result.php on line 148.
 1 [internal function]: CodeIgniter\Debug\Exceptions->errorHandler()
 2 SYSTEMPATH\Database\MySQLi\Result.php(148): mysqli_result->fetch_object()
 3 SYSTEMPATH\Database\BaseResult.php(149): CodeIgniter\Database\MySQLi\Result->fetchObject()
 4 SYSTEMPATH\Database\BaseResult.php(106): CodeIgniter\Database\BaseResult->getCustomResultObject()
 5 SYSTEMPATH\Model.php(224): CodeIgniter\Database\BaseResult->getResult()
 6 SYSTEMPATH\BaseModel.php(584): CodeIgniter\Model->doFindAll()
 7 APPPATH\Controllers\Keuangan.php(241): CodeIgniter\BaseModel->findAll()
 8 SYSTEMPATH\CodeIgniter.php(907): App\Controllers\Keuangan->laporan_keuangan()
 9 SYSTEMPATH\CodeIgniter.php(457): CodeIgniter\CodeIgniter->runController()
10 SYSTEMPATH\CodeIgniter.php(340): CodeIgniter\CodeIgniter->handleRequest()
11 FCPATH\index.php(55): CodeIgniter\CodeIgniter->run()
12 SYSTEMPATH\Commands\Server\rewrite.php(43): require_once('FCPATH\\index.php')
CRITICAL - 2025-09-05 01:21:36 --> Creation of dynamic property App\Models\ProdukModel::$id_produk is deprecated
in SYSTEMPATH\Database\MySQLi\Result.php on line 148.
 1 [internal function]: CodeIgniter\Debug\Exceptions->errorHandler()
 2 SYSTEMPATH\Database\MySQLi\Result.php(148): mysqli_result->fetch_object()
 3 SYSTEMPATH\Database\BaseResult.php(149): CodeIgniter\Database\MySQLi\Result->fetchObject()
 4 SYSTEMPATH\Database\BaseResult.php(106): CodeIgniter\Database\BaseResult->getCustomResultObject()
 5 SYSTEMPATH\Model.php(224): CodeIgniter\Database\BaseResult->getResult()
 6 SYSTEMPATH\BaseModel.php(584): CodeIgniter\Model->doFindAll()
 7 APPPATH\Controllers\Usaha.php(24): CodeIgniter\BaseModel->findAll()
 8 SYSTEMPATH\CodeIgniter.php(907): App\Controllers\Usaha->produk()
 9 SYSTEMPATH\CodeIgniter.php(457): CodeIgniter\CodeIgniter->runController()
10 SYSTEMPATH\CodeIgniter.php(340): CodeIgniter\CodeIgniter->handleRequest()
11 FCPATH\index.php(55): CodeIgniter\CodeIgniter->run()
12 SYSTEMPATH\Commands\Server\rewrite.php(43): require_once('FCPATH\\index.php')
CRITICAL - 2025-09-05 01:21:40 --> Creation of dynamic property App\Models\SurveyBerjalanModel::$id is deprecated
in SYSTEMPATH\Database\MySQLi\Result.php on line 148.
 1 [internal function]: CodeIgniter\Debug\Exceptions->errorHandler()
 2 SYSTEMPATH\Database\MySQLi\Result.php(148): mysqli_result->fetch_object()
 3 SYSTEMPATH\Database\BaseResult.php(149): CodeIgniter\Database\MySQLi\Result->fetchObject()
 4 SYSTEMPATH\Database\BaseResult.php(106): CodeIgniter\Database\BaseResult->getCustomResultObject()
 5 SYSTEMPATH\Model.php(224): CodeIgniter\Database\BaseResult->getResult()
 6 SYSTEMPATH\BaseModel.php(584): CodeIgniter\Model->doFindAll()
 7 APPPATH\Controllers\Litbang.php(224): CodeIgniter\BaseModel->findAll()
 8 SYSTEMPATH\CodeIgniter.php(907): App\Controllers\Litbang->survey_berjalan()
 9 SYSTEMPATH\CodeIgniter.php(457): CodeIgniter\CodeIgniter->runController()
10 SYSTEMPATH\CodeIgniter.php(340): CodeIgniter\CodeIgniter->handleRequest()
11 FCPATH\index.php(55): CodeIgniter\CodeIgniter->run()
12 SYSTEMPATH\Commands\Server\rewrite.php(43): require_once('FCPATH\\index.php')
CRITICAL - 2025-09-05 01:21:53 --> Creation of dynamic property App\Models\SurveyBerjalanModel::$id is deprecated
in SYSTEMPATH\Database\MySQLi\Result.php on line 148.
 1 [internal function]: CodeIgniter\Debug\Exceptions->errorHandler()
 2 SYSTEMPATH\Database\MySQLi\Result.php(148): mysqli_result->fetch_object()
 3 SYSTEMPATH\Database\BaseResult.php(149): CodeIgniter\Database\MySQLi\Result->fetchObject()
 4 SYSTEMPATH\Database\BaseResult.php(106): CodeIgniter\Database\BaseResult->getCustomResultObject()
 5 SYSTEMPATH\Model.php(224): CodeIgniter\Database\BaseResult->getResult()
 6 SYSTEMPATH\BaseModel.php(584): CodeIgniter\Model->doFindAll()
 7 APPPATH\Controllers\Litbang.php(224): CodeIgniter\BaseModel->findAll()
 8 SYSTEMPATH\CodeIgniter.php(907): App\Controllers\Litbang->survey_berjalan()
 9 SYSTEMPATH\CodeIgniter.php(457): CodeIgniter\CodeIgniter->runController()
10 SYSTEMPATH\CodeIgniter.php(340): CodeIgniter\CodeIgniter->handleRequest()
11 FCPATH\index.php(55): CodeIgniter\CodeIgniter->run()
12 SYSTEMPATH\Commands\Server\rewrite.php(43): require_once('FCPATH\\index.php')
CRITICAL - 2025-09-05 01:24:36 --> Creation of dynamic property App\Models\SurveyBerjalanModel::$id is deprecated
in SYSTEMPATH\Database\MySQLi\Result.php on line 148.
 1 [internal function]: CodeIgniter\Debug\Exceptions->errorHandler()
 2 SYSTEMPATH\Database\MySQLi\Result.php(148): mysqli_result->fetch_object()
 3 SYSTEMPATH\Database\BaseResult.php(149): CodeIgniter\Database\MySQLi\Result->fetchObject()
 4 SYSTEMPATH\Database\BaseResult.php(106): CodeIgniter\Database\BaseResult->getCustomResultObject()
 5 SYSTEMPATH\Model.php(224): CodeIgniter\Database\BaseResult->getResult()
 6 SYSTEMPATH\BaseModel.php(584): CodeIgniter\Model->doFindAll()
 7 APPPATH\Controllers\Litbang.php(224): CodeIgniter\BaseModel->findAll()
 8 SYSTEMPATH\CodeIgniter.php(907): App\Controllers\Litbang->survey_berjalan()
 9 SYSTEMPATH\CodeIgniter.php(457): CodeIgniter\CodeIgniter->runController()
10 SYSTEMPATH\CodeIgniter.php(340): CodeIgniter\CodeIgniter->handleRequest()
11 FCPATH\index.php(55): CodeIgniter\CodeIgniter->run()
12 SYSTEMPATH\Commands\Server\rewrite.php(43): require_once('FCPATH\\index.php')
CRITICAL - 2025-09-05 01:26:32 --> Creation of dynamic property App\Models\ProgramKerja::$id is deprecated
in SYSTEMPATH\Database\MySQLi\Result.php on line 148.
 1 [internal function]: CodeIgniter\Debug\Exceptions->errorHandler()
 2 SYSTEMPATH\Database\MySQLi\Result.php(148): mysqli_result->fetch_object()
 3 SYSTEMPATH\Database\BaseResult.php(149): CodeIgniter\Database\MySQLi\Result->fetchObject()
 4 SYSTEMPATH\Database\BaseResult.php(106): CodeIgniter\Database\BaseResult->getCustomResultObject()
 5 SYSTEMPATH\Model.php(224): CodeIgniter\Database\BaseResult->getResult()
 6 SYSTEMPATH\BaseModel.php(584): CodeIgniter\Model->doFindAll()
 7 APPPATH\Controllers\Dashboard.php(749): CodeIgniter\BaseModel->findAll()
 8 SYSTEMPATH\CodeIgniter.php(907): App\Controllers\Dashboard->program_kerja()
 9 SYSTEMPATH\CodeIgniter.php(457): CodeIgniter\CodeIgniter->runController()
10 SYSTEMPATH\CodeIgniter.php(340): CodeIgniter\CodeIgniter->handleRequest()
11 FCPATH\index.php(55): CodeIgniter\CodeIgniter->run()
12 SYSTEMPATH\Commands\Server\rewrite.php(43): require_once('FCPATH\\index.php')
CRITICAL - 2025-09-05 01:26:35 --> Creation of dynamic property App\Models\AlumniModel::$id_alumni is deprecated
in SYSTEMPATH\Database\MySQLi\Result.php on line 148.
 1 [internal function]: CodeIgniter\Debug\Exceptions->errorHandler()
 2 SYSTEMPATH\Database\MySQLi\Result.php(148): mysqli_result->fetch_object()
 3 SYSTEMPATH\Database\BaseResult.php(149): CodeIgniter\Database\MySQLi\Result->fetchObject()
 4 SYSTEMPATH\Database\BaseResult.php(106): CodeIgniter\Database\BaseResult->getCustomResultObject()
 5 SYSTEMPATH\Model.php(224): CodeIgniter\Database\BaseResult->getResult()
 6 SYSTEMPATH\BaseModel.php(584): CodeIgniter\Model->doFindAll()
 7 SYSTEMPATH\BaseModel.php(1089): CodeIgniter\BaseModel->findAll()
 8 APPPATH\Controllers\Humas.php(24): CodeIgniter\BaseModel->paginate()
 9 SYSTEMPATH\CodeIgniter.php(907): App\Controllers\Humas->alumni()
10 SYSTEMPATH\CodeIgniter.php(457): CodeIgniter\CodeIgniter->runController()
11 SYSTEMPATH\CodeIgniter.php(340): CodeIgniter\CodeIgniter->handleRequest()
12 FCPATH\index.php(55): CodeIgniter\CodeIgniter->run()
13 SYSTEMPATH\Commands\Server\rewrite.php(43): require_once('FCPATH\\index.php')
CRITICAL - 2025-09-05 01:26:47 --> Creation of dynamic property App\Models\SuratMasukModel::$id_surat is deprecated
in SYSTEMPATH\Database\MySQLi\Result.php on line 148.
 1 [internal function]: CodeIgniter\Debug\Exceptions->errorHandler()
 2 SYSTEMPATH\Database\MySQLi\Result.php(148): mysqli_result->fetch_object()
 3 SYSTEMPATH\Database\BaseResult.php(149): CodeIgniter\Database\MySQLi\Result->fetchObject()
 4 SYSTEMPATH\Database\BaseResult.php(106): CodeIgniter\Database\BaseResult->getCustomResultObject()
 5 SYSTEMPATH\Model.php(224): CodeIgniter\Database\BaseResult->getResult()
 6 SYSTEMPATH\BaseModel.php(584): CodeIgniter\Model->doFindAll()
 7 APPPATH\Controllers\Administrasi.php(30): CodeIgniter\BaseModel->findAll()
 8 SYSTEMPATH\CodeIgniter.php(907): App\Controllers\Administrasi->surat_masuk()
 9 SYSTEMPATH\CodeIgniter.php(457): CodeIgniter\CodeIgniter->runController()
10 SYSTEMPATH\CodeIgniter.php(340): CodeIgniter\CodeIgniter->handleRequest()
11 FCPATH\index.php(55): CodeIgniter\CodeIgniter->run()
12 SYSTEMPATH\Commands\Server\rewrite.php(43): require_once('FCPATH\\index.php')
CRITICAL - 2025-09-05 01:27:12 --> Creation of dynamic property App\Models\DigilibModel::$id is deprecated
in SYSTEMPATH\Database\MySQLi\Result.php on line 148.
 1 [internal function]: CodeIgniter\Debug\Exceptions->errorHandler()
 2 SYSTEMPATH\Database\MySQLi\Result.php(148): mysqli_result->fetch_object()
 3 SYSTEMPATH\Database\BaseResult.php(149): CodeIgniter\Database\MySQLi\Result->fetchObject()
 4 SYSTEMPATH\Database\BaseResult.php(106): CodeIgniter\Database\BaseResult->getCustomResultObject()
 5 SYSTEMPATH\Model.php(224): CodeIgniter\Database\BaseResult->getResult()
 6 SYSTEMPATH\BaseModel.php(584): CodeIgniter\Model->doFindAll()
 7 APPPATH\Controllers\Administrasi.php(483): CodeIgniter\BaseModel->findAll()
 8 SYSTEMPATH\CodeIgniter.php(907): App\Controllers\Administrasi->digilib()
 9 SYSTEMPATH\CodeIgniter.php(457): CodeIgniter\CodeIgniter->runController()
10 SYSTEMPATH\CodeIgniter.php(340): CodeIgniter\CodeIgniter->handleRequest()
11 FCPATH\index.php(55): CodeIgniter\CodeIgniter->run()
12 SYSTEMPATH\Commands\Server\rewrite.php(43): require_once('FCPATH\\index.php')
CRITICAL - 2025-09-05 01:27:28 --> Creation of dynamic property App\Models\SuratMasukModel::$id_surat is deprecated
in SYSTEMPATH\Database\MySQLi\Result.php on line 148.
 1 [internal function]: CodeIgniter\Debug\Exceptions->errorHandler()
 2 SYSTEMPATH\Database\MySQLi\Result.php(148): mysqli_result->fetch_object()
 3 SYSTEMPATH\Database\BaseResult.php(149): CodeIgniter\Database\MySQLi\Result->fetchObject()
 4 SYSTEMPATH\Database\BaseResult.php(106): CodeIgniter\Database\BaseResult->getCustomResultObject()
 5 SYSTEMPATH\Model.php(224): CodeIgniter\Database\BaseResult->getResult()
 6 SYSTEMPATH\BaseModel.php(584): CodeIgniter\Model->doFindAll()
 7 APPPATH\Controllers\Administrasi.php(30): CodeIgniter\BaseModel->findAll()
 8 SYSTEMPATH\CodeIgniter.php(907): App\Controllers\Administrasi->surat_masuk()
 9 SYSTEMPATH\CodeIgniter.php(457): CodeIgniter\CodeIgniter->runController()
10 SYSTEMPATH\CodeIgniter.php(340): CodeIgniter\CodeIgniter->handleRequest()
11 FCPATH\index.php(55): CodeIgniter\CodeIgniter->run()
12 SYSTEMPATH\Commands\Server\rewrite.php(43): require_once('FCPATH\\index.php')
CRITICAL - 2025-09-05 01:32:07 --> Allowed memory size of 134217728 bytes exhausted (tried to allocate 22160072 bytes)
in VENDORPATH\kint-php\kint\src\Renderer\RichRenderer.php on line 375.
 1 [internal function]: CodeIgniter\Debug\Exceptions->shutdownHandler()
CRITICAL - 2025-09-05 01:34:21 --> Creation of dynamic property App\Models\SurveyBerjalanModel::$id is deprecated
in SYSTEMPATH\Database\MySQLi\Result.php on line 148.
 1 [internal function]: CodeIgniter\Debug\Exceptions->errorHandler()
 2 SYSTEMPATH\Database\MySQLi\Result.php(148): mysqli_result->fetch_object()
 3 SYSTEMPATH\Database\BaseResult.php(149): CodeIgniter\Database\MySQLi\Result->fetchObject()
 4 SYSTEMPATH\Database\BaseResult.php(106): CodeIgniter\Database\BaseResult->getCustomResultObject()
 5 SYSTEMPATH\Model.php(224): CodeIgniter\Database\BaseResult->getResult()
 6 SYSTEMPATH\BaseModel.php(584): CodeIgniter\Model->doFindAll()
 7 APPPATH\Controllers\Litbang.php(224): CodeIgniter\BaseModel->findAll()
 8 SYSTEMPATH\CodeIgniter.php(907): App\Controllers\Litbang->survey_berjalan()
 9 SYSTEMPATH\CodeIgniter.php(457): CodeIgniter\CodeIgniter->runController()
10 SYSTEMPATH\CodeIgniter.php(340): CodeIgniter\CodeIgniter->handleRequest()
11 FCPATH\index.php(55): CodeIgniter\CodeIgniter->run()
12 SYSTEMPATH\Commands\Server\rewrite.php(43): require_once('FCPATH\\index.php')
CRITICAL - 2025-09-05 01:35:03 --> mysqli_result::fetch_object(): Argument #1 ($class) must be a valid class name, App\Entities\SurveyBerjalan given
in SYSTEMPATH\Database\MySQLi\Result.php on line 148.
 1 SYSTEMPATH\Database\MySQLi\Result.php(148): mysqli_result->fetch_object()
 2 SYSTEMPATH\Database\BaseResult.php(149): CodeIgniter\Database\MySQLi\Result->fetchObject()
 3 SYSTEMPATH\Database\BaseResult.php(106): CodeIgniter\Database\BaseResult->getCustomResultObject()
 4 SYSTEMPATH\Model.php(224): CodeIgniter\Database\BaseResult->getResult()
 5 SYSTEMPATH\BaseModel.php(584): CodeIgniter\Model->doFindAll()
 6 APPPATH\Controllers\Litbang.php(224): CodeIgniter\BaseModel->findAll()
 7 SYSTEMPATH\CodeIgniter.php(907): App\Controllers\Litbang->survey_berjalan()
 8 SYSTEMPATH\CodeIgniter.php(457): CodeIgniter\CodeIgniter->runController()
 9 SYSTEMPATH\CodeIgniter.php(340): CodeIgniter\CodeIgniter->handleRequest()
10 FCPATH\index.php(55): CodeIgniter\CodeIgniter->run()
11 SYSTEMPATH\Commands\Server\rewrite.php(43): require_once('FCPATH\\index.php')
CRITICAL - 2025-09-05 01:35:04 --> mysqli_result::fetch_object(): Argument #1 ($class) must be a valid class name, App\Entities\SurveyBerjalan given
in SYSTEMPATH\Database\MySQLi\Result.php on line 148.
 1 SYSTEMPATH\Database\MySQLi\Result.php(148): mysqli_result->fetch_object()
 2 SYSTEMPATH\Database\BaseResult.php(149): CodeIgniter\Database\MySQLi\Result->fetchObject()
 3 SYSTEMPATH\Database\BaseResult.php(106): CodeIgniter\Database\BaseResult->getCustomResultObject()
 4 SYSTEMPATH\Model.php(224): CodeIgniter\Database\BaseResult->getResult()
 5 SYSTEMPATH\BaseModel.php(584): CodeIgniter\Model->doFindAll()
 6 APPPATH\Controllers\Litbang.php(224): CodeIgniter\BaseModel->findAll()
 7 SYSTEMPATH\CodeIgniter.php(907): App\Controllers\Litbang->survey_berjalan()
 8 SYSTEMPATH\CodeIgniter.php(457): CodeIgniter\CodeIgniter->runController()
 9 SYSTEMPATH\CodeIgniter.php(340): CodeIgniter\CodeIgniter->handleRequest()
10 FCPATH\index.php(55): CodeIgniter\CodeIgniter->run()
11 SYSTEMPATH\Commands\Server\rewrite.php(43): require_once('FCPATH\\index.php')
CRITICAL - 2025-09-05 01:35:05 --> mysqli_result::fetch_object(): Argument #1 ($class) must be a valid class name, App\Entities\SurveyBerjalan given
in SYSTEMPATH\Database\MySQLi\Result.php on line 148.
 1 SYSTEMPATH\Database\MySQLi\Result.php(148): mysqli_result->fetch_object()
 2 SYSTEMPATH\Database\BaseResult.php(149): CodeIgniter\Database\MySQLi\Result->fetchObject()
 3 SYSTEMPATH\Database\BaseResult.php(106): CodeIgniter\Database\BaseResult->getCustomResultObject()
 4 SYSTEMPATH\Model.php(224): CodeIgniter\Database\BaseResult->getResult()
 5 SYSTEMPATH\BaseModel.php(584): CodeIgniter\Model->doFindAll()
 6 APPPATH\Controllers\Litbang.php(224): CodeIgniter\BaseModel->findAll()
 7 SYSTEMPATH\CodeIgniter.php(907): App\Controllers\Litbang->survey_berjalan()
 8 SYSTEMPATH\CodeIgniter.php(457): CodeIgniter\CodeIgniter->runController()
 9 SYSTEMPATH\CodeIgniter.php(340): CodeIgniter\CodeIgniter->handleRequest()
10 FCPATH\index.php(55): CodeIgniter\CodeIgniter->run()
11 SYSTEMPATH\Commands\Server\rewrite.php(43): require_once('FCPATH\\index.php')
CRITICAL - 2025-09-05 01:35:06 --> mysqli_result::fetch_object(): Argument #1 ($class) must be a valid class name, App\Entities\SurveyBerjalan given
in SYSTEMPATH\Database\MySQLi\Result.php on line 148.
 1 SYSTEMPATH\Database\MySQLi\Result.php(148): mysqli_result->fetch_object()
 2 SYSTEMPATH\Database\BaseResult.php(149): CodeIgniter\Database\MySQLi\Result->fetchObject()
 3 SYSTEMPATH\Database\BaseResult.php(106): CodeIgniter\Database\BaseResult->getCustomResultObject()
 4 SYSTEMPATH\Model.php(224): CodeIgniter\Database\BaseResult->getResult()
 5 SYSTEMPATH\BaseModel.php(584): CodeIgniter\Model->doFindAll()
 6 APPPATH\Controllers\Litbang.php(224): CodeIgniter\BaseModel->findAll()
 7 SYSTEMPATH\CodeIgniter.php(907): App\Controllers\Litbang->survey_berjalan()
 8 SYSTEMPATH\CodeIgniter.php(457): CodeIgniter\CodeIgniter->runController()
 9 SYSTEMPATH\CodeIgniter.php(340): CodeIgniter\CodeIgniter->handleRequest()
10 FCPATH\index.php(55): CodeIgniter\CodeIgniter->run()
11 SYSTEMPATH\Commands\Server\rewrite.php(43): require_once('FCPATH\\index.php')
CRITICAL - 2025-09-05 01:35:06 --> mysqli_result::fetch_object(): Argument #1 ($class) must be a valid class name, App\Entities\SurveyBerjalan given
in SYSTEMPATH\Database\MySQLi\Result.php on line 148.
 1 SYSTEMPATH\Database\MySQLi\Result.php(148): mysqli_result->fetch_object()
 2 SYSTEMPATH\Database\BaseResult.php(149): CodeIgniter\Database\MySQLi\Result->fetchObject()
 3 SYSTEMPATH\Database\BaseResult.php(106): CodeIgniter\Database\BaseResult->getCustomResultObject()
 4 SYSTEMPATH\Model.php(224): CodeIgniter\Database\BaseResult->getResult()
 5 SYSTEMPATH\BaseModel.php(584): CodeIgniter\Model->doFindAll()
 6 APPPATH\Controllers\Litbang.php(224): CodeIgniter\BaseModel->findAll()
 7 SYSTEMPATH\CodeIgniter.php(907): App\Controllers\Litbang->survey_berjalan()
 8 SYSTEMPATH\CodeIgniter.php(457): CodeIgniter\CodeIgniter->runController()
 9 SYSTEMPATH\CodeIgniter.php(340): CodeIgniter\CodeIgniter->handleRequest()
10 FCPATH\index.php(55): CodeIgniter\CodeIgniter->run()
11 SYSTEMPATH\Commands\Server\rewrite.php(43): require_once('FCPATH\\index.php')
CRITICAL - 2025-09-05 01:35:07 --> mysqli_result::fetch_object(): Argument #1 ($class) must be a valid class name, App\Entities\SurveyBerjalan given
in SYSTEMPATH\Database\MySQLi\Result.php on line 148.
 1 SYSTEMPATH\Database\MySQLi\Result.php(148): mysqli_result->fetch_object()
 2 SYSTEMPATH\Database\BaseResult.php(149): CodeIgniter\Database\MySQLi\Result->fetchObject()
 3 SYSTEMPATH\Database\BaseResult.php(106): CodeIgniter\Database\BaseResult->getCustomResultObject()
 4 SYSTEMPATH\Model.php(224): CodeIgniter\Database\BaseResult->getResult()
 5 SYSTEMPATH\BaseModel.php(584): CodeIgniter\Model->doFindAll()
 6 APPPATH\Controllers\Litbang.php(224): CodeIgniter\BaseModel->findAll()
 7 SYSTEMPATH\CodeIgniter.php(907): App\Controllers\Litbang->survey_berjalan()
 8 SYSTEMPATH\CodeIgniter.php(457): CodeIgniter\CodeIgniter->runController()
 9 SYSTEMPATH\CodeIgniter.php(340): CodeIgniter\CodeIgniter->handleRequest()
10 FCPATH\index.php(55): CodeIgniter\CodeIgniter->run()
11 SYSTEMPATH\Commands\Server\rewrite.php(43): require_once('FCPATH\\index.php')
CRITICAL - 2025-09-05 01:35:07 --> mysqli_result::fetch_object(): Argument #1 ($class) must be a valid class name, App\Entities\SurveyBerjalan given
in SYSTEMPATH\Database\MySQLi\Result.php on line 148.
 1 SYSTEMPATH\Database\MySQLi\Result.php(148): mysqli_result->fetch_object()
 2 SYSTEMPATH\Database\BaseResult.php(149): CodeIgniter\Database\MySQLi\Result->fetchObject()
 3 SYSTEMPATH\Database\BaseResult.php(106): CodeIgniter\Database\BaseResult->getCustomResultObject()
 4 SYSTEMPATH\Model.php(224): CodeIgniter\Database\BaseResult->getResult()
 5 SYSTEMPATH\BaseModel.php(584): CodeIgniter\Model->doFindAll()
 6 APPPATH\Controllers\Litbang.php(224): CodeIgniter\BaseModel->findAll()
 7 SYSTEMPATH\CodeIgniter.php(907): App\Controllers\Litbang->survey_berjalan()
 8 SYSTEMPATH\CodeIgniter.php(457): CodeIgniter\CodeIgniter->runController()
 9 SYSTEMPATH\CodeIgniter.php(340): CodeIgniter\CodeIgniter->handleRequest()
10 FCPATH\index.php(55): CodeIgniter\CodeIgniter->run()
11 SYSTEMPATH\Commands\Server\rewrite.php(43): require_once('FCPATH\\index.php')
CRITICAL - 2025-09-05 01:35:07 --> mysqli_result::fetch_object(): Argument #1 ($class) must be a valid class name, App\Entities\SurveyBerjalan given
in SYSTEMPATH\Database\MySQLi\Result.php on line 148.
 1 SYSTEMPATH\Database\MySQLi\Result.php(148): mysqli_result->fetch_object()
 2 SYSTEMPATH\Database\BaseResult.php(149): CodeIgniter\Database\MySQLi\Result->fetchObject()
 3 SYSTEMPATH\Database\BaseResult.php(106): CodeIgniter\Database\BaseResult->getCustomResultObject()
 4 SYSTEMPATH\Model.php(224): CodeIgniter\Database\BaseResult->getResult()
 5 SYSTEMPATH\BaseModel.php(584): CodeIgniter\Model->doFindAll()
 6 APPPATH\Controllers\Litbang.php(224): CodeIgniter\BaseModel->findAll()
 7 SYSTEMPATH\CodeIgniter.php(907): App\Controllers\Litbang->survey_berjalan()
 8 SYSTEMPATH\CodeIgniter.php(457): CodeIgniter\CodeIgniter->runController()
 9 SYSTEMPATH\CodeIgniter.php(340): CodeIgniter\CodeIgniter->handleRequest()
10 FCPATH\index.php(55): CodeIgniter\CodeIgniter->run()
11 SYSTEMPATH\Commands\Server\rewrite.php(43): require_once('FCPATH\\index.php')
CRITICAL - 2025-09-05 01:35:08 --> mysqli_result::fetch_object(): Argument #1 ($class) must be a valid class name, App\Entities\SurveyBerjalan given
in SYSTEMPATH\Database\MySQLi\Result.php on line 148.
 1 SYSTEMPATH\Database\MySQLi\Result.php(148): mysqli_result->fetch_object()
 2 SYSTEMPATH\Database\BaseResult.php(149): CodeIgniter\Database\MySQLi\Result->fetchObject()
 3 SYSTEMPATH\Database\BaseResult.php(106): CodeIgniter\Database\BaseResult->getCustomResultObject()
 4 SYSTEMPATH\Model.php(224): CodeIgniter\Database\BaseResult->getResult()
 5 SYSTEMPATH\BaseModel.php(584): CodeIgniter\Model->doFindAll()
 6 APPPATH\Controllers\Litbang.php(224): CodeIgniter\BaseModel->findAll()
 7 SYSTEMPATH\CodeIgniter.php(907): App\Controllers\Litbang->survey_berjalan()
 8 SYSTEMPATH\CodeIgniter.php(457): CodeIgniter\CodeIgniter->runController()
 9 SYSTEMPATH\CodeIgniter.php(340): CodeIgniter\CodeIgniter->handleRequest()
10 FCPATH\index.php(55): CodeIgniter\CodeIgniter->run()
11 SYSTEMPATH\Commands\Server\rewrite.php(43): require_once('FCPATH\\index.php')
CRITICAL - 2025-09-05 01:38:29 --> Attempt to read property "no_surat" on array
in APPPATH\Views\administrasi\surat_masuk.php on line 163.
 1 APPPATH\Views\administrasi\surat_masuk.php(163): CodeIgniter\Debug\Exceptions->errorHandler()
 2 SYSTEMPATH\View\View.php(213): include('APPPATH\\Views\\administrasi\\surat_masuk.php')
 3 SYSTEMPATH\View\View.php(216): CodeIgniter\View\View->CodeIgniter\View\{closure}()
 4 SYSTEMPATH\Common.php(1142): CodeIgniter\View\View->render()
 5 APPPATH\Controllers\Administrasi.php(37): view()
 6 SYSTEMPATH\CodeIgniter.php(907): App\Controllers\Administrasi->surat_masuk()
 7 SYSTEMPATH\CodeIgniter.php(457): CodeIgniter\CodeIgniter->runController()
 8 SYSTEMPATH\CodeIgniter.php(340): CodeIgniter\CodeIgniter->handleRequest()
 9 FCPATH\index.php(55): CodeIgniter\CodeIgniter->run()
10 SYSTEMPATH\Commands\Server\rewrite.php(43): require_once('FCPATH\\index.php')
CRITICAL - 2025-09-05 01:38:44 --> Creation of dynamic property App\Models\SuratMasukModel::$id_surat is deprecated
in SYSTEMPATH\Database\MySQLi\Result.php on line 148.
 1 [internal function]: CodeIgniter\Debug\Exceptions->errorHandler()
 2 SYSTEMPATH\Database\MySQLi\Result.php(148): mysqli_result->fetch_object()
 3 SYSTEMPATH\Database\BaseResult.php(149): CodeIgniter\Database\MySQLi\Result->fetchObject()
 4 SYSTEMPATH\Database\BaseResult.php(106): CodeIgniter\Database\BaseResult->getCustomResultObject()
 5 SYSTEMPATH\Model.php(224): CodeIgniter\Database\BaseResult->getResult()
 6 SYSTEMPATH\BaseModel.php(584): CodeIgniter\Model->doFindAll()
 7 APPPATH\Controllers\Administrasi.php(263): CodeIgniter\BaseModel->findAll()
 8 SYSTEMPATH\CodeIgniter.php(907): App\Controllers\Administrasi->surat_keluar()
 9 SYSTEMPATH\CodeIgniter.php(457): CodeIgniter\CodeIgniter->runController()
10 SYSTEMPATH\CodeIgniter.php(340): CodeIgniter\CodeIgniter->handleRequest()
11 FCPATH\index.php(55): CodeIgniter\CodeIgniter->run()
12 SYSTEMPATH\Commands\Server\rewrite.php(43): require_once('FCPATH\\index.php')
CRITICAL - 2025-09-05 01:38:51 --> Attempt to read property "no_surat" on array
in APPPATH\Views\administrasi\surat_masuk.php on line 163.
 1 APPPATH\Views\administrasi\surat_masuk.php(163): CodeIgniter\Debug\Exceptions->errorHandler()
 2 SYSTEMPATH\View\View.php(213): include('APPPATH\\Views\\administrasi\\surat_masuk.php')
 3 SYSTEMPATH\View\View.php(216): CodeIgniter\View\View->CodeIgniter\View\{closure}()
 4 SYSTEMPATH\Common.php(1142): CodeIgniter\View\View->render()
 5 APPPATH\Controllers\Administrasi.php(37): view()
 6 SYSTEMPATH\CodeIgniter.php(907): App\Controllers\Administrasi->surat_masuk()
 7 SYSTEMPATH\CodeIgniter.php(457): CodeIgniter\CodeIgniter->runController()
 8 SYSTEMPATH\CodeIgniter.php(340): CodeIgniter\CodeIgniter->handleRequest()
 9 FCPATH\index.php(55): CodeIgniter\CodeIgniter->run()
10 SYSTEMPATH\Commands\Server\rewrite.php(43): require_once('FCPATH\\index.php')
CRITICAL - 2025-09-05 01:39:05 --> Attempt to read property "no_surat" on array
in APPPATH\Views\administrasi\surat_masuk.php on line 163.
 1 APPPATH\Views\administrasi\surat_masuk.php(163): CodeIgniter\Debug\Exceptions->errorHandler()
 2 SYSTEMPATH\View\View.php(213): include('APPPATH\\Views\\administrasi\\surat_masuk.php')
 3 SYSTEMPATH\View\View.php(216): CodeIgniter\View\View->CodeIgniter\View\{closure}()
 4 SYSTEMPATH\Common.php(1142): CodeIgniter\View\View->render()
 5 APPPATH\Controllers\Administrasi.php(37): view()
 6 SYSTEMPATH\CodeIgniter.php(907): App\Controllers\Administrasi->surat_masuk()
 7 SYSTEMPATH\CodeIgniter.php(457): CodeIgniter\CodeIgniter->runController()
 8 SYSTEMPATH\CodeIgniter.php(340): CodeIgniter\CodeIgniter->handleRequest()
 9 FCPATH\index.php(55): CodeIgniter\CodeIgniter->run()
10 SYSTEMPATH\Commands\Server\rewrite.php(43): require_once('FCPATH\\index.php')
CRITICAL - 2025-09-05 01:39:07 --> Attempt to read property "no_surat" on array
in APPPATH\Views\administrasi\surat_masuk.php on line 163.
 1 APPPATH\Views\administrasi\surat_masuk.php(163): CodeIgniter\Debug\Exceptions->errorHandler()
 2 SYSTEMPATH\View\View.php(213): include('APPPATH\\Views\\administrasi\\surat_masuk.php')
 3 SYSTEMPATH\View\View.php(216): CodeIgniter\View\View->CodeIgniter\View\{closure}()
 4 SYSTEMPATH\Common.php(1142): CodeIgniter\View\View->render()
 5 APPPATH\Controllers\Administrasi.php(37): view()
 6 SYSTEMPATH\CodeIgniter.php(907): App\Controllers\Administrasi->surat_masuk()
 7 SYSTEMPATH\CodeIgniter.php(457): CodeIgniter\CodeIgniter->runController()
 8 SYSTEMPATH\CodeIgniter.php(340): CodeIgniter\CodeIgniter->handleRequest()
 9 FCPATH\index.php(55): CodeIgniter\CodeIgniter->run()
10 SYSTEMPATH\Commands\Server\rewrite.php(43): require_once('FCPATH\\index.php')
CRITICAL - 2025-09-05 01:40:39 --> Creation of dynamic property App\Models\SuratMasukModel::$id_surat is deprecated
in SYSTEMPATH\Database\MySQLi\Result.php on line 148.
 1 [internal function]: CodeIgniter\Debug\Exceptions->errorHandler()
 2 SYSTEMPATH\Database\MySQLi\Result.php(148): mysqli_result->fetch_object()
 3 SYSTEMPATH\Database\BaseResult.php(149): CodeIgniter\Database\MySQLi\Result->fetchObject()
 4 SYSTEMPATH\Database\BaseResult.php(106): CodeIgniter\Database\BaseResult->getCustomResultObject()
 5 SYSTEMPATH\Model.php(224): CodeIgniter\Database\BaseResult->getResult()
 6 SYSTEMPATH\BaseModel.php(584): CodeIgniter\Model->doFindAll()
 7 APPPATH\Controllers\Administrasi.php(30): CodeIgniter\BaseModel->findAll()
 8 SYSTEMPATH\CodeIgniter.php(907): App\Controllers\Administrasi->surat_masuk()
 9 SYSTEMPATH\CodeIgniter.php(457): CodeIgniter\CodeIgniter->runController()
10 SYSTEMPATH\CodeIgniter.php(340): CodeIgniter\CodeIgniter->handleRequest()
11 FCPATH\index.php(55): CodeIgniter\CodeIgniter->run()
12 SYSTEMPATH\Commands\Server\rewrite.php(43): require_once('FCPATH\\index.php')
CRITICAL - 2025-09-05 01:40:41 --> Creation of dynamic property App\Models\SuratMasukModel::$id_surat is deprecated
in SYSTEMPATH\Database\MySQLi\Result.php on line 148.
 1 [internal function]: CodeIgniter\Debug\Exceptions->errorHandler()
 2 SYSTEMPATH\Database\MySQLi\Result.php(148): mysqli_result->fetch_object()
 3 SYSTEMPATH\Database\BaseResult.php(149): CodeIgniter\Database\MySQLi\Result->fetchObject()
 4 SYSTEMPATH\Database\BaseResult.php(106): CodeIgniter\Database\BaseResult->getCustomResultObject()
 5 SYSTEMPATH\Model.php(224): CodeIgniter\Database\BaseResult->getResult()
 6 SYSTEMPATH\BaseModel.php(584): CodeIgniter\Model->doFindAll()
 7 APPPATH\Controllers\Administrasi.php(30): CodeIgniter\BaseModel->findAll()
 8 SYSTEMPATH\CodeIgniter.php(907): App\Controllers\Administrasi->surat_masuk()
 9 SYSTEMPATH\CodeIgniter.php(457): CodeIgniter\CodeIgniter->runController()
10 SYSTEMPATH\CodeIgniter.php(340): CodeIgniter\CodeIgniter->handleRequest()
11 FCPATH\index.php(55): CodeIgniter\CodeIgniter->run()
12 SYSTEMPATH\Commands\Server\rewrite.php(43): require_once('FCPATH\\index.php')
CRITICAL - 2025-09-05 01:43:56 --> Creation of dynamic property App\Models\SuratMasukModel::$id_surat is deprecated
in SYSTEMPATH\Database\MySQLi\Result.php on line 148.
 1 [internal function]: CodeIgniter\Debug\Exceptions->errorHandler()
 2 SYSTEMPATH\Database\MySQLi\Result.php(148): mysqli_result->fetch_object()
 3 SYSTEMPATH\Database\BaseResult.php(149): CodeIgniter\Database\MySQLi\Result->fetchObject()
 4 SYSTEMPATH\Database\BaseResult.php(106): CodeIgniter\Database\BaseResult->getCustomResultObject()
 5 SYSTEMPATH\Model.php(224): CodeIgniter\Database\BaseResult->getResult()
 6 SYSTEMPATH\BaseModel.php(584): CodeIgniter\Model->doFindAll()
 7 APPPATH\Controllers\Administrasi.php(263): CodeIgniter\BaseModel->findAll()
 8 SYSTEMPATH\CodeIgniter.php(907): App\Controllers\Administrasi->surat_keluar()
 9 SYSTEMPATH\CodeIgniter.php(457): CodeIgniter\CodeIgniter->runController()
10 SYSTEMPATH\CodeIgniter.php(340): CodeIgniter\CodeIgniter->handleRequest()
11 FCPATH\index.php(55): CodeIgniter\CodeIgniter->run()
12 SYSTEMPATH\Commands\Server\rewrite.php(43): require_once('FCPATH\\index.php')
CRITICAL - 2025-09-05 01:45:04 --> mysqli_result::fetch_object(): Argument #1 ($class) must be a valid class name, App\Entities\SuratKeluar given
in SYSTEMPATH\Database\MySQLi\Result.php on line 148.
 1 SYSTEMPATH\Database\MySQLi\Result.php(148): mysqli_result->fetch_object()
 2 SYSTEMPATH\Database\BaseResult.php(149): CodeIgniter\Database\MySQLi\Result->fetchObject()
 3 SYSTEMPATH\Database\BaseResult.php(106): CodeIgniter\Database\BaseResult->getCustomResultObject()
 4 SYSTEMPATH\Model.php(224): CodeIgniter\Database\BaseResult->getResult()
 5 SYSTEMPATH\BaseModel.php(584): CodeIgniter\Model->doFindAll()
 6 APPPATH\Controllers\Administrasi.php(263): CodeIgniter\BaseModel->findAll()
 7 SYSTEMPATH\CodeIgniter.php(907): App\Controllers\Administrasi->surat_keluar()
 8 SYSTEMPATH\CodeIgniter.php(457): CodeIgniter\CodeIgniter->runController()
 9 SYSTEMPATH\CodeIgniter.php(340): CodeIgniter\CodeIgniter->handleRequest()
10 FCPATH\index.php(55): CodeIgniter\CodeIgniter->run()
11 SYSTEMPATH\Commands\Server\rewrite.php(43): require_once('FCPATH\\index.php')
CRITICAL - 2025-09-05 01:45:31 --> Creation of dynamic property App\Models\DigilibModel::$id is deprecated
in SYSTEMPATH\Database\MySQLi\Result.php on line 148.
 1 [internal function]: CodeIgniter\Debug\Exceptions->errorHandler()
 2 SYSTEMPATH\Database\MySQLi\Result.php(148): mysqli_result->fetch_object()
 3 SYSTEMPATH\Database\BaseResult.php(149): CodeIgniter\Database\MySQLi\Result->fetchObject()
 4 SYSTEMPATH\Database\BaseResult.php(106): CodeIgniter\Database\BaseResult->getCustomResultObject()
 5 SYSTEMPATH\Model.php(224): CodeIgniter\Database\BaseResult->getResult()
 6 SYSTEMPATH\BaseModel.php(584): CodeIgniter\Model->doFindAll()
 7 APPPATH\Controllers\Administrasi.php(483): CodeIgniter\BaseModel->findAll()
 8 SYSTEMPATH\CodeIgniter.php(907): App\Controllers\Administrasi->digilib()
 9 SYSTEMPATH\CodeIgniter.php(457): CodeIgniter\CodeIgniter->runController()
10 SYSTEMPATH\CodeIgniter.php(340): CodeIgniter\CodeIgniter->handleRequest()
11 FCPATH\index.php(55): CodeIgniter\CodeIgniter->run()
12 SYSTEMPATH\Commands\Server\rewrite.php(43): require_once('FCPATH\\index.php')
CRITICAL - 2025-09-05 01:48:06 --> Creation of dynamic property App\Models\ProdukModel::$id_produk is deprecated
in SYSTEMPATH\Database\MySQLi\Result.php on line 148.
 1 [internal function]: CodeIgniter\Debug\Exceptions->errorHandler()
 2 SYSTEMPATH\Database\MySQLi\Result.php(148): mysqli_result->fetch_object()
 3 SYSTEMPATH\Database\BaseResult.php(149): CodeIgniter\Database\MySQLi\Result->fetchObject()
 4 SYSTEMPATH\Database\BaseResult.php(106): CodeIgniter\Database\BaseResult->getCustomResultObject()
 5 SYSTEMPATH\Model.php(224): CodeIgniter\Database\BaseResult->getResult()
 6 SYSTEMPATH\BaseModel.php(584): CodeIgniter\Model->doFindAll()
 7 APPPATH\Controllers\Usaha.php(24): CodeIgniter\BaseModel->findAll()
 8 SYSTEMPATH\CodeIgniter.php(907): App\Controllers\Usaha->produk()
 9 SYSTEMPATH\CodeIgniter.php(457): CodeIgniter\CodeIgniter->runController()
10 SYSTEMPATH\CodeIgniter.php(340): CodeIgniter\CodeIgniter->handleRequest()
11 FCPATH\index.php(55): CodeIgniter\CodeIgniter->run()
12 SYSTEMPATH\Commands\Server\rewrite.php(43): require_once('FCPATH\\index.php')
CRITICAL - 2025-09-05 01:48:06 --> Creation of dynamic property App\Models\ProdukModel::$id_produk is deprecated
in SYSTEMPATH\Database\MySQLi\Result.php on line 148.
 1 [internal function]: CodeIgniter\Debug\Exceptions->errorHandler()
 2 SYSTEMPATH\Database\MySQLi\Result.php(148): mysqli_result->fetch_object()
 3 SYSTEMPATH\Database\BaseResult.php(149): CodeIgniter\Database\MySQLi\Result->fetchObject()
 4 SYSTEMPATH\Database\BaseResult.php(106): CodeIgniter\Database\BaseResult->getCustomResultObject()
 5 SYSTEMPATH\Model.php(224): CodeIgniter\Database\BaseResult->getResult()
 6 SYSTEMPATH\BaseModel.php(584): CodeIgniter\Model->doFindAll()
 7 APPPATH\Controllers\Usaha.php(24): CodeIgniter\BaseModel->findAll()
 8 SYSTEMPATH\CodeIgniter.php(907): App\Controllers\Usaha->produk()
 9 SYSTEMPATH\CodeIgniter.php(457): CodeIgniter\CodeIgniter->runController()
10 SYSTEMPATH\CodeIgniter.php(340): CodeIgniter\CodeIgniter->handleRequest()
11 FCPATH\index.php(55): CodeIgniter\CodeIgniter->run()
12 SYSTEMPATH\Commands\Server\rewrite.php(43): require_once('FCPATH\\index.php')
CRITICAL - 2025-09-05 01:49:48 --> Creation of dynamic property App\Models\LaporanKeuangan::$id is deprecated
in SYSTEMPATH\Database\MySQLi\Result.php on line 148.
 1 [internal function]: CodeIgniter\Debug\Exceptions->errorHandler()
 2 SYSTEMPATH\Database\MySQLi\Result.php(148): mysqli_result->fetch_object()
 3 SYSTEMPATH\Database\BaseResult.php(149): CodeIgniter\Database\MySQLi\Result->fetchObject()
 4 SYSTEMPATH\Database\BaseResult.php(106): CodeIgniter\Database\BaseResult->getCustomResultObject()
 5 SYSTEMPATH\Model.php(224): CodeIgniter\Database\BaseResult->getResult()
 6 SYSTEMPATH\BaseModel.php(584): CodeIgniter\Model->doFindAll()
 7 APPPATH\Controllers\Keuangan.php(241): CodeIgniter\BaseModel->findAll()
 8 SYSTEMPATH\CodeIgniter.php(907): App\Controllers\Keuangan->laporan_keuangan()
 9 SYSTEMPATH\CodeIgniter.php(457): CodeIgniter\CodeIgniter->runController()
10 SYSTEMPATH\CodeIgniter.php(340): CodeIgniter\CodeIgniter->handleRequest()
11 FCPATH\index.php(55): CodeIgniter\CodeIgniter->run()
12 SYSTEMPATH\Commands\Server\rewrite.php(43): require_once('FCPATH\\index.php')
CRITICAL - 2025-09-05 01:52:52 --> CodeIgniter\BaseModel::paginate(): Argument #1 ($perPage) must be of type ?int, string given, called in D:\Project\CodeIgniter\Full Panel dr CPANEL\panel_kopma\app\Controllers\Keuangan.php on line 246
in SYSTEMPATH\BaseModel.php on line 1074.
 1 APPPATH\Controllers\Keuangan.php(246): CodeIgniter\BaseModel->paginate()
 2 SYSTEMPATH\CodeIgniter.php(907): App\Controllers\Keuangan->laporan_keuangan()
 3 SYSTEMPATH\CodeIgniter.php(457): CodeIgniter\CodeIgniter->runController()
 4 SYSTEMPATH\CodeIgniter.php(340): CodeIgniter\CodeIgniter->handleRequest()
 5 FCPATH\index.php(55): CodeIgniter\CodeIgniter->run()
 6 SYSTEMPATH\Commands\Server\rewrite.php(43): require_once('FCPATH\\index.php')
CRITICAL - 2025-09-05 01:57:02 --> Creation of dynamic property App\Models\SiJukoAccount::$nama_lengkap is deprecated
in SYSTEMPATH\Database\MySQLi\Result.php on line 148.
 1 [internal function]: CodeIgniter\Debug\Exceptions->errorHandler()
 2 SYSTEMPATH\Database\MySQLi\Result.php(148): mysqli_result->fetch_object()
 3 SYSTEMPATH\Database\BaseResult.php(149): CodeIgniter\Database\MySQLi\Result->fetchObject()
 4 SYSTEMPATH\Database\BaseResult.php(106): CodeIgniter\Database\BaseResult->getCustomResultObject()
 5 SYSTEMPATH\Model.php(224): CodeIgniter\Database\BaseResult->getResult()
 6 SYSTEMPATH\BaseModel.php(584): CodeIgniter\Model->doFindAll()
 7 APPPATH\Controllers\Admin.php(205): CodeIgniter\BaseModel->findAll()
 8 SYSTEMPATH\CodeIgniter.php(907): App\Controllers\Admin->akun_juko()
 9 SYSTEMPATH\CodeIgniter.php(457): CodeIgniter\CodeIgniter->runController()
10 SYSTEMPATH\CodeIgniter.php(340): CodeIgniter\CodeIgniter->handleRequest()
11 FCPATH\index.php(55): CodeIgniter\CodeIgniter->run()
12 SYSTEMPATH\Commands\Server\rewrite.php(43): require_once('FCPATH\\index.php')
CRITICAL - 2025-09-05 01:58:13 --> Creation of dynamic property App\Models\SiJukoAccount::$nama_lengkap is deprecated
in SYSTEMPATH\Database\MySQLi\Result.php on line 148.
 1 [internal function]: CodeIgniter\Debug\Exceptions->errorHandler()
 2 SYSTEMPATH\Database\MySQLi\Result.php(148): mysqli_result->fetch_object()
 3 SYSTEMPATH\Database\BaseResult.php(149): CodeIgniter\Database\MySQLi\Result->fetchObject()
 4 SYSTEMPATH\Database\BaseResult.php(106): CodeIgniter\Database\BaseResult->getCustomResultObject()
 5 SYSTEMPATH\Model.php(224): CodeIgniter\Database\BaseResult->getResult()
 6 SYSTEMPATH\BaseModel.php(584): CodeIgniter\Model->doFindAll()
 7 APPPATH\Controllers\Admin.php(205): CodeIgniter\BaseModel->findAll()
 8 SYSTEMPATH\CodeIgniter.php(907): App\Controllers\Admin->akun_juko()
 9 SYSTEMPATH\CodeIgniter.php(457): CodeIgniter\CodeIgniter->runController()
10 SYSTEMPATH\CodeIgniter.php(340): CodeIgniter\CodeIgniter->handleRequest()
11 FCPATH\index.php(55): CodeIgniter\CodeIgniter->run()
12 SYSTEMPATH\Commands\Server\rewrite.php(43): require_once('FCPATH\\index.php')
CRITICAL - 2025-09-05 01:58:32 --> mysqli_result::fetch_object(): Argument #1 ($class) must be a valid class name, App\Entities\SiJukoAccount given
in SYSTEMPATH\Database\MySQLi\Result.php on line 148.
 1 SYSTEMPATH\Database\MySQLi\Result.php(148): mysqli_result->fetch_object()
 2 SYSTEMPATH\Database\BaseResult.php(149): CodeIgniter\Database\MySQLi\Result->fetchObject()
 3 SYSTEMPATH\Database\BaseResult.php(106): CodeIgniter\Database\BaseResult->getCustomResultObject()
 4 SYSTEMPATH\Model.php(224): CodeIgniter\Database\BaseResult->getResult()
 5 SYSTEMPATH\BaseModel.php(584): CodeIgniter\Model->doFindAll()
 6 APPPATH\Controllers\Admin.php(205): CodeIgniter\BaseModel->findAll()
 7 SYSTEMPATH\CodeIgniter.php(907): App\Controllers\Admin->akun_juko()
 8 SYSTEMPATH\CodeIgniter.php(457): CodeIgniter\CodeIgniter->runController()
 9 SYSTEMPATH\CodeIgniter.php(340): CodeIgniter\CodeIgniter->handleRequest()
10 FCPATH\index.php(55): CodeIgniter\CodeIgniter->run()
11 SYSTEMPATH\Commands\Server\rewrite.php(43): require_once('FCPATH\\index.php')
