CRITICAL - 2022-08-08 07:25:21 --> Undefined variable: d
in APPPATH\Views\dashboard\data_kegiatan.php on line 63.
 1 APPPATH\Views\dashboard\data_kegiatan.php(63): CodeIgniter\Debug\Exceptions->errorHandler(8, 'Undefined variable: d', 'APPPATH\\Views\\dashboard\\data_kegiatan.php', 63, [...])
 2 SYSTEMPATH\View\View.php(213): include('APPPATH\\Views\\dashboard\\data_kegiatan.php')
 3 SYSTEMPATH\View\View.php(216): CodeIgniter\View\View->CodeIgniter\View\{closure}()
 4 SYSTEMPATH\Common.php(1135): CodeIgniter\View\View->render('dashboard/data_kegiatan', [], true)
 5 APPPATH\Controllers\Dashboard.php(27): view('dashboard/data_kegiatan')
 6 SYSTEMPATH\CodeIgniter.php(896): App\Controllers\Dashboard->data_kegiatan()
 7 SYSTEMPATH\CodeIgniter.php(466): CodeIgniter\CodeIgniter->runController(Object(App\Controllers\Dashboard))
 8 SYSTEMPATH\CodeIgniter.php(349): CodeIgniter\CodeIgniter->handleRequest(null, Object(Config\Cache), false)
 9 FCPATH\index.php(55): CodeIgniter\CodeIgniter->run()
10 SYSTEMPATH\Commands\Server\rewrite.php(43): require_once('FCPATH\\index.php')
CRITICAL - 2022-08-08 07:26:12 --> Undefined variable: d
in APPPATH\Views\dashboard\data_kegiatan.php on line 64.
 1 APPPATH\Views\dashboard\data_kegiatan.php(64): CodeIgniter\Debug\Exceptions->errorHandler(8, 'Undefined variable: d', 'APPPATH\\Views\\dashboard\\data_kegiatan.php', 64, [...])
 2 SYSTEMPATH\View\View.php(213): include('APPPATH\\Views\\dashboard\\data_kegiatan.php')
 3 SYSTEMPATH\View\View.php(216): CodeIgniter\View\View->CodeIgniter\View\{closure}()
 4 SYSTEMPATH\Common.php(1135): CodeIgniter\View\View->render('dashboard/data_kegiatan', [], true)
 5 APPPATH\Controllers\Dashboard.php(27): view('dashboard/data_kegiatan')
 6 SYSTEMPATH\CodeIgniter.php(896): App\Controllers\Dashboard->data_kegiatan()
 7 SYSTEMPATH\CodeIgniter.php(466): CodeIgniter\CodeIgniter->runController(Object(App\Controllers\Dashboard))
 8 SYSTEMPATH\CodeIgniter.php(349): CodeIgniter\CodeIgniter->handleRequest(null, Object(Config\Cache), false)
 9 FCPATH\index.php(55): CodeIgniter\CodeIgniter->run()
10 SYSTEMPATH\Commands\Server\rewrite.php(43): require_once('FCPATH\\index.php')
CRITICAL - 2022-08-08 07:26:30 --> Undefined variable: d
in APPPATH\Views\dashboard\data_kegiatan.php on line 66.
 1 APPPATH\Views\dashboard\data_kegiatan.php(66): CodeIgniter\Debug\Exceptions->errorHandler(8, 'Undefined variable: d', 'APPPATH\\Views\\dashboard\\data_kegiatan.php', 66, [...])
 2 SYSTEMPATH\View\View.php(213): include('APPPATH\\Views\\dashboard\\data_kegiatan.php')
 3 SYSTEMPATH\View\View.php(216): CodeIgniter\View\View->CodeIgniter\View\{closure}()
 4 SYSTEMPATH\Common.php(1135): CodeIgniter\View\View->render('dashboard/data_kegiatan', [], true)
 5 APPPATH\Controllers\Dashboard.php(27): view('dashboard/data_kegiatan')
 6 SYSTEMPATH\CodeIgniter.php(896): App\Controllers\Dashboard->data_kegiatan()
 7 SYSTEMPATH\CodeIgniter.php(466): CodeIgniter\CodeIgniter->runController(Object(App\Controllers\Dashboard))
 8 SYSTEMPATH\CodeIgniter.php(349): CodeIgniter\CodeIgniter->handleRequest(null, Object(Config\Cache), false)
 9 FCPATH\index.php(55): CodeIgniter\CodeIgniter->run()
10 SYSTEMPATH\Commands\Server\rewrite.php(43): require_once('FCPATH\\index.php')
CRITICAL - 2022-08-08 07:26:32 --> Undefined variable: d
in APPPATH\Views\dashboard\data_kegiatan.php on line 66.
 1 APPPATH\Views\dashboard\data_kegiatan.php(66): CodeIgniter\Debug\Exceptions->errorHandler(8, 'Undefined variable: d', 'APPPATH\\Views\\dashboard\\data_kegiatan.php', 66, [...])
 2 SYSTEMPATH\View\View.php(213): include('APPPATH\\Views\\dashboard\\data_kegiatan.php')
 3 SYSTEMPATH\View\View.php(216): CodeIgniter\View\View->CodeIgniter\View\{closure}()
 4 SYSTEMPATH\Common.php(1135): CodeIgniter\View\View->render('dashboard/data_kegiatan', [], true)
 5 APPPATH\Controllers\Dashboard.php(27): view('dashboard/data_kegiatan')
 6 SYSTEMPATH\CodeIgniter.php(896): App\Controllers\Dashboard->data_kegiatan()
 7 SYSTEMPATH\CodeIgniter.php(466): CodeIgniter\CodeIgniter->runController(Object(App\Controllers\Dashboard))
 8 SYSTEMPATH\CodeIgniter.php(349): CodeIgniter\CodeIgniter->handleRequest(null, Object(Config\Cache), false)
 9 FCPATH\index.php(55): CodeIgniter\CodeIgniter->run()
10 SYSTEMPATH\Commands\Server\rewrite.php(43): require_once('FCPATH\\index.php')
CRITICAL - 2022-08-08 08:05:51 --> Undefined index: id_kegiatan
in APPPATH\Views\dashboard\presensi.php on line 2.
 1 APPPATH\Views\dashboard\presensi.php(2): CodeIgniter\Debug\Exceptions->errorHandler(8, 'Undefined index: id_kegiatan', 'APPPATH\\Views\\dashboard\\presensi.php', 2, [])
 2 SYSTEMPATH\View\View.php(213): include('APPPATH\\Views\\dashboard\\presensi.php')
 3 SYSTEMPATH\View\View.php(216): CodeIgniter\View\View->CodeIgniter\View\{closure}()
 4 SYSTEMPATH\Common.php(1135): CodeIgniter\View\View->render('dashboard/presensi', [], true)
 5 APPPATH\Controllers\Dashboard.php(31): view('dashboard/presensi')
 6 SYSTEMPATH\CodeIgniter.php(896): App\Controllers\Dashboard->presensi()
 7 SYSTEMPATH\CodeIgniter.php(466): CodeIgniter\CodeIgniter->runController(Object(App\Controllers\Dashboard))
 8 SYSTEMPATH\CodeIgniter.php(349): CodeIgniter\CodeIgniter->handleRequest(null, Object(Config\Cache), false)
 9 FCPATH\index.php(55): CodeIgniter\CodeIgniter->run()
10 SYSTEMPATH\Commands\Server\rewrite.php(43): require_once('FCPATH\\index.php')
