CRITICAL - 2022-09-15 14:54:09 --> Invalid file: dashboard/data_anggota.php
in SYSTEMPATH\Exceptions\FrameworkException.php on line 33.
 1 SYSTEMPATH\View\View.php(201): CodeIgniter\Exceptions\FrameworkException::forInvalidFile('dashboard/data_anggota.php')
 2 SYSTEMPATH\Common.php(1135): CodeIgniter\View\View->render('dashboard/data_anggota', [], true)
 3 APPPATH\Controllers\Dashboard.php(60): view('dashboard/data_anggota', [...])
 4 SYSTEMPATH\CodeIgniter.php(896): App\Controllers\Dashboard->index()
 5 SYSTEMPATH\CodeIgniter.php(466): CodeIgniter\CodeIgniter->runController(Object(App\Controllers\Dashboard))
 6 SYSTEMPATH\CodeIgniter.php(349): CodeIgniter\CodeIgniter->handleRequest(null, Object(Config\Cache), false)
 7 FCPATH\index.php(55): CodeIgniter\CodeIgniter->run()
 8 SYSTEMPATH\Commands\Server\rewrite.php(43): require_once('FCPATH\\index.php')
CRITICAL - 2022-09-15 14:55:53 --> Class 'App\Controllers\AnggotaModel' not found
in APPPATH\Controllers\PSDAController.php on line 20.
 1 SYSTEMPATH\CodeIgniter.php(858): App\Controllers\PSDAController->__construct()
 2 SYSTEMPATH\CodeIgniter.php(457): CodeIgniter\CodeIgniter->createController()
 3 SYSTEMPATH\CodeIgniter.php(349): CodeIgniter\CodeIgniter->handleRequest(null, Object(Config\Cache), false)
 4 FCPATH\index.php(55): CodeIgniter\CodeIgniter->run()
 5 SYSTEMPATH\Commands\Server\rewrite.php(43): require_once('FCPATH\\index.php')
CRITICAL - 2022-09-15 15:01:28 --> Invalid file: dashboard/data_anggota.php
in SYSTEMPATH\Exceptions\FrameworkException.php on line 33.
 1 SYSTEMPATH\View\View.php(201): CodeIgniter\Exceptions\FrameworkException::forInvalidFile('dashboard/data_anggota.php')
 2 SYSTEMPATH\Common.php(1135): CodeIgniter\View\View->render('dashboard/data_anggota', [], true)
 3 APPPATH\Controllers\Dashboard.php(60): view('dashboard/data_anggota', [...])
 4 SYSTEMPATH\CodeIgniter.php(896): App\Controllers\Dashboard->index()
 5 SYSTEMPATH\CodeIgniter.php(466): CodeIgniter\CodeIgniter->runController(Object(App\Controllers\Dashboard))
 6 SYSTEMPATH\CodeIgniter.php(349): CodeIgniter\CodeIgniter->handleRequest(null, Object(Config\Cache), false)
 7 FCPATH\index.php(55): CodeIgniter\CodeIgniter->run()
 8 SYSTEMPATH\Commands\Server\rewrite.php(43): require_once('FCPATH\\index.php')
CRITICAL - 2022-09-15 20:08:41 --> Invalid file: dashboard/data_anggota.php
in SYSTEMPATH\Exceptions\FrameworkException.php on line 33.
 1 SYSTEMPATH\View\View.php(201): CodeIgniter\Exceptions\FrameworkException::forInvalidFile('dashboard/data_anggota.php')
 2 SYSTEMPATH\Common.php(1135): CodeIgniter\View\View->render('dashboard/data_anggota', [], true)
 3 APPPATH\Controllers\Dashboard.php(67): view('dashboard/data_anggota', [...])
 4 SYSTEMPATH\CodeIgniter.php(896): App\Controllers\Dashboard->data_anggota()
 5 SYSTEMPATH\CodeIgniter.php(466): CodeIgniter\CodeIgniter->runController(Object(App\Controllers\Dashboard))
 6 SYSTEMPATH\CodeIgniter.php(349): CodeIgniter\CodeIgniter->handleRequest(null, Object(Config\Cache), false)
 7 FCPATH\index.php(55): CodeIgniter\CodeIgniter->run()
 8 SYSTEMPATH\Commands\Server\rewrite.php(43): require_once('FCPATH\\index.php')
CRITICAL - 2022-09-15 20:35:33 --> Trying to access array offset on value of type null
in APPPATH\Views\psda\qr_code.php on line 6.
 1 APPPATH\Views\psda\qr_code.php(6): CodeIgniter\Debug\Exceptions->errorHandler(8, 'Trying to access array offset on value of type null', 'APPPATH\\Views\\psda\\qr_code.php', 6, [...])
 2 SYSTEMPATH\View\View.php(213): include('APPPATH\\Views\\psda\\qr_code.php')
 3 SYSTEMPATH\View\View.php(216): CodeIgniter\View\View->CodeIgniter\View\{closure}()
 4 SYSTEMPATH\Common.php(1135): CodeIgniter\View\View->render('psda/qr_code', [], true)
 5 APPPATH\Controllers\PSDAController.php(192): view('psda/qr_code', [...])
 6 SYSTEMPATH\CodeIgniter.php(896): App\Controllers\PSDAController->qr_code('FCPATH\\js', 'jsfunctions.js')
 7 SYSTEMPATH\CodeIgniter.php(466): CodeIgniter\CodeIgniter->runController(Object(App\Controllers\PSDAController))
 8 SYSTEMPATH\CodeIgniter.php(349): CodeIgniter\CodeIgniter->handleRequest(null, Object(Config\Cache), false)
 9 FCPATH\index.php(55): CodeIgniter\CodeIgniter->run()
10 SYSTEMPATH\Commands\Server\rewrite.php(43): require_once('FCPATH\\index.php')
CRITICAL - 2022-09-15 20:35:33 --> Trying to access array offset on value of type null
in APPPATH\Views\psda\qr_code.php on line 6.
 1 APPPATH\Views\psda\qr_code.php(6): CodeIgniter\Debug\Exceptions->errorHandler(8, 'Trying to access array offset on value of type null', 'APPPATH\\Views\\psda\\qr_code.php', 6, [...])
 2 SYSTEMPATH\View\View.php(213): include('APPPATH\\Views\\psda\\qr_code.php')
 3 SYSTEMPATH\View\View.php(216): CodeIgniter\View\View->CodeIgniter\View\{closure}()
 4 SYSTEMPATH\Common.php(1135): CodeIgniter\View\View->render('psda/qr_code', [], true)
 5 APPPATH\Controllers\PSDAController.php(192): view('psda/qr_code', [...])
 6 SYSTEMPATH\CodeIgniter.php(896): App\Controllers\PSDAController->qr_code('FCPATH\\js', 'qrcode.js')
 7 SYSTEMPATH\CodeIgniter.php(466): CodeIgniter\CodeIgniter->runController(Object(App\Controllers\PSDAController))
 8 SYSTEMPATH\CodeIgniter.php(349): CodeIgniter\CodeIgniter->handleRequest(null, Object(Config\Cache), false)
 9 FCPATH\index.php(55): CodeIgniter\CodeIgniter->run()
10 SYSTEMPATH\Commands\Server\rewrite.php(43): require_once('FCPATH\\index.php')
CRITICAL - 2022-09-15 20:35:38 --> Trying to access array offset on value of type null
in APPPATH\Views\psda\qr_code.php on line 6.
 1 APPPATH\Views\psda\qr_code.php(6): CodeIgniter\Debug\Exceptions->errorHandler(8, 'Trying to access array offset on value of type null', 'APPPATH\\Views\\psda\\qr_code.php', 6, [...])
 2 SYSTEMPATH\View\View.php(213): include('APPPATH\\Views\\psda\\qr_code.php')
 3 SYSTEMPATH\View\View.php(216): CodeIgniter\View\View->CodeIgniter\View\{closure}()
 4 SYSTEMPATH\Common.php(1135): CodeIgniter\View\View->render('psda/qr_code', [], true)
 5 APPPATH\Controllers\PSDAController.php(192): view('psda/qr_code', [...])
 6 SYSTEMPATH\CodeIgniter.php(896): App\Controllers\PSDAController->qr_code('FCPATH\\js', 'jsfunctions.js')
 7 SYSTEMPATH\CodeIgniter.php(466): CodeIgniter\CodeIgniter->runController(Object(App\Controllers\PSDAController))
 8 SYSTEMPATH\CodeIgniter.php(349): CodeIgniter\CodeIgniter->handleRequest(null, Object(Config\Cache), false)
 9 FCPATH\index.php(55): CodeIgniter\CodeIgniter->run()
10 SYSTEMPATH\Commands\Server\rewrite.php(43): require_once('FCPATH\\index.php')
CRITICAL - 2022-09-15 20:35:38 --> Trying to access array offset on value of type null
in APPPATH\Views\psda\qr_code.php on line 6.
 1 APPPATH\Views\psda\qr_code.php(6): CodeIgniter\Debug\Exceptions->errorHandler(8, 'Trying to access array offset on value of type null', 'APPPATH\\Views\\psda\\qr_code.php', 6, [...])
 2 SYSTEMPATH\View\View.php(213): include('APPPATH\\Views\\psda\\qr_code.php')
 3 SYSTEMPATH\View\View.php(216): CodeIgniter\View\View->CodeIgniter\View\{closure}()
 4 SYSTEMPATH\Common.php(1135): CodeIgniter\View\View->render('psda/qr_code', [], true)
 5 APPPATH\Controllers\PSDAController.php(192): view('psda/qr_code', [...])
 6 SYSTEMPATH\CodeIgniter.php(896): App\Controllers\PSDAController->qr_code('FCPATH\\js', 'qrcode.js')
 7 SYSTEMPATH\CodeIgniter.php(466): CodeIgniter\CodeIgniter->runController(Object(App\Controllers\PSDAController))
 8 SYSTEMPATH\CodeIgniter.php(349): CodeIgniter\CodeIgniter->handleRequest(null, Object(Config\Cache), false)
 9 FCPATH\index.php(55): CodeIgniter\CodeIgniter->run()
10 SYSTEMPATH\Commands\Server\rewrite.php(43): require_once('FCPATH\\index.php')
CRITICAL - 2022-09-15 20:38:34 --> Too few arguments to function App\Controllers\PSDAController::presensi(), 0 passed in D:\Coding\XAMMP 7.4\htdocs\panelkopma\vendor\codeigniter4\framework\system\CodeIgniter.php on line 896 and exactly 1 expected
in APPPATH\Controllers\PSDAController.php on line 83.
 1 SYSTEMPATH\CodeIgniter.php(896): App\Controllers\PSDAController->presensi()
 2 SYSTEMPATH\CodeIgniter.php(466): CodeIgniter\CodeIgniter->runController(Object(App\Controllers\PSDAController))
 3 SYSTEMPATH\CodeIgniter.php(349): CodeIgniter\CodeIgniter->handleRequest(null, Object(Config\Cache), false)
 4 FCPATH\index.php(55): CodeIgniter\CodeIgniter->run()
 5 SYSTEMPATH\Commands\Server\rewrite.php(43): require_once('FCPATH\\index.php')
CRITICAL - 2022-09-15 20:38:52 --> Trying to access array offset on value of type null
in APPPATH\Views\psda\presensi.php on line 6.
 1 APPPATH\Views\psda\presensi.php(6): CodeIgniter\Debug\Exceptions->errorHandler(8, 'Trying to access array offset on value of type null', 'APPPATH\\Views\\psda\\presensi.php', 6, [...])
 2 SYSTEMPATH\View\View.php(213): include('APPPATH\\Views\\psda\\presensi.php')
 3 SYSTEMPATH\View\View.php(216): CodeIgniter\View\View->CodeIgniter\View\{closure}()
 4 SYSTEMPATH\Common.php(1135): CodeIgniter\View\View->render('psda/presensi', [], true)
 5 APPPATH\Controllers\PSDAController.php(90): view('psda/presensi', [...])
 6 SYSTEMPATH\CodeIgniter.php(896): App\Controllers\PSDAController->presensi('FCPATH\\js', 'qrcode.js')
 7 SYSTEMPATH\CodeIgniter.php(466): CodeIgniter\CodeIgniter->runController(Object(App\Controllers\PSDAController))
 8 SYSTEMPATH\CodeIgniter.php(349): CodeIgniter\CodeIgniter->handleRequest(null, Object(Config\Cache), false)
 9 FCPATH\index.php(55): CodeIgniter\CodeIgniter->run()
10 SYSTEMPATH\Commands\Server\rewrite.php(43): require_once('FCPATH\\index.php')
CRITICAL - 2022-09-15 20:38:52 --> Trying to access array offset on value of type null
in APPPATH\Views\psda\presensi.php on line 6.
 1 APPPATH\Views\psda\presensi.php(6): CodeIgniter\Debug\Exceptions->errorHandler(8, 'Trying to access array offset on value of type null', 'APPPATH\\Views\\psda\\presensi.php', 6, [...])
 2 SYSTEMPATH\View\View.php(213): include('APPPATH\\Views\\psda\\presensi.php')
 3 SYSTEMPATH\View\View.php(216): CodeIgniter\View\View->CodeIgniter\View\{closure}()
 4 SYSTEMPATH\Common.php(1135): CodeIgniter\View\View->render('psda/presensi', [], true)
 5 APPPATH\Controllers\PSDAController.php(90): view('psda/presensi', [...])
 6 SYSTEMPATH\CodeIgniter.php(896): App\Controllers\PSDAController->presensi('FCPATH\\js', 'jsfunctions.js')
 7 SYSTEMPATH\CodeIgniter.php(466): CodeIgniter\CodeIgniter->runController(Object(App\Controllers\PSDAController))
 8 SYSTEMPATH\CodeIgniter.php(349): CodeIgniter\CodeIgniter->handleRequest(null, Object(Config\Cache), false)
 9 FCPATH\index.php(55): CodeIgniter\CodeIgniter->run()
10 SYSTEMPATH\Commands\Server\rewrite.php(43): require_once('FCPATH\\index.php')
CRITICAL - 2022-09-15 20:38:59 --> Trying to access array offset on value of type null
in APPPATH\Views\psda\presensi.php on line 6.
 1 APPPATH\Views\psda\presensi.php(6): CodeIgniter\Debug\Exceptions->errorHandler(8, 'Trying to access array offset on value of type null', 'APPPATH\\Views\\psda\\presensi.php', 6, [...])
 2 SYSTEMPATH\View\View.php(213): include('APPPATH\\Views\\psda\\presensi.php')
 3 SYSTEMPATH\View\View.php(216): CodeIgniter\View\View->CodeIgniter\View\{closure}()
 4 SYSTEMPATH\Common.php(1135): CodeIgniter\View\View->render('psda/presensi', [], true)
 5 APPPATH\Controllers\PSDAController.php(90): view('psda/presensi', [...])
 6 SYSTEMPATH\CodeIgniter.php(896): App\Controllers\PSDAController->presensi('FCPATH\\js', 'jsfunctions.js')
 7 SYSTEMPATH\CodeIgniter.php(466): CodeIgniter\CodeIgniter->runController(Object(App\Controllers\PSDAController))
 8 SYSTEMPATH\CodeIgniter.php(349): CodeIgniter\CodeIgniter->handleRequest(null, Object(Config\Cache), false)
 9 FCPATH\index.php(55): CodeIgniter\CodeIgniter->run()
10 SYSTEMPATH\Commands\Server\rewrite.php(43): require_once('FCPATH\\index.php')
CRITICAL - 2022-09-15 20:38:59 --> Trying to access array offset on value of type null
in APPPATH\Views\psda\presensi.php on line 6.
 1 APPPATH\Views\psda\presensi.php(6): CodeIgniter\Debug\Exceptions->errorHandler(8, 'Trying to access array offset on value of type null', 'APPPATH\\Views\\psda\\presensi.php', 6, [...])
 2 SYSTEMPATH\View\View.php(213): include('APPPATH\\Views\\psda\\presensi.php')
 3 SYSTEMPATH\View\View.php(216): CodeIgniter\View\View->CodeIgniter\View\{closure}()
 4 SYSTEMPATH\Common.php(1135): CodeIgniter\View\View->render('psda/presensi', [], true)
 5 APPPATH\Controllers\PSDAController.php(90): view('psda/presensi', [...])
 6 SYSTEMPATH\CodeIgniter.php(896): App\Controllers\PSDAController->presensi('FCPATH\\js', 'qrcode.js')
 7 SYSTEMPATH\CodeIgniter.php(466): CodeIgniter\CodeIgniter->runController(Object(App\Controllers\PSDAController))
 8 SYSTEMPATH\CodeIgniter.php(349): CodeIgniter\CodeIgniter->handleRequest(null, Object(Config\Cache), false)
 9 FCPATH\index.php(55): CodeIgniter\CodeIgniter->run()
10 SYSTEMPATH\Commands\Server\rewrite.php(43): require_once('FCPATH\\index.php')
CRITICAL - 2022-09-15 20:39:05 --> Trying to access array offset on value of type null
in APPPATH\Views\psda\presensi.php on line 6.
 1 APPPATH\Views\psda\presensi.php(6): CodeIgniter\Debug\Exceptions->errorHandler(8, 'Trying to access array offset on value of type null', 'APPPATH\\Views\\psda\\presensi.php', 6, [...])
 2 SYSTEMPATH\View\View.php(213): include('APPPATH\\Views\\psda\\presensi.php')
 3 SYSTEMPATH\View\View.php(216): CodeIgniter\View\View->CodeIgniter\View\{closure}()
 4 SYSTEMPATH\Common.php(1135): CodeIgniter\View\View->render('psda/presensi', [], true)
 5 APPPATH\Controllers\PSDAController.php(90): view('psda/presensi', [...])
 6 SYSTEMPATH\CodeIgniter.php(896): App\Controllers\PSDAController->presensi('FCPATH\\js', 'jsfunctions.js')
 7 SYSTEMPATH\CodeIgniter.php(466): CodeIgniter\CodeIgniter->runController(Object(App\Controllers\PSDAController))
 8 SYSTEMPATH\CodeIgniter.php(349): CodeIgniter\CodeIgniter->handleRequest(null, Object(Config\Cache), false)
 9 FCPATH\index.php(55): CodeIgniter\CodeIgniter->run()
10 SYSTEMPATH\Commands\Server\rewrite.php(43): require_once('FCPATH\\index.php')
CRITICAL - 2022-09-15 20:39:05 --> Trying to access array offset on value of type null
in APPPATH\Views\psda\presensi.php on line 6.
 1 APPPATH\Views\psda\presensi.php(6): CodeIgniter\Debug\Exceptions->errorHandler(8, 'Trying to access array offset on value of type null', 'APPPATH\\Views\\psda\\presensi.php', 6, [...])
 2 SYSTEMPATH\View\View.php(213): include('APPPATH\\Views\\psda\\presensi.php')
 3 SYSTEMPATH\View\View.php(216): CodeIgniter\View\View->CodeIgniter\View\{closure}()
 4 SYSTEMPATH\Common.php(1135): CodeIgniter\View\View->render('psda/presensi', [], true)
 5 APPPATH\Controllers\PSDAController.php(90): view('psda/presensi', [...])
 6 SYSTEMPATH\CodeIgniter.php(896): App\Controllers\PSDAController->presensi('FCPATH\\js', 'qrcode.js')
 7 SYSTEMPATH\CodeIgniter.php(466): CodeIgniter\CodeIgniter->runController(Object(App\Controllers\PSDAController))
 8 SYSTEMPATH\CodeIgniter.php(349): CodeIgniter\CodeIgniter->handleRequest(null, Object(Config\Cache), false)
 9 FCPATH\index.php(55): CodeIgniter\CodeIgniter->run()
10 SYSTEMPATH\Commands\Server\rewrite.php(43): require_once('FCPATH\\index.php')
CRITICAL - 2022-09-15 20:39:10 --> Trying to access array offset on value of type null
in APPPATH\Views\psda\presensi.php on line 6.
 1 APPPATH\Views\psda\presensi.php(6): CodeIgniter\Debug\Exceptions->errorHandler(8, 'Trying to access array offset on value of type null', 'APPPATH\\Views\\psda\\presensi.php', 6, [...])
 2 SYSTEMPATH\View\View.php(213): include('APPPATH\\Views\\psda\\presensi.php')
 3 SYSTEMPATH\View\View.php(216): CodeIgniter\View\View->CodeIgniter\View\{closure}()
 4 SYSTEMPATH\Common.php(1135): CodeIgniter\View\View->render('psda/presensi', [], true)
 5 APPPATH\Controllers\PSDAController.php(90): view('psda/presensi', [...])
 6 SYSTEMPATH\CodeIgniter.php(896): App\Controllers\PSDAController->presensi('FCPATH\\js', 'jsfunctions.js')
 7 SYSTEMPATH\CodeIgniter.php(466): CodeIgniter\CodeIgniter->runController(Object(App\Controllers\PSDAController))
 8 SYSTEMPATH\CodeIgniter.php(349): CodeIgniter\CodeIgniter->handleRequest(null, Object(Config\Cache), false)
 9 FCPATH\index.php(55): CodeIgniter\CodeIgniter->run()
10 SYSTEMPATH\Commands\Server\rewrite.php(43): require_once('FCPATH\\index.php')
CRITICAL - 2022-09-15 20:39:10 --> Trying to access array offset on value of type null
in APPPATH\Views\psda\presensi.php on line 6.
 1 APPPATH\Views\psda\presensi.php(6): CodeIgniter\Debug\Exceptions->errorHandler(8, 'Trying to access array offset on value of type null', 'APPPATH\\Views\\psda\\presensi.php', 6, [...])
 2 SYSTEMPATH\View\View.php(213): include('APPPATH\\Views\\psda\\presensi.php')
 3 SYSTEMPATH\View\View.php(216): CodeIgniter\View\View->CodeIgniter\View\{closure}()
 4 SYSTEMPATH\Common.php(1135): CodeIgniter\View\View->render('psda/presensi', [], true)
 5 APPPATH\Controllers\PSDAController.php(90): view('psda/presensi', [...])
 6 SYSTEMPATH\CodeIgniter.php(896): App\Controllers\PSDAController->presensi('FCPATH\\js', 'qrcode.js')
 7 SYSTEMPATH\CodeIgniter.php(466): CodeIgniter\CodeIgniter->runController(Object(App\Controllers\PSDAController))
 8 SYSTEMPATH\CodeIgniter.php(349): CodeIgniter\CodeIgniter->handleRequest(null, Object(Config\Cache), false)
 9 FCPATH\index.php(55): CodeIgniter\CodeIgniter->run()
10 SYSTEMPATH\Commands\Server\rewrite.php(43): require_once('FCPATH\\index.php')
CRITICAL - 2022-09-15 20:46:27 --> Trying to access array offset on value of type null
in APPPATH\Views\psda\qr_code.php on line 6.
 1 APPPATH\Views\psda\qr_code.php(6): CodeIgniter\Debug\Exceptions->errorHandler(8, 'Trying to access array offset on value of type null', 'APPPATH\\Views\\psda\\qr_code.php', 6, [...])
 2 SYSTEMPATH\View\View.php(213): include('APPPATH\\Views\\psda\\qr_code.php')
 3 SYSTEMPATH\View\View.php(216): CodeIgniter\View\View->CodeIgniter\View\{closure}()
 4 SYSTEMPATH\Common.php(1135): CodeIgniter\View\View->render('psda/qr_code', [], true)
 5 APPPATH\Controllers\PSDAController.php(191): view('psda/qr_code', [...])
 6 SYSTEMPATH\CodeIgniter.php(896): App\Controllers\PSDAController->qr_code('FCPATH\\js', 'jsfunctions.js')
 7 SYSTEMPATH\CodeIgniter.php(466): CodeIgniter\CodeIgniter->runController(Object(App\Controllers\PSDAController))
 8 SYSTEMPATH\CodeIgniter.php(349): CodeIgniter\CodeIgniter->handleRequest(null, Object(Config\Cache), false)
 9 FCPATH\index.php(55): CodeIgniter\CodeIgniter->run()
10 SYSTEMPATH\Commands\Server\rewrite.php(43): require_once('FCPATH\\index.php')
CRITICAL - 2022-09-15 20:46:27 --> Trying to access array offset on value of type null
in APPPATH\Views\psda\qr_code.php on line 6.
 1 APPPATH\Views\psda\qr_code.php(6): CodeIgniter\Debug\Exceptions->errorHandler(8, 'Trying to access array offset on value of type null', 'APPPATH\\Views\\psda\\qr_code.php', 6, [...])
 2 SYSTEMPATH\View\View.php(213): include('APPPATH\\Views\\psda\\qr_code.php')
 3 SYSTEMPATH\View\View.php(216): CodeIgniter\View\View->CodeIgniter\View\{closure}()
 4 SYSTEMPATH\Common.php(1135): CodeIgniter\View\View->render('psda/qr_code', [], true)
 5 APPPATH\Controllers\PSDAController.php(191): view('psda/qr_code', [...])
 6 SYSTEMPATH\CodeIgniter.php(896): App\Controllers\PSDAController->qr_code('FCPATH\\js', 'qrcode.js')
 7 SYSTEMPATH\CodeIgniter.php(466): CodeIgniter\CodeIgniter->runController(Object(App\Controllers\PSDAController))
 8 SYSTEMPATH\CodeIgniter.php(349): CodeIgniter\CodeIgniter->handleRequest(null, Object(Config\Cache), false)
 9 FCPATH\index.php(55): CodeIgniter\CodeIgniter->run()
10 SYSTEMPATH\Commands\Server\rewrite.php(43): require_once('FCPATH\\index.php')
CRITICAL - 2022-09-15 20:46:31 --> Trying to access array offset on value of type null
in APPPATH\Views\psda\qr_code.php on line 6.
 1 APPPATH\Views\psda\qr_code.php(6): CodeIgniter\Debug\Exceptions->errorHandler(8, 'Trying to access array offset on value of type null', 'APPPATH\\Views\\psda\\qr_code.php', 6, [...])
 2 SYSTEMPATH\View\View.php(213): include('APPPATH\\Views\\psda\\qr_code.php')
 3 SYSTEMPATH\View\View.php(216): CodeIgniter\View\View->CodeIgniter\View\{closure}()
 4 SYSTEMPATH\Common.php(1135): CodeIgniter\View\View->render('psda/qr_code', [], true)
 5 APPPATH\Controllers\PSDAController.php(191): view('psda/qr_code', [...])
 6 SYSTEMPATH\CodeIgniter.php(896): App\Controllers\PSDAController->qr_code('FCPATH\\js', 'jsfunctions.js')
 7 SYSTEMPATH\CodeIgniter.php(466): CodeIgniter\CodeIgniter->runController(Object(App\Controllers\PSDAController))
 8 SYSTEMPATH\CodeIgniter.php(349): CodeIgniter\CodeIgniter->handleRequest(null, Object(Config\Cache), false)
 9 FCPATH\index.php(55): CodeIgniter\CodeIgniter->run()
10 SYSTEMPATH\Commands\Server\rewrite.php(43): require_once('FCPATH\\index.php')
CRITICAL - 2022-09-15 20:46:31 --> Trying to access array offset on value of type null
in APPPATH\Views\psda\qr_code.php on line 6.
 1 APPPATH\Views\psda\qr_code.php(6): CodeIgniter\Debug\Exceptions->errorHandler(8, 'Trying to access array offset on value of type null', 'APPPATH\\Views\\psda\\qr_code.php', 6, [...])
 2 SYSTEMPATH\View\View.php(213): include('APPPATH\\Views\\psda\\qr_code.php')
 3 SYSTEMPATH\View\View.php(216): CodeIgniter\View\View->CodeIgniter\View\{closure}()
 4 SYSTEMPATH\Common.php(1135): CodeIgniter\View\View->render('psda/qr_code', [], true)
 5 APPPATH\Controllers\PSDAController.php(191): view('psda/qr_code', [...])
 6 SYSTEMPATH\CodeIgniter.php(896): App\Controllers\PSDAController->qr_code('FCPATH\\js', 'qrcode.js')
 7 SYSTEMPATH\CodeIgniter.php(466): CodeIgniter\CodeIgniter->runController(Object(App\Controllers\PSDAController))
 8 SYSTEMPATH\CodeIgniter.php(349): CodeIgniter\CodeIgniter->handleRequest(null, Object(Config\Cache), false)
 9 FCPATH\index.php(55): CodeIgniter\CodeIgniter->run()
10 SYSTEMPATH\Commands\Server\rewrite.php(43): require_once('FCPATH\\index.php')
