CRITICAL - 2023-01-14 19:05:28 --> Trying to get property 'nomor_anggota' of non-object
in APPPATH\Views\dashboard\add_akun.php on line 27.
 1 APPPATH\Views\dashboard\add_akun.php(27): CodeIgniter\Debug\Exceptions->errorHandler(8, 'Trying to get property \'nomor_anggota\' of non-object', 'APPPATH\\Views\\dashboard\\add_akun.php', 27, [...])
 2 SYSTEMPATH\View\View.php(213): include('APPPATH\\Views\\dashboard\\add_akun.php')
 3 SYSTEMPATH\View\View.php(216): CodeIgniter\View\View->CodeIgniter\View\{closure}()
 4 SYSTEMPATH\Common.php(1142): CodeIgniter\View\View->render('dashboard/add_akun', [], true)
 5 APPPATH\Controllers\Admin.php(228): view('dashboard/add_akun', [...])
 6 SYSTEMPATH\CodeIgniter.php(907): App\Controllers\Admin->add_akun()
 7 SYSTEMPATH\CodeIgniter.php(457): CodeIgniter\CodeIgniter->runController(Object(App\Controllers\Admin))
 8 SYSTEMPATH\CodeIgniter.php(340): CodeIgniter\CodeIgniter->handleRequest(null, Object(Config\Cache), false)
 9 FCPATH\index.php(55): CodeIgniter\CodeIgniter->run()
CRITICAL - 2023-01-14 19:27:27 --> Undefined index: nomor_anggota
in APPPATH\Controllers\Admin.php on line 220.
 1 APPPATH\Controllers\Admin.php(220): CodeIgniter\Debug\Exceptions->errorHandler(8, 'Undefined index: nomor_anggota', 'APPPATH\\Controllers\\Admin.php', 220, [...])
 2 SYSTEMPATH\CodeIgniter.php(907): App\Controllers\Admin->add_akun()
 3 SYSTEMPATH\CodeIgniter.php(457): CodeIgniter\CodeIgniter->runController(Object(App\Controllers\Admin))
 4 SYSTEMPATH\CodeIgniter.php(340): CodeIgniter\CodeIgniter->handleRequest(null, Object(Config\Cache), false)
 5 FCPATH\index.php(55): CodeIgniter\CodeIgniter->run()
CRITICAL - 2023-01-14 19:27:47 --> Undefined index: nomor_anggota
in APPPATH\Controllers\Admin.php on line 220.
 1 APPPATH\Controllers\Admin.php(220): CodeIgniter\Debug\Exceptions->errorHandler(8, 'Undefined index: nomor_anggota', 'APPPATH\\Controllers\\Admin.php', 220, [...])
 2 SYSTEMPATH\CodeIgniter.php(907): App\Controllers\Admin->add_akun()
 3 SYSTEMPATH\CodeIgniter.php(457): CodeIgniter\CodeIgniter->runController(Object(App\Controllers\Admin))
 4 SYSTEMPATH\CodeIgniter.php(340): CodeIgniter\CodeIgniter->handleRequest(null, Object(Config\Cache), false)
 5 FCPATH\index.php(55): CodeIgniter\CodeIgniter->run()
CRITICAL - 2023-01-14 20:14:43 --> Undefined variable: random_word
in APPPATH\Views\dashboard\presensi.php on line 138.
 1 APPPATH\Views\dashboard\presensi.php(138): CodeIgniter\Debug\Exceptions->errorHandler(8, 'Undefined variable: random_word', 'APPPATH\\Views\\dashboard\\presensi.php', 138, [...])
 2 SYSTEMPATH\View\View.php(213): include('APPPATH\\Views\\dashboard\\presensi.php')
 3 SYSTEMPATH\View\View.php(216): CodeIgniter\View\View->CodeIgniter\View\{closure}()
 4 SYSTEMPATH\Common.php(1142): CodeIgniter\View\View->render('dashboard/presensi', [], true)
 5 APPPATH\Controllers\Dashboard.php(194): view('dashboard/presensi', [...])
 6 SYSTEMPATH\CodeIgniter.php(907): App\Controllers\Dashboard->presensi('5516')
 7 SYSTEMPATH\CodeIgniter.php(457): CodeIgniter\CodeIgniter->runController(Object(App\Controllers\Dashboard))
 8 SYSTEMPATH\CodeIgniter.php(340): CodeIgniter\CodeIgniter->handleRequest(null, Object(Config\Cache), false)
 9 FCPATH\index.php(55): CodeIgniter\CodeIgniter->run()
CRITICAL - 2023-01-14 20:27:49 --> Undefined variable: nomor_anggota
in APPPATH\Views\dashboard\presensi.php on line 133.
 1 APPPATH\Views\dashboard\presensi.php(133): CodeIgniter\Debug\Exceptions->errorHandler(8, 'Undefined variable: nomor_anggota', 'APPPATH\\Views\\dashboard\\presensi.php', 133, [...])
 2 SYSTEMPATH\View\View.php(213): include('APPPATH\\Views\\dashboard\\presensi.php')
 3 SYSTEMPATH\View\View.php(216): CodeIgniter\View\View->CodeIgniter\View\{closure}()
 4 SYSTEMPATH\Common.php(1142): CodeIgniter\View\View->render('dashboard/presensi', [], true)
 5 APPPATH\Controllers\Dashboard.php(192): view('dashboard/presensi', [...])
 6 SYSTEMPATH\CodeIgniter.php(907): App\Controllers\Dashboard->presensi('5516')
 7 SYSTEMPATH\CodeIgniter.php(457): CodeIgniter\CodeIgniter->runController(Object(App\Controllers\Dashboard))
 8 SYSTEMPATH\CodeIgniter.php(340): CodeIgniter\CodeIgniter->handleRequest(null, Object(Config\Cache), false)
 9 FCPATH\index.php(55): CodeIgniter\CodeIgniter->run()
CRITICAL - 2023-01-14 20:28:32 --> Undefined variable: validation
in APPPATH\Views\dashboard\add_participant.php on line 45.
 1 APPPATH\Views\dashboard\add_participant.php(45): CodeIgniter\Debug\Exceptions->errorHandler(8, 'Undefined variable: validation', 'APPPATH\\Views\\dashboard\\add_participant.php', 45, [...])
 2 SYSTEMPATH\View\View.php(213): include('APPPATH\\Views\\dashboard\\add_participant.php')
 3 SYSTEMPATH\View\View.php(216): CodeIgniter\View\View->CodeIgniter\View\{closure}()
 4 SYSTEMPATH\Common.php(1142): CodeIgniter\View\View->render('dashboard/add_participant', [], true)
 5 APPPATH\Controllers\Dashboard.php(247): view('dashboard/add_participant', [...])
 6 SYSTEMPATH\CodeIgniter.php(907): App\Controllers\Dashboard->add_participant()
 7 SYSTEMPATH\CodeIgniter.php(457): CodeIgniter\CodeIgniter->runController(Object(App\Controllers\Dashboard))
 8 SYSTEMPATH\CodeIgniter.php(340): CodeIgniter\CodeIgniter->handleRequest(null, Object(Config\Cache), false)
 9 FCPATH\index.php(55): CodeIgniter\CodeIgniter->run()
CRITICAL - 2023-01-14 20:30:11 --> Too few arguments to function App\Controllers\Dashboard::add_participant(), 0 passed in D:\Coding\laragon\www\panelkopma\vendor\codeigniter4\framework\system\CodeIgniter.php on line 907 and exactly 1 expected
in APPPATH\Controllers\Dashboard.php on line 238.
 1 SYSTEMPATH\CodeIgniter.php(907): App\Controllers\Dashboard->add_participant()
 2 SYSTEMPATH\CodeIgniter.php(457): CodeIgniter\CodeIgniter->runController(Object(App\Controllers\Dashboard))
 3 SYSTEMPATH\CodeIgniter.php(340): CodeIgniter\CodeIgniter->handleRequest(null, Object(Config\Cache), false)
 4 FCPATH\index.php(55): CodeIgniter\CodeIgniter->run()
CRITICAL - 2023-01-14 20:32:55 --> Undefined index: id_data
in APPPATH\Controllers\Dashboard.php on line 257.
 1 APPPATH\Controllers\Dashboard.php(257): CodeIgniter\Debug\Exceptions->errorHandler(8, 'Undefined index: id_data', 'APPPATH\\Controllers\\Dashboard.php', 257, [...])
 2 SYSTEMPATH\CodeIgniter.php(907): App\Controllers\Dashboard->submit_presensi()
 3 SYSTEMPATH\CodeIgniter.php(457): CodeIgniter\CodeIgniter->runController(Object(App\Controllers\Dashboard))
 4 SYSTEMPATH\CodeIgniter.php(340): CodeIgniter\CodeIgniter->handleRequest(null, Object(Config\Cache), false)
 5 FCPATH\index.php(55): CodeIgniter\CodeIgniter->run()
CRITICAL - 2023-01-14 20:52:33 --> Argument 2 passed to App\Controllers\Api::respond() must be of the type int or null, string given, called in D:\Coding\laragon\www\panelkopma\app\Controllers\Api.php on line 80
in SYSTEMPATH\API\ResponseTrait.php on line 90.
 1 APPPATH\Controllers\Api.php(80): App\Controllers\Api->respond([...], 'Berhasil Mendaftar')
 2 SYSTEMPATH\CodeIgniter.php(907): App\Controllers\Api->register()
 3 SYSTEMPATH\CodeIgniter.php(457): CodeIgniter\CodeIgniter->runController(Object(App\Controllers\Api))
 4 SYSTEMPATH\CodeIgniter.php(340): CodeIgniter\CodeIgniter->handleRequest(null, Object(Config\Cache), false)
 5 FCPATH\index.php(55): CodeIgniter\CodeIgniter->run()
CRITICAL - 2023-01-14 20:53:45 --> Argument 2 passed to App\Controllers\Api::respond() must be of the type int or null, string given, called in D:\Coding\laragon\www\panelkopma\app\Controllers\Api.php on line 80
in SYSTEMPATH\API\ResponseTrait.php on line 90.
 1 APPPATH\Controllers\Api.php(80): App\Controllers\Api->respond([...], 'Berhasil Mendaftar')
 2 SYSTEMPATH\CodeIgniter.php(907): App\Controllers\Api->register()
 3 SYSTEMPATH\CodeIgniter.php(457): CodeIgniter\CodeIgniter->runController(Object(App\Controllers\Api))
 4 SYSTEMPATH\CodeIgniter.php(340): CodeIgniter\CodeIgniter->handleRequest(null, Object(Config\Cache), false)
 5 FCPATH\index.php(55): CodeIgniter\CodeIgniter->run()
CRITICAL - 2023-01-14 21:06:33 --> Cannot use object of type App\Models\SiJukoAccount as array
in APPPATH\Controllers\Api.php on line 115.
 1 SYSTEMPATH\CodeIgniter.php(907): App\Controllers\Api->login()
 2 SYSTEMPATH\CodeIgniter.php(457): CodeIgniter\CodeIgniter->runController(Object(App\Controllers\Api))
 3 SYSTEMPATH\CodeIgniter.php(340): CodeIgniter\CodeIgniter->handleRequest(null, Object(Config\Cache), false)
 4 FCPATH\index.php(55): CodeIgniter\CodeIgniter->run()
CRITICAL - 2023-01-14 22:46:22 --> Call to undefined function in_groups()
in APPPATH\Views\dashboard\sidebar.php on line 50.
 1 SYSTEMPATH\View\View.php(213): include()
 2 SYSTEMPATH\View\View.php(216): CodeIgniter\View\View->CodeIgniter\View\{closure}()
 3 SYSTEMPATH\View\View.php(229): CodeIgniter\View\View->render('dashboard/sidebar', [], true)
 4 SYSTEMPATH\Common.php(1142): CodeIgniter\View\View->render('dashboard/index', [], true)
 5 APPPATH\Controllers\Dashboard.php(81): view('dashboard/index', [...])
 6 SYSTEMPATH\CodeIgniter.php(907): App\Controllers\Dashboard->index()
 7 SYSTEMPATH\CodeIgniter.php(457): CodeIgniter\CodeIgniter->runController(Object(App\Controllers\Dashboard))
 8 SYSTEMPATH\CodeIgniter.php(340): CodeIgniter\CodeIgniter->handleRequest(null, Object(Config\Cache), false)
 9 FCPATH\index.php(55): CodeIgniter\CodeIgniter->run()
CRITICAL - 2023-01-14 22:46:31 --> Call to undefined function in_groups()
in APPPATH\Views\dashboard\sidebar.php on line 50.
 1 SYSTEMPATH\View\View.php(213): include()
 2 SYSTEMPATH\View\View.php(216): CodeIgniter\View\View->CodeIgniter\View\{closure}()
 3 SYSTEMPATH\View\View.php(229): CodeIgniter\View\View->render('dashboard/sidebar', [], true)
 4 SYSTEMPATH\Common.php(1142): CodeIgniter\View\View->render('dashboard/index', [], true)
 5 APPPATH\Controllers\Dashboard.php(81): view('dashboard/index', [...])
 6 SYSTEMPATH\CodeIgniter.php(907): App\Controllers\Dashboard->index()
 7 SYSTEMPATH\CodeIgniter.php(457): CodeIgniter\CodeIgniter->runController(Object(App\Controllers\Dashboard))
 8 SYSTEMPATH\CodeIgniter.php(340): CodeIgniter\CodeIgniter->handleRequest(null, Object(Config\Cache), false)
 9 FCPATH\index.php(55): CodeIgniter\CodeIgniter->run()
CRITICAL - 2023-01-14 22:46:46 --> Call to undefined function in_groups()
in APPPATH\Views\dashboard\sidebar.php on line 50.
 1 SYSTEMPATH\View\View.php(213): include()
 2 SYSTEMPATH\View\View.php(216): CodeIgniter\View\View->CodeIgniter\View\{closure}()
 3 SYSTEMPATH\View\View.php(229): CodeIgniter\View\View->render('dashboard/sidebar', [], true)
 4 SYSTEMPATH\Common.php(1142): CodeIgniter\View\View->render('dashboard/index', [], true)
 5 APPPATH\Controllers\Dashboard.php(81): view('dashboard/index', [...])
 6 SYSTEMPATH\CodeIgniter.php(907): App\Controllers\Dashboard->index()
 7 SYSTEMPATH\CodeIgniter.php(457): CodeIgniter\CodeIgniter->runController(Object(App\Controllers\Dashboard))
 8 SYSTEMPATH\CodeIgniter.php(340): CodeIgniter\CodeIgniter->handleRequest(null, Object(Config\Cache), false)
 9 FCPATH\index.php(55): CodeIgniter\CodeIgniter->run()
CRITICAL - 2023-01-14 22:48:42 --> Call to undefined function user()
in APPPATH\Views\dashboard\sidebar.php on line 50.
 1 SYSTEMPATH\View\View.php(213): include()
 2 SYSTEMPATH\View\View.php(216): CodeIgniter\View\View->CodeIgniter\View\{closure}()
 3 SYSTEMPATH\View\View.php(229): CodeIgniter\View\View->render('dashboard/sidebar', [], true)
 4 SYSTEMPATH\Common.php(1142): CodeIgniter\View\View->render('dashboard/index', [], true)
 5 APPPATH\Controllers\Dashboard.php(81): view('dashboard/index', [...])
 6 SYSTEMPATH\CodeIgniter.php(907): App\Controllers\Dashboard->index()
 7 SYSTEMPATH\CodeIgniter.php(457): CodeIgniter\CodeIgniter->runController(Object(App\Controllers\Dashboard))
 8 SYSTEMPATH\CodeIgniter.php(340): CodeIgniter\CodeIgniter->handleRequest(null, Object(Config\Cache), false)
 9 FCPATH\index.php(55): CodeIgniter\CodeIgniter->run()
CRITICAL - 2023-01-14 22:49:12 --> Call to undefined function user()
in APPPATH\Views\dashboard\sidebar.php on line 50.
 1 SYSTEMPATH\View\View.php(213): include()
 2 SYSTEMPATH\View\View.php(216): CodeIgniter\View\View->CodeIgniter\View\{closure}()
 3 SYSTEMPATH\View\View.php(229): CodeIgniter\View\View->render('dashboard/sidebar', [], true)
 4 SYSTEMPATH\Common.php(1142): CodeIgniter\View\View->render('dashboard/index', [], true)
 5 APPPATH\Controllers\Dashboard.php(81): view('dashboard/index', [...])
 6 SYSTEMPATH\CodeIgniter.php(907): App\Controllers\Dashboard->index()
 7 SYSTEMPATH\CodeIgniter.php(457): CodeIgniter\CodeIgniter->runController(Object(App\Controllers\Dashboard))
 8 SYSTEMPATH\CodeIgniter.php(340): CodeIgniter\CodeIgniter->handleRequest(null, Object(Config\Cache), false)
 9 FCPATH\index.php(55): CodeIgniter\CodeIgniter->run()
CRITICAL - 2023-01-14 22:49:30 --> Call to undefined function user()
in APPPATH\Views\dashboard\sidebar.php on line 50.
 1 SYSTEMPATH\View\View.php(213): include()
 2 SYSTEMPATH\View\View.php(216): CodeIgniter\View\View->CodeIgniter\View\{closure}()
 3 SYSTEMPATH\View\View.php(229): CodeIgniter\View\View->render('dashboard/sidebar', [], true)
 4 SYSTEMPATH\Common.php(1142): CodeIgniter\View\View->render('dashboard/index', [], true)
 5 APPPATH\Controllers\Dashboard.php(81): view('dashboard/index', [...])
 6 SYSTEMPATH\CodeIgniter.php(907): App\Controllers\Dashboard->index()
 7 SYSTEMPATH\CodeIgniter.php(457): CodeIgniter\CodeIgniter->runController(Object(App\Controllers\Dashboard))
 8 SYSTEMPATH\CodeIgniter.php(340): CodeIgniter\CodeIgniter->handleRequest(null, Object(Config\Cache), false)
 9 FCPATH\index.php(55): CodeIgniter\CodeIgniter->run()
CRITICAL - 2023-01-14 22:49:55 --> Call to undefined function user()
in APPPATH\Views\dashboard\sidebar.php on line 50.
 1 SYSTEMPATH\View\View.php(213): include()
 2 SYSTEMPATH\View\View.php(216): CodeIgniter\View\View->CodeIgniter\View\{closure}()
 3 SYSTEMPATH\View\View.php(229): CodeIgniter\View\View->render('dashboard/sidebar', [], true)
 4 SYSTEMPATH\Common.php(1142): CodeIgniter\View\View->render('dashboard/index', [], true)
 5 APPPATH\Controllers\Dashboard.php(81): view('dashboard/index', [...])
 6 SYSTEMPATH\CodeIgniter.php(907): App\Controllers\Dashboard->index()
 7 SYSTEMPATH\CodeIgniter.php(457): CodeIgniter\CodeIgniter->runController(Object(App\Controllers\Dashboard))
 8 SYSTEMPATH\CodeIgniter.php(340): CodeIgniter\CodeIgniter->handleRequest(null, Object(Config\Cache), false)
 9 FCPATH\index.php(55): CodeIgniter\CodeIgniter->run()
CRITICAL - 2023-01-14 22:49:59 --> Call to undefined function user()
in APPPATH\Views\dashboard\sidebar.php on line 50.
 1 SYSTEMPATH\View\View.php(213): include()
 2 SYSTEMPATH\View\View.php(216): CodeIgniter\View\View->CodeIgniter\View\{closure}()
 3 SYSTEMPATH\View\View.php(229): CodeIgniter\View\View->render('dashboard/sidebar', [], true)
 4 SYSTEMPATH\Common.php(1142): CodeIgniter\View\View->render('dashboard/index', [], true)
 5 APPPATH\Controllers\Dashboard.php(81): view('dashboard/index', [...])
 6 SYSTEMPATH\CodeIgniter.php(907): App\Controllers\Dashboard->index()
 7 SYSTEMPATH\CodeIgniter.php(457): CodeIgniter\CodeIgniter->runController(Object(App\Controllers\Dashboard))
 8 SYSTEMPATH\CodeIgniter.php(340): CodeIgniter\CodeIgniter->handleRequest(null, Object(Config\Cache), false)
 9 FCPATH\index.php(55): CodeIgniter\CodeIgniter->run()
ERROR - 2023-01-14 23:30:57 --> mysqli_sql_exception: Unknown column 'username' in 'where clause' in D:\Coding\laragon\www\panelkopma\vendor\codeigniter4\framework\system\Database\MySQLi\Connection.php:292
Stack trace:
#0 D:\Coding\laragon\www\panelkopma\vendor\codeigniter4\framework\system\Database\MySQLi\Connection.php(292): mysqli->query('SELECT `nomor_a...', 0)
#1 D:\Coding\laragon\www\panelkopma\vendor\codeigniter4\framework\system\Database\BaseConnection.php(693): CodeIgniter\Database\MySQLi\Connection->execute('SELECT `nomor_a...')
#2 D:\Coding\laragon\www\panelkopma\vendor\codeigniter4\framework\system\Database\BaseConnection.php(620): CodeIgniter\Database\BaseConnection->simpleQuery('SELECT `nomor_a...')
#3 D:\Coding\laragon\www\panelkopma\vendor\codeigniter4\framework\system\Database\BaseBuilder.php(1585): CodeIgniter\Database\BaseConnection->query('SELECT `nomor_a...', Array, false)
#4 D:\Coding\laragon\www\panelkopma\vendor\codeigniter4\framework\system\Model.php(250): CodeIgniter\Database\BaseBuilder->get()
#5 D:\Coding\laragon\www\panelkopma\vendor\codeigniter4\framework\system\BaseModel.php(622): CodeIgniter\Model->doFirst()
#6 D:\Coding\laragon\www\panelkopma\app\Helpers\jwt_helper.php(35): CodeIgniter\BaseModel->first()
#7 D:\Coding\laragon\www\panelkopma\app\Controllers\AuthApi.php(125): createJWT('208321')
#8 D:\Coding\laragon\www\panelkopma\vendor\codeigniter4\framework\system\CodeIgniter.php(907): App\Controllers\AuthApi->login()
#9 D:\Coding\laragon\www\panelkopma\vendor\codeigniter4\framework\system\CodeIgniter.php(457): CodeIgniter\CodeIgniter->runController(Object(App\Controllers\AuthApi))
#10 D:\Coding\laragon\www\panelkopma\vendor\codeigniter4\framework\system\CodeIgniter.php(340): CodeIgniter\CodeIgniter->handleRequest(NULL, Object(Config\Cache), false)
#11 D:\Coding\laragon\www\panelkopma\public\index.php(55): CodeIgniter\CodeIgniter->run()
#12 {main}
CRITICAL - 2023-01-14 23:30:57 --> Unknown column 'username' in 'where clause'
in SYSTEMPATH\Database\MySQLi\Connection.php on line 292.
 1 SYSTEMPATH\Database\MySQLi\Connection.php(292): mysqli->query('SELECT `nomor_anggota`
FROM `data_anggota`
WHERE `username` = \'208321\'
AND `data_anggota`.`deleted_at` IS NULL
 LIMIT 1', 0)
 2 SYSTEMPATH\Database\BaseConnection.php(693): CodeIgniter\Database\MySQLi\Connection->execute('SELECT `nomor_anggota`
FROM `data_anggota`
WHERE `username` = \'208321\'
AND `data_anggota`.`deleted_at` IS NULL
 LIMIT 1')
 3 SYSTEMPATH\Database\BaseConnection.php(620): CodeIgniter\Database\BaseConnection->simpleQuery('SELECT `nomor_anggota`
FROM `data_anggota`
WHERE `username` = \'208321\'
AND `data_anggota`.`deleted_at` IS NULL
 LIMIT 1')
 4 SYSTEMPATH\Database\BaseBuilder.php(1585): CodeIgniter\Database\BaseConnection->query('SELECT `nomor_anggota`
FROM `data_anggota`
WHERE `username` = :username:
AND `data_anggota`.`deleted_at` IS NULL
 LIMIT 1', [...], false)
 5 SYSTEMPATH\Model.php(250): CodeIgniter\Database\BaseBuilder->get()
 6 SYSTEMPATH\BaseModel.php(622): CodeIgniter\Model->doFirst()
 7 APPPATH\Helpers\jwt_helper.php(35): CodeIgniter\BaseModel->first()
 8 APPPATH\Controllers\AuthApi.php(125): createJWT('208321')
 9 SYSTEMPATH\CodeIgniter.php(907): App\Controllers\AuthApi->login()
10 SYSTEMPATH\CodeIgniter.php(457): CodeIgniter\CodeIgniter->runController(Object(App\Controllers\AuthApi))
11 SYSTEMPATH\CodeIgniter.php(340): CodeIgniter\CodeIgniter->handleRequest(null, Object(Config\Cache), false)
12 FCPATH\index.php(55): CodeIgniter\CodeIgniter->run()
CRITICAL - 2023-01-14 23:31:19 --> Cannot use object of type App\Models\SiJukoAccount as array
in APPPATH\Helpers\jwt_helper.php on line 38.
 1 APPPATH\Controllers\AuthApi.php(125): createJWT('208321')
 2 SYSTEMPATH\CodeIgniter.php(907): App\Controllers\AuthApi->login()
 3 SYSTEMPATH\CodeIgniter.php(457): CodeIgniter\CodeIgniter->runController(Object(App\Controllers\AuthApi))
 4 SYSTEMPATH\CodeIgniter.php(340): CodeIgniter\CodeIgniter->handleRequest(null, Object(Config\Cache), false)
 5 FCPATH\index.php(55): CodeIgniter\CodeIgniter->run()
