CRITICAL - 2022-12-26 18:47:58 --> Cannot use object of type Myth\Auth\Entities\User as array
in APPPATH\Views\auth\reset_password.php on line 26.
 1 SYSTEMPATH\View\View.php(213): include()
 2 SYSTEMPATH\View\View.php(216): CodeIgniter\View\View->CodeIgniter\View\{closure}()
 3 SYSTEMPATH\Common.php(1142): CodeIgniter\View\View->render('/auth/reset_password', [], true)
 4 APPPATH\Controllers\Admin.php(57): view('/auth/reset_password', [...])
 5 SYSTEMPATH\CodeIgniter.php(907): App\Controllers\Admin->reset_password()
 6 SYSTEMPATH\CodeIgniter.php(457): CodeIgniter\CodeIgniter->runController(Object(App\Controllers\Admin))
 7 SYSTEMPATH\CodeIgniter.php(340): CodeIgniter\CodeIgniter->handleRequest(null, Object(Config\Cache), false)
 8 FCPATH\index.php(55): CodeIgniter\CodeIgniter->run()
 9 SYSTEMPATH\Commands\Server\rewrite.php(43): require_once('FCPATH\\index.php')
CRITICAL - 2022-12-26 21:31:08 --> syntax error, unexpected '}'
in APPPATH\Models\UserModel.php on line 26.
 1 SYSTEMPATH\Autoloader\Autoloader.php(259): CodeIgniter\Autoloader\Autoloader->includeFile('APPPATH\\Models\\UserModel.php')
 2 SYSTEMPATH\Autoloader\Autoloader.php(237): CodeIgniter\Autoloader\Autoloader->loadInNamespace('App\\Models\\UserModel')
 3 [internal function]: CodeIgniter\Autoloader\Autoloader->loadClass('App\\Models\\UserModel')
 4 [internal function]: spl_autoload_call('App\\Models\\UserModel')
 5 SYSTEMPATH\Config\Factories.php(152): class_exists('App\\Models\\UserModel')
 6 SYSTEMPATH\Config\Factories.php(122): CodeIgniter\Config\Factories::locateClass([...], 'Myth\\Auth\\Models\\UserModel')
 7 SYSTEMPATH\Config\Factories.php(83): CodeIgniter\Config\Factories::__callStatic('models', [...])
 8 SYSTEMPATH\Common.php(817): CodeIgniter\Config\Factories::models('Myth\\Auth\\Models\\UserModel', [...], null)
 9 VENDORPATH\myth\auth\src\Config\Services.php(27): model('Myth\\Auth\\Models\\UserModel')
10 SYSTEMPATH\Config\BaseService.php(253): Myth\Auth\Config\Services::authentication('local', null, null, false)
11 SYSTEMPATH\Config\BaseService.php(194): CodeIgniter\Config\BaseService::__callStatic('authentication', [...])
12 VENDORPATH\myth\auth\src\Config\Services.php(24): CodeIgniter\Config\BaseService::getSharedInstance('authentication', 'local', null, null)
13 SYSTEMPATH\Config\BaseService.php(253): Myth\Auth\Config\Services::authentication()
14 SYSTEMPATH\Common.php(967): CodeIgniter\Config\BaseService::__callStatic('authentication', [])
15 VENDORPATH\myth\auth\src\Filters\BaseFilter.php(42): service('authentication')
16 SYSTEMPATH\Filters\Filters.php(166): Myth\Auth\Filters\BaseFilter->__construct()
17 SYSTEMPATH\CodeIgniter.php(431): CodeIgniter\Filters\Filters->run('admin/add_user', 'before')
18 SYSTEMPATH\CodeIgniter.php(340): CodeIgniter\CodeIgniter->handleRequest(null, Object(Config\Cache), false)
19 FCPATH\index.php(55): CodeIgniter\CodeIgniter->run()
20 SYSTEMPATH\Commands\Server\rewrite.php(43): require_once('FCPATH\\index.php')
CRITICAL - 2022-12-26 21:31:11 --> syntax error, unexpected '}'
in APPPATH\Models\UserModel.php on line 26.
 1 SYSTEMPATH\Autoloader\Autoloader.php(259): CodeIgniter\Autoloader\Autoloader->includeFile('APPPATH\\Models\\UserModel.php')
 2 SYSTEMPATH\Autoloader\Autoloader.php(237): CodeIgniter\Autoloader\Autoloader->loadInNamespace('App\\Models\\UserModel')
 3 [internal function]: CodeIgniter\Autoloader\Autoloader->loadClass('App\\Models\\UserModel')
 4 [internal function]: spl_autoload_call('App\\Models\\UserModel')
 5 SYSTEMPATH\Config\Factories.php(152): class_exists('App\\Models\\UserModel')
 6 SYSTEMPATH\Config\Factories.php(122): CodeIgniter\Config\Factories::locateClass([...], 'Myth\\Auth\\Models\\UserModel')
 7 SYSTEMPATH\Config\Factories.php(83): CodeIgniter\Config\Factories::__callStatic('models', [...])
 8 SYSTEMPATH\Common.php(817): CodeIgniter\Config\Factories::models('Myth\\Auth\\Models\\UserModel', [...], null)
 9 VENDORPATH\myth\auth\src\Config\Services.php(27): model('Myth\\Auth\\Models\\UserModel')
10 SYSTEMPATH\Config\BaseService.php(253): Myth\Auth\Config\Services::authentication('local', null, null, false)
11 SYSTEMPATH\Config\BaseService.php(194): CodeIgniter\Config\BaseService::__callStatic('authentication', [...])
12 VENDORPATH\myth\auth\src\Config\Services.php(24): CodeIgniter\Config\BaseService::getSharedInstance('authentication', 'local', null, null)
13 SYSTEMPATH\Config\BaseService.php(253): Myth\Auth\Config\Services::authentication()
14 SYSTEMPATH\Common.php(967): CodeIgniter\Config\BaseService::__callStatic('authentication', [])
15 VENDORPATH\myth\auth\src\Filters\BaseFilter.php(42): service('authentication')
16 SYSTEMPATH\Filters\Filters.php(166): Myth\Auth\Filters\BaseFilter->__construct()
17 SYSTEMPATH\CodeIgniter.php(431): CodeIgniter\Filters\Filters->run('admin/data_user', 'before')
18 SYSTEMPATH\CodeIgniter.php(340): CodeIgniter\CodeIgniter->handleRequest(null, Object(Config\Cache), false)
19 FCPATH\index.php(55): CodeIgniter\CodeIgniter->run()
20 SYSTEMPATH\Commands\Server\rewrite.php(43): require_once('FCPATH\\index.php')
CRITICAL - 2022-12-26 21:42:36 --> Undefined variable: role
in APPPATH\Views\auth\register.php on line 60.
 1 APPPATH\Views\auth\register.php(60): CodeIgniter\Debug\Exceptions->errorHandler(8, 'Undefined variable: role', 'APPPATH\\Views\\auth\\register.php', 60, [...])
 2 SYSTEMPATH\View\View.php(213): include('APPPATH\\Views\\auth\\register.php')
 3 SYSTEMPATH\View\View.php(216): CodeIgniter\View\View->CodeIgniter\View\{closure}()
 4 SYSTEMPATH\Common.php(1142): CodeIgniter\View\View->render('/auth/register', [], true)
 5 APPPATH\Controllers\Admin.php(51): view('/auth/register', [...])
 6 SYSTEMPATH\CodeIgniter.php(907): App\Controllers\Admin->add_user()
 7 SYSTEMPATH\CodeIgniter.php(457): CodeIgniter\CodeIgniter->runController(Object(App\Controllers\Admin))
 8 SYSTEMPATH\CodeIgniter.php(340): CodeIgniter\CodeIgniter->handleRequest(null, Object(Config\Cache), false)
 9 FCPATH\index.php(55): CodeIgniter\CodeIgniter->run()
10 SYSTEMPATH\Commands\Server\rewrite.php(43): require_once('FCPATH\\index.php')
