ERROR - 2025-09-04 17:19:19 --> Error connecting to the database: mysqli_sql_exception: Connection refused in /home/u0715251/panel_kopma/vendor/codeigniter4/framework/system/Database/MySQLi/Connection.php:171
Stack trace:
#0 /home/u0715251/panel_kopma/vendor/codeigniter4/framework/system/Database/MySQLi/Connection.php(171): mysqli->real_connect('127.0.0.1', 'u0715251_regfor...', 'SemangatPagi', 'u0715251_anggot...', 3306, '', 0)
#1 /home/u0715251/panel_kopma/vendor/codeigniter4/framework/system/Database/BaseConnection.php(382): CodeIgniter\Database\MySQLi\Connection->connect(false)
#2 /home/u0715251/panel_kopma/vendor/codeigniter4/framework/system/Database/BaseConnection.php(588): CodeIgniter\Database\BaseConnection->initialize()
#3 /home/u0715251/panel_kopma/vendor/codeigniter4/framework/system/Database/BaseBuilder.php(1585): CodeIgniter\Database\BaseConnection->query('SELECT *\nFROM `...', Array, false)
#4 /home/u0715251/panel_kopma/vendor/codeigniter4/framework/system/Model.php(250): CodeIgniter\Database\BaseBuilder->get()
#5 /home/u0715251/panel_kopma/vendor/codeigniter4/framework/system/BaseModel.php(622): CodeIgniter\Model->doFirst()
#6 /home/u0715251/panel_kopma/app/Controllers/Api.php(125): CodeIgniter\BaseModel->first()
#7 /home/u0715251/panel_kopma/vendor/codeigniter4/framework/system/CodeIgniter.php(907): App\Controllers\Api->get_simpanan_poin()
#8 /home/u0715251/panel_kopma/vendor/codeigniter4/framework/system/CodeIgniter.php(457): CodeIgniter\CodeIgniter->runController(Object(App\Controllers\Api))
#9 /home/u0715251/panel_kopma/vendor/codeigniter4/framework/system/CodeIgniter.php(340): CodeIgniter\CodeIgniter->handleRequest(NULL, Object(Config\Cache), false)
#10 /home/u0715251/public_html/panel/index.php(55): CodeIgniter\CodeIgniter->run()
#11 {main}

Next CodeIgniter\Database\Exceptions\DatabaseException: Connection refused in /home/u0715251/panel_kopma/vendor/codeigniter4/framework/system/Database/MySQLi/Connection.php:215
Stack trace:
#0 /home/u0715251/panel_kopma/vendor/codeigniter4/framework/system/Database/BaseConnection.php(382): CodeIgniter\Database\MySQLi\Connection->connect(false)
#1 /home/u0715251/panel_kopma/vendor/codeigniter4/framework/system/Database/BaseConnection.php(588): CodeIgniter\Database\BaseConnection->initialize()
#2 /home/u0715251/panel_kopma/vendor/codeigniter4/framework/system/Database/BaseBuilder.php(1585): CodeIgniter\Database\BaseConnection->query('SELECT *\nFROM `...', Array, false)
#3 /home/u0715251/panel_kopma/vendor/codeigniter4/framework/system/Model.php(250): CodeIgniter\Database\BaseBuilder->get()
#4 /home/u0715251/panel_kopma/vendor/codeigniter4/framework/system/BaseModel.php(622): CodeIgniter\Model->doFirst()
#5 /home/u0715251/panel_kopma/app/Controllers/Api.php(125): CodeIgniter\BaseModel->first()
#6 /home/u0715251/panel_kopma/vendor/codeigniter4/framework/system/CodeIgniter.php(907): App\Controllers\Api->get_simpanan_poin()
#7 /home/u0715251/panel_kopma/vendor/codeigniter4/framework/system/CodeIgniter.php(457): CodeIgniter\CodeIgniter->runController(Object(App\Controllers\Api))
#8 /home/u0715251/panel_kopma/vendor/codeigniter4/framework/system/CodeIgniter.php(340): CodeIgniter\CodeIgniter->handleRequest(NULL, Object(Config\Cache), false)
#9 /home/u0715251/public_html/panel/index.php(55): CodeIgniter\CodeIgniter->run()
#10 {main}
CRITICAL - 2025-09-04 17:19:19 --> Unable to connect to the database.
Main connection [MySQLi]: Connection refused
in SYSTEMPATH/Database/BaseConnection.php on line 418.
 1 SYSTEMPATH/Database/BaseConnection.php(588): CodeIgniter\Database\BaseConnection->initialize()
 2 SYSTEMPATH/Database/BaseBuilder.php(1585): CodeIgniter\Database\BaseConnection->query('SELECT *
FROM `data_simpanan`
WHERE `nomor_anggota` = :nomor_anggota:
 LIMIT 1', [...], false)
 3 SYSTEMPATH/Model.php(250): CodeIgniter\Database\BaseBuilder->get()
 4 SYSTEMPATH/BaseModel.php(622): CodeIgniter\Model->doFirst()
 5 APPPATH/Controllers/Api.php(125): CodeIgniter\BaseModel->first()
 6 SYSTEMPATH/CodeIgniter.php(907): App\Controllers\Api->get_simpanan_poin()
 7 SYSTEMPATH/CodeIgniter.php(457): CodeIgniter\CodeIgniter->runController(Object(App\Controllers\Api))
 8 SYSTEMPATH/CodeIgniter.php(340): CodeIgniter\CodeIgniter->handleRequest(null, Object(Config\Cache), false)
 9 FCPATH/index.php(55): CodeIgniter\CodeIgniter->run()
ERROR - 2025-09-04 23:47:41 --> Error connecting to the database: mysqli_sql_exception: Unknown database 'panel_ori' in D:\Project\CodeIgniter\Full Panel dr CPANEL\panel_kopma\vendor\codeigniter4\framework\system\Database\MySQLi\Connection.php:170
Stack trace:
#0 D:\Project\CodeIgniter\Full Panel dr CPANEL\panel_kopma\vendor\codeigniter4\framework\system\Database\MySQLi\Connection.php(170): mysqli->real_connect()
#1 D:\Project\CodeIgniter\Full Panel dr CPANEL\panel_kopma\vendor\codeigniter4\framework\system\Database\BaseConnection.php(382): CodeIgniter\Database\MySQLi\Connection->connect()
#2 D:\Project\CodeIgniter\Full Panel dr CPANEL\panel_kopma\vendor\codeigniter4\framework\system\Database\BaseConnection.php(588): CodeIgniter\Database\BaseConnection->initialize()
#3 D:\Project\CodeIgniter\Full Panel dr CPANEL\panel_kopma\vendor\codeigniter4\framework\system\Database\BaseBuilder.php(1585): CodeIgniter\Database\BaseConnection->query()
#4 D:\Project\CodeIgniter\Full Panel dr CPANEL\panel_kopma\vendor\codeigniter4\framework\system\Model.php(250): CodeIgniter\Database\BaseBuilder->get()
#5 D:\Project\CodeIgniter\Full Panel dr CPANEL\panel_kopma\vendor\codeigniter4\framework\system\BaseModel.php(622): CodeIgniter\Model->doFirst()
#6 D:\Project\CodeIgniter\Full Panel dr CPANEL\panel_kopma\vendor\myth\auth\src\Authentication\LocalAuthenticator.php(140): CodeIgniter\BaseModel->first()
#7 D:\Project\CodeIgniter\Full Panel dr CPANEL\panel_kopma\vendor\myth\auth\src\Authentication\LocalAuthenticator.php(19): Myth\Auth\Authentication\LocalAuthenticator->validate()
#8 D:\Project\CodeIgniter\Full Panel dr CPANEL\panel_kopma\vendor\myth\auth\src\Controllers\AuthController.php(91): Myth\Auth\Authentication\LocalAuthenticator->attempt()
#9 D:\Project\CodeIgniter\Full Panel dr CPANEL\panel_kopma\vendor\codeigniter4\framework\system\CodeIgniter.php(907): Myth\Auth\Controllers\AuthController->attemptLogin()
#10 D:\Project\CodeIgniter\Full Panel dr CPANEL\panel_kopma\vendor\codeigniter4\framework\system\CodeIgniter.php(457): CodeIgniter\CodeIgniter->runController()
#11 D:\Project\CodeIgniter\Full Panel dr CPANEL\panel_kopma\vendor\codeigniter4\framework\system\CodeIgniter.php(340): CodeIgniter\CodeIgniter->handleRequest()
#12 D:\Project\CodeIgniter\Full Panel dr CPANEL\panel_kopma\public\index.php(55): CodeIgniter\CodeIgniter->run()
#13 D:\Project\CodeIgniter\Full Panel dr CPANEL\panel_kopma\vendor\codeigniter4\framework\system\Commands\Server\rewrite.php(43): require_once('...')
#14 {main}

Next CodeIgniter\Database\Exceptions\DatabaseException: Unknown database 'panel_ori' in D:\Project\CodeIgniter\Full Panel dr CPANEL\panel_kopma\vendor\codeigniter4\framework\system\Database\MySQLi\Connection.php:215
Stack trace:
#0 D:\Project\CodeIgniter\Full Panel dr CPANEL\panel_kopma\vendor\codeigniter4\framework\system\Database\BaseConnection.php(382): CodeIgniter\Database\MySQLi\Connection->connect()
#1 D:\Project\CodeIgniter\Full Panel dr CPANEL\panel_kopma\vendor\codeigniter4\framework\system\Database\BaseConnection.php(588): CodeIgniter\Database\BaseConnection->initialize()
#2 D:\Project\CodeIgniter\Full Panel dr CPANEL\panel_kopma\vendor\codeigniter4\framework\system\Database\BaseBuilder.php(1585): CodeIgniter\Database\BaseConnection->query()
#3 D:\Project\CodeIgniter\Full Panel dr CPANEL\panel_kopma\vendor\codeigniter4\framework\system\Model.php(250): CodeIgniter\Database\BaseBuilder->get()
#4 D:\Project\CodeIgniter\Full Panel dr CPANEL\panel_kopma\vendor\codeigniter4\framework\system\BaseModel.php(622): CodeIgniter\Model->doFirst()
#5 D:\Project\CodeIgniter\Full Panel dr CPANEL\panel_kopma\vendor\myth\auth\src\Authentication\LocalAuthenticator.php(140): CodeIgniter\BaseModel->first()
#6 D:\Project\CodeIgniter\Full Panel dr CPANEL\panel_kopma\vendor\myth\auth\src\Authentication\LocalAuthenticator.php(19): Myth\Auth\Authentication\LocalAuthenticator->validate()
#7 D:\Project\CodeIgniter\Full Panel dr CPANEL\panel_kopma\vendor\myth\auth\src\Controllers\AuthController.php(91): Myth\Auth\Authentication\LocalAuthenticator->attempt()
#8 D:\Project\CodeIgniter\Full Panel dr CPANEL\panel_kopma\vendor\codeigniter4\framework\system\CodeIgniter.php(907): Myth\Auth\Controllers\AuthController->attemptLogin()
#9 D:\Project\CodeIgniter\Full Panel dr CPANEL\panel_kopma\vendor\codeigniter4\framework\system\CodeIgniter.php(457): CodeIgniter\CodeIgniter->runController()
#10 D:\Project\CodeIgniter\Full Panel dr CPANEL\panel_kopma\vendor\codeigniter4\framework\system\CodeIgniter.php(340): CodeIgniter\CodeIgniter->handleRequest()
#11 D:\Project\CodeIgniter\Full Panel dr CPANEL\panel_kopma\public\index.php(55): CodeIgniter\CodeIgniter->run()
#12 D:\Project\CodeIgniter\Full Panel dr CPANEL\panel_kopma\vendor\codeigniter4\framework\system\Commands\Server\rewrite.php(43): require_once('...')
#13 {main}
CRITICAL - 2025-09-04 23:47:41 --> Unable to connect to the database.
Main connection [MySQLi]: Unknown database 'panel_ori'
in SYSTEMPATH\Database\BaseConnection.php on line 418.
 1 SYSTEMPATH\Database\BaseConnection.php(588): CodeIgniter\Database\BaseConnection->initialize()
 2 SYSTEMPATH\Database\BaseBuilder.php(1585): CodeIgniter\Database\BaseConnection->query()
 3 SYSTEMPATH\Model.php(250): CodeIgniter\Database\BaseBuilder->get()
 4 SYSTEMPATH\BaseModel.php(622): CodeIgniter\Model->doFirst()
 5 VENDORPATH\myth\auth\src\Authentication\LocalAuthenticator.php(140): CodeIgniter\BaseModel->first()
 6 VENDORPATH\myth\auth\src\Authentication\LocalAuthenticator.php(19): Myth\Auth\Authentication\LocalAuthenticator->validate()
 7 VENDORPATH\myth\auth\src\Controllers\AuthController.php(91): Myth\Auth\Authentication\LocalAuthenticator->attempt()
 8 SYSTEMPATH\CodeIgniter.php(907): Myth\Auth\Controllers\AuthController->attemptLogin()
 9 SYSTEMPATH\CodeIgniter.php(457): CodeIgniter\CodeIgniter->runController()
10 SYSTEMPATH\CodeIgniter.php(340): CodeIgniter\CodeIgniter->handleRequest()
11 FCPATH\index.php(55): CodeIgniter\CodeIgniter->run()
12 SYSTEMPATH\Commands\Server\rewrite.php(43): require_once('FCPATH\\index.php')
ERROR - 2025-09-04 23:48:20 --> mysqli_sql_exception: Table 'panel_ori.users' doesn't exist in D:\Project\CodeIgniter\Full Panel dr CPANEL\panel_kopma\vendor\codeigniter4\framework\system\Database\MySQLi\Connection.php:292
Stack trace:
#0 D:\Project\CodeIgniter\Full Panel dr CPANEL\panel_kopma\vendor\codeigniter4\framework\system\Database\MySQLi\Connection.php(292): mysqli->query()
#1 D:\Project\CodeIgniter\Full Panel dr CPANEL\panel_kopma\vendor\codeigniter4\framework\system\Database\BaseConnection.php(693): CodeIgniter\Database\MySQLi\Connection->execute()
#2 D:\Project\CodeIgniter\Full Panel dr CPANEL\panel_kopma\vendor\codeigniter4\framework\system\Database\BaseConnection.php(620): CodeIgniter\Database\BaseConnection->simpleQuery()
#3 D:\Project\CodeIgniter\Full Panel dr CPANEL\panel_kopma\vendor\codeigniter4\framework\system\Database\BaseBuilder.php(1585): CodeIgniter\Database\BaseConnection->query()
#4 D:\Project\CodeIgniter\Full Panel dr CPANEL\panel_kopma\vendor\codeigniter4\framework\system\Model.php(250): CodeIgniter\Database\BaseBuilder->get()
#5 D:\Project\CodeIgniter\Full Panel dr CPANEL\panel_kopma\vendor\codeigniter4\framework\system\BaseModel.php(622): CodeIgniter\Model->doFirst()
#6 D:\Project\CodeIgniter\Full Panel dr CPANEL\panel_kopma\vendor\myth\auth\src\Authentication\LocalAuthenticator.php(140): CodeIgniter\BaseModel->first()
#7 D:\Project\CodeIgniter\Full Panel dr CPANEL\panel_kopma\vendor\myth\auth\src\Authentication\LocalAuthenticator.php(19): Myth\Auth\Authentication\LocalAuthenticator->validate()
#8 D:\Project\CodeIgniter\Full Panel dr CPANEL\panel_kopma\vendor\myth\auth\src\Controllers\AuthController.php(91): Myth\Auth\Authentication\LocalAuthenticator->attempt()
#9 D:\Project\CodeIgniter\Full Panel dr CPANEL\panel_kopma\vendor\codeigniter4\framework\system\CodeIgniter.php(907): Myth\Auth\Controllers\AuthController->attemptLogin()
#10 D:\Project\CodeIgniter\Full Panel dr CPANEL\panel_kopma\vendor\codeigniter4\framework\system\CodeIgniter.php(457): CodeIgniter\CodeIgniter->runController()
#11 D:\Project\CodeIgniter\Full Panel dr CPANEL\panel_kopma\vendor\codeigniter4\framework\system\CodeIgniter.php(340): CodeIgniter\CodeIgniter->handleRequest()
#12 D:\Project\CodeIgniter\Full Panel dr CPANEL\panel_kopma\public\index.php(55): CodeIgniter\CodeIgniter->run()
#13 D:\Project\CodeIgniter\Full Panel dr CPANEL\panel_kopma\vendor\codeigniter4\framework\system\Commands\Server\rewrite.php(43): require_once('...')
#14 {main}
CRITICAL - 2025-09-04 23:48:20 --> Table 'panel_ori.users' doesn't exist
in SYSTEMPATH\Database\MySQLi\Connection.php on line 292.
 1 SYSTEMPATH\Database\MySQLi\Connection.php(292): mysqli->query()
 2 SYSTEMPATH\Database\BaseConnection.php(693): CodeIgniter\Database\MySQLi\Connection->execute()
 3 SYSTEMPATH\Database\BaseConnection.php(620): CodeIgniter\Database\BaseConnection->simpleQuery()
 4 SYSTEMPATH\Database\BaseBuilder.php(1585): CodeIgniter\Database\BaseConnection->query()
 5 SYSTEMPATH\Model.php(250): CodeIgniter\Database\BaseBuilder->get()
 6 SYSTEMPATH\BaseModel.php(622): CodeIgniter\Model->doFirst()
 7 VENDORPATH\myth\auth\src\Authentication\LocalAuthenticator.php(140): CodeIgniter\BaseModel->first()
 8 VENDORPATH\myth\auth\src\Authentication\LocalAuthenticator.php(19): Myth\Auth\Authentication\LocalAuthenticator->validate()
 9 VENDORPATH\myth\auth\src\Controllers\AuthController.php(91): Myth\Auth\Authentication\LocalAuthenticator->attempt()
10 SYSTEMPATH\CodeIgniter.php(907): Myth\Auth\Controllers\AuthController->attemptLogin()
11 SYSTEMPATH\CodeIgniter.php(457): CodeIgniter\CodeIgniter->runController()
12 SYSTEMPATH\CodeIgniter.php(340): CodeIgniter\CodeIgniter->handleRequest()
13 FCPATH\index.php(55): CodeIgniter\CodeIgniter->run()
14 SYSTEMPATH\Commands\Server\rewrite.php(43): require_once('FCPATH\\index.php')
