CRITICAL - 2023-01-11 15:25:04 --> Undefined index: nama
in APPPATH\Controllers\Psda.php on line 319.
 1 APPPATH\Controllers\Psda.php(319): CodeIgniter\Debug\Exceptions->errorHandler(8, 'Undefined index: nama', 'APPPATH\\Controllers\\Psda.php', 319, [...])
 2 SYSTEMPATH\CodeIgniter.php(907): App\Controllers\Psda->upload_anggota()
 3 SYSTEMPATH\CodeIgniter.php(457): CodeIgniter\CodeIgniter->runController(Object(App\Controllers\Psda))
 4 SYSTEMPATH\CodeIgniter.php(340): CodeIgniter\CodeIgniter->handleRequest(null, Object(Config\Cache), false)
 5 FCPATH\index.php(55): CodeIgniter\CodeIgniter->run()
CRITICAL - 2023-01-11 15:32:21 --> syntax error, unexpected ''gagal'' (T_CONSTANT_ENCAPSED_STRING), expecting variable (T_VARIABLE) or '{' or '$'
in APPPATH\Controllers\Psda.php on line 304.
 1 SYSTEMPATH\Router\Router.php(499): CodeIgniter\Router\AutoRouter->getRoute('psda/upload_anggota')
 2 SYSTEMPATH\Router\Router.php(205): CodeIgniter\Router\Router->autoRoute('psda/upload_anggota')
 3 SYSTEMPATH\CodeIgniter.php(782): CodeIgniter\Router\Router->handle('psda/upload_anggota')
 4 SYSTEMPATH\CodeIgniter.php(406): CodeIgniter\CodeIgniter->tryToRouteIt(Object(CodeIgniter\Router\RouteCollection))
 5 SYSTEMPATH\CodeIgniter.php(340): CodeIgniter\CodeIgniter->handleRequest(null, Object(Config\Cache), false)
 6 FCPATH\index.php(55): CodeIgniter\CodeIgniter->run()
ERROR - 2023-01-11 15:39:51 --> mysqli_sql_exception: Duplicate entry '2083/Kopma_UL/21' for key 'data_simpanan.PRIMARY' in D:\Coding\laragon\www\panelkopma\vendor\codeigniter4\framework\system\Database\MySQLi\Connection.php:292
Stack trace:
#0 D:\Coding\laragon\www\panelkopma\vendor\codeigniter4\framework\system\Database\MySQLi\Connection.php(292): mysqli->query('INSERT INTO `da...', 0)
#1 D:\Coding\laragon\www\panelkopma\vendor\codeigniter4\framework\system\Database\BaseConnection.php(693): CodeIgniter\Database\MySQLi\Connection->execute('INSERT INTO `da...')
#2 D:\Coding\laragon\www\panelkopma\vendor\codeigniter4\framework\system\Database\BaseConnection.php(620): CodeIgniter\Database\BaseConnection->simpleQuery('INSERT INTO `da...')
#3 D:\Coding\laragon\www\panelkopma\vendor\codeigniter4\framework\system\Database\BaseBuilder.php(1916): CodeIgniter\Database\BaseConnection->query('INSERT INTO `da...', Array, false)
#4 D:\Coding\laragon\www\panelkopma\vendor\codeigniter4\framework\system\Model.php(279): CodeIgniter\Database\BaseBuilder->insert()
#5 D:\Coding\laragon\www\panelkopma\vendor\codeigniter4\framework\system\BaseModel.php(738): CodeIgniter\Model->doInsert(Array)
#6 D:\Coding\laragon\www\panelkopma\vendor\codeigniter4\framework\system\Model.php(667): CodeIgniter\BaseModel->insert(Array, false)
#7 D:\Coding\laragon\www\panelkopma\app\Controllers\Psda.php(311): CodeIgniter\Model->insert(Array, false)
#8 D:\Coding\laragon\www\panelkopma\vendor\codeigniter4\framework\system\CodeIgniter.php(907): App\Controllers\Psda->upload_anggota()
#9 D:\Coding\laragon\www\panelkopma\vendor\codeigniter4\framework\system\CodeIgniter.php(457): CodeIgniter\CodeIgniter->runController(Object(App\Controllers\Psda))
#10 D:\Coding\laragon\www\panelkopma\vendor\codeigniter4\framework\system\CodeIgniter.php(340): CodeIgniter\CodeIgniter->handleRequest(NULL, Object(Config\Cache), false)
#11 D:\Coding\laragon\www\panelkopma\public\index.php(55): CodeIgniter\CodeIgniter->run()
#12 {main}
CRITICAL - 2023-01-11 15:39:51 --> Duplicate entry '2083/Kopma_UL/21' for key 'data_simpanan.PRIMARY'
in SYSTEMPATH\Database\MySQLi\Connection.php on line 292.
 1 SYSTEMPATH\Database\MySQLi\Connection.php(292): mysqli->query('INSERT INTO `data_simpanan` (`simpanan_pokok`, `simpanan_wajib`, `nomor_anggota`, `created_at`, `updated_at`) VALUES (0, 0, \'2083/Kopma_UL/21\', \'2023-01-11 15:39:51\', \'2023-01-11 15:39:51\')', 0)
 2 SYSTEMPATH\Database\BaseConnection.php(693): CodeIgniter\Database\MySQLi\Connection->execute('INSERT INTO `data_simpanan` (`simpanan_pokok`, `simpanan_wajib`, `nomor_anggota`, `created_at`, `updated_at`) VALUES (0, 0, \'2083/Kopma_UL/21\', \'2023-01-11 15:39:51\', \'2023-01-11 15:39:51\')')
 3 SYSTEMPATH\Database\BaseConnection.php(620): CodeIgniter\Database\BaseConnection->simpleQuery('INSERT INTO `data_simpanan` (`simpanan_pokok`, `simpanan_wajib`, `nomor_anggota`, `created_at`, `updated_at`) VALUES (0, 0, \'2083/Kopma_UL/21\', \'2023-01-11 15:39:51\', \'2023-01-11 15:39:51\')')
 4 SYSTEMPATH\Database\BaseBuilder.php(1916): CodeIgniter\Database\BaseConnection->query('INSERT INTO `data_simpanan` (`simpanan_pokok`, `simpanan_wajib`, `nomor_anggota`, `created_at`, `updated_at`) VALUES (:simpanan_pokok:, :simpanan_wajib:, :nomor_anggota:, :created_at:, :updated_at:)', [...], false)
 5 SYSTEMPATH\Model.php(279): CodeIgniter\Database\BaseBuilder->insert()
 6 SYSTEMPATH\BaseModel.php(738): CodeIgniter\Model->doInsert([...])
 7 SYSTEMPATH\Model.php(667): CodeIgniter\BaseModel->insert([...], false)
 8 APPPATH\Controllers\Psda.php(311): CodeIgniter\Model->insert([...], false)
 9 SYSTEMPATH\CodeIgniter.php(907): App\Controllers\Psda->upload_anggota()
10 SYSTEMPATH\CodeIgniter.php(457): CodeIgniter\CodeIgniter->runController(Object(App\Controllers\Psda))
11 SYSTEMPATH\CodeIgniter.php(340): CodeIgniter\CodeIgniter->handleRequest(null, Object(Config\Cache), false)
12 FCPATH\index.php(55): CodeIgniter\CodeIgniter->run()
ERROR - 2023-01-11 15:41:12 --> mysqli_sql_exception: Duplicate entry '2083/Kopma_UL/21' for key 'data_simpanan.PRIMARY' in D:\Coding\laragon\www\panelkopma\vendor\codeigniter4\framework\system\Database\MySQLi\Connection.php:292
Stack trace:
#0 D:\Coding\laragon\www\panelkopma\vendor\codeigniter4\framework\system\Database\MySQLi\Connection.php(292): mysqli->query('INSERT INTO `da...', 0)
#1 D:\Coding\laragon\www\panelkopma\vendor\codeigniter4\framework\system\Database\BaseConnection.php(693): CodeIgniter\Database\MySQLi\Connection->execute('INSERT INTO `da...')
#2 D:\Coding\laragon\www\panelkopma\vendor\codeigniter4\framework\system\Database\BaseConnection.php(620): CodeIgniter\Database\BaseConnection->simpleQuery('INSERT INTO `da...')
#3 D:\Coding\laragon\www\panelkopma\vendor\codeigniter4\framework\system\Database\BaseBuilder.php(1916): CodeIgniter\Database\BaseConnection->query('INSERT INTO `da...', Array, false)
#4 D:\Coding\laragon\www\panelkopma\vendor\codeigniter4\framework\system\Model.php(279): CodeIgniter\Database\BaseBuilder->insert()
#5 D:\Coding\laragon\www\panelkopma\vendor\codeigniter4\framework\system\BaseModel.php(738): CodeIgniter\Model->doInsert(Array)
#6 D:\Coding\laragon\www\panelkopma\vendor\codeigniter4\framework\system\Model.php(667): CodeIgniter\BaseModel->insert(Array, false)
#7 D:\Coding\laragon\www\panelkopma\app\Controllers\Psda.php(311): CodeIgniter\Model->insert(Array, false)
#8 D:\Coding\laragon\www\panelkopma\vendor\codeigniter4\framework\system\CodeIgniter.php(907): App\Controllers\Psda->upload_anggota()
#9 D:\Coding\laragon\www\panelkopma\vendor\codeigniter4\framework\system\CodeIgniter.php(457): CodeIgniter\CodeIgniter->runController(Object(App\Controllers\Psda))
#10 D:\Coding\laragon\www\panelkopma\vendor\codeigniter4\framework\system\CodeIgniter.php(340): CodeIgniter\CodeIgniter->handleRequest(NULL, Object(Config\Cache), false)
#11 D:\Coding\laragon\www\panelkopma\public\index.php(55): CodeIgniter\CodeIgniter->run()
#12 {main}
CRITICAL - 2023-01-11 15:41:12 --> Duplicate entry '2083/Kopma_UL/21' for key 'data_simpanan.PRIMARY'
in SYSTEMPATH\Database\MySQLi\Connection.php on line 292.
 1 SYSTEMPATH\Database\MySQLi\Connection.php(292): mysqli->query('INSERT INTO `data_simpanan` (`simpanan_pokok`, `simpanan_wajib`, `nomor_anggota`, `created_at`, `updated_at`) VALUES (0, 0, \'2083/Kopma_UL/21\', \'2023-01-11 15:41:12\', \'2023-01-11 15:41:12\')', 0)
 2 SYSTEMPATH\Database\BaseConnection.php(693): CodeIgniter\Database\MySQLi\Connection->execute('INSERT INTO `data_simpanan` (`simpanan_pokok`, `simpanan_wajib`, `nomor_anggota`, `created_at`, `updated_at`) VALUES (0, 0, \'2083/Kopma_UL/21\', \'2023-01-11 15:41:12\', \'2023-01-11 15:41:12\')')
 3 SYSTEMPATH\Database\BaseConnection.php(620): CodeIgniter\Database\BaseConnection->simpleQuery('INSERT INTO `data_simpanan` (`simpanan_pokok`, `simpanan_wajib`, `nomor_anggota`, `created_at`, `updated_at`) VALUES (0, 0, \'2083/Kopma_UL/21\', \'2023-01-11 15:41:12\', \'2023-01-11 15:41:12\')')
 4 SYSTEMPATH\Database\BaseBuilder.php(1916): CodeIgniter\Database\BaseConnection->query('INSERT INTO `data_simpanan` (`simpanan_pokok`, `simpanan_wajib`, `nomor_anggota`, `created_at`, `updated_at`) VALUES (:simpanan_pokok:, :simpanan_wajib:, :nomor_anggota:, :created_at:, :updated_at:)', [...], false)
 5 SYSTEMPATH\Model.php(279): CodeIgniter\Database\BaseBuilder->insert()
 6 SYSTEMPATH\BaseModel.php(738): CodeIgniter\Model->doInsert([...])
 7 SYSTEMPATH\Model.php(667): CodeIgniter\BaseModel->insert([...], false)
 8 APPPATH\Controllers\Psda.php(311): CodeIgniter\Model->insert([...], false)
 9 SYSTEMPATH\CodeIgniter.php(907): App\Controllers\Psda->upload_anggota()
10 SYSTEMPATH\CodeIgniter.php(457): CodeIgniter\CodeIgniter->runController(Object(App\Controllers\Psda))
11 SYSTEMPATH\CodeIgniter.php(340): CodeIgniter\CodeIgniter->handleRequest(null, Object(Config\Cache), false)
12 FCPATH\index.php(55): CodeIgniter\CodeIgniter->run()
ERROR - 2023-01-11 15:42:20 --> mysqli_sql_exception: Duplicate entry '' for key 'referal.PRIMARY' in D:\Coding\laragon\www\panelkopma\vendor\codeigniter4\framework\system\Database\MySQLi\Connection.php:292
Stack trace:
#0 D:\Coding\laragon\www\panelkopma\vendor\codeigniter4\framework\system\Database\MySQLi\Connection.php(292): mysqli->query('INSERT INTO `re...', 0)
#1 D:\Coding\laragon\www\panelkopma\vendor\codeigniter4\framework\system\Database\BaseConnection.php(693): CodeIgniter\Database\MySQLi\Connection->execute('INSERT INTO `re...')
#2 D:\Coding\laragon\www\panelkopma\vendor\codeigniter4\framework\system\Database\BaseConnection.php(620): CodeIgniter\Database\BaseConnection->simpleQuery('INSERT INTO `re...')
#3 D:\Coding\laragon\www\panelkopma\vendor\codeigniter4\framework\system\Database\BaseBuilder.php(1916): CodeIgniter\Database\BaseConnection->query('INSERT INTO `re...', Array, false)
#4 D:\Coding\laragon\www\panelkopma\vendor\codeigniter4\framework\system\Model.php(279): CodeIgniter\Database\BaseBuilder->insert()
#5 D:\Coding\laragon\www\panelkopma\vendor\codeigniter4\framework\system\BaseModel.php(738): CodeIgniter\Model->doInsert(Array)
#6 D:\Coding\laragon\www\panelkopma\vendor\codeigniter4\framework\system\Model.php(667): CodeIgniter\BaseModel->insert(Array, false)
#7 D:\Coding\laragon\www\panelkopma\app\Controllers\Psda.php(311): CodeIgniter\Model->insert(Array, false)
#8 D:\Coding\laragon\www\panelkopma\vendor\codeigniter4\framework\system\CodeIgniter.php(907): App\Controllers\Psda->upload_anggota()
#9 D:\Coding\laragon\www\panelkopma\vendor\codeigniter4\framework\system\CodeIgniter.php(457): CodeIgniter\CodeIgniter->runController(Object(App\Controllers\Psda))
#10 D:\Coding\laragon\www\panelkopma\vendor\codeigniter4\framework\system\CodeIgniter.php(340): CodeIgniter\CodeIgniter->handleRequest(NULL, Object(Config\Cache), false)
#11 D:\Coding\laragon\www\panelkopma\public\index.php(55): CodeIgniter\CodeIgniter->run()
#12 {main}
CRITICAL - 2023-01-11 15:42:20 --> Duplicate entry '' for key 'referal.PRIMARY'
in SYSTEMPATH\Database\MySQLi\Connection.php on line 292.
 1 SYSTEMPATH\Database\MySQLi\Connection.php(292): mysqli->query('INSERT INTO `referal` (`nomor_anggota`, `created_at`, `updated_at`) VALUES (\'2084/Kopma_UL/21\', \'2023-01-11 15:42:20\', \'2023-01-11 15:42:20\')', 0)
 2 SYSTEMPATH\Database\BaseConnection.php(693): CodeIgniter\Database\MySQLi\Connection->execute('INSERT INTO `referal` (`nomor_anggota`, `created_at`, `updated_at`) VALUES (\'2084/Kopma_UL/21\', \'2023-01-11 15:42:20\', \'2023-01-11 15:42:20\')')
 3 SYSTEMPATH\Database\BaseConnection.php(620): CodeIgniter\Database\BaseConnection->simpleQuery('INSERT INTO `referal` (`nomor_anggota`, `created_at`, `updated_at`) VALUES (\'2084/Kopma_UL/21\', \'2023-01-11 15:42:20\', \'2023-01-11 15:42:20\')')
 4 SYSTEMPATH\Database\BaseBuilder.php(1916): CodeIgniter\Database\BaseConnection->query('INSERT INTO `referal` (`nomor_anggota`, `created_at`, `updated_at`) VALUES (:nomor_anggota:, :created_at:, :updated_at:)', [...], false)
 5 SYSTEMPATH\Model.php(279): CodeIgniter\Database\BaseBuilder->insert()
 6 SYSTEMPATH\BaseModel.php(738): CodeIgniter\Model->doInsert([...])
 7 SYSTEMPATH\Model.php(667): CodeIgniter\BaseModel->insert([...], false)
 8 APPPATH\Controllers\Psda.php(311): CodeIgniter\Model->insert([...], false)
 9 SYSTEMPATH\CodeIgniter.php(907): App\Controllers\Psda->upload_anggota()
10 SYSTEMPATH\CodeIgniter.php(457): CodeIgniter\CodeIgniter->runController(Object(App\Controllers\Psda))
11 SYSTEMPATH\CodeIgniter.php(340): CodeIgniter\CodeIgniter->handleRequest(null, Object(Config\Cache), false)
12 FCPATH\index.php(55): CodeIgniter\CodeIgniter->run()
ERROR - 2023-01-11 15:43:15 --> mysqli_sql_exception: Duplicate entry '' for key 'referal.PRIMARY' in D:\Coding\laragon\www\panelkopma\vendor\codeigniter4\framework\system\Database\MySQLi\Connection.php:292
Stack trace:
#0 D:\Coding\laragon\www\panelkopma\vendor\codeigniter4\framework\system\Database\MySQLi\Connection.php(292): mysqli->query('INSERT INTO `re...', 0)
#1 D:\Coding\laragon\www\panelkopma\vendor\codeigniter4\framework\system\Database\BaseConnection.php(693): CodeIgniter\Database\MySQLi\Connection->execute('INSERT INTO `re...')
#2 D:\Coding\laragon\www\panelkopma\vendor\codeigniter4\framework\system\Database\BaseConnection.php(620): CodeIgniter\Database\BaseConnection->simpleQuery('INSERT INTO `re...')
#3 D:\Coding\laragon\www\panelkopma\vendor\codeigniter4\framework\system\Database\BaseBuilder.php(1916): CodeIgniter\Database\BaseConnection->query('INSERT INTO `re...', Array, false)
#4 D:\Coding\laragon\www\panelkopma\vendor\codeigniter4\framework\system\Model.php(279): CodeIgniter\Database\BaseBuilder->insert()
#5 D:\Coding\laragon\www\panelkopma\vendor\codeigniter4\framework\system\BaseModel.php(738): CodeIgniter\Model->doInsert(Array)
#6 D:\Coding\laragon\www\panelkopma\vendor\codeigniter4\framework\system\Model.php(667): CodeIgniter\BaseModel->insert(Array, false)
#7 D:\Coding\laragon\www\panelkopma\app\Controllers\Psda.php(311): CodeIgniter\Model->insert(Array, false)
#8 D:\Coding\laragon\www\panelkopma\vendor\codeigniter4\framework\system\CodeIgniter.php(907): App\Controllers\Psda->upload_anggota()
#9 D:\Coding\laragon\www\panelkopma\vendor\codeigniter4\framework\system\CodeIgniter.php(457): CodeIgniter\CodeIgniter->runController(Object(App\Controllers\Psda))
#10 D:\Coding\laragon\www\panelkopma\vendor\codeigniter4\framework\system\CodeIgniter.php(340): CodeIgniter\CodeIgniter->handleRequest(NULL, Object(Config\Cache), false)
#11 D:\Coding\laragon\www\panelkopma\public\index.php(55): CodeIgniter\CodeIgniter->run()
#12 {main}
CRITICAL - 2023-01-11 15:43:15 --> Duplicate entry '' for key 'referal.PRIMARY'
in SYSTEMPATH\Database\MySQLi\Connection.php on line 292.
 1 SYSTEMPATH\Database\MySQLi\Connection.php(292): mysqli->query('INSERT INTO `referal` (`nomor_anggota`, `created_at`, `updated_at`) VALUES (\'2084/Kopma_UL/21\', \'2023-01-11 15:43:15\', \'2023-01-11 15:43:15\')', 0)
 2 SYSTEMPATH\Database\BaseConnection.php(693): CodeIgniter\Database\MySQLi\Connection->execute('INSERT INTO `referal` (`nomor_anggota`, `created_at`, `updated_at`) VALUES (\'2084/Kopma_UL/21\', \'2023-01-11 15:43:15\', \'2023-01-11 15:43:15\')')
 3 SYSTEMPATH\Database\BaseConnection.php(620): CodeIgniter\Database\BaseConnection->simpleQuery('INSERT INTO `referal` (`nomor_anggota`, `created_at`, `updated_at`) VALUES (\'2084/Kopma_UL/21\', \'2023-01-11 15:43:15\', \'2023-01-11 15:43:15\')')
 4 SYSTEMPATH\Database\BaseBuilder.php(1916): CodeIgniter\Database\BaseConnection->query('INSERT INTO `referal` (`nomor_anggota`, `created_at`, `updated_at`) VALUES (:nomor_anggota:, :created_at:, :updated_at:)', [...], false)
 5 SYSTEMPATH\Model.php(279): CodeIgniter\Database\BaseBuilder->insert()
 6 SYSTEMPATH\BaseModel.php(738): CodeIgniter\Model->doInsert([...])
 7 SYSTEMPATH\Model.php(667): CodeIgniter\BaseModel->insert([...], false)
 8 APPPATH\Controllers\Psda.php(311): CodeIgniter\Model->insert([...], false)
 9 SYSTEMPATH\CodeIgniter.php(907): App\Controllers\Psda->upload_anggota()
10 SYSTEMPATH\CodeIgniter.php(457): CodeIgniter\CodeIgniter->runController(Object(App\Controllers\Psda))
11 SYSTEMPATH\CodeIgniter.php(340): CodeIgniter\CodeIgniter->handleRequest(null, Object(Config\Cache), false)
12 FCPATH\index.php(55): CodeIgniter\CodeIgniter->run()
ERROR - 2023-01-11 15:47:18 --> mysqli_sql_exception: Duplicate entry '' for key 'referal.PRIMARY' in D:\Coding\laragon\www\panelkopma\vendor\codeigniter4\framework\system\Database\MySQLi\Connection.php:292
Stack trace:
#0 D:\Coding\laragon\www\panelkopma\vendor\codeigniter4\framework\system\Database\MySQLi\Connection.php(292): mysqli->query('INSERT INTO `re...', 0)
#1 D:\Coding\laragon\www\panelkopma\vendor\codeigniter4\framework\system\Database\BaseConnection.php(693): CodeIgniter\Database\MySQLi\Connection->execute('INSERT INTO `re...')
#2 D:\Coding\laragon\www\panelkopma\vendor\codeigniter4\framework\system\Database\BaseConnection.php(620): CodeIgniter\Database\BaseConnection->simpleQuery('INSERT INTO `re...')
#3 D:\Coding\laragon\www\panelkopma\vendor\codeigniter4\framework\system\Database\BaseBuilder.php(1916): CodeIgniter\Database\BaseConnection->query('INSERT INTO `re...', Array, false)
#4 D:\Coding\laragon\www\panelkopma\vendor\codeigniter4\framework\system\Model.php(279): CodeIgniter\Database\BaseBuilder->insert()
#5 D:\Coding\laragon\www\panelkopma\vendor\codeigniter4\framework\system\BaseModel.php(738): CodeIgniter\Model->doInsert(Array)
#6 D:\Coding\laragon\www\panelkopma\vendor\codeigniter4\framework\system\Model.php(667): CodeIgniter\BaseModel->insert(Array, false)
#7 D:\Coding\laragon\www\panelkopma\app\Controllers\Psda.php(312): CodeIgniter\Model->insert(Array, false)
#8 D:\Coding\laragon\www\panelkopma\vendor\codeigniter4\framework\system\CodeIgniter.php(907): App\Controllers\Psda->upload_anggota()
#9 D:\Coding\laragon\www\panelkopma\vendor\codeigniter4\framework\system\CodeIgniter.php(457): CodeIgniter\CodeIgniter->runController(Object(App\Controllers\Psda))
#10 D:\Coding\laragon\www\panelkopma\vendor\codeigniter4\framework\system\CodeIgniter.php(340): CodeIgniter\CodeIgniter->handleRequest(NULL, Object(Config\Cache), false)
#11 D:\Coding\laragon\www\panelkopma\public\index.php(55): CodeIgniter\CodeIgniter->run()
#12 {main}
CRITICAL - 2023-01-11 15:47:18 --> Duplicate entry '' for key 'referal.PRIMARY'
in SYSTEMPATH\Database\MySQLi\Connection.php on line 292.
 1 SYSTEMPATH\Database\MySQLi\Connection.php(292): mysqli->query('INSERT INTO `referal` (`nomor_anggota`, `created_at`, `updated_at`) VALUES (\'2084/Kopma_UL/21\', \'2023-01-11 15:47:18\', \'2023-01-11 15:47:18\')', 0)
 2 SYSTEMPATH\Database\BaseConnection.php(693): CodeIgniter\Database\MySQLi\Connection->execute('INSERT INTO `referal` (`nomor_anggota`, `created_at`, `updated_at`) VALUES (\'2084/Kopma_UL/21\', \'2023-01-11 15:47:18\', \'2023-01-11 15:47:18\')')
 3 SYSTEMPATH\Database\BaseConnection.php(620): CodeIgniter\Database\BaseConnection->simpleQuery('INSERT INTO `referal` (`nomor_anggota`, `created_at`, `updated_at`) VALUES (\'2084/Kopma_UL/21\', \'2023-01-11 15:47:18\', \'2023-01-11 15:47:18\')')
 4 SYSTEMPATH\Database\BaseBuilder.php(1916): CodeIgniter\Database\BaseConnection->query('INSERT INTO `referal` (`nomor_anggota`, `created_at`, `updated_at`) VALUES (:nomor_anggota:, :created_at:, :updated_at:)', [...], false)
 5 SYSTEMPATH\Model.php(279): CodeIgniter\Database\BaseBuilder->insert()
 6 SYSTEMPATH\BaseModel.php(738): CodeIgniter\Model->doInsert([...])
 7 SYSTEMPATH\Model.php(667): CodeIgniter\BaseModel->insert([...], false)
 8 APPPATH\Controllers\Psda.php(312): CodeIgniter\Model->insert([...], false)
 9 SYSTEMPATH\CodeIgniter.php(907): App\Controllers\Psda->upload_anggota()
10 SYSTEMPATH\CodeIgniter.php(457): CodeIgniter\CodeIgniter->runController(Object(App\Controllers\Psda))
11 SYSTEMPATH\CodeIgniter.php(340): CodeIgniter\CodeIgniter->handleRequest(null, Object(Config\Cache), false)
12 FCPATH\index.php(55): CodeIgniter\CodeIgniter->run()
CRITICAL - 2023-01-11 17:10:54 --> syntax error, unexpected end of file, expecting function (T_FUNCTION) or const (T_CONST)
in APPPATH\Controllers\Keuangan.php on line 156.
 1 SYSTEMPATH\Router\Router.php(499): CodeIgniter\Router\AutoRouter->getRoute('keuangan/data_simpanan')
 2 SYSTEMPATH\Router\Router.php(205): CodeIgniter\Router\Router->autoRoute('keuangan/data_simpanan')
 3 SYSTEMPATH\CodeIgniter.php(782): CodeIgniter\Router\Router->handle('keuangan/data_simpanan')
 4 SYSTEMPATH\CodeIgniter.php(406): CodeIgniter\CodeIgniter->tryToRouteIt(Object(CodeIgniter\Router\RouteCollection))
 5 SYSTEMPATH\CodeIgniter.php(340): CodeIgniter\CodeIgniter->handleRequest(null, Object(Config\Cache), false)
 6 FCPATH\index.php(55): CodeIgniter\CodeIgniter->run()
CRITICAL - 2023-01-11 19:09:12 --> filesize(): stat failed for assets/download/documentsimpanan.xlsx
in APPPATH\Controllers\Keuangan.php on line 216.
 1 [internal function]: CodeIgniter\Debug\Exceptions->errorHandler(2, 'filesize(): stat failed for assets/download/documentsimpanan.xlsx', 'APPPATH\\Controllers\\Keuangan.php', 216, [...])
 2 APPPATH\Controllers\Keuangan.php(216): filesize('assets/download/documentsimpanan.xlsx')
 3 SYSTEMPATH\CodeIgniter.php(907): App\Controllers\Keuangan->save_excel()
 4 SYSTEMPATH\CodeIgniter.php(457): CodeIgniter\CodeIgniter->runController(Object(App\Controllers\Keuangan))
 5 SYSTEMPATH\CodeIgniter.php(340): CodeIgniter\CodeIgniter->handleRequest(null, Object(Config\Cache), false)
 6 FCPATH\index.php(55): CodeIgniter\CodeIgniter->run()
CRITICAL - 2023-01-11 19:09:14 --> filesize(): stat failed for assets/download/documentsimpanan.xlsx
in APPPATH\Controllers\Keuangan.php on line 216.
 1 [internal function]: CodeIgniter\Debug\Exceptions->errorHandler(2, 'filesize(): stat failed for assets/download/documentsimpanan.xlsx', 'APPPATH\\Controllers\\Keuangan.php', 216, [...])
 2 APPPATH\Controllers\Keuangan.php(216): filesize('assets/download/documentsimpanan.xlsx')
 3 SYSTEMPATH\CodeIgniter.php(907): App\Controllers\Keuangan->save_excel()
 4 SYSTEMPATH\CodeIgniter.php(457): CodeIgniter\CodeIgniter->runController(Object(App\Controllers\Keuangan))
 5 SYSTEMPATH\CodeIgniter.php(340): CodeIgniter\CodeIgniter->handleRequest(null, Object(Config\Cache), false)
 6 FCPATH\index.php(55): CodeIgniter\CodeIgniter->run()
CRITICAL - 2023-01-11 19:09:22 --> filesize(): stat failed for assets/download/documentsimpanan.xlsx
in APPPATH\Controllers\Keuangan.php on line 216.
 1 [internal function]: CodeIgniter\Debug\Exceptions->errorHandler(2, 'filesize(): stat failed for assets/download/documentsimpanan.xlsx', 'APPPATH\\Controllers\\Keuangan.php', 216, [...])
 2 APPPATH\Controllers\Keuangan.php(216): filesize('assets/download/documentsimpanan.xlsx')
 3 SYSTEMPATH\CodeIgniter.php(907): App\Controllers\Keuangan->save_excel()
 4 SYSTEMPATH\CodeIgniter.php(457): CodeIgniter\CodeIgniter->runController(Object(App\Controllers\Keuangan))
 5 SYSTEMPATH\CodeIgniter.php(340): CodeIgniter\CodeIgniter->handleRequest(null, Object(Config\Cache), false)
 6 FCPATH\index.php(55): CodeIgniter\CodeIgniter->run()
CRITICAL - 2023-01-11 19:09:23 --> filesize(): stat failed for assets/download/documentsimpanan.xlsx
in APPPATH\Controllers\Keuangan.php on line 216.
 1 [internal function]: CodeIgniter\Debug\Exceptions->errorHandler(2, 'filesize(): stat failed for assets/download/documentsimpanan.xlsx', 'APPPATH\\Controllers\\Keuangan.php', 216, [...])
 2 APPPATH\Controllers\Keuangan.php(216): filesize('assets/download/documentsimpanan.xlsx')
 3 SYSTEMPATH\CodeIgniter.php(907): App\Controllers\Keuangan->save_excel()
 4 SYSTEMPATH\CodeIgniter.php(457): CodeIgniter\CodeIgniter->runController(Object(App\Controllers\Keuangan))
 5 SYSTEMPATH\CodeIgniter.php(340): CodeIgniter\CodeIgniter->handleRequest(null, Object(Config\Cache), false)
 6 FCPATH\index.php(55): CodeIgniter\CodeIgniter->run()
CRITICAL - 2023-01-11 19:56:01 --> Trying to get property 'tahun' of non-object
in APPPATH\Views\dashboard\program_kerja.php on line 42.
 1 APPPATH\Views\dashboard\program_kerja.php(42): CodeIgniter\Debug\Exceptions->errorHandler(8, 'Trying to get property \'tahun\' of non-object', 'APPPATH\\Views\\dashboard\\program_kerja.php', 42, [...])
 2 SYSTEMPATH\View\View.php(213): include('APPPATH\\Views\\dashboard\\program_kerja.php')
 3 SYSTEMPATH\View\View.php(216): CodeIgniter\View\View->CodeIgniter\View\{closure}()
 4 SYSTEMPATH\Common.php(1142): CodeIgniter\View\View->render('/dashboard/program_kerja', [], true)
 5 APPPATH\Controllers\Dashboard.php(315): view('/dashboard/program_kerja', [...])
 6 SYSTEMPATH\CodeIgniter.php(907): App\Controllers\Dashboard->program_kerja()
 7 SYSTEMPATH\CodeIgniter.php(457): CodeIgniter\CodeIgniter->runController(Object(App\Controllers\Dashboard))
 8 SYSTEMPATH\CodeIgniter.php(340): CodeIgniter\CodeIgniter->handleRequest(null, Object(Config\Cache), false)
 9 FCPATH\index.php(55): CodeIgniter\CodeIgniter->run()
CRITICAL - 2023-01-11 22:07:55 --> Call to undefined method App\Models\KegiatanModel::getKegiatan
in SYSTEMPATH\Model.php on line 774.
 1 APPPATH\Controllers\Dashboard.php(86): CodeIgniter\Model->__call('getKegiatan', [...])
 2 SYSTEMPATH\CodeIgniter.php(907): App\Controllers\Dashboard->edit_kegiatan('5516')
 3 SYSTEMPATH\CodeIgniter.php(457): CodeIgniter\CodeIgniter->runController(Object(App\Controllers\Dashboard))
 4 SYSTEMPATH\CodeIgniter.php(340): CodeIgniter\CodeIgniter->handleRequest(null, Object(Config\Cache), false)
 5 FCPATH\index.php(55): CodeIgniter\CodeIgniter->run()
CRITICAL - 2023-01-11 22:15:16 --> syntax error, unexpected '}'
in APPPATH\Controllers\Dashboard.php on line 101.
 1 SYSTEMPATH\Autoloader\Autoloader.php(259): CodeIgniter\Autoloader\Autoloader->includeFile('APPPATH\\Controllers\\Dashboard.php')
 2 SYSTEMPATH\Autoloader\Autoloader.php(237): CodeIgniter\Autoloader\Autoloader->loadInNamespace('App\\Controllers\\Dashboard')
 3 [internal function]: CodeIgniter\Autoloader\Autoloader->loadClass('App\\Controllers\\Dashboard')
 4 [internal function]: spl_autoload_call('App\\Controllers\\Dashboard')
 5 SYSTEMPATH\CodeIgniter.php(857): class_exists('\\App\\Controllers\\Dashboard', true)
 6 SYSTEMPATH\CodeIgniter.php(444): CodeIgniter\CodeIgniter->startController()
 7 SYSTEMPATH\CodeIgniter.php(340): CodeIgniter\CodeIgniter->handleRequest(null, Object(Config\Cache), false)
 8 FCPATH\index.php(55): CodeIgniter\CodeIgniter->run()
CRITICAL - 2023-01-11 22:15:38 --> Call to undefined method App\Models\KegiatanModel::getKegiatan
in SYSTEMPATH\Model.php on line 774.
 1 APPPATH\Controllers\Dashboard.php(234): CodeIgniter\Model->__call('getKegiatan', [...])
 2 SYSTEMPATH\CodeIgniter.php(907): App\Controllers\Dashboard->qr_code('5516')
 3 SYSTEMPATH\CodeIgniter.php(457): CodeIgniter\CodeIgniter->runController(Object(App\Controllers\Dashboard))
 4 SYSTEMPATH\CodeIgniter.php(340): CodeIgniter\CodeIgniter->handleRequest(null, Object(Config\Cache), false)
 5 FCPATH\index.php(55): CodeIgniter\CodeIgniter->run()
ERROR - 2023-01-11 23:31:32 --> mysqli_sql_exception: Unknown column 'simpanan_wajib' in 'field list' in D:\Coding\laragon\www\panelkopma\vendor\codeigniter4\framework\system\Database\MySQLi\Connection.php:292
Stack trace:
#0 D:\Coding\laragon\www\panelkopma\vendor\codeigniter4\framework\system\Database\MySQLi\Connection.php(292): mysqli->query('SELECT SUM(`sim...', 0)
#1 D:\Coding\laragon\www\panelkopma\vendor\codeigniter4\framework\system\Database\BaseConnection.php(693): CodeIgniter\Database\MySQLi\Connection->execute('SELECT SUM(`sim...')
#2 D:\Coding\laragon\www\panelkopma\vendor\codeigniter4\framework\system\Database\BaseConnection.php(620): CodeIgniter\Database\BaseConnection->simpleQuery('SELECT SUM(`sim...')
#3 D:\Coding\laragon\www\panelkopma\vendor\codeigniter4\framework\system\Database\BaseBuilder.php(1585): CodeIgniter\Database\BaseConnection->query('SELECT SUM(`sim...', Array, false)
#4 D:\Coding\laragon\www\panelkopma\vendor\codeigniter4\framework\system\Model.php(250): CodeIgniter\Database\BaseBuilder->get()
#5 D:\Coding\laragon\www\panelkopma\vendor\codeigniter4\framework\system\BaseModel.php(622): CodeIgniter\Model->doFirst()
#6 D:\Coding\laragon\www\panelkopma\app\Controllers\Dashboard.php(56): CodeIgniter\BaseModel->first()
#7 D:\Coding\laragon\www\panelkopma\vendor\codeigniter4\framework\system\CodeIgniter.php(907): App\Controllers\Dashboard->index()
#8 D:\Coding\laragon\www\panelkopma\vendor\codeigniter4\framework\system\CodeIgniter.php(457): CodeIgniter\CodeIgniter->runController(Object(App\Controllers\Dashboard))
#9 D:\Coding\laragon\www\panelkopma\vendor\codeigniter4\framework\system\CodeIgniter.php(340): CodeIgniter\CodeIgniter->handleRequest(NULL, Object(Config\Cache), false)
#10 D:\Coding\laragon\www\panelkopma\public\index.php(55): CodeIgniter\CodeIgniter->run()
#11 {main}
CRITICAL - 2023-01-11 23:31:32 --> Unknown column 'simpanan_wajib' in 'field list'
in SYSTEMPATH\Database\MySQLi\Connection.php on line 292.
 1 SYSTEMPATH\Database\MySQLi\Connection.php(292): mysqli->query('SELECT SUM(`simpanan_wajib`) AS `jumlah_simpanan`
FROM `data_anggota`
WHERE `data_anggota`.`deleted_at` IS NULL
 LIMIT 1', 0)
 2 SYSTEMPATH\Database\BaseConnection.php(693): CodeIgniter\Database\MySQLi\Connection->execute('SELECT SUM(`simpanan_wajib`) AS `jumlah_simpanan`
FROM `data_anggota`
WHERE `data_anggota`.`deleted_at` IS NULL
 LIMIT 1')
 3 SYSTEMPATH\Database\BaseConnection.php(620): CodeIgniter\Database\BaseConnection->simpleQuery('SELECT SUM(`simpanan_wajib`) AS `jumlah_simpanan`
FROM `data_anggota`
WHERE `data_anggota`.`deleted_at` IS NULL
 LIMIT 1')
 4 SYSTEMPATH\Database\BaseBuilder.php(1585): CodeIgniter\Database\BaseConnection->query('SELECT SUM(`simpanan_wajib`) AS `jumlah_simpanan`
FROM `data_anggota`
WHERE `data_anggota`.`deleted_at` IS NULL
 LIMIT 1', [], false)
 5 SYSTEMPATH\Model.php(250): CodeIgniter\Database\BaseBuilder->get()
 6 SYSTEMPATH\BaseModel.php(622): CodeIgniter\Model->doFirst()
 7 APPPATH\Controllers\Dashboard.php(56): CodeIgniter\BaseModel->first()
 8 SYSTEMPATH\CodeIgniter.php(907): App\Controllers\Dashboard->index()
 9 SYSTEMPATH\CodeIgniter.php(457): CodeIgniter\CodeIgniter->runController(Object(App\Controllers\Dashboard))
10 SYSTEMPATH\CodeIgniter.php(340): CodeIgniter\CodeIgniter->handleRequest(null, Object(Config\Cache), false)
11 FCPATH\index.php(55): CodeIgniter\CodeIgniter->run()
CRITICAL - 2023-01-11 23:32:23 --> Array to string conversion
in APPPATH\Views\dashboard\index.php on line 32.
 1 APPPATH\Views\dashboard\index.php(32): CodeIgniter\Debug\Exceptions->errorHandler(8, 'Array to string conversion', 'APPPATH\\Views\\dashboard\\index.php', 32, [...])
 2 SYSTEMPATH\View\View.php(213): include('APPPATH\\Views\\dashboard\\index.php')
 3 SYSTEMPATH\View\View.php(216): CodeIgniter\View\View->CodeIgniter\View\{closure}()
 4 SYSTEMPATH\Common.php(1142): CodeIgniter\View\View->render('dashboard/index', [], true)
 5 APPPATH\Controllers\Dashboard.php(67): view('dashboard/index', [...])
 6 SYSTEMPATH\CodeIgniter.php(907): App\Controllers\Dashboard->index()
 7 SYSTEMPATH\CodeIgniter.php(457): CodeIgniter\CodeIgniter->runController(Object(App\Controllers\Dashboard))
 8 SYSTEMPATH\CodeIgniter.php(340): CodeIgniter\CodeIgniter->handleRequest(null, Object(Config\Cache), false)
 9 FCPATH\index.php(55): CodeIgniter\CodeIgniter->run()
ERROR - 2023-01-11 23:54:09 --> mysqli_sql_exception: Unknown column 'presensi.nomor_anggota' in 'field list' in D:\Coding\laragon\www\panelkopma\vendor\codeigniter4\framework\system\Database\MySQLi\Connection.php:292
Stack trace:
#0 D:\Coding\laragon\www\panelkopma\vendor\codeigniter4\framework\system\Database\MySQLi\Connection.php(292): mysqli->query('SELECT COUNT(`p...', 0)
#1 D:\Coding\laragon\www\panelkopma\vendor\codeigniter4\framework\system\Database\BaseConnection.php(693): CodeIgniter\Database\MySQLi\Connection->execute('SELECT COUNT(`p...')
#2 D:\Coding\laragon\www\panelkopma\vendor\codeigniter4\framework\system\Database\BaseConnection.php(620): CodeIgniter\Database\BaseConnection->simpleQuery('SELECT COUNT(`p...')
#3 D:\Coding\laragon\www\panelkopma\vendor\codeigniter4\framework\system\Database\BaseBuilder.php(1585): CodeIgniter\Database\BaseConnection->query('SELECT COUNT(`p...', Array, false)
#4 D:\Coding\laragon\www\panelkopma\vendor\codeigniter4\framework\system\Model.php(223): CodeIgniter\Database\BaseBuilder->get()
#5 D:\Coding\laragon\www\panelkopma\vendor\codeigniter4\framework\system\BaseModel.php(584): CodeIgniter\Model->doFindAll(0, 0)
#6 D:\Coding\laragon\www\panelkopma\app\Controllers\Dashboard.php(65): CodeIgniter\BaseModel->findAll()
#7 D:\Coding\laragon\www\panelkopma\vendor\codeigniter4\framework\system\CodeIgniter.php(907): App\Controllers\Dashboard->index()
#8 D:\Coding\laragon\www\panelkopma\vendor\codeigniter4\framework\system\CodeIgniter.php(457): CodeIgniter\CodeIgniter->runController(Object(App\Controllers\Dashboard))
#9 D:\Coding\laragon\www\panelkopma\vendor\codeigniter4\framework\system\CodeIgniter.php(340): CodeIgniter\CodeIgniter->handleRequest(NULL, Object(Config\Cache), false)
#10 D:\Coding\laragon\www\panelkopma\public\index.php(55): CodeIgniter\CodeIgniter->run()
#11 {main}
CRITICAL - 2023-01-11 23:54:09 --> Unknown column 'presensi.nomor_anggota' in 'field list'
in SYSTEMPATH\Database\MySQLi\Connection.php on line 292.
 1 SYSTEMPATH\Database\MySQLi\Connection.php(292): mysqli->query('SELECT COUNT(`presensi`.`nomor_anggota`) AS `peserta`
FROM `data_kegiatan`
JOIN `presensi` ON `presensi`.`id_kegiatan`=`data_kegiatan`.`id_kegiatan`
WHERE `data_kegiatan`.`tanggal_kegiatan` < \'2023-01-11 23:54:09\'
ORDER BY `tanggal_kegiatan` ASC', 0)
 2 SYSTEMPATH\Database\BaseConnection.php(693): CodeIgniter\Database\MySQLi\Connection->execute('SELECT COUNT(`presensi`.`nomor_anggota`) AS `peserta`
FROM `data_kegiatan`
JOIN `presensi` ON `presensi`.`id_kegiatan`=`data_kegiatan`.`id_kegiatan`
WHERE `data_kegiatan`.`tanggal_kegiatan` < \'2023-01-11 23:54:09\'
ORDER BY `tanggal_kegiatan` ASC')
 3 SYSTEMPATH\Database\BaseConnection.php(620): CodeIgniter\Database\BaseConnection->simpleQuery('SELECT COUNT(`presensi`.`nomor_anggota`) AS `peserta`
FROM `data_kegiatan`
JOIN `presensi` ON `presensi`.`id_kegiatan`=`data_kegiatan`.`id_kegiatan`
WHERE `data_kegiatan`.`tanggal_kegiatan` < \'2023-01-11 23:54:09\'
ORDER BY `tanggal_kegiatan` ASC')
 4 SYSTEMPATH\Database\BaseBuilder.php(1585): CodeIgniter\Database\BaseConnection->query('SELECT COUNT(`presensi`.`nomor_anggota`) AS `peserta`
FROM `data_kegiatan`
JOIN `presensi` ON `presensi`.`id_kegiatan`=`data_kegiatan`.`id_kegiatan`
WHERE `data_kegiatan`.`tanggal_kegiatan` < :data_kegiatan.tanggal_kegiatan:
ORDER BY `tanggal_kegiatan` ASC', [...], false)
 5 SYSTEMPATH\Model.php(223): CodeIgniter\Database\BaseBuilder->get()
 6 SYSTEMPATH\BaseModel.php(584): CodeIgniter\Model->doFindAll(0, 0)
 7 APPPATH\Controllers\Dashboard.php(65): CodeIgniter\BaseModel->findAll()
 8 SYSTEMPATH\CodeIgniter.php(907): App\Controllers\Dashboard->index()
 9 SYSTEMPATH\CodeIgniter.php(457): CodeIgniter\CodeIgniter->runController(Object(App\Controllers\Dashboard))
10 SYSTEMPATH\CodeIgniter.php(340): CodeIgniter\CodeIgniter->handleRequest(null, Object(Config\Cache), false)
11 FCPATH\index.php(55): CodeIgniter\CodeIgniter->run()
CRITICAL - 2023-01-11 23:54:24 --> Undefined variable: today
in APPPATH\Views\dashboard\index.php on line 134.
 1 APPPATH\Views\dashboard\index.php(134): CodeIgniter\Debug\Exceptions->errorHandler(8, 'Undefined variable: today', 'APPPATH\\Views\\dashboard\\index.php', 134, [...])
 2 SYSTEMPATH\View\View.php(213): include('APPPATH\\Views\\dashboard\\index.php')
 3 SYSTEMPATH\View\View.php(216): CodeIgniter\View\View->CodeIgniter\View\{closure}()
 4 SYSTEMPATH\Common.php(1142): CodeIgniter\View\View->render('dashboard/index', [], true)
 5 APPPATH\Controllers\Dashboard.php(75): view('dashboard/index', [...])
 6 SYSTEMPATH\CodeIgniter.php(907): App\Controllers\Dashboard->index()
 7 SYSTEMPATH\CodeIgniter.php(457): CodeIgniter\CodeIgniter->runController(Object(App\Controllers\Dashboard))
 8 SYSTEMPATH\CodeIgniter.php(340): CodeIgniter\CodeIgniter->handleRequest(null, Object(Config\Cache), false)
 9 FCPATH\index.php(55): CodeIgniter\CodeIgniter->run()
CRITICAL - 2023-01-11 23:54:35 --> Undefined variable: today
in APPPATH\Views\dashboard\index.php on line 134.
 1 APPPATH\Views\dashboard\index.php(134): CodeIgniter\Debug\Exceptions->errorHandler(8, 'Undefined variable: today', 'APPPATH\\Views\\dashboard\\index.php', 134, [...])
 2 SYSTEMPATH\View\View.php(213): include('APPPATH\\Views\\dashboard\\index.php')
 3 SYSTEMPATH\View\View.php(216): CodeIgniter\View\View->CodeIgniter\View\{closure}()
 4 SYSTEMPATH\Common.php(1142): CodeIgniter\View\View->render('dashboard/index', [], true)
 5 APPPATH\Controllers\Dashboard.php(75): view('dashboard/index', [...])
 6 SYSTEMPATH\CodeIgniter.php(907): App\Controllers\Dashboard->index()
 7 SYSTEMPATH\CodeIgniter.php(457): CodeIgniter\CodeIgniter->runController(Object(App\Controllers\Dashboard))
 8 SYSTEMPATH\CodeIgniter.php(340): CodeIgniter\CodeIgniter->handleRequest(null, Object(Config\Cache), false)
 9 FCPATH\index.php(55): CodeIgniter\CodeIgniter->run()
CRITICAL - 2023-01-11 23:55:53 --> Undefined index: nama_kegiatan
in APPPATH\Views\dashboard\index.php on line 106.
 1 APPPATH\Views\dashboard\index.php(106): CodeIgniter\Debug\Exceptions->errorHandler(8, 'Undefined index: nama_kegiatan', 'APPPATH\\Views\\dashboard\\index.php', 106, [...])
 2 SYSTEMPATH\View\View.php(213): include('APPPATH\\Views\\dashboard\\index.php')
 3 SYSTEMPATH\View\View.php(216): CodeIgniter\View\View->CodeIgniter\View\{closure}()
 4 SYSTEMPATH\Common.php(1142): CodeIgniter\View\View->render('dashboard/index', [], true)
 5 APPPATH\Controllers\Dashboard.php(76): view('dashboard/index', [...])
 6 SYSTEMPATH\CodeIgniter.php(907): App\Controllers\Dashboard->index()
 7 SYSTEMPATH\CodeIgniter.php(457): CodeIgniter\CodeIgniter->runController(Object(App\Controllers\Dashboard))
 8 SYSTEMPATH\CodeIgniter.php(340): CodeIgniter\CodeIgniter->handleRequest(null, Object(Config\Cache), false)
 9 FCPATH\index.php(55): CodeIgniter\CodeIgniter->run()
ERROR - 2023-01-11 23:56:44 --> mysqli_sql_exception: In aggregated query without GROUP BY, expression #1 of SELECT list contains nonaggregated column 'anggota_kopma.data_kegiatan.id_kegiatan'; this is incompatible with sql_mode=only_full_group_by in D:\Coding\laragon\www\panelkopma\vendor\codeigniter4\framework\system\Database\MySQLi\Connection.php:292
Stack trace:
#0 D:\Coding\laragon\www\panelkopma\vendor\codeigniter4\framework\system\Database\MySQLi\Connection.php(292): mysqli->query('SELECT *, COUNT...', 0)
#1 D:\Coding\laragon\www\panelkopma\vendor\codeigniter4\framework\system\Database\BaseConnection.php(693): CodeIgniter\Database\MySQLi\Connection->execute('SELECT *, COUNT...')
#2 D:\Coding\laragon\www\panelkopma\vendor\codeigniter4\framework\system\Database\BaseConnection.php(620): CodeIgniter\Database\BaseConnection->simpleQuery('SELECT *, COUNT...')
#3 D:\Coding\laragon\www\panelkopma\vendor\codeigniter4\framework\system\Database\BaseBuilder.php(1585): CodeIgniter\Database\BaseConnection->query('SELECT *, COUNT...', Array, false)
#4 D:\Coding\laragon\www\panelkopma\vendor\codeigniter4\framework\system\Model.php(223): CodeIgniter\Database\BaseBuilder->get()
#5 D:\Coding\laragon\www\panelkopma\vendor\codeigniter4\framework\system\BaseModel.php(584): CodeIgniter\Model->doFindAll(0, 0)
#6 D:\Coding\laragon\www\panelkopma\app\Controllers\Dashboard.php(66): CodeIgniter\BaseModel->findAll()
#7 D:\Coding\laragon\www\panelkopma\vendor\codeigniter4\framework\system\CodeIgniter.php(907): App\Controllers\Dashboard->index()
#8 D:\Coding\laragon\www\panelkopma\vendor\codeigniter4\framework\system\CodeIgniter.php(457): CodeIgniter\CodeIgniter->runController(Object(App\Controllers\Dashboard))
#9 D:\Coding\laragon\www\panelkopma\vendor\codeigniter4\framework\system\CodeIgniter.php(340): CodeIgniter\CodeIgniter->handleRequest(NULL, Object(Config\Cache), false)
#10 D:\Coding\laragon\www\panelkopma\public\index.php(55): CodeIgniter\CodeIgniter->run()
#11 {main}
CRITICAL - 2023-01-11 23:56:44 --> In aggregated query without GROUP BY, expression #1 of SELECT list contains nonaggregated column 'anggota_kopma.data_kegiatan.id_kegiatan'; this is incompatible with sql_mode=only_full_group_by
in SYSTEMPATH\Database\MySQLi\Connection.php on line 292.
 1 SYSTEMPATH\Database\MySQLi\Connection.php(292): mysqli->query('SELECT *, COUNT(`presensi`.`id_data`) AS `peserta`
FROM `data_kegiatan`
JOIN `presensi` ON `presensi`.`id_kegiatan`=`data_kegiatan`.`id_kegiatan`
WHERE `data_kegiatan`.`tanggal_kegiatan` < \'2023-01-11 23:56:44\'
ORDER BY `tanggal_kegiatan` ASC', 0)
 2 SYSTEMPATH\Database\BaseConnection.php(693): CodeIgniter\Database\MySQLi\Connection->execute('SELECT *, COUNT(`presensi`.`id_data`) AS `peserta`
FROM `data_kegiatan`
JOIN `presensi` ON `presensi`.`id_kegiatan`=`data_kegiatan`.`id_kegiatan`
WHERE `data_kegiatan`.`tanggal_kegiatan` < \'2023-01-11 23:56:44\'
ORDER BY `tanggal_kegiatan` ASC')
 3 SYSTEMPATH\Database\BaseConnection.php(620): CodeIgniter\Database\BaseConnection->simpleQuery('SELECT *, COUNT(`presensi`.`id_data`) AS `peserta`
FROM `data_kegiatan`
JOIN `presensi` ON `presensi`.`id_kegiatan`=`data_kegiatan`.`id_kegiatan`
WHERE `data_kegiatan`.`tanggal_kegiatan` < \'2023-01-11 23:56:44\'
ORDER BY `tanggal_kegiatan` ASC')
 4 SYSTEMPATH\Database\BaseBuilder.php(1585): CodeIgniter\Database\BaseConnection->query('SELECT *, COUNT(`presensi`.`id_data`) AS `peserta`
FROM `data_kegiatan`
JOIN `presensi` ON `presensi`.`id_kegiatan`=`data_kegiatan`.`id_kegiatan`
WHERE `data_kegiatan`.`tanggal_kegiatan` < :data_kegiatan.tanggal_kegiatan:
ORDER BY `tanggal_kegiatan` ASC', [...], false)
 5 SYSTEMPATH\Model.php(223): CodeIgniter\Database\BaseBuilder->get()
 6 SYSTEMPATH\BaseModel.php(584): CodeIgniter\Model->doFindAll(0, 0)
 7 APPPATH\Controllers\Dashboard.php(66): CodeIgniter\BaseModel->findAll()
 8 SYSTEMPATH\CodeIgniter.php(907): App\Controllers\Dashboard->index()
 9 SYSTEMPATH\CodeIgniter.php(457): CodeIgniter\CodeIgniter->runController(Object(App\Controllers\Dashboard))
10 SYSTEMPATH\CodeIgniter.php(340): CodeIgniter\CodeIgniter->handleRequest(null, Object(Config\Cache), false)
11 FCPATH\index.php(55): CodeIgniter\CodeIgniter->run()
ERROR - 2023-01-11 23:57:39 --> mysqli_sql_exception: In aggregated query without GROUP BY, expression #1 of SELECT list contains nonaggregated column 'anggota_kopma.data_kegiatan.nama_kegiatan'; this is incompatible with sql_mode=only_full_group_by in D:\Coding\laragon\www\panelkopma\vendor\codeigniter4\framework\system\Database\MySQLi\Connection.php:292
Stack trace:
#0 D:\Coding\laragon\www\panelkopma\vendor\codeigniter4\framework\system\Database\MySQLi\Connection.php(292): mysqli->query('SELECT `data_ke...', 0)
#1 D:\Coding\laragon\www\panelkopma\vendor\codeigniter4\framework\system\Database\BaseConnection.php(693): CodeIgniter\Database\MySQLi\Connection->execute('SELECT `data_ke...')
#2 D:\Coding\laragon\www\panelkopma\vendor\codeigniter4\framework\system\Database\BaseConnection.php(620): CodeIgniter\Database\BaseConnection->simpleQuery('SELECT `data_ke...')
#3 D:\Coding\laragon\www\panelkopma\vendor\codeigniter4\framework\system\Database\BaseBuilder.php(1585): CodeIgniter\Database\BaseConnection->query('SELECT `data_ke...', Array, false)
#4 D:\Coding\laragon\www\panelkopma\vendor\codeigniter4\framework\system\Model.php(223): CodeIgniter\Database\BaseBuilder->get()
#5 D:\Coding\laragon\www\panelkopma\vendor\codeigniter4\framework\system\BaseModel.php(584): CodeIgniter\Model->doFindAll(0, 0)
#6 D:\Coding\laragon\www\panelkopma\app\Controllers\Dashboard.php(67): CodeIgniter\BaseModel->findAll()
#7 D:\Coding\laragon\www\panelkopma\vendor\codeigniter4\framework\system\CodeIgniter.php(907): App\Controllers\Dashboard->index()
#8 D:\Coding\laragon\www\panelkopma\vendor\codeigniter4\framework\system\CodeIgniter.php(457): CodeIgniter\CodeIgniter->runController(Object(App\Controllers\Dashboard))
#9 D:\Coding\laragon\www\panelkopma\vendor\codeigniter4\framework\system\CodeIgniter.php(340): CodeIgniter\CodeIgniter->handleRequest(NULL, Object(Config\Cache), false)
#10 D:\Coding\laragon\www\panelkopma\public\index.php(55): CodeIgniter\CodeIgniter->run()
#11 {main}
CRITICAL - 2023-01-11 23:57:39 --> In aggregated query without GROUP BY, expression #1 of SELECT list contains nonaggregated column 'anggota_kopma.data_kegiatan.nama_kegiatan'; this is incompatible with sql_mode=only_full_group_by
in SYSTEMPATH\Database\MySQLi\Connection.php on line 292.
 1 SYSTEMPATH\Database\MySQLi\Connection.php(292): mysqli->query('SELECT `data_kegiatan`.`nama_kegiatan`, `data_kegiatan`.`tanggal_kegiatan`, `data_kegiatan`.`tempat_kegiatan`, COUNT(`presensi`.`id_data`) AS `peserta`
FROM `data_kegiatan`
JOIN `presensi` ON `presensi`.`id_kegiatan`=`data_kegiatan`.`id_kegiatan`
WHERE `data_kegiatan`.`tanggal_kegiatan` < \'2023-01-11 23:57:39\'
ORDER BY `tanggal_kegiatan` ASC', 0)
 2 SYSTEMPATH\Database\BaseConnection.php(693): CodeIgniter\Database\MySQLi\Connection->execute('SELECT `data_kegiatan`.`nama_kegiatan`, `data_kegiatan`.`tanggal_kegiatan`, `data_kegiatan`.`tempat_kegiatan`, COUNT(`presensi`.`id_data`) AS `peserta`
FROM `data_kegiatan`
JOIN `presensi` ON `presensi`.`id_kegiatan`=`data_kegiatan`.`id_kegiatan`
WHERE `data_kegiatan`.`tanggal_kegiatan` < \'2023-01-11 23:57:39\'
ORDER BY `tanggal_kegiatan` ASC')
 3 SYSTEMPATH\Database\BaseConnection.php(620): CodeIgniter\Database\BaseConnection->simpleQuery('SELECT `data_kegiatan`.`nama_kegiatan`, `data_kegiatan`.`tanggal_kegiatan`, `data_kegiatan`.`tempat_kegiatan`, COUNT(`presensi`.`id_data`) AS `peserta`
FROM `data_kegiatan`
JOIN `presensi` ON `presensi`.`id_kegiatan`=`data_kegiatan`.`id_kegiatan`
WHERE `data_kegiatan`.`tanggal_kegiatan` < \'2023-01-11 23:57:39\'
ORDER BY `tanggal_kegiatan` ASC')
 4 SYSTEMPATH\Database\BaseBuilder.php(1585): CodeIgniter\Database\BaseConnection->query('SELECT `data_kegiatan`.`nama_kegiatan`, `data_kegiatan`.`tanggal_kegiatan`, `data_kegiatan`.`tempat_kegiatan`, COUNT(`presensi`.`id_data`) AS `peserta`
FROM `data_kegiatan`
JOIN `presensi` ON `presensi`.`id_kegiatan`=`data_kegiatan`.`id_kegiatan`
WHERE `data_kegiatan`.`tanggal_kegiatan` < :data_kegiatan.tanggal_kegiatan:
ORDER BY `tanggal_kegiatan` ASC', [...], false)
 5 SYSTEMPATH\Model.php(223): CodeIgniter\Database\BaseBuilder->get()
 6 SYSTEMPATH\BaseModel.php(584): CodeIgniter\Model->doFindAll(0, 0)
 7 APPPATH\Controllers\Dashboard.php(67): CodeIgniter\BaseModel->findAll()
 8 SYSTEMPATH\CodeIgniter.php(907): App\Controllers\Dashboard->index()
 9 SYSTEMPATH\CodeIgniter.php(457): CodeIgniter\CodeIgniter->runController(Object(App\Controllers\Dashboard))
10 SYSTEMPATH\CodeIgniter.php(340): CodeIgniter\CodeIgniter->handleRequest(null, Object(Config\Cache), false)
11 FCPATH\index.php(55): CodeIgniter\CodeIgniter->run()
ERROR - 2023-01-11 23:57:57 --> mysqli_sql_exception: In aggregated query without GROUP BY, expression #1 of SELECT list contains nonaggregated column 'anggota_kopma.data_kegiatan.nama_kegiatan'; this is incompatible with sql_mode=only_full_group_by in D:\Coding\laragon\www\panelkopma\vendor\codeigniter4\framework\system\Database\MySQLi\Connection.php:292
Stack trace:
#0 D:\Coding\laragon\www\panelkopma\vendor\codeigniter4\framework\system\Database\MySQLi\Connection.php(292): mysqli->query('SELECT `data_ke...', 0)
#1 D:\Coding\laragon\www\panelkopma\vendor\codeigniter4\framework\system\Database\BaseConnection.php(693): CodeIgniter\Database\MySQLi\Connection->execute('SELECT `data_ke...')
#2 D:\Coding\laragon\www\panelkopma\vendor\codeigniter4\framework\system\Database\BaseConnection.php(620): CodeIgniter\Database\BaseConnection->simpleQuery('SELECT `data_ke...')
#3 D:\Coding\laragon\www\panelkopma\vendor\codeigniter4\framework\system\Database\BaseBuilder.php(1585): CodeIgniter\Database\BaseConnection->query('SELECT `data_ke...', Array, false)
#4 D:\Coding\laragon\www\panelkopma\vendor\codeigniter4\framework\system\Model.php(223): CodeIgniter\Database\BaseBuilder->get()
#5 D:\Coding\laragon\www\panelkopma\vendor\codeigniter4\framework\system\BaseModel.php(584): CodeIgniter\Model->doFindAll(0, 0)
#6 D:\Coding\laragon\www\panelkopma\app\Controllers\Dashboard.php(67): CodeIgniter\BaseModel->findAll()
#7 D:\Coding\laragon\www\panelkopma\vendor\codeigniter4\framework\system\CodeIgniter.php(907): App\Controllers\Dashboard->index()
#8 D:\Coding\laragon\www\panelkopma\vendor\codeigniter4\framework\system\CodeIgniter.php(457): CodeIgniter\CodeIgniter->runController(Object(App\Controllers\Dashboard))
#9 D:\Coding\laragon\www\panelkopma\vendor\codeigniter4\framework\system\CodeIgniter.php(340): CodeIgniter\CodeIgniter->handleRequest(NULL, Object(Config\Cache), false)
#10 D:\Coding\laragon\www\panelkopma\public\index.php(55): CodeIgniter\CodeIgniter->run()
#11 {main}
CRITICAL - 2023-01-11 23:57:57 --> In aggregated query without GROUP BY, expression #1 of SELECT list contains nonaggregated column 'anggota_kopma.data_kegiatan.nama_kegiatan'; this is incompatible with sql_mode=only_full_group_by
in SYSTEMPATH\Database\MySQLi\Connection.php on line 292.
 1 SYSTEMPATH\Database\MySQLi\Connection.php(292): mysqli->query('SELECT `data_kegiatan`.`nama_kegiatan`, `data_kegiatan`.`tanggal_kegiatan`, `data_kegiatan`.`tempat_kegiatan`, COUNT(`presensi`.`id_data`) AS `peserta`
FROM `data_kegiatan`
JOIN `presensi` ON `presensi`.`id_kegiatan`=`data_kegiatan`.`id_kegiatan`
WHERE `data_kegiatan`.`tanggal_kegiatan` < \'2023-01-11 23:57:57\'
ORDER BY `data_kegiatan`.`tanggal_kegiatan` ASC', 0)
 2 SYSTEMPATH\Database\BaseConnection.php(693): CodeIgniter\Database\MySQLi\Connection->execute('SELECT `data_kegiatan`.`nama_kegiatan`, `data_kegiatan`.`tanggal_kegiatan`, `data_kegiatan`.`tempat_kegiatan`, COUNT(`presensi`.`id_data`) AS `peserta`
FROM `data_kegiatan`
JOIN `presensi` ON `presensi`.`id_kegiatan`=`data_kegiatan`.`id_kegiatan`
WHERE `data_kegiatan`.`tanggal_kegiatan` < \'2023-01-11 23:57:57\'
ORDER BY `data_kegiatan`.`tanggal_kegiatan` ASC')
 3 SYSTEMPATH\Database\BaseConnection.php(620): CodeIgniter\Database\BaseConnection->simpleQuery('SELECT `data_kegiatan`.`nama_kegiatan`, `data_kegiatan`.`tanggal_kegiatan`, `data_kegiatan`.`tempat_kegiatan`, COUNT(`presensi`.`id_data`) AS `peserta`
FROM `data_kegiatan`
JOIN `presensi` ON `presensi`.`id_kegiatan`=`data_kegiatan`.`id_kegiatan`
WHERE `data_kegiatan`.`tanggal_kegiatan` < \'2023-01-11 23:57:57\'
ORDER BY `data_kegiatan`.`tanggal_kegiatan` ASC')
 4 SYSTEMPATH\Database\BaseBuilder.php(1585): CodeIgniter\Database\BaseConnection->query('SELECT `data_kegiatan`.`nama_kegiatan`, `data_kegiatan`.`tanggal_kegiatan`, `data_kegiatan`.`tempat_kegiatan`, COUNT(`presensi`.`id_data`) AS `peserta`
FROM `data_kegiatan`
JOIN `presensi` ON `presensi`.`id_kegiatan`=`data_kegiatan`.`id_kegiatan`
WHERE `data_kegiatan`.`tanggal_kegiatan` < :data_kegiatan.tanggal_kegiatan:
ORDER BY `data_kegiatan`.`tanggal_kegiatan` ASC', [...], false)
 5 SYSTEMPATH\Model.php(223): CodeIgniter\Database\BaseBuilder->get()
 6 SYSTEMPATH\BaseModel.php(584): CodeIgniter\Model->doFindAll(0, 0)
 7 APPPATH\Controllers\Dashboard.php(67): CodeIgniter\BaseModel->findAll()
 8 SYSTEMPATH\CodeIgniter.php(907): App\Controllers\Dashboard->index()
 9 SYSTEMPATH\CodeIgniter.php(457): CodeIgniter\CodeIgniter->runController(Object(App\Controllers\Dashboard))
10 SYSTEMPATH\CodeIgniter.php(340): CodeIgniter\CodeIgniter->handleRequest(null, Object(Config\Cache), false)
11 FCPATH\index.php(55): CodeIgniter\CodeIgniter->run()
